Archive member included to satisfy reference by file (symbol)

../third_party/psyq/lib/libapi.a(a91.o)
                              engine/input.o (ChangeClearPAD)
../third_party/psyq/lib/libapi.a(pad.o)
                              engine/input.o (InitPAD)
../third_party/psyq/lib/libapi.a(patch.o)
                              ../third_party/psyq/lib/libapi.a(pad.o) (_patch_pad)
../third_party/psyq/lib/libapi.a(a18.o)
                              ../third_party/psyq/lib/libapi.a(pad.o) (InitPAD2)
../third_party/psyq/lib/libapi.a(a19.o)
                              ../third_party/psyq/lib/libapi.a(pad.o) (StartPAD2)
../third_party/psyq/lib/libapi.a(a21.o)
                              ../third_party/psyq/lib/libapi.a(pad.o) (PAD_init2)
../third_party/psyq/lib/libapi.a(a36.o)
                              ../third_party/psyq/lib/libapi.a(pad.o) (EnterCriticalSection)
../third_party/psyq/lib/libapi.a(a37.o)
                              ../third_party/psyq/lib/libapi.a(pad.o) (ExitCriticalSection)
../third_party/psyq/lib/libapi.a(c68.o)
                              ../third_party/psyq/lib/libapi.a(patch.o) (FlushCache)
../third_party/psyq/lib/libapi.a(chclrpad.o)
                              ../third_party/psyq/lib/libapi.a(pad.o) (_remove_ChgclrPAD)
../third_party/psyq/lib/libapi.a(l02.o)
                              ../third_party/psyq/lib/libapi.a(pad.o) (SysEnqIntRP)
../third_party/psyq/lib/libapi.a(l03.o)
                              ../third_party/psyq/lib/libapi.a(pad.o) (SysDeqIntRP)
../third_party/psyq/lib/libc.a(c42.o)
                              main.o (memcpy)
../third_party/psyq/lib/libc.a(c63.o)
                              main.o (printf)
../third_party/psyq/lib/libetc.a(vmode.o)
                              engine/basics.o (GetVideoMode)
../third_party/psyq/lib/libetc.a(vsync.o)
                              engine/basics.o (VSync)
../third_party/psyq/lib/libetc.a(intr_vb.o)
                              ../third_party/psyq/lib/libetc.a(vsync.o) (Vcount)
../third_party/psyq/lib/libetc.a(intr.o)
                              ../third_party/psyq/lib/libetc.a(intr_vb.o) (InterruptCallback)
../third_party/psyq/lib/libetc.a(intr_dma.o)
                              ../third_party/psyq/lib/libetc.a(intr.o) (startIntrDMA)
../third_party/psyq/lib/libgpu.a(font.o)
                              engine/basics.o (FntFlush)
../third_party/psyq/lib/libgpu.a(p00.o)
                              engine/basics.o (GetTPage)
../third_party/psyq/lib/libgpu.a(p06.o)
                              ../third_party/psyq/lib/libgpu.a(font.o) (AddPrim)
../third_party/psyq/lib/libgpu.a(p09.o)
                              ../third_party/psyq/lib/libgpu.a(font.o) (TermPrim)
../third_party/psyq/lib/libgpu.a(p10.o)
                              ../third_party/psyq/lib/libgpu.a(font.o) (SetSemiTrans)
../third_party/psyq/lib/libgpu.a(p20.o)
                              ../third_party/psyq/lib/libgpu.a(font.o) (SetSprt8)
../third_party/psyq/lib/libgpu.a(p26.o)
                              ../third_party/psyq/lib/libgpu.a(font.o) (SetTile)
../third_party/psyq/lib/libgpu.a(p27.o)
                              engine/basics.o (SetLineF2)
../third_party/psyq/lib/libgpu.a(p41.o)
                              ../third_party/psyq/lib/libgpu.a(font.o) (SetDrawMode)
../third_party/psyq/lib/libgpu.a(sys.o)
                              engine/basics.o (ClearImage2)
../third_party/psyq/lib/libgpu.a(e00.o)
                              ../third_party/psyq/lib/libgpu.a(font.o) (LoadTPage)
../third_party/psyq/lib/libgpu.a(e02.o)
                              ../third_party/psyq/lib/libgpu.a(font.o) (LoadClut2)
../third_party/psyq/lib/libgpu.a(p01.o)
                              ../third_party/psyq/lib/libgpu.a(e02.o) (GetClut)
../third_party/psyq/lib/libgs.a(2d_sp0.o)
                              engine/basics.o (GsSortSprite)
../third_party/psyq/lib/libgs.a(global.o)
                              ../third_party/psyq/lib/libgs.a(2d_sp0.o) (GsOUT_PACKET_P)
../third_party/psyq/lib/libgs.a(gs_001.o)
                              ../third_party/psyq/lib/libgs.a(2d_sp0.o) (GsORGOFSY)
../third_party/psyq/lib/libgs.a(gs_0021.o)
                              engine/basics.o (GsGetActiveBuff)
../third_party/psyq/lib/libgs.a(gs_0022.o)
                              ../third_party/psyq/lib/libgs.a(gs_001.o) (GsSetDrawBuffOffset)
../third_party/psyq/lib/libgs.a(gs_003.o)
                              ../third_party/psyq/lib/libgs.a(gs_001.o) (GsSetDrawBuffClip)
../third_party/psyq/lib/libgs.a(gs_010.o)
                              engine/basics.o (GsSwapDispBuff)
../third_party/psyq/lib/libgs.a(gs_103.o)
                              engine/basics.o (GsDefDispBuff)
../third_party/psyq/lib/libgs.a(gs_104.o)
                              ../third_party/psyq/lib/libgs.a(gs_001.o) (HWD0)
../third_party/psyq/lib/libgs.a(gs_107.o)
                              ../third_party/psyq/lib/libgs.a(gs_001.o) (GsLIGHTWSMATRIX)
../third_party/psyq/lib/libgs.a(gs_111.o)
                              engine/basics.o (GsDrawOt)
../third_party/psyq/lib/libgs.a(gs_113.o)
                              engine/basics.o (GsClearOt)
../third_party/psyq/lib/libgs.a(gs_121.o)
                              ../third_party/psyq/lib/libgs.a(gs_001.o) (gte_init)
../third_party/psyq/lib/libgs.a(gs_122.o)
                              engine/basics.o (GsGetTimInfo)
../third_party/psyq/lib/libgs.a(gs_124.o)
                              engine/basics.o (GsSetWorkBase)
../third_party/psyq/lib/libgs.a(gs_128.o)
                              ../third_party/psyq/lib/libgs.a(2d_sp0.o) (GsIDMATRIX)
../third_party/psyq/lib/libgs.a(2d_com1.o)
                              ../third_party/psyq/lib/libgs.a(2d_sp0.o) (_make_packet)
../third_party/psyq/lib/libgte.a(cmb_00.o)
                              ../third_party/psyq/lib/libgs.a(2d_sp0.o) (RotTransPers4)
../third_party/psyq/lib/libgte.a(fgo_01.o)
                              ../third_party/psyq/lib/libgs.a(2d_sp0.o) (RotMatrix)
../third_party/psyq/lib/libgte.a(msc00.o)
                              ../third_party/psyq/lib/libgs.a(gs_121.o) (InitGeom)
../third_party/psyq/lib/libgte.a(msc01.o)
                              ../third_party/psyq/lib/libgs.a(gs_107.o) (SquareRoot0)
../third_party/psyq/lib/libgte.a(mtx_07.o)
                              ../third_party/psyq/lib/libgs.a(2d_sp0.o) (TransMatrix)
../third_party/psyq/lib/libgte.a(mtx_08.o)
                              ../third_party/psyq/lib/libgs.a(2d_sp0.o) (ScaleMatrix)
../third_party/psyq/lib/libgte.a(mtx_09.o)
                              ../third_party/psyq/lib/libgs.a(2d_sp0.o) (SetRotMatrix)
../third_party/psyq/lib/libgte.a(mtx_11.o)
                              ../third_party/psyq/lib/libgs.a(gs_107.o) (SetColorMatrix)
../third_party/psyq/lib/libgte.a(mtx_12.o)
                              ../third_party/psyq/lib/libgs.a(2d_sp0.o) (SetTransMatrix)
../third_party/psyq/lib/libgte.a(patchgte.o)
                              ../third_party/psyq/lib/libgte.a(msc00.o) (_patch_gte)
../third_party/psyq/lib/libgte.a(reg09.o)
                              ../third_party/psyq/lib/libgs.a(2d_sp0.o) (ReadGeomScreen)
../third_party/psyq/lib/libgte.a(reg11.o)
                              ../third_party/psyq/lib/libgs.a(gs_121.o) (SetFarColor)
../third_party/psyq/lib/libgte.a(reg12.o)
                              ../third_party/psyq/lib/libgs.a(gs_0022.o) (SetGeomOffset)
../third_party/psyq/lib/libgte.a(sqrtbl.o)
                              ../third_party/psyq/lib/libgte.a(msc01.o) (SQRT)
../third_party/psyq/lib/libgte.a(cstbl.o)
                              ../third_party/psyq/lib/libgte.a(fgo_01.o) (rcossin_tbl)
../third_party/psyq/lib/libapi.a(a23.o)
                              ../third_party/psyq/lib/libetc.a(intr.o) (ReturnFromException)
../third_party/psyq/lib/libapi.a(a24.o)
                              ../third_party/psyq/lib/libetc.a(intr.o) (ResetEntryInt)
../third_party/psyq/lib/libapi.a(a25.o)
                              ../third_party/psyq/lib/libetc.a(intr.o) (HookEntryInt)
../third_party/psyq/lib/libapi.a(c114.o)
                              ../third_party/psyq/lib/libetc.a(intr.o) (_96_remove)
../third_party/psyq/lib/libapi.a(c73.o)
                              ../third_party/psyq/lib/libgpu.a(sys.o) (GPU_cw)
../third_party/psyq/lib/libapi.a(l10.o)
                              ../third_party/psyq/lib/libetc.a(vsync.o) (ChangeClearRCnt)
../third_party/psyq/lib/libc.a(a63.o)
                              ../third_party/psyq/lib/libetc.a(vsync.o) (puts)
../third_party/psyq/lib/libc.a(c19.o)
                              ../third_party/psyq/lib/libetc.a(intr.o) (setjmp)
../third_party/psyq/lib/libc.a(c27.o)
                              ../third_party/psyq/lib/libgpu.a(font.o) (strlen)
../third_party/psyq/lib/libc.a(c43.o)
                              ../third_party/psyq/lib/libgpu.a(font.o) (memset)

Allocating common symbols
Common symbol       size              file

input_pad           0x2               engine/input.o
playerSprite        0x50              main.o
input_trig          0x4               engine/input.o
SCREEN_WIDTH        0x4               engine/basics.o
input_binds         0x1c              engine/input.o
GPUOutputPacket     0x258             engine/basics.o
bgSprite            0x50              main.o
SCREEN_HEIGHT       0x4               engine/basics.o
currentBuffer       0x2               engine/basics.o
input_held          0x4               engine/input.o
ballSprite          0x50              main.o
systemBackgroundColor
                    0xc               engine/basics.o
input_suppress_trig
                    0x1               engine/input.o
orderingTable       0x28              engine/basics.o
minorOrderingTable  0x10              engine/basics.o

Discarded input sections

 .text          0x0000000000000000        0x0 main.o
 .bss           0x0000000000000000       0x10 main.o
 .reginfo       0x0000000000000000       0x18 main.o
 .MIPS.abiflags
                0x0000000000000000       0x18 main.o
 .pdr           0x0000000000000000       0x60 main.o
 .text.gameScreen
                0x0000000000000000        0x8 main.o
 .text          0x0000000000000000        0x0 engine/basics.o
 .data          0x0000000000000000        0x0 engine/basics.o
 .bss           0x0000000000000000        0x0 engine/basics.o
 .reginfo       0x0000000000000000       0x18 engine/basics.o
 .MIPS.abiflags
                0x0000000000000000       0x18 engine/basics.o
 .pdr           0x0000000000000000      0x2c0 engine/basics.o
 .text.rotImage
                0x0000000000000000       0x40 engine/basics.o
 .text.drawImage
                0x0000000000000000       0x60 engine/basics.o
 .text.createLine
                0x0000000000000000       0x8c engine/basics.o
 .text.createBox
                0x0000000000000000      0x12c engine/basics.o
 .text.moveLine
                0x0000000000000000       0x50 engine/basics.o
 .text.moveBox  0x0000000000000000      0x1a8 engine/basics.o
 .text.transposeBox
                0x0000000000000000       0x34 engine/basics.o
 .text.drawLine
                0x0000000000000000       0x30 engine/basics.o
 .text.drawBox  0x0000000000000000       0x48 engine/basics.o
 .text          0x0000000000000000        0x0 engine/input.o
 .data          0x0000000000000000        0x0 engine/input.o
 .reginfo       0x0000000000000000       0x18 engine/input.o
 .MIPS.abiflags
                0x0000000000000000       0x18 engine/input.o
 .pdr           0x0000000000000000       0x40 engine/input.o
 .text          0x0000000000000000        0x0 ../third_party/common/syscalls/printf.o
 .data          0x0000000000000000        0x0 ../third_party/common/syscalls/printf.o
 .bss           0x0000000000000000        0x0 ../third_party/common/syscalls/printf.o
 .reginfo       0x0000000000000000       0x18 ../third_party/common/syscalls/printf.o
 .MIPS.abiflags
                0x0000000000000000       0x18 ../third_party/common/syscalls/printf.o
 .pdr           0x0000000000000000        0x0 ../third_party/common/syscalls/printf.o
 .ramtext       0x0000000000000000        0xc ../third_party/common/syscalls/printf.o
 .debug_line    0x0000000000000000       0x59 ../third_party/common/syscalls/printf.o
 .debug_info    0x0000000000000000       0x26 ../third_party/common/syscalls/printf.o
 .debug_abbrev  0x0000000000000000       0x14 ../third_party/common/syscalls/printf.o
 .debug_aranges
                0x0000000000000000       0x20 ../third_party/common/syscalls/printf.o
 .debug_str     0x0000000000000000       0x48 ../third_party/common/syscalls/printf.o
 .gnu.attributes
                0x0000000000000000       0x10 ../third_party/common/syscalls/printf.o
 .text          0x0000000000000000        0x0 ../third_party/common/crt0/crt0.o
 .data          0x0000000000000000        0x0 ../third_party/common/crt0/crt0.o
 .bss           0x0000000000000000        0x0 ../third_party/common/crt0/crt0.o
 .reginfo       0x0000000000000000       0x18 ../third_party/common/crt0/crt0.o
 .MIPS.abiflags
                0x0000000000000000       0x18 ../third_party/common/crt0/crt0.o
 .text          0x0000000000000000       0x20 ../third_party/psyq/lib/libgpu.a(p27.o)
 .text          0x0000000000000000      0x500 ../third_party/psyq/lib/libgs.a(2d_sp0.o)
 .data          0x0000000000000000       0x10 ../third_party/psyq/lib/libgs.a(global.o)
 .data          0x0000000000000000       0x10 ../third_party/psyq/lib/libgs.a(gs_001.o)
 .text          0x0000000000000000       0x80 ../third_party/psyq/lib/libgs.a(gs_104.o)
 .text          0x0000000000000000      0x570 ../third_party/psyq/lib/libgs.a(gs_107.o)
 .rdata         0x0000000000000000       0x30 ../third_party/psyq/lib/libgs.a(2d_com1.o)
 .text          0x0000000000000000       0xa0 ../third_party/psyq/lib/libgs.a(2d_com1.o)
 .text          0x0000000000000000       0x80 ../third_party/psyq/lib/libgte.a(cmb_00.o)
 .text          0x0000000000000000      0x290 ../third_party/psyq/lib/libgte.a(fgo_01.o)
 .text          0x0000000000000000       0x90 ../third_party/psyq/lib/libgte.a(msc01.o)
 .text          0x0000000000000000       0x30 ../third_party/psyq/lib/libgte.a(mtx_07.o)
 .text          0x0000000000000000      0x140 ../third_party/psyq/lib/libgte.a(mtx_08.o)
 .text          0x0000000000000000       0x30 ../third_party/psyq/lib/libgte.a(mtx_09.o)
 .text          0x0000000000000000       0x30 ../third_party/psyq/lib/libgte.a(mtx_11.o)
 .text          0x0000000000000000       0x20 ../third_party/psyq/lib/libgte.a(mtx_12.o)
 .text          0x0000000000000000       0x10 ../third_party/psyq/lib/libgte.a(reg09.o)
 .data          0x0000000000000000      0x180 ../third_party/psyq/lib/libgte.a(sqrtbl.o)
 .data          0x0000000000000000     0x4000 ../third_party/psyq/lib/libgte.a(cstbl.o)

Memory Configuration

Name             Origin             Length             Attributes
loader           0x000000008000f800 0x0000000000000800
ram              0x0000000080010000 0x00000000001f0000 xrw
dcache           0x000000001f800000 0x0000000000000400
*default*        0x0000000000000000 0xffffffffffffffff

Linker script and memory map

LOAD main.o
LOAD engine/basics.o
LOAD engine/input.o
LOAD ../third_party/common/syscalls/printf.o
LOAD ../third_party/common/crt0/crt0.o
START GROUP
LOAD ../third_party/psyq/lib/libapi.a
LOAD ../third_party/psyq/lib/libc.a
LOAD ../third_party/psyq/lib/libc2.a
LOAD ../third_party/psyq/lib/libcard.a
LOAD ../third_party/psyq/lib/libcomb.a
LOAD ../third_party/psyq/lib/libds.a
LOAD ../third_party/psyq/lib/libetc.a
LOAD ../third_party/psyq/lib/libgpu.a
LOAD ../third_party/psyq/lib/libgs.a
LOAD ../third_party/psyq/lib/libgte.a
LOAD ../third_party/psyq/lib/libgpu.a
LOAD ../third_party/psyq/lib/libgun.a
LOAD ../third_party/psyq/lib/libhmd.a
LOAD ../third_party/psyq/lib/libmath.a
LOAD ../third_party/psyq/lib/libmcrd.a
LOAD ../third_party/psyq/lib/libmcx.a
LOAD ../third_party/psyq/lib/libpad.a
LOAD ../third_party/psyq/lib/libpress.a
LOAD ../third_party/psyq/lib/libsio.a
LOAD ../third_party/psyq/lib/libsnd.a
LOAD ../third_party/psyq/lib/libspu.a
LOAD ../third_party/psyq/lib/libtap.a
END GROUP
                0x00000000800232a8                __heap_base = __bss_end
                0x0000000080010000                TLOAD_ADDR = DEFINED (TLOAD_ADDR)?TLOAD_ADDR:0x80010000
                0x0000000080200000                __ram_top = (ORIGIN (ram) + LENGTH (ram))
                0x00000000801fff00                __sp = (__ram_top - 0x100)
                0x000000001f800000                __dcache = ORIGIN (dcache)
                0x000000001f800400                __dcache_top = (ORIGIN (dcache) + LENGTH (dcache))
                0x00000000000062a8                __bss_len = (__bss_end - __bss_start)
                0x00000000000063d0                __ftext_len = (__ftext_end - __ftext_start)
                0x0000000000006c30                __fdata_len = (__fdata_end - __fdata_start)
                0x0000000080200000                __stack_start = (ORIGIN (ram) + LENGTH (ram))

.PSX_EXE_Header
                0x000000008000f800      0x800
                0x000000008000f800        0x1 BYTE 0x50
                0x000000008000f801        0x1 BYTE 0x53
                0x000000008000f802        0x1 BYTE 0x2d
                0x000000008000f803        0x1 BYTE 0x58
                0x000000008000f804        0x1 BYTE 0x20
                0x000000008000f805        0x1 BYTE 0x45
                0x000000008000f806        0x1 BYTE 0x58
                0x000000008000f807        0x1 BYTE 0x45
                0x000000008000f808        0x4 LONG 0x0
                0x000000008000f80c        0x4 LONG 0x0
                0x000000008000f810        0x4 LONG 0x80010000 ABSOLUTE (_start)
                0x000000008000f814        0x4 LONG 0x0
                0x000000008000f818        0x4 LONG 0x80010000 TLOAD_ADDR
                0x000000008000f81c        0x4 LONG 0xd000 (__ftext_len + __fdata_len)
                0x000000008000f820        0x4 LONG 0x0
                0x000000008000f824        0x4 LONG 0x0
                0x000000008000f828        0x4 LONG 0x0
                0x000000008000f82c        0x4 LONG 0x0
                0x000000008000f830        0x4 LONG 0x801fff00 DEFINED (_sp)?ABSOLUTE (_sp):0x801fff00
                0x000000008000f834        0x4 LONG 0x0
                0x0000000080010000                . = (. + 0x7c8)
 *fill*         0x000000008000f838      0x7c8 
                0x0000000080010000                __ftext_start = ABSOLUTE (.)

.text           0x0000000080010000     0x63d0
 *(.start)
 .start         0x0000000080010000       0x64 ../third_party/common/crt0/crt0.o
                0x0000000080010000                _start
 *(.init)
 *(SORT_NONE(.fini))
 *(.text.unlikely .text.*_unlikely .text.unlikely.*)
 *(.text.exit .text.exit.*)
 *(.text.startup .text.startup.*)
 .text.startup.main
                0x0000000080010064       0x3c main.o
                0x0000000080010064                main
 *(.text.hot .text.hot.*)
 *(.text .stub .text.* .gnu.linkonce.t.*)
 .text.initialize
                0x00000000800100a0      0x204 main.o
                0x00000000800100a0                initialize
 .text.setScreenMode.part.0
                0x00000000800102a4       0x64 engine/basics.o
 .text.createImage
                0x0000000080010308      0x10c engine/basics.o
                0x0000000080010308                createImage
 .text.moveImage
                0x0000000080010414       0x44 engine/basics.o
                0x0000000080010414                moveImage
 .text.scaleImage
                0x0000000080010458       0x74 engine/basics.o
                0x0000000080010458                scaleImage
 .text.createColor
                0x00000000800104cc       0x14 engine/basics.o
                0x00000000800104cc                createColor
 .text.setScreenMode
                0x00000000800104e0       0x70 engine/basics.o
                0x00000000800104e0                setScreenMode
 .text.setBackgroundColor
                0x0000000080010550       0x24 engine/basics.o
                0x0000000080010550                setBackgroundColor
 .text.initializeDebugFont
                0x0000000080010574       0x44 engine/basics.o
                0x0000000080010574                initializeDebugFont
 .text.initializeOrderingTable
                0x00000000800105b8       0x90 engine/basics.o
                0x00000000800105b8                initializeOrderingTable
 .text.flushDisplay
                0x0000000080010648       0x90 engine/basics.o
                0x0000000080010648                flushDisplay
 .text.clearDisplay
                0x00000000800106d8       0x74 engine/basics.o
                0x00000000800106d8                clearDisplay
 .text.clearVRAM
                0x000000008001074c       0x44 engine/basics.o
                0x000000008001074c                clearVRAM
 .text.initializeScreen
                0x0000000080010790       0xac engine/basics.o
                0x0000000080010790                initializeScreen
 .text.in_init  0x000000008001083c       0x68 engine/input.o
                0x000000008001083c                in_init
 .text.in_update
                0x00000000800108a4       0xd0 engine/input.o
                0x00000000800108a4                in_update
 *fill*         0x0000000080010974        0x4 
 .text          0x0000000080010978       0x10 ../third_party/psyq/lib/libapi.a(a91.o)
                0x0000000080010978                ChangeClearPAD
 .text          0x0000000080010988      0x290 ../third_party/psyq/lib/libapi.a(pad.o)
                0x0000000080010988                SetInitPadFlag
                0x0000000080010994                ReadInitPadFlag
                0x00000000800109a4                PAD_init
                0x0000000080010a34                InitPAD
                0x0000000080010ac4                StartPAD
 .text          0x0000000080010c18       0xa0 ../third_party/psyq/lib/libapi.a(patch.o)
                0x0000000080010c18                EnablePAD
                0x0000000080010c2c                DisablePAD
                0x0000000080010c40                _patch_pad
 .text          0x0000000080010cb8       0x10 ../third_party/psyq/lib/libapi.a(a18.o)
                0x0000000080010cb8                InitPAD2
 .text          0x0000000080010cc8       0x10 ../third_party/psyq/lib/libapi.a(a19.o)
                0x0000000080010cc8                StartPAD2
 .text          0x0000000080010cd8       0x10 ../third_party/psyq/lib/libapi.a(a21.o)
                0x0000000080010cd8                PAD_init2
 .text          0x0000000080010ce8       0x10 ../third_party/psyq/lib/libapi.a(a36.o)
                0x0000000080010ce8                EnterCriticalSection
 .text          0x0000000080010cf8       0x10 ../third_party/psyq/lib/libapi.a(a37.o)
                0x0000000080010cf8                ExitCriticalSection
 .text          0x0000000080010d08       0x10 ../third_party/psyq/lib/libapi.a(c68.o)
                0x0000000080010d08                FlushCache
 .text          0x0000000080010d18       0x70 ../third_party/psyq/lib/libapi.a(chclrpad.o)
                0x0000000080010d18                _remove_ChgclrPAD
 .text          0x0000000080010d88       0x10 ../third_party/psyq/lib/libapi.a(l02.o)
                0x0000000080010d88                SysEnqIntRP
 .text          0x0000000080010d98       0x10 ../third_party/psyq/lib/libapi.a(l03.o)
                0x0000000080010d98                SysDeqIntRP
 .text          0x0000000080010da8       0x10 ../third_party/psyq/lib/libc.a(c42.o)
                0x0000000080010da8                memcpy
 .text          0x0000000080010db8       0x10 ../third_party/psyq/lib/libc.a(c63.o)
                0x0000000080010db8                printf
 .text          0x0000000080010dc8       0x30 ../third_party/psyq/lib/libetc.a(vmode.o)
                0x0000000080010dc8                SetVideoMode
                0x0000000080010ddc                GetVideoMode
 .text          0x0000000080010df8      0x210 ../third_party/psyq/lib/libetc.a(vsync.o)
                0x0000000080010df8                VSync
 .text          0x0000000080011008      0x120 ../third_party/psyq/lib/libetc.a(intr_vb.o)
                0x0000000080011008                startIntrVSync
 .text          0x0000000080011128      0x6c0 ../third_party/psyq/lib/libetc.a(intr.o)
                0x0000000080011128                ResetCallback
                0x0000000080011158                InterruptCallback
                0x0000000080011188                DMACallback
                0x00000000800111b8                VSyncCallback
                0x00000000800111ec                VSyncCallbacks
                0x000000008001121c                StopCallback
                0x000000008001124c                RestartCallback
                0x000000008001127c                CheckCallback
                0x000000008001128c                GetIntrMask
                0x00000000800112a4                SetIntrMask
 .text          0x00000000800117e8      0x2a0 ../third_party/psyq/lib/libetc.a(intr_dma.o)
                0x00000000800117e8                startIntrDMA
 .text          0x0000000080011a88      0xa80 ../third_party/psyq/lib/libgpu.a(font.o)
                0x0000000080011a88                SetDumpFnt
                0x0000000080011ac8                FntLoad
                0x0000000080011b68                FntOpen
                0x0000000080011e24                FntFlush
                0x0000000080012140                FntPrint
 .text          0x0000000080012508       0x40 ../third_party/psyq/lib/libgpu.a(p00.o)
                0x0000000080012508                GetTPage
 .text          0x0000000080012548       0x40 ../third_party/psyq/lib/libgpu.a(p06.o)
                0x0000000080012548                AddPrim
 .text          0x0000000080012588       0x20 ../third_party/psyq/lib/libgpu.a(p09.o)
                0x0000000080012588                TermPrim
 .text          0x00000000800125a8       0x30 ../third_party/psyq/lib/libgpu.a(p10.o)
                0x00000000800125a8                SetSemiTrans
 .text          0x00000000800125d8       0x20 ../third_party/psyq/lib/libgpu.a(p20.o)
                0x00000000800125d8                SetSprt8
 .text          0x00000000800125f8       0x20 ../third_party/psyq/lib/libgpu.a(p26.o)
                0x00000000800125f8                SetTile
 .text          0x0000000080012618       0xa0 ../third_party/psyq/lib/libgpu.a(p41.o)
                0x0000000080012618                SetDrawMode
 .text          0x00000000800126b8     0x2f00 ../third_party/psyq/lib/libgpu.a(sys.o)
                0x00000000800126b8                ResetGraph
                0x000000008001282c                SetGraphDebug
                0x0000000080012888                SetGraphQueue
                0x000000008001292c                GetGraphDebug
                0x000000008001293c                DrawSyncCallback
                0x000000008001299c                SetDispMask
                0x0000000080012a34                DrawSync
                0x0000000080012bb8                ClearImage
                0x0000000080012c48                ClearImage2
                0x0000000080012ce0                LoadImage
                0x0000000080012d40                StoreImage
                0x0000000080012da0                MoveImage
                0x0000000080012e58                ClearOTag
                0x0000000080012f20                ClearOTagR
                0x0000000080012fcc                DrawPrim
                0x0000000080013028                DrawOTag
                0x0000000080013098                PutDrawEnv
                0x0000000080013158                DrawOTagEnv
                0x0000000080013230                GetDrawEnv
                0x0000000080013264                PutDispEnv
                0x000000008001375c                GetDispEnv
                0x0000000080013790                GetODE
                0x00000000800137c0                SetDrawArea
                0x0000000080013840                SetDrawOffset
                0x0000000080013880                SetDrawEnv
                0x0000000080015150                LoadImage2
                0x000000008001523c                StoreImage2
                0x0000000080015328                MoveImage2
                0x000000008001546c                DrawOTag2
                0x0000000080015568                _GPU_ResetCallback
 .text          0x00000000800155b8       0xf0 ../third_party/psyq/lib/libgpu.a(e00.o)
                0x00000000800155b8                LoadTPage
 .text          0x00000000800156a8       0x70 ../third_party/psyq/lib/libgpu.a(e02.o)
                0x00000000800156a8                LoadClut2
 .text          0x0000000080015718       0x20 ../third_party/psyq/lib/libgpu.a(p01.o)
                0x0000000080015718                GetClut
 .text          0x0000000080015738      0x550 ../third_party/psyq/lib/libgs.a(gs_001.o)
                0x0000000080015738                GsInitGraph
                0x00000000800158c8                GsInitGraph2
                0x0000000080015b50                GsSortClear
 .text          0x0000000080015c88       0x10 ../third_party/psyq/lib/libgs.a(gs_0021.o)
                0x0000000080015c88                GsGetActiveBuff
 .text          0x0000000080015c98      0x110 ../third_party/psyq/lib/libgs.a(gs_0022.o)
                0x0000000080015c98                GsSetDrawBuffOffset
 .text          0x0000000080015da8       0x80 ../third_party/psyq/lib/libgs.a(gs_003.o)
                0x0000000080015da8                GsSetDrawBuffClip
 .text          0x0000000080015e28       0xb0 ../third_party/psyq/lib/libgs.a(gs_010.o)
                0x0000000080015e28                GsSwapDispBuff
 .text          0x0000000080015ed8       0xa0 ../third_party/psyq/lib/libgs.a(gs_103.o)
                0x0000000080015ed8                GsDefDispBuff
 .text          0x0000000080015f78       0x30 ../third_party/psyq/lib/libgs.a(gs_111.o)
                0x0000000080015f78                GsDrawOt
 .text          0x0000000080015fa8       0x60 ../third_party/psyq/lib/libgs.a(gs_113.o)
                0x0000000080015fa8                GsClearOt
 .text          0x0000000080016008       0x50 ../third_party/psyq/lib/libgs.a(gs_121.o)
                0x0000000080016008                gte_init
 .text          0x0000000080016058       0xf0 ../third_party/psyq/lib/libgs.a(gs_122.o)
                0x0000000080016058                GsGetTimInfo
 .text          0x0000000080016148       0x10 ../third_party/psyq/lib/libgs.a(gs_124.o)
                0x0000000080016148                GsSetWorkBase
 .text          0x0000000080016158       0x90 ../third_party/psyq/lib/libgte.a(msc00.o)
                0x0000000080016160                InitGeom
 .text          0x00000000800161e8       0xe0 ../third_party/psyq/lib/libgte.a(patchgte.o)
                0x00000000800161e8                _patch_gte
 .text          0x00000000800162c8       0x20 ../third_party/psyq/lib/libgte.a(reg11.o)
                0x00000000800162c8                SetFarColor
 .text          0x00000000800162e8       0x20 ../third_party/psyq/lib/libgte.a(reg12.o)
                0x00000000800162e8                SetGeomOffset
 .text          0x0000000080016308       0x10 ../third_party/psyq/lib/libapi.a(a23.o)
                0x0000000080016308                ReturnFromException
 .text          0x0000000080016318       0x10 ../third_party/psyq/lib/libapi.a(a24.o)
                0x0000000080016318                ResetEntryInt
 .text          0x0000000080016328       0x10 ../third_party/psyq/lib/libapi.a(a25.o)
                0x0000000080016328                HookEntryInt
 .text          0x0000000080016338       0x20 ../third_party/psyq/lib/libapi.a(c114.o)
                0x0000000080016340                _96_remove
 .text          0x0000000080016358       0x10 ../third_party/psyq/lib/libapi.a(c73.o)
                0x0000000080016358                GPU_cw
 .text          0x0000000080016368       0x10 ../third_party/psyq/lib/libapi.a(l10.o)
                0x0000000080016368                ChangeClearRCnt
 .text          0x0000000080016378       0x20 ../third_party/psyq/lib/libc.a(a63.o)
                0x0000000080016380                puts
 .text          0x0000000080016398       0x10 ../third_party/psyq/lib/libc.a(c19.o)
                0x0000000080016398                setjmp
 .text          0x00000000800163a8       0x10 ../third_party/psyq/lib/libc.a(c27.o)
                0x00000000800163a8                strlen
 .text          0x00000000800163b8       0x10 ../third_party/psyq/lib/libc.a(c43.o)
                0x00000000800163b8                memset
                0x00000000800163d0                . = ALIGN (0x10)
 *fill*         0x00000000800163c8        0x8 
 *(.init)
                0x00000000800163d0                . = ALIGN (0x10)
 *(.fini)
                0x00000000800163d0                . = ALIGN (0x10)
                0x00000000800163d0                __text_end = .
                0x00000000800163d0                __ftext_end = ABSOLUTE (.)
                0x00000000800163d0                __fdata_start = ABSOLUTE (.)

.rodata         0x00000000800163d0      0x464
 *(.rodata .rodata.* .rdata .rdata.* .gnu.linkonce.r.*)
 .rodata.str1.4
                0x00000000800163d0        0xa main.o
                                          0xc (size before relaxing)
 *fill*         0x00000000800163da        0x2 
 .rodata.str1.4
                0x00000000800163dc       0x80 engine/basics.o
 .rodata.str1.4
                0x000000008001645c        0xc engine/input.o
 *fill*         0x0000000080016468        0x8 
 .rodata        0x0000000080016470       0x20 engine/input.o
                0x0000000080016470                input_binds_default
 .rodata        0x0000000080016490       0x10 ../third_party/common/crt0/crt0.o
 .rdata         0x00000000800164a0       0x10 ../third_party/psyq/lib/libetc.a(vsync.o)
 .rdata         0x00000000800164b0       0x70 ../third_party/psyq/lib/libetc.a(intr.o)
 .rdata         0x0000000080016520       0x30 ../third_party/psyq/lib/libetc.a(intr_dma.o)
 .rdata         0x0000000080016550       0xa0 ../third_party/psyq/lib/libgpu.a(font.o)
 .rdata         0x00000000800165f0      0x220 ../third_party/psyq/lib/libgpu.a(sys.o)
                0x0000000080016810                . = ALIGN (0x10)
                0x0000000080016810                __preinit_array_start = .
 *(.preinit_array)
                0x0000000080016810                __preinit_array_end = .
                0x0000000080016810                . = ALIGN (0x10)
                0x0000000080016810                __init_array_start = .
 *(SORT_BY_NAME(.init_array.*))
 *(.init_array)
                0x0000000080016810                . = ALIGN (0x10)
 *crtbegin.o(.ctors)
 *(EXCLUDE_FILE(*crtend.o) .ctors)
 *(SORT_BY_NAME(.ctors.*))
 *crtend.o(.ctors)
                0x0000000080016810                __init_array_end = .
                0x0000000080016810                . = ALIGN (0x10)
                0x0000000080016810                __fini_array_start = .
 *(.fini_array)
 *(SORT_BY_NAME(.fini_array.*))
 *crtbegin.o(.dtors)
 *(EXCLUDE_FILE(*crtend.o) .dtors)
 *(SORT_BY_NAME(.dtors.*))
 *crtend.o(.dtors)
                0x0000000080016810                __fini_array_end = .
                0x0000000080016810                __build_id = .
 *(.note.gnu.build-id)
 .note.gnu.build-id
                0x0000000080016810       0x24 main.o
                0x0000000080016834                __build_id_end = .

.rel.dyn        0x0000000080016834        0x0
 .rel.dyn       0x0000000080016834        0x0 ../third_party/psyq/lib/libgpu.a(sys.o)

.rodata1
 *(.rodata1)
                0x0000000080016834                __data_start = .

.data           0x0000000080016840     0x67c0
 *(.a0table)
 *(.data .data.* .gnu.linkonce.d.*)
 .data          0x0000000080016840     0x46f0 main.o
                0x0000000080016840                img_wall1
                0x000000008001a4e0                img_playerBar
                0x000000008001a8f4                img_ball
                0x000000008001af14                img_wall1_height
                0x000000008001af16                img_wall1_width
                0x000000008001af18                img_playerBar_height
                0x000000008001af1a                img_playerBar_width
                0x000000008001af1c                img_ball_height
                0x000000008001af1e                img_ball_width
                0x000000008001af20                img_wall1_gpu_x
                0x000000008001af22                img_playerBar_gpu_x
                0x000000008001af24                img_ball_gpu_x
 .data          0x000000008001af30       0x10 ../third_party/psyq/lib/libapi.a(pad.o)
 .data          0x000000008001af40       0x10 ../third_party/psyq/lib/libetc.a(vmode.o)
 .data          0x000000008001af50       0x20 ../third_party/psyq/lib/libetc.a(vsync.o)
                0x000000008001af60                Hcount
 .data          0x000000008001af70       0x30 ../third_party/psyq/lib/libetc.a(intr_vb.o)
                0x000000008001af90                Vcount
 .data          0x000000008001afa0     0x1100 ../third_party/psyq/lib/libetc.a(intr.o)
 .data          0x000000008001c0a0       0x30 ../third_party/psyq/lib/libetc.a(intr_dma.o)
 .data          0x000000008001c0d0      0xb90 ../third_party/psyq/lib/libgpu.a(font.o)
                0x000000008001c0d0                Font
 .data          0x000000008001cc60      0x1a0 ../third_party/psyq/lib/libgpu.a(sys.o)
                0x000000008001ccac                GPU_printf
                0x000000008001ccb0                GEnv
                0x000000008001cdd8                _qin
                0x000000008001cddc                _qout
 .data          0x000000008001ce00       0x10 ../third_party/psyq/lib/libgte.a(msc00.o)
 *(.data1)
 *(.sdata .sdata.* .gnu.linkonce.s.*)
 *(.sdata2 .sdata2.* .gnu.linkonce.s2.*)
 *(.got.plt)
 *(.got)
                0x000000008001d000                . = ALIGN (0x800)
 *fill*         0x000000008001ce10      0x1f0 
                0x000000008001d000                __data_end = .
                0x000000008001d000                __fdata_end = .
                0x000000008001d000                __bss_start = .

.sbss           0x000000008001d000     0x62a8
 *(.dynsbss)
 *(.sbss .sbss.* .gnu.linkonce.sb.*)
 .sbss          0x000000008001d000        0x4 engine/input.o
 *(.scommon)
 .scommon       0x000000008001d004        0xa engine/basics.o
                0x000000008001d004                SCREEN_WIDTH
                0x000000008001d008                SCREEN_HEIGHT
                0x000000008001d00c                currentBuffer
 *fill*         0x000000008001d00e        0x2 
 .scommon       0x000000008001d010        0xd engine/input.o
                0x000000008001d010                input_pad
                0x000000008001d014                input_trig
                0x000000008001d018                input_held
                0x000000008001d01c                input_suppress_trig
 *(.dynbss)
 *(.bss .bss.* .gnu.linkonce.b.*)
 *fill*         0x000000008001d01d        0x3 
 .bss           0x000000008001d020       0x50 engine/input.o
 .bss           0x000000008001d070       0x10 ../third_party/psyq/lib/libapi.a(pad.o)
                0x000000008001d070                _apiPadPatch
 .bss           0x000000008001d080       0x10 ../third_party/psyq/lib/libapi.a(patch.o)
 .bss           0x000000008001d090       0x10 ../third_party/psyq/lib/libapi.a(chclrpad.o)
 .bss           0x000000008001d0a0     0x4410 ../third_party/psyq/lib/libgpu.a(font.o)
 .bss           0x00000000800214b0     0x1850 ../third_party/psyq/lib/libgpu.a(sys.o)
                0x0000000080021500                _que
 .bss           0x0000000080022d00       0x54 ../third_party/psyq/lib/libgs.a(global.o)
                0x0000000080022d00                GsOUT_PACKET_P
                0x0000000080022d08                GsMATE_C
                0x0000000080022d10                GsLMODE
                0x0000000080022d18                GsLIGNR
                0x0000000080022d20                GsLIOFF
                0x0000000080022d28                GsZOVER
                0x0000000080022d30                GsBACKC
                0x0000000080022d38                GsNDIV
                0x0000000080022d40                GsTRATE
                0x0000000080022d48                GsTON
                0x0000000080022d50                GsDISPON
 *fill*         0x0000000080022d54        0x4 
 .bss           0x0000000080022d58       0xea ../third_party/psyq/lib/libgs.a(gs_001.o)
                0x0000000080022d78                PSDIDX
                0x0000000080022d80                GsDRAWENV
                0x0000000080022de0                GsDISPENV
                0x0000000080022df8                PSDGPU
                0x0000000080022e00                PSDBASEX
                0x0000000080022e08                PSDBASEY
                0x0000000080022e10                POSITION
                0x0000000080022e18                CLIP2
                0x0000000080022e20                PSDCNT
                0x0000000080022e28                PSDOFSX
                0x0000000080022e30                PSDOFSY
                0x0000000080022e38                GsORGOFSX
                0x0000000080022e40                GsORGOFSY
 *fill*         0x0000000080022e42        0x6 
 .bss           0x0000000080022e48       0x24 ../third_party/psyq/lib/libgs.a(gs_104.o)
                0x0000000080022e48                HWD0
                0x0000000080022e50                VWD0
                0x0000000080022e58                GsCLIP3near
                0x0000000080022e60                GsLIGHT_MODE
                0x0000000080022e68                GsCLIP3far
 *fill*         0x0000000080022e6c        0x4 
 .bss           0x0000000080022e70       0x40 ../third_party/psyq/lib/libgs.a(gs_107.o)
                0x0000000080022e70                GsLIGHTWSMATRIX
                0x0000000080022e90                _LC
 .bss           0x0000000080022eb0       0x40 ../third_party/psyq/lib/libgs.a(gs_128.o)
                0x0000000080022eb0                GsIDMATRIX
                0x0000000080022ed0                GsIDMATRIX2
 .bss           0x0000000080022ef0       0x10 ../third_party/psyq/lib/libgte.a(patchgte.o)
 *(COMMON)
 COMMON         0x0000000080022f00       0xf0 main.o
                0x0000000080022f00                playerSprite
                0x0000000080022f50                bgSprite
                0x0000000080022fa0                ballSprite
 COMMON         0x0000000080022ff0      0x29c engine/basics.o
                0x0000000080022ff0                GPUOutputPacket
                0x0000000080023248                systemBackgroundColor
                0x0000000080023254                orderingTable
                0x000000008002327c                minorOrderingTable
 COMMON         0x000000008002328c       0x1c engine/input.o
                0x000000008002328c                input_binds
                0x00000000800232a8                . = ALIGN (0x4)
                0x00000000800232a8                __bss_end = .
                0x00000000800232a8                __heap_start = __heap_base
                0x000000008000f800                . = (ADDR (.text) - 0x800)
                0x000000008000f800                __end = .

/DISCARD/
 *(.MIPS.abiflags)
 *(.rel.iplt)
 *(.rela.iplt)
 *(.rel.plt)
 *(.rela.plt)
 *(.plt)
 *(.iplt)
 *(.note.GNU-stack)
 *(.gnu_debuglink)
 *(.gnu.lto_*)
OUTPUT(BuzzyBee.elf elf32-tradlittlemips)

.mdebug.abi32   0x0000000000000000        0x0
 .mdebug.abi32  0x0000000000000000        0x0 main.o
 .mdebug.abi32  0x0000000000000000        0x0 engine/basics.o
 .mdebug.abi32  0x0000000000000000        0x0 engine/input.o

.comment        0x0000000000000000       0x2a
 .comment       0x0000000000000000       0x2a main.o
                                         0x2b (size before relaxing)
 .comment       0x000000000000002a       0x2b engine/basics.o
 .comment       0x000000000000002a       0x2b engine/input.o

.gnu.attributes
                0x0000000000000000       0x10
 .gnu.attributes
                0x0000000000000000       0x10 main.o
 .gnu.attributes
                0x0000000000000010       0x10 engine/basics.o
 .gnu.attributes
                0x0000000000000020       0x10 engine/input.o
 .gnu.attributes
                0x0000000000000030       0x10 ../third_party/common/crt0/crt0.o

.pdr            0x0000000000000000        0x0
 .pdr           0x0000000000000000        0x0 ../third_party/common/crt0/crt0.o

.note           0x0000000000000000     0x2188
 .note          0x0000000000000000       0x74 ../third_party/psyq/lib/libapi.a(a91.o)
 .note          0x0000000000000074       0x74 ../third_party/psyq/lib/libapi.a(pad.o)
 .note          0x00000000000000e8       0x74 ../third_party/psyq/lib/libapi.a(patch.o)
 .note          0x000000000000015c       0x74 ../third_party/psyq/lib/libapi.a(a18.o)
 .note          0x00000000000001d0       0x74 ../third_party/psyq/lib/libapi.a(a19.o)
 .note          0x0000000000000244       0x74 ../third_party/psyq/lib/libapi.a(a21.o)
 .note          0x00000000000002b8       0x74 ../third_party/psyq/lib/libapi.a(a36.o)
 .note          0x000000000000032c       0x74 ../third_party/psyq/lib/libapi.a(a37.o)
 .note          0x00000000000003a0       0x74 ../third_party/psyq/lib/libapi.a(c68.o)
 .note          0x0000000000000414       0x74 ../third_party/psyq/lib/libapi.a(chclrpad.o)
 .note          0x0000000000000488       0x74 ../third_party/psyq/lib/libapi.a(l02.o)
 .note          0x00000000000004fc       0x74 ../third_party/psyq/lib/libapi.a(l03.o)
 .note          0x0000000000000570       0x74 ../third_party/psyq/lib/libc.a(c42.o)
 .note          0x00000000000005e4       0x74 ../third_party/psyq/lib/libc.a(c63.o)
 .note          0x0000000000000658       0x74 ../third_party/psyq/lib/libetc.a(vmode.o)
 .note          0x00000000000006cc       0x74 ../third_party/psyq/lib/libetc.a(vsync.o)
 .note          0x0000000000000740       0x74 ../third_party/psyq/lib/libetc.a(intr_vb.o)
 .note          0x00000000000007b4       0x74 ../third_party/psyq/lib/libetc.a(intr.o)
 .note          0x0000000000000828       0x74 ../third_party/psyq/lib/libetc.a(intr_dma.o)
 .note          0x000000000000089c       0x74 ../third_party/psyq/lib/libgpu.a(font.o)
 .note          0x0000000000000910       0x74 ../third_party/psyq/lib/libgpu.a(p00.o)
 .note          0x0000000000000984       0x74 ../third_party/psyq/lib/libgpu.a(p06.o)
 .note          0x00000000000009f8       0x74 ../third_party/psyq/lib/libgpu.a(p09.o)
 .note          0x0000000000000a6c       0x74 ../third_party/psyq/lib/libgpu.a(p10.o)
 .note          0x0000000000000ae0       0x74 ../third_party/psyq/lib/libgpu.a(p20.o)
 .note          0x0000000000000b54       0x74 ../third_party/psyq/lib/libgpu.a(p26.o)
 .note          0x0000000000000bc8       0x74 ../third_party/psyq/lib/libgpu.a(p27.o)
 .note          0x0000000000000c3c       0x74 ../third_party/psyq/lib/libgpu.a(p41.o)
 .note          0x0000000000000cb0       0x74 ../third_party/psyq/lib/libgpu.a(sys.o)
 .note          0x0000000000000d24       0x74 ../third_party/psyq/lib/libgpu.a(e00.o)
 .note          0x0000000000000d98       0x74 ../third_party/psyq/lib/libgpu.a(e02.o)
 .note          0x0000000000000e0c       0x74 ../third_party/psyq/lib/libgpu.a(p01.o)
 .note          0x0000000000000e80       0x74 ../third_party/psyq/lib/libgs.a(2d_sp0.o)
 .note          0x0000000000000ef4       0x74 ../third_party/psyq/lib/libgs.a(global.o)
 .note          0x0000000000000f68       0x74 ../third_party/psyq/lib/libgs.a(gs_001.o)
 .note          0x0000000000000fdc       0x74 ../third_party/psyq/lib/libgs.a(gs_0021.o)
 .note          0x0000000000001050       0x74 ../third_party/psyq/lib/libgs.a(gs_0022.o)
 .note          0x00000000000010c4       0x74 ../third_party/psyq/lib/libgs.a(gs_003.o)
 .note          0x0000000000001138       0x74 ../third_party/psyq/lib/libgs.a(gs_010.o)
 .note          0x00000000000011ac       0x74 ../third_party/psyq/lib/libgs.a(gs_103.o)
 .note          0x0000000000001220       0x74 ../third_party/psyq/lib/libgs.a(gs_104.o)
 .note          0x0000000000001294       0x74 ../third_party/psyq/lib/libgs.a(gs_107.o)
 .note          0x0000000000001308       0x74 ../third_party/psyq/lib/libgs.a(gs_111.o)
 .note          0x000000000000137c       0x74 ../third_party/psyq/lib/libgs.a(gs_113.o)
 .note          0x00000000000013f0       0x74 ../third_party/psyq/lib/libgs.a(gs_121.o)
 .note          0x0000000000001464       0x74 ../third_party/psyq/lib/libgs.a(gs_122.o)
 .note          0x00000000000014d8       0x74 ../third_party/psyq/lib/libgs.a(gs_124.o)
 .note          0x000000000000154c       0x74 ../third_party/psyq/lib/libgs.a(gs_128.o)
 .note          0x00000000000015c0       0x74 ../third_party/psyq/lib/libgs.a(2d_com1.o)
 .note          0x0000000000001634       0x74 ../third_party/psyq/lib/libgte.a(cmb_00.o)
 .note          0x00000000000016a8       0x74 ../third_party/psyq/lib/libgte.a(fgo_01.o)
 .note          0x000000000000171c       0x74 ../third_party/psyq/lib/libgte.a(msc00.o)
 .note          0x0000000000001790       0x74 ../third_party/psyq/lib/libgte.a(msc01.o)
 .note          0x0000000000001804       0x74 ../third_party/psyq/lib/libgte.a(mtx_07.o)
 .note          0x0000000000001878       0x74 ../third_party/psyq/lib/libgte.a(mtx_08.o)
 .note          0x00000000000018ec       0x74 ../third_party/psyq/lib/libgte.a(mtx_09.o)
 .note          0x0000000000001960       0x74 ../third_party/psyq/lib/libgte.a(mtx_11.o)
 .note          0x00000000000019d4       0x74 ../third_party/psyq/lib/libgte.a(mtx_12.o)
 .note          0x0000000000001a48       0x74 ../third_party/psyq/lib/libgte.a(patchgte.o)
 .note          0x0000000000001abc       0x74 ../third_party/psyq/lib/libgte.a(reg09.o)
 .note          0x0000000000001b30       0x74 ../third_party/psyq/lib/libgte.a(reg11.o)
 .note          0x0000000000001ba4       0x74 ../third_party/psyq/lib/libgte.a(reg12.o)
 .note          0x0000000000001c18       0x74 ../third_party/psyq/lib/libgte.a(sqrtbl.o)
 .note          0x0000000000001c8c       0x74 ../third_party/psyq/lib/libgte.a(cstbl.o)
 .note          0x0000000000001d00       0x74 ../third_party/psyq/lib/libapi.a(a23.o)
 .note          0x0000000000001d74       0x74 ../third_party/psyq/lib/libapi.a(a24.o)
 .note          0x0000000000001de8       0x74 ../third_party/psyq/lib/libapi.a(a25.o)
 .note          0x0000000000001e5c       0x74 ../third_party/psyq/lib/libapi.a(c114.o)
 .note          0x0000000000001ed0       0x74 ../third_party/psyq/lib/libapi.a(c73.o)
 .note          0x0000000000001f44       0x74 ../third_party/psyq/lib/libapi.a(l10.o)
 .note          0x0000000000001fb8       0x74 ../third_party/psyq/lib/libc.a(a63.o)
 .note          0x000000000000202c       0x74 ../third_party/psyq/lib/libc.a(c19.o)
 .note          0x00000000000020a0       0x74 ../third_party/psyq/lib/libc.a(c27.o)
 .note          0x0000000000002114       0x74 ../third_party/psyq/lib/libc.a(c43.o)

.debug_info     0x0000000000000000     0x290d
 .debug_info    0x0000000000000000      0xbae main.o
 .debug_info    0x0000000000000bae     0x1851 engine/basics.o
 .debug_info    0x00000000000023ff      0x4e8 engine/input.o
 .debug_info    0x00000000000028e7       0x26 ../third_party/common/crt0/crt0.o

.debug_abbrev   0x0000000000000000      0x7e9
 .debug_abbrev  0x0000000000000000      0x1fc main.o
 .debug_abbrev  0x00000000000001fc      0x3ad engine/basics.o
 .debug_abbrev  0x00000000000005a9      0x22c engine/input.o
 .debug_abbrev  0x00000000000007d5       0x14 ../third_party/common/crt0/crt0.o

.debug_aranges  0x0000000000000000      0x140
 .debug_aranges
                0x0000000000000000       0x30 main.o
 .debug_aranges
                0x0000000000000030       0xc8 engine/basics.o
 .debug_aranges
                0x00000000000000f8       0x28 engine/input.o
 .debug_aranges
                0x0000000000000120       0x20 ../third_party/common/crt0/crt0.o

.debug_ranges   0x0000000000000000      0x138
 .debug_ranges  0x0000000000000000       0x20 main.o
 .debug_ranges  0x0000000000000020       0xd0 engine/basics.o
 .debug_ranges  0x00000000000000f0       0x48 engine/input.o

.debug_line     0x0000000000000000      0xb13
 .debug_line    0x0000000000000000      0x1a1 main.o
 .debug_line    0x00000000000001a1      0x79c engine/basics.o
 .debug_line    0x000000000000093d      0x173 engine/input.o
 .debug_line    0x0000000000000ab0       0x63 ../third_party/common/crt0/crt0.o

.debug_str      0x0000000000000000      0xa15
 .debug_str     0x0000000000000000      0x612 main.o
                                        0x669 (size before relaxing)
 .debug_str     0x0000000000000612      0x2b2 engine/basics.o
                                        0x6ec (size before relaxing)
 .debug_str     0x00000000000008c4      0x123 engine/input.o
                                        0x3af (size before relaxing)
 .debug_str     0x00000000000009e7       0x2e ../third_party/common/crt0/crt0.o
                                         0x42 (size before relaxing)

.debug_frame    0x0000000000000000      0x378
 .debug_frame   0x0000000000000000       0x64 main.o
 .debug_frame   0x0000000000000064      0x2c0 engine/basics.o
 .debug_frame   0x0000000000000324       0x54 engine/input.o

.debug_loc      0x0000000000000000      0x8c9
 .debug_loc     0x0000000000000000      0x868 engine/basics.o
 .debug_loc     0x0000000000000868       0x61 engine/input.o
