Archive member included to satisfy reference by file (symbol)

../third_party/psyq/lib/libapi.a(a91.o)
                              engine/input.o (ChangeClearPAD)
../third_party/psyq/lib/libapi.a(pad.o)
                              engine/input.o (InitPAD)
../third_party/psyq/lib/libapi.a(patch.o)
                              ../third_party/psyq/lib/libapi.a(pad.o) (_patch_pad)
../third_party/psyq/lib/libapi.a(a18.o)
                              ../third_party/psyq/lib/libapi.a(pad.o) (InitPAD2)
../third_party/psyq/lib/libapi.a(a19.o)
                              ../third_party/psyq/lib/libapi.a(pad.o) (StartPAD2)
../third_party/psyq/lib/libapi.a(a21.o)
                              ../third_party/psyq/lib/libapi.a(pad.o) (PAD_init2)
../third_party/psyq/lib/libapi.a(a36.o)
                              ../third_party/psyq/lib/libapi.a(pad.o) (EnterCriticalSection)
../third_party/psyq/lib/libapi.a(a37.o)
                              ../third_party/psyq/lib/libapi.a(pad.o) (ExitCriticalSection)
../third_party/psyq/lib/libapi.a(c68.o)
                              ../third_party/psyq/lib/libapi.a(patch.o) (FlushCache)
../third_party/psyq/lib/libapi.a(chclrpad.o)
                              ../third_party/psyq/lib/libapi.a(pad.o) (_remove_ChgclrPAD)
../third_party/psyq/lib/libapi.a(l02.o)
                              ../third_party/psyq/lib/libapi.a(pad.o) (SysEnqIntRP)
../third_party/psyq/lib/libapi.a(l03.o)
                              ../third_party/psyq/lib/libapi.a(pad.o) (SysDeqIntRP)
../third_party/psyq/lib/libc.a(c42.o)
                              main.o (memcpy)
../third_party/psyq/lib/libc.a(c63.o)
                              main.o (printf)
../third_party/psyq/lib/libetc.a(vmode.o)
                              engine/graphics.o (GetVideoMode)
../third_party/psyq/lib/libetc.a(vsync.o)
                              engine/graphics.o (VSync)
../third_party/psyq/lib/libetc.a(intr_vb.o)
                              ../third_party/psyq/lib/libetc.a(vsync.o) (Vcount)
../third_party/psyq/lib/libetc.a(intr.o)
                              ../third_party/psyq/lib/libetc.a(intr_vb.o) (InterruptCallback)
../third_party/psyq/lib/libetc.a(intr_dma.o)
                              ../third_party/psyq/lib/libetc.a(intr.o) (startIntrDMA)
../third_party/psyq/lib/libgpu.a(font.o)
                              engine/graphics.o (FntFlush)
../third_party/psyq/lib/libgpu.a(p00.o)
                              engine/graphics.o (GetTPage)
../third_party/psyq/lib/libgpu.a(p06.o)
                              ../third_party/psyq/lib/libgpu.a(font.o) (AddPrim)
../third_party/psyq/lib/libgpu.a(p09.o)
                              ../third_party/psyq/lib/libgpu.a(font.o) (TermPrim)
../third_party/psyq/lib/libgpu.a(p10.o)
                              ../third_party/psyq/lib/libgpu.a(font.o) (SetSemiTrans)
../third_party/psyq/lib/libgpu.a(p20.o)
                              ../third_party/psyq/lib/libgpu.a(font.o) (SetSprt8)
../third_party/psyq/lib/libgpu.a(p26.o)
                              ../third_party/psyq/lib/libgpu.a(font.o) (SetTile)
../third_party/psyq/lib/libgpu.a(p27.o)
                              engine/graphics.o (SetLineF2)
../third_party/psyq/lib/libgpu.a(p41.o)
                              ../third_party/psyq/lib/libgpu.a(font.o) (SetDrawMode)
../third_party/psyq/lib/libgpu.a(sys.o)
                              engine/graphics.o (ClearImage2)
../third_party/psyq/lib/libgpu.a(e00.o)
                              ../third_party/psyq/lib/libgpu.a(font.o) (LoadTPage)
../third_party/psyq/lib/libgpu.a(e02.o)
                              ../third_party/psyq/lib/libgpu.a(font.o) (LoadClut2)
../third_party/psyq/lib/libgpu.a(p01.o)
                              ../third_party/psyq/lib/libgpu.a(e02.o) (GetClut)
../third_party/psyq/lib/libgs.a(2d_sp0.o)
                              engine/graphics.o (GsSortSprite)
../third_party/psyq/lib/libgs.a(global.o)
                              ../third_party/psyq/lib/libgs.a(2d_sp0.o) (GsOUT_PACKET_P)
../third_party/psyq/lib/libgs.a(gs_001.o)
                              ../third_party/psyq/lib/libgs.a(2d_sp0.o) (GsORGOFSY)
../third_party/psyq/lib/libgs.a(gs_0021.o)
                              engine/graphics.o (GsGetActiveBuff)
../third_party/psyq/lib/libgs.a(gs_0022.o)
                              ../third_party/psyq/lib/libgs.a(gs_001.o) (GsSetDrawBuffOffset)
../third_party/psyq/lib/libgs.a(gs_003.o)
                              ../third_party/psyq/lib/libgs.a(gs_001.o) (GsSetDrawBuffClip)
../third_party/psyq/lib/libgs.a(gs_010.o)
                              engine/graphics.o (GsSwapDispBuff)
../third_party/psyq/lib/libgs.a(gs_103.o)
                              engine/graphics.o (GsDefDispBuff)
../third_party/psyq/lib/libgs.a(gs_104.o)
                              ../third_party/psyq/lib/libgs.a(gs_001.o) (HWD0)
../third_party/psyq/lib/libgs.a(gs_107.o)
                              ../third_party/psyq/lib/libgs.a(gs_001.o) (GsLIGHTWSMATRIX)
../third_party/psyq/lib/libgs.a(gs_111.o)
                              engine/graphics.o (GsDrawOt)
../third_party/psyq/lib/libgs.a(gs_113.o)
                              engine/graphics.o (GsClearOt)
../third_party/psyq/lib/libgs.a(gs_121.o)
                              ../third_party/psyq/lib/libgs.a(gs_001.o) (gte_init)
../third_party/psyq/lib/libgs.a(gs_122.o)
                              engine/graphics.o (GsGetTimInfo)
../third_party/psyq/lib/libgs.a(gs_124.o)
                              engine/graphics.o (GsSetWorkBase)
../third_party/psyq/lib/libgs.a(gs_128.o)
                              ../third_party/psyq/lib/libgs.a(2d_sp0.o) (GsIDMATRIX)
../third_party/psyq/lib/libgs.a(2d_com1.o)
                              ../third_party/psyq/lib/libgs.a(2d_sp0.o) (_make_packet)
../third_party/psyq/lib/libgte.a(cmb_00.o)
                              ../third_party/psyq/lib/libgs.a(2d_sp0.o) (RotTransPers4)
../third_party/psyq/lib/libgte.a(fgo_01.o)
                              ../third_party/psyq/lib/libgs.a(2d_sp0.o) (RotMatrix)
../third_party/psyq/lib/libgte.a(msc00.o)
                              ../third_party/psyq/lib/libgs.a(gs_121.o) (InitGeom)
../third_party/psyq/lib/libgte.a(msc01.o)
                              ../third_party/psyq/lib/libgs.a(gs_107.o) (SquareRoot0)
../third_party/psyq/lib/libgte.a(mtx_07.o)
                              ../third_party/psyq/lib/libgs.a(2d_sp0.o) (TransMatrix)
../third_party/psyq/lib/libgte.a(mtx_08.o)
                              ../third_party/psyq/lib/libgs.a(2d_sp0.o) (ScaleMatrix)
../third_party/psyq/lib/libgte.a(mtx_09.o)
                              ../third_party/psyq/lib/libgs.a(2d_sp0.o) (SetRotMatrix)
../third_party/psyq/lib/libgte.a(mtx_11.o)
                              ../third_party/psyq/lib/libgs.a(gs_107.o) (SetColorMatrix)
../third_party/psyq/lib/libgte.a(mtx_12.o)
                              ../third_party/psyq/lib/libgs.a(2d_sp0.o) (SetTransMatrix)
../third_party/psyq/lib/libgte.a(patchgte.o)
                              ../third_party/psyq/lib/libgte.a(msc00.o) (_patch_gte)
../third_party/psyq/lib/libgte.a(reg09.o)
                              ../third_party/psyq/lib/libgs.a(2d_sp0.o) (ReadGeomScreen)
../third_party/psyq/lib/libgte.a(reg11.o)
                              ../third_party/psyq/lib/libgs.a(gs_121.o) (SetFarColor)
../third_party/psyq/lib/libgte.a(reg12.o)
                              ../third_party/psyq/lib/libgs.a(gs_0022.o) (SetGeomOffset)
../third_party/psyq/lib/libgte.a(sqrtbl.o)
                              ../third_party/psyq/lib/libgte.a(msc01.o) (SQRT)
../third_party/psyq/lib/libgte.a(cstbl.o)
                              ../third_party/psyq/lib/libgte.a(fgo_01.o) (rcossin_tbl)
../third_party/psyq/lib/libspu.a(s_i.o)
                              engine/audio.o (SpuInit)
../third_party/psyq/lib/libspu.a(s_ini.o)
                              ../third_party/psyq/lib/libspu.a(s_i.o) (_SpuInit)
../third_party/psyq/lib/libspu.a(s_itc.o)
                              engine/audio.o (SpuIsTransferCompleted)
../third_party/psyq/lib/libspu.a(s_m.o)
                              ../third_party/psyq/lib/libspu.a(s_ini.o) (_spu_memList)
../third_party/psyq/lib/libspu.a(s_m_f.o)
                              engine/audio.o (SpuFree)
../third_party/psyq/lib/libspu.a(s_m_init.o)
                              engine/audio.o (SpuInitMalloc)
../third_party/psyq/lib/libspu.a(s_m_int.o)
                              ../third_party/psyq/lib/libspu.a(s_m_f.o) (_spu_gcSPU)
../third_party/psyq/lib/libspu.a(s_m_m.o)
                              engine/audio.o (SpuMalloc)
../third_party/psyq/lib/libspu.a(s_rmp0.o)
                              ../third_party/psyq/lib/libspu.a(s_ini.o) (_spu_rev_startaddr)
../third_party/psyq/lib/libspu.a(s_sca.o)
                              engine/audio.o (SpuSetCommonAttr)
../third_party/psyq/lib/libspu.a(s_si.o)
                              engine/audio.o (SpuSetIRQ)
../third_party/psyq/lib/libspu.a(s_sk.o)
                              engine/audio.o (SpuSetKey)
../third_party/psyq/lib/libspu.a(s_stm.o)
                              engine/audio.o (SpuSetTransferMode)
../third_party/psyq/lib/libspu.a(s_stsa.o)
                              engine/audio.o (SpuSetTransferStartAddr)
../third_party/psyq/lib/libspu.a(s_sva.o)
                              engine/audio.o (SpuSetVoiceAttr)
../third_party/psyq/lib/libspu.a(s_w.o)
                              engine/audio.o (SpuWrite)
../third_party/psyq/lib/libspu.a(spu.o)
                              ../third_party/psyq/lib/libspu.a(s_stsa.o) (_spu_FsetRXXa)
../third_party/psyq/lib/libspu.a(s_dcb.o)
                              ../third_party/psyq/lib/libspu.a(s_ini.o) (_SpuDataCallback)
../third_party/psyq/lib/libspu.a(s_n2p.o)
                              ../third_party/psyq/lib/libspu.a(s_sva.o) (_spu_note2pitch)
../third_party/psyq/lib/libapi.a(a07.o)
                              ../third_party/psyq/lib/libspu.a(spu.o) (DeliverEvent)
../third_party/psyq/lib/libapi.a(a08.o)
                              ../third_party/psyq/lib/libspu.a(s_ini.o) (OpenEvent)
../third_party/psyq/lib/libapi.a(a11.o)
                              ../third_party/psyq/lib/libspu.a(s_itc.o) (TestEvent)
../third_party/psyq/lib/libapi.a(a12.o)
                              ../third_party/psyq/lib/libspu.a(s_ini.o) (EnableEvent)
../third_party/psyq/lib/libapi.a(a23.o)
                              ../third_party/psyq/lib/libetc.a(intr.o) (ReturnFromException)
../third_party/psyq/lib/libapi.a(a24.o)
                              ../third_party/psyq/lib/libetc.a(intr.o) (ResetEntryInt)
../third_party/psyq/lib/libapi.a(a25.o)
                              ../third_party/psyq/lib/libetc.a(intr.o) (HookEntryInt)
../third_party/psyq/lib/libapi.a(c114.o)
                              ../third_party/psyq/lib/libetc.a(intr.o) (_96_remove)
../third_party/psyq/lib/libapi.a(c73.o)
                              ../third_party/psyq/lib/libgpu.a(sys.o) (GPU_cw)
../third_party/psyq/lib/libapi.a(l10.o)
                              ../third_party/psyq/lib/libetc.a(vsync.o) (ChangeClearRCnt)
../third_party/psyq/lib/libc.a(a63.o)
                              ../third_party/psyq/lib/libetc.a(vsync.o) (puts)
../third_party/psyq/lib/libc.a(c19.o)
                              ../third_party/psyq/lib/libetc.a(intr.o) (setjmp)
../third_party/psyq/lib/libc.a(c27.o)
                              ../third_party/psyq/lib/libgpu.a(font.o) (strlen)
../third_party/psyq/lib/libc.a(c43.o)
                              ../third_party/psyq/lib/libgpu.a(font.o) (memset)

Allocating common symbols
Common symbol       size              file

mainPlayerL         0x140             main.o
g_s_attr            0x40              engine/audio.o
BeeL                0x50              main.o
input_pad           0x2               engine/input.o
l_vag1_spu_addr     0x4               engine/audio.o
input_trig          0x4               engine/input.o
Buzzy               0x24              main.o
pressStartL         0xf0              main.o
mainPlayer          0x24              main.o
BuzzyL              0x50              main.o
Bee                 0x24              main.o
SCREEN_WIDTH        0x4               engine/graphics.o
input_binds         0x1c              engine/input.o
jamL                0x50              main.o
GPUOutputPacket     0x258             engine/graphics.o
l_c_attr            0x28              engine/audio.o
jam                 0x24              main.o
SCREEN_HEIGHT       0x4               engine/graphics.o
currentBuffer       0x2               engine/graphics.o
input_held          0x4               engine/input.o
systemBackgroundColor
                    0xc               engine/graphics.o
input_suppress_trig
                    0x1               engine/input.o
mainTimer           0x10              main.o
orderingTable       0x28              engine/graphics.o
pressStart          0x24              main.o
minorOrderingTable  0x10              engine/graphics.o

Discarded input sections

 .text          0x0000000000000000        0x0 main.o
 .reginfo       0x0000000000000000       0x18 main.o
 .MIPS.abiflags
                0x0000000000000000       0x18 main.o
 .pdr           0x0000000000000000       0xe0 main.o
 .text          0x0000000000000000        0x0 engine/graphics.o
 .data          0x0000000000000000        0x0 engine/graphics.o
 .bss           0x0000000000000000        0x0 engine/graphics.o
 .reginfo       0x0000000000000000       0x18 engine/graphics.o
 .MIPS.abiflags
                0x0000000000000000       0x18 engine/graphics.o
 .pdr           0x0000000000000000      0x2c0 engine/graphics.o
 .text.scaleImage
                0x0000000000000000       0x74 engine/graphics.o
 .text.rotImage
                0x0000000000000000       0x40 engine/graphics.o
 .text.createLine
                0x0000000000000000       0x8c engine/graphics.o
 .text.createBox
                0x0000000000000000      0x12c engine/graphics.o
 .text.moveLine
                0x0000000000000000       0x50 engine/graphics.o
 .text.moveBox  0x0000000000000000      0x1a8 engine/graphics.o
 .text.transposeBox
                0x0000000000000000       0x34 engine/graphics.o
 .text.drawLine
                0x0000000000000000       0x30 engine/graphics.o
 .text.drawBox  0x0000000000000000       0x48 engine/graphics.o
 .text.initializeDebugFont
                0x0000000000000000       0x44 engine/graphics.o
 .text          0x0000000000000000        0x0 engine/input.o
 .data          0x0000000000000000        0x0 engine/input.o
 .reginfo       0x0000000000000000       0x18 engine/input.o
 .MIPS.abiflags
                0x0000000000000000       0x18 engine/input.o
 .pdr           0x0000000000000000       0x40 engine/input.o
 .text          0x0000000000000000        0x0 engine/timerz.o
 .data          0x0000000000000000        0x0 engine/timerz.o
 .bss           0x0000000000000000        0x0 engine/timerz.o
 .reginfo       0x0000000000000000       0x18 engine/timerz.o
 .MIPS.abiflags
                0x0000000000000000       0x18 engine/timerz.o
 .pdr           0x0000000000000000       0x40 engine/timerz.o
 .text          0x0000000000000000        0x0 engine/audio.o
 .data          0x0000000000000000        0x0 engine/audio.o
 .reginfo       0x0000000000000000       0x18 engine/audio.o
 .MIPS.abiflags
                0x0000000000000000       0x18 engine/audio.o
 .pdr           0x0000000000000000       0xc0 engine/audio.o
 .text.audioChannelConfigure
                0x0000000000000000        0x8 engine/audio.o
 .text.audioFree
                0x0000000000000000        0x8 engine/audio.o
 .text          0x0000000000000000        0x0 ../third_party/common/syscalls/printf.o
 .data          0x0000000000000000        0x0 ../third_party/common/syscalls/printf.o
 .bss           0x0000000000000000        0x0 ../third_party/common/syscalls/printf.o
 .reginfo       0x0000000000000000       0x18 ../third_party/common/syscalls/printf.o
 .MIPS.abiflags
                0x0000000000000000       0x18 ../third_party/common/syscalls/printf.o
 .pdr           0x0000000000000000        0x0 ../third_party/common/syscalls/printf.o
 .ramtext       0x0000000000000000        0xc ../third_party/common/syscalls/printf.o
 .debug_line    0x0000000000000000       0x59 ../third_party/common/syscalls/printf.o
 .debug_info    0x0000000000000000       0x26 ../third_party/common/syscalls/printf.o
 .debug_abbrev  0x0000000000000000       0x14 ../third_party/common/syscalls/printf.o
 .debug_aranges
                0x0000000000000000       0x20 ../third_party/common/syscalls/printf.o
 .debug_str     0x0000000000000000       0x48 ../third_party/common/syscalls/printf.o
 .gnu.attributes
                0x0000000000000000       0x10 ../third_party/common/syscalls/printf.o
 .text          0x0000000000000000        0x0 ../third_party/common/crt0/crt0.o
 .data          0x0000000000000000        0x0 ../third_party/common/crt0/crt0.o
 .bss           0x0000000000000000        0x0 ../third_party/common/crt0/crt0.o
 .reginfo       0x0000000000000000       0x18 ../third_party/common/crt0/crt0.o
 .MIPS.abiflags
                0x0000000000000000       0x18 ../third_party/common/crt0/crt0.o
 .text          0x0000000000000000       0x20 ../third_party/psyq/lib/libgpu.a(p27.o)
 .data          0x0000000000000000       0x10 ../third_party/psyq/lib/libgs.a(global.o)
 .data          0x0000000000000000       0x10 ../third_party/psyq/lib/libgs.a(gs_001.o)
 .text          0x0000000000000000       0x80 ../third_party/psyq/lib/libgs.a(gs_104.o)
 .text          0x0000000000000000      0x570 ../third_party/psyq/lib/libgs.a(gs_107.o)
 .text          0x0000000000000000       0x90 ../third_party/psyq/lib/libgte.a(msc01.o)
 .text          0x0000000000000000       0x30 ../third_party/psyq/lib/libgte.a(mtx_11.o)
 .data          0x0000000000000000      0x180 ../third_party/psyq/lib/libgte.a(sqrtbl.o)
 .text          0x0000000000000000       0x80 ../third_party/psyq/lib/libspu.a(s_m_f.o)

Memory Configuration

Name             Origin             Length             Attributes
loader           0x000000008000f800 0x0000000000000800
ram              0x0000000080010000 0x00000000001f0000 xrw
dcache           0x000000001f800000 0x0000000000000400
*default*        0x0000000000000000 0xffffffffffffffff

Linker script and memory map

LOAD main.o
LOAD engine/graphics.o
LOAD engine/input.o
LOAD engine/timerz.o
LOAD engine/audio.o
LOAD ../third_party/common/syscalls/printf.o
LOAD ../third_party/common/crt0/crt0.o
START GROUP
LOAD ../third_party/psyq/lib/libapi.a
LOAD ../third_party/psyq/lib/libc.a
LOAD ../third_party/psyq/lib/libc2.a
LOAD ../third_party/psyq/lib/libcard.a
LOAD ../third_party/psyq/lib/libcomb.a
LOAD ../third_party/psyq/lib/libds.a
LOAD ../third_party/psyq/lib/libetc.a
LOAD ../third_party/psyq/lib/libgpu.a
LOAD ../third_party/psyq/lib/libgs.a
LOAD ../third_party/psyq/lib/libgte.a
LOAD ../third_party/psyq/lib/libgpu.a
LOAD ../third_party/psyq/lib/libgun.a
LOAD ../third_party/psyq/lib/libhmd.a
LOAD ../third_party/psyq/lib/libmath.a
LOAD ../third_party/psyq/lib/libmcrd.a
LOAD ../third_party/psyq/lib/libmcx.a
LOAD ../third_party/psyq/lib/libpad.a
LOAD ../third_party/psyq/lib/libpress.a
LOAD ../third_party/psyq/lib/libsio.a
LOAD ../third_party/psyq/lib/libsnd.a
LOAD ../third_party/psyq/lib/libspu.a
LOAD ../third_party/psyq/lib/libtap.a
END GROUP
                0x0000000080041688                __heap_base = __bss_end
                0x0000000080010000                TLOAD_ADDR = DEFINED (TLOAD_ADDR)?TLOAD_ADDR:0x80010000
                0x0000000080200000                __ram_top = (ORIGIN (ram) + LENGTH (ram))
                0x00000000801fff00                __sp = (__ram_top - 0x100)
                0x000000001f800000                __dcache = ORIGIN (dcache)
                0x000000001f800400                __dcache_top = (ORIGIN (dcache) + LENGTH (dcache))
                0x0000000000006688                __bss_len = (__bss_end - __bss_start)
                0x00000000000097e0                __ftext_len = (__ftext_end - __ftext_start)
                0x0000000000021820                __fdata_len = (__fdata_end - __fdata_start)
                0x0000000080200000                __stack_start = (ORIGIN (ram) + LENGTH (ram))

.PSX_EXE_Header
                0x000000008000f800      0x800
                0x000000008000f800        0x1 BYTE 0x50
                0x000000008000f801        0x1 BYTE 0x53
                0x000000008000f802        0x1 BYTE 0x2d
                0x000000008000f803        0x1 BYTE 0x58
                0x000000008000f804        0x1 BYTE 0x20
                0x000000008000f805        0x1 BYTE 0x45
                0x000000008000f806        0x1 BYTE 0x58
                0x000000008000f807        0x1 BYTE 0x45
                0x000000008000f808        0x4 LONG 0x0
                0x000000008000f80c        0x4 LONG 0x0
                0x000000008000f810        0x4 LONG 0x80010000 ABSOLUTE (_start)
                0x000000008000f814        0x4 LONG 0x0
                0x000000008000f818        0x4 LONG 0x80010000 TLOAD_ADDR
                0x000000008000f81c        0x4 LONG 0x2b000 (__ftext_len + __fdata_len)
                0x000000008000f820        0x4 LONG 0x0
                0x000000008000f824        0x4 LONG 0x0
                0x000000008000f828        0x4 LONG 0x0
                0x000000008000f82c        0x4 LONG 0x0
                0x000000008000f830        0x4 LONG 0x801fff00 DEFINED (_sp)?ABSOLUTE (_sp):0x801fff00
                0x000000008000f834        0x4 LONG 0x0
                0x0000000080010000                . = (. + 0x7c8)
 *fill*         0x000000008000f838      0x7c8 
                0x0000000080010000                __ftext_start = ABSOLUTE (.)

.text           0x0000000080010000     0x97e0
 *(.start)
 .start         0x0000000080010000       0x64 ../third_party/common/crt0/crt0.o
                0x0000000080010000                _start
 *(.init)
 *(SORT_NONE(.fini))
 *(.text.unlikely .text.*_unlikely .text.unlikely.*)
 *(.text.exit .text.exit.*)
 *(.text.startup .text.startup.*)
 .text.startup.main
                0x0000000080010064       0xf8 main.o
                0x0000000080010064                main
 *(.text.hot .text.hot.*)
 *(.text .stub .text.* .gnu.linkonce.t.*)
 .text.animate  0x000000008001015c      0x130 main.o
                0x000000008001015c                animate
 .text.updateAnimation
                0x000000008001028c       0xe4 main.o
                0x000000008001028c                updateAnimation
 .text.gameScreen
                0x0000000080010370       0x28 main.o
                0x0000000080010370                gameScreen
 .text.initPlayer
                0x0000000080010398      0x114 main.o
                0x0000000080010398                initPlayer
 .text.initIntro
                0x00000000800104ac      0x190 main.o
                0x00000000800104ac                initIntro
 .text.initialize
                0x000000008001063c       0x7c main.o
                0x000000008001063c                initialize
 .text.setScreenMode.part.0
                0x00000000800106b8       0x64 engine/graphics.o
 .text.createImage
                0x000000008001071c      0x180 engine/graphics.o
                0x000000008001071c                createImage
 .text.moveImage
                0x000000008001089c       0x44 engine/graphics.o
                0x000000008001089c                moveImage
 .text.drawImage
                0x00000000800108e0       0x60 engine/graphics.o
                0x00000000800108e0                drawImage
 .text.createColor
                0x0000000080010940       0x14 engine/graphics.o
                0x0000000080010940                createColor
 .text.setScreenMode
                0x0000000080010954       0x70 engine/graphics.o
                0x0000000080010954                setScreenMode
 .text.setBackgroundColor
                0x00000000800109c4       0x24 engine/graphics.o
                0x00000000800109c4                setBackgroundColor
 .text.initializeOrderingTable
                0x00000000800109e8       0x90 engine/graphics.o
                0x00000000800109e8                initializeOrderingTable
 .text.flushDisplay
                0x0000000080010a78       0x90 engine/graphics.o
                0x0000000080010a78                flushDisplay
 .text.clearDisplay
                0x0000000080010b08       0x74 engine/graphics.o
                0x0000000080010b08                clearDisplay
 .text.clearVRAM
                0x0000000080010b7c       0x44 engine/graphics.o
                0x0000000080010b7c                clearVRAM
 .text.initializeScreen
                0x0000000080010bc0       0xac engine/graphics.o
                0x0000000080010bc0                initializeScreen
 .text.in_init  0x0000000080010c6c       0x68 engine/input.o
                0x0000000080010c6c                in_init
 .text.in_update
                0x0000000080010cd4       0x50 engine/input.o
                0x0000000080010cd4                in_update
 .text.createTimer
                0x0000000080010d24       0x44 engine/timerz.o
                0x0000000080010d24                createTimer
 .text.incTimer
                0x0000000080010d68       0x5c engine/timerz.o
                0x0000000080010d68                incTimer
 .text.audioInit
                0x0000000080010dc4       0x60 engine/audio.o
                0x0000000080010dc4                audioInit
 .text.audioTransferVagToSPU
                0x0000000080010e24       0xc0 engine/audio.o
                0x0000000080010e24                audioTransferVagToSPU
 .text.setVoiceVolumePitch
                0x0000000080010ee4       0x68 engine/audio.o
                0x0000000080010ee4                setVoiceVolumePitch
 .text.audioPlay
                0x0000000080010f4c       0x40 engine/audio.o
                0x0000000080010f4c                audioPlay
 *fill*         0x0000000080010f8c        0x4 
 .text          0x0000000080010f90       0x10 ../third_party/psyq/lib/libapi.a(a91.o)
                0x0000000080010f90                ChangeClearPAD
 .text          0x0000000080010fa0      0x290 ../third_party/psyq/lib/libapi.a(pad.o)
                0x0000000080010fa0                SetInitPadFlag
                0x0000000080010fac                ReadInitPadFlag
                0x0000000080010fbc                PAD_init
                0x000000008001104c                InitPAD
                0x00000000800110dc                StartPAD
 .text          0x0000000080011230       0xa0 ../third_party/psyq/lib/libapi.a(patch.o)
                0x0000000080011230                EnablePAD
                0x0000000080011244                DisablePAD
                0x0000000080011258                _patch_pad
 .text          0x00000000800112d0       0x10 ../third_party/psyq/lib/libapi.a(a18.o)
                0x00000000800112d0                InitPAD2
 .text          0x00000000800112e0       0x10 ../third_party/psyq/lib/libapi.a(a19.o)
                0x00000000800112e0                StartPAD2
 .text          0x00000000800112f0       0x10 ../third_party/psyq/lib/libapi.a(a21.o)
                0x00000000800112f0                PAD_init2
 .text          0x0000000080011300       0x10 ../third_party/psyq/lib/libapi.a(a36.o)
                0x0000000080011300                EnterCriticalSection
 .text          0x0000000080011310       0x10 ../third_party/psyq/lib/libapi.a(a37.o)
                0x0000000080011310                ExitCriticalSection
 .text          0x0000000080011320       0x10 ../third_party/psyq/lib/libapi.a(c68.o)
                0x0000000080011320                FlushCache
 .text          0x0000000080011330       0x70 ../third_party/psyq/lib/libapi.a(chclrpad.o)
                0x0000000080011330                _remove_ChgclrPAD
 .text          0x00000000800113a0       0x10 ../third_party/psyq/lib/libapi.a(l02.o)
                0x00000000800113a0                SysEnqIntRP
 .text          0x00000000800113b0       0x10 ../third_party/psyq/lib/libapi.a(l03.o)
                0x00000000800113b0                SysDeqIntRP
 .text          0x00000000800113c0       0x10 ../third_party/psyq/lib/libc.a(c42.o)
                0x00000000800113c0                memcpy
 .text          0x00000000800113d0       0x10 ../third_party/psyq/lib/libc.a(c63.o)
                0x00000000800113d0                printf
 .text          0x00000000800113e0       0x30 ../third_party/psyq/lib/libetc.a(vmode.o)
                0x00000000800113e0                SetVideoMode
                0x00000000800113f4                GetVideoMode
 .text          0x0000000080011410      0x210 ../third_party/psyq/lib/libetc.a(vsync.o)
                0x0000000080011410                VSync
 .text          0x0000000080011620      0x120 ../third_party/psyq/lib/libetc.a(intr_vb.o)
                0x0000000080011620                startIntrVSync
 .text          0x0000000080011740      0x6c0 ../third_party/psyq/lib/libetc.a(intr.o)
                0x0000000080011740                ResetCallback
                0x0000000080011770                InterruptCallback
                0x00000000800117a0                DMACallback
                0x00000000800117d0                VSyncCallback
                0x0000000080011804                VSyncCallbacks
                0x0000000080011834                StopCallback
                0x0000000080011864                RestartCallback
                0x0000000080011894                CheckCallback
                0x00000000800118a4                GetIntrMask
                0x00000000800118bc                SetIntrMask
 .text          0x0000000080011e00      0x2a0 ../third_party/psyq/lib/libetc.a(intr_dma.o)
                0x0000000080011e00                startIntrDMA
 .text          0x00000000800120a0      0xa80 ../third_party/psyq/lib/libgpu.a(font.o)
                0x00000000800120a0                SetDumpFnt
                0x00000000800120e0                FntLoad
                0x0000000080012180                FntOpen
                0x000000008001243c                FntFlush
                0x0000000080012758                FntPrint
 .text          0x0000000080012b20       0x40 ../third_party/psyq/lib/libgpu.a(p00.o)
                0x0000000080012b20                GetTPage
 .text          0x0000000080012b60       0x40 ../third_party/psyq/lib/libgpu.a(p06.o)
                0x0000000080012b60                AddPrim
 .text          0x0000000080012ba0       0x20 ../third_party/psyq/lib/libgpu.a(p09.o)
                0x0000000080012ba0                TermPrim
 .text          0x0000000080012bc0       0x30 ../third_party/psyq/lib/libgpu.a(p10.o)
                0x0000000080012bc0                SetSemiTrans
 .text          0x0000000080012bf0       0x20 ../third_party/psyq/lib/libgpu.a(p20.o)
                0x0000000080012bf0                SetSprt8
 .text          0x0000000080012c10       0x20 ../third_party/psyq/lib/libgpu.a(p26.o)
                0x0000000080012c10                SetTile
 .text          0x0000000080012c30       0xa0 ../third_party/psyq/lib/libgpu.a(p41.o)
                0x0000000080012c30                SetDrawMode
 .text          0x0000000080012cd0     0x2f00 ../third_party/psyq/lib/libgpu.a(sys.o)
                0x0000000080012cd0                ResetGraph
                0x0000000080012e44                SetGraphDebug
                0x0000000080012ea0                SetGraphQueue
                0x0000000080012f44                GetGraphDebug
                0x0000000080012f54                DrawSyncCallback
                0x0000000080012fb4                SetDispMask
                0x000000008001304c                DrawSync
                0x00000000800131d0                ClearImage
                0x0000000080013260                ClearImage2
                0x00000000800132f8                LoadImage
                0x0000000080013358                StoreImage
                0x00000000800133b8                MoveImage
                0x0000000080013470                ClearOTag
                0x0000000080013538                ClearOTagR
                0x00000000800135e4                DrawPrim
                0x0000000080013640                DrawOTag
                0x00000000800136b0                PutDrawEnv
                0x0000000080013770                DrawOTagEnv
                0x0000000080013848                GetDrawEnv
                0x000000008001387c                PutDispEnv
                0x0000000080013d74                GetDispEnv
                0x0000000080013da8                GetODE
                0x0000000080013dd8                SetDrawArea
                0x0000000080013e58                SetDrawOffset
                0x0000000080013e98                SetDrawEnv
                0x0000000080015768                LoadImage2
                0x0000000080015854                StoreImage2
                0x0000000080015940                MoveImage2
                0x0000000080015a84                DrawOTag2
                0x0000000080015b80                _GPU_ResetCallback
 .text          0x0000000080015bd0       0xf0 ../third_party/psyq/lib/libgpu.a(e00.o)
                0x0000000080015bd0                LoadTPage
 .text          0x0000000080015cc0       0x70 ../third_party/psyq/lib/libgpu.a(e02.o)
                0x0000000080015cc0                LoadClut2
 .text          0x0000000080015d30       0x20 ../third_party/psyq/lib/libgpu.a(p01.o)
                0x0000000080015d30                GetClut
 .text          0x0000000080015d50      0x500 ../third_party/psyq/lib/libgs.a(2d_sp0.o)
                0x0000000080015d50                GsSortSprite
 .text          0x0000000080016250      0x550 ../third_party/psyq/lib/libgs.a(gs_001.o)
                0x0000000080016250                GsInitGraph
                0x00000000800163e0                GsInitGraph2
                0x0000000080016668                GsSortClear
 .text          0x00000000800167a0       0x10 ../third_party/psyq/lib/libgs.a(gs_0021.o)
                0x00000000800167a0                GsGetActiveBuff
 .text          0x00000000800167b0      0x110 ../third_party/psyq/lib/libgs.a(gs_0022.o)
                0x00000000800167b0                GsSetDrawBuffOffset
 .text          0x00000000800168c0       0x80 ../third_party/psyq/lib/libgs.a(gs_003.o)
                0x00000000800168c0                GsSetDrawBuffClip
 .text          0x0000000080016940       0xb0 ../third_party/psyq/lib/libgs.a(gs_010.o)
                0x0000000080016940                GsSwapDispBuff
 .text          0x00000000800169f0       0xa0 ../third_party/psyq/lib/libgs.a(gs_103.o)
                0x00000000800169f0                GsDefDispBuff
 .text          0x0000000080016a90       0x30 ../third_party/psyq/lib/libgs.a(gs_111.o)
                0x0000000080016a90                GsDrawOt
 .text          0x0000000080016ac0       0x60 ../third_party/psyq/lib/libgs.a(gs_113.o)
                0x0000000080016ac0                GsClearOt
 .text          0x0000000080016b20       0x50 ../third_party/psyq/lib/libgs.a(gs_121.o)
                0x0000000080016b20                gte_init
 .text          0x0000000080016b70       0xf0 ../third_party/psyq/lib/libgs.a(gs_122.o)
                0x0000000080016b70                GsGetTimInfo
 .text          0x0000000080016c60       0x10 ../third_party/psyq/lib/libgs.a(gs_124.o)
                0x0000000080016c60                GsSetWorkBase
 .text          0x0000000080016c70       0xa0 ../third_party/psyq/lib/libgs.a(2d_com1.o)
                0x0000000080016c70                _make_packet
 .text          0x0000000080016d10       0x80 ../third_party/psyq/lib/libgte.a(cmb_00.o)
                0x0000000080016d10                RotTransPers4
 .text          0x0000000080016d90      0x290 ../third_party/psyq/lib/libgte.a(fgo_01.o)
                0x0000000080016d90                RotMatrix
 .text          0x0000000080017020       0x90 ../third_party/psyq/lib/libgte.a(msc00.o)
                0x0000000080017028                InitGeom
 .text          0x00000000800170b0       0x30 ../third_party/psyq/lib/libgte.a(mtx_07.o)
                0x00000000800170b0                TransMatrix
 .text          0x00000000800170e0      0x140 ../third_party/psyq/lib/libgte.a(mtx_08.o)
                0x00000000800170e0                ScaleMatrix
 .text          0x0000000080017220       0x30 ../third_party/psyq/lib/libgte.a(mtx_09.o)
                0x0000000080017220                SetRotMatrix
 .text          0x0000000080017250       0x20 ../third_party/psyq/lib/libgte.a(mtx_12.o)
                0x0000000080017250                SetTransMatrix
 .text          0x0000000080017270       0xe0 ../third_party/psyq/lib/libgte.a(patchgte.o)
                0x0000000080017270                _patch_gte
 .text          0x0000000080017350       0x10 ../third_party/psyq/lib/libgte.a(reg09.o)
                0x0000000080017350                ReadGeomScreen
 .text          0x0000000080017360       0x20 ../third_party/psyq/lib/libgte.a(reg11.o)
                0x0000000080017360                SetFarColor
 .text          0x0000000080017380       0x20 ../third_party/psyq/lib/libgte.a(reg12.o)
                0x0000000080017380                SetGeomOffset
 .text          0x00000000800173a0       0x20 ../third_party/psyq/lib/libspu.a(s_i.o)
                0x00000000800173a0                SpuInit
 .text          0x00000000800173c0      0x160 ../third_party/psyq/lib/libspu.a(s_ini.o)
                0x00000000800173c0                _SpuInit
                0x00000000800174a8                SpuStart
 .text          0x0000000080017520       0xb0 ../third_party/psyq/lib/libspu.a(s_itc.o)
                0x0000000080017520                SpuIsTransferCompleted
 .text          0x00000000800175d0       0x60 ../third_party/psyq/lib/libspu.a(s_m_init.o)
                0x00000000800175d0                SpuInitMalloc
 .text          0x0000000080017630      0x300 ../third_party/psyq/lib/libspu.a(s_m_int.o)
                0x0000000080017630                _spu_gcSPU
 .text          0x0000000080017930      0x2d0 ../third_party/psyq/lib/libspu.a(s_m_m.o)
                0x0000000080017930                SpuMalloc
 .text          0x0000000080017c00      0x380 ../third_party/psyq/lib/libspu.a(s_sca.o)
                0x0000000080017c00                SpuSetCommonAttr
 .text          0x0000000080017f80      0x140 ../third_party/psyq/lib/libspu.a(s_si.o)
                0x0000000080017f80                SpuSetIRQ
 .text          0x00000000800180c0      0x1c0 ../third_party/psyq/lib/libspu.a(s_sk.o)
                0x00000000800180c0                SpuSetKey
 .text          0x0000000080018280       0x30 ../third_party/psyq/lib/libspu.a(s_stm.o)
                0x0000000080018280                SpuSetTransferMode
 .text          0x00000000800182b0       0x60 ../third_party/psyq/lib/libspu.a(s_stsa.o)
                0x00000000800182b0                SpuSetTransferStartAddr
 .text          0x0000000080018310      0x600 ../third_party/psyq/lib/libspu.a(s_sva.o)
                0x0000000080018310                SpuSetVoiceAttr
 .text          0x0000000080018910       0x60 ../third_party/psyq/lib/libspu.a(s_w.o)
                0x0000000080018910                SpuWrite
 .text          0x0000000080018970      0xb40 ../third_party/psyq/lib/libspu.a(spu.o)
                0x0000000080018970                _spu_init
                0x0000000080018db0                _spu_FiDMA
                0x0000000080018e6c                _spu_Fr_
                0x0000000080018f14                _spu_t
                0x0000000080019194                _spu_Fw
                0x0000000080019218                _spu_Fr
                0x000000008001927c                _spu_FsetRXX
                0x00000000800192c0                _spu_FsetRXXa
                0x0000000080019364                _spu_FgetRXXa
                0x00000000800193a0                _spu_FsetPCR
                0x0000000080019448                _spu_Fw1ts
 .text          0x00000000800194b0       0x30 ../third_party/psyq/lib/libspu.a(s_dcb.o)
                0x00000000800194b0                _SpuDataCallback
 .text          0x00000000800194e0      0x200 ../third_party/psyq/lib/libspu.a(s_n2p.o)
                0x00000000800194e0                _spu_note2pitch
                0x00000000800195b0                _spu_pitch2note
 .text          0x00000000800196e0       0x10 ../third_party/psyq/lib/libapi.a(a07.o)
                0x00000000800196e0                DeliverEvent
 .text          0x00000000800196f0       0x10 ../third_party/psyq/lib/libapi.a(a08.o)
                0x00000000800196f0                OpenEvent
 .text          0x0000000080019700       0x10 ../third_party/psyq/lib/libapi.a(a11.o)
                0x0000000080019700                TestEvent
 .text          0x0000000080019710       0x10 ../third_party/psyq/lib/libapi.a(a12.o)
                0x0000000080019710                EnableEvent
 .text          0x0000000080019720       0x10 ../third_party/psyq/lib/libapi.a(a23.o)
                0x0000000080019720                ReturnFromException
 .text          0x0000000080019730       0x10 ../third_party/psyq/lib/libapi.a(a24.o)
                0x0000000080019730                ResetEntryInt
 .text          0x0000000080019740       0x10 ../third_party/psyq/lib/libapi.a(a25.o)
                0x0000000080019740                HookEntryInt
 .text          0x0000000080019750       0x20 ../third_party/psyq/lib/libapi.a(c114.o)
                0x0000000080019758                _96_remove
 .text          0x0000000080019770       0x10 ../third_party/psyq/lib/libapi.a(c73.o)
                0x0000000080019770                GPU_cw
 .text          0x0000000080019780       0x10 ../third_party/psyq/lib/libapi.a(l10.o)
                0x0000000080019780                ChangeClearRCnt
 .text          0x0000000080019790       0x20 ../third_party/psyq/lib/libc.a(a63.o)
                0x0000000080019798                puts
 .text          0x00000000800197b0       0x10 ../third_party/psyq/lib/libc.a(c19.o)
                0x00000000800197b0                setjmp
 .text          0x00000000800197c0       0x10 ../third_party/psyq/lib/libc.a(c27.o)
                0x00000000800197c0                strlen
 .text          0x00000000800197d0       0x10 ../third_party/psyq/lib/libc.a(c43.o)
                0x00000000800197d0                memset
                0x00000000800197e0                . = ALIGN (0x10)
 *(.init)
                0x00000000800197e0                . = ALIGN (0x10)
 *(.fini)
                0x00000000800197e0                . = ALIGN (0x10)
                0x00000000800197e0                __text_end = .
                0x00000000800197e0                __ftext_end = ABSOLUTE (.)
                0x00000000800197e0                __fdata_start = ABSOLUTE (.)

.rodata         0x00000000800197e0      0x644
 *(.rodata .rodata.* .rdata .rdata.* .gnu.linkonce.r.*)
 .rodata.str1.4
                0x00000000800197e0       0x26 main.o
                                         0x28 (size before relaxing)
 *fill*         0x0000000080019806        0x2 
 .rodata.str1.4
                0x0000000080019808      0x11c engine/graphics.o
 *fill*         0x0000000080019924        0xc 
 .rodata        0x0000000080019930       0x20 engine/input.o
                0x0000000080019930                input_binds_default
 .rodata        0x0000000080019950       0x10 ../third_party/common/crt0/crt0.o
 .rdata         0x0000000080019960       0x10 ../third_party/psyq/lib/libetc.a(vsync.o)
 .rdata         0x0000000080019970       0x70 ../third_party/psyq/lib/libetc.a(intr.o)
 .rdata         0x00000000800199e0       0x30 ../third_party/psyq/lib/libetc.a(intr_dma.o)
 .rdata         0x0000000080019a10       0xa0 ../third_party/psyq/lib/libgpu.a(font.o)
 .rdata         0x0000000080019ab0      0x220 ../third_party/psyq/lib/libgpu.a(sys.o)
 .rdata         0x0000000080019cd0       0x30 ../third_party/psyq/lib/libgs.a(2d_com1.o)
 .rdata         0x0000000080019d00       0x40 ../third_party/psyq/lib/libspu.a(s_sca.o)
 .rdata         0x0000000080019d40       0x30 ../third_party/psyq/lib/libspu.a(s_si.o)
 .rdata         0x0000000080019d70       0x40 ../third_party/psyq/lib/libspu.a(s_sva.o)
 .rdata         0x0000000080019db0       0x50 ../third_party/psyq/lib/libspu.a(spu.o)
                0x0000000080019e00                . = ALIGN (0x10)
                0x0000000080019e00                __preinit_array_start = .
 *(.preinit_array)
                0x0000000080019e00                __preinit_array_end = .
                0x0000000080019e00                . = ALIGN (0x10)
                0x0000000080019e00                __init_array_start = .
 *(SORT_BY_NAME(.init_array.*))
 *(.init_array)
                0x0000000080019e00                . = ALIGN (0x10)
 *crtbegin.o(.ctors)
 *(EXCLUDE_FILE(*crtend.o) .ctors)
 *(SORT_BY_NAME(.ctors.*))
 *crtend.o(.ctors)
                0x0000000080019e00                __init_array_end = .
                0x0000000080019e00                . = ALIGN (0x10)
                0x0000000080019e00                __fini_array_start = .
 *(.fini_array)
 *(SORT_BY_NAME(.fini_array.*))
 *crtbegin.o(.dtors)
 *(EXCLUDE_FILE(*crtend.o) .dtors)
 *(SORT_BY_NAME(.dtors.*))
 *crtend.o(.dtors)
                0x0000000080019e00                __fini_array_end = .
                0x0000000080019e00                __build_id = .
 *(.note.gnu.build-id)
 .note.gnu.build-id
                0x0000000080019e00       0x24 main.o
                0x0000000080019e24                __build_id_end = .

.rel.dyn        0x0000000080019e24        0x0
 .rel.dyn       0x0000000080019e24        0x0 ../third_party/psyq/lib/libgpu.a(sys.o)

.rodata1
 *(.rodata1)
                0x0000000080019e24                __data_start = .

.data           0x0000000080019e30    0x211d0
 *(.a0table)
 *(.data .data.* .gnu.linkonce.d.*)
 .data          0x0000000080019e30    0x1abd0 main.o
                0x0000000080019e30                buzz1
                0x000000008001b540                buzz1_size
                0x000000008001b544                img_Press_start3
                0x000000008001dd20                img_Press_start2
                0x00000000800204fc                img_Press_start1
                0x0000000080022cd8                img_jam_3
                0x0000000080025510                img_jam_2
                0x0000000080027d48                img_jam_1
                0x000000008002a580                img_Buzzy
                0x000000008002ff20                img_bee_2
                0x00000000800302cc                img_bee_1
                0x0000000080030678                img_bee_0
                0x0000000080030a24                img_Bee
 .data          0x0000000080034a00       0x10 ../third_party/psyq/lib/libapi.a(pad.o)
 .data          0x0000000080034a10       0x10 ../third_party/psyq/lib/libetc.a(vmode.o)
 .data          0x0000000080034a20       0x20 ../third_party/psyq/lib/libetc.a(vsync.o)
                0x0000000080034a30                Hcount
 .data          0x0000000080034a40       0x30 ../third_party/psyq/lib/libetc.a(intr_vb.o)
                0x0000000080034a60                Vcount
 .data          0x0000000080034a70     0x1100 ../third_party/psyq/lib/libetc.a(intr.o)
 .data          0x0000000080035b70       0x30 ../third_party/psyq/lib/libetc.a(intr_dma.o)
 .data          0x0000000080035ba0      0xb90 ../third_party/psyq/lib/libgpu.a(font.o)
                0x0000000080035ba0                Font
 .data          0x0000000080036730      0x1a0 ../third_party/psyq/lib/libgpu.a(sys.o)
                0x000000008003677c                GPU_printf
                0x0000000080036780                GEnv
                0x00000000800368a8                _qin
                0x00000000800368ac                _qout
 .data          0x00000000800368d0       0x10 ../third_party/psyq/lib/libgte.a(msc00.o)
 .data          0x00000000800368e0     0x4000 ../third_party/psyq/lib/libgte.a(cstbl.o)
                0x00000000800368e0                rcossin_tbl
 .data          0x000000008003a8e0       0x80 ../third_party/psyq/lib/libspu.a(s_ini.o)
                0x000000008003a8e8                _spu_EVdma
                0x000000008003a8ec                _spu_keystat
                0x000000008003a8f0                _spu_trans_mode
                0x000000008003a8f4                _spu_rev_flag
                0x000000008003a8f8                _spu_rev_reserve_wa
                0x000000008003a8fc                _spu_rev_offsetaddr
                0x000000008003a900                _spu_rev_attr
                0x000000008003a914                _spu_RQvoice
                0x000000008003a918                _spu_RQmask
                0x000000008003a91c                _spu_voice_centerNote
                0x000000008003a94c                _spu_env
                0x000000008003a950                _spu_isCalled
 .data          0x000000008003a960       0x10 ../third_party/psyq/lib/libspu.a(s_m.o)
                0x000000008003a960                _spu_AllocBlockNum
                0x000000008003a964                _spu_AllocLastNum
                0x000000008003a968                _spu_memList
 .data          0x000000008003a970       0x30 ../third_party/psyq/lib/libspu.a(s_rmp0.o)
                0x000000008003a970                _spu_rev_startaddr
 .data          0x000000008003a9a0       0x60 ../third_party/psyq/lib/libspu.a(spu.o)
                0x000000008003a9a0                _spu_RXX
                0x000000008003a9b8                _spu_tsa
                0x000000008003a9bc                _spu_transMode
                0x000000008003a9c0                _spu_addrMode
                0x000000008003a9c4                _spu_mem_mode
                0x000000008003a9c8                _spu_mem_mode_plus
                0x000000008003a9cc                _spu_mem_mode_unit
                0x000000008003a9d0                _spu_mem_mode_unitM
                0x000000008003a9d4                _spu_inTransfer
                0x000000008003a9d8                _spu_transferCallback
                0x000000008003a9dc                _spu_IRQCallback
 .data          0x000000008003aa00      0x120 ../third_party/psyq/lib/libspu.a(s_n2p.o)
 *(.data1)
 *(.sdata .sdata.* .gnu.linkonce.s.*)
 *(.sdata2 .sdata2.* .gnu.linkonce.s2.*)
 *(.got.plt)
 *(.got)
                0x000000008003b000                . = ALIGN (0x800)
 *fill*         0x000000008003ab20      0x4e0 
                0x000000008003b000                __data_end = .
                0x000000008003b000                __fdata_end = .
                0x000000008003b000                __bss_start = .

.sbss           0x000000008003b000     0x6688
 *(.dynsbss)
 *(.sbss .sbss.* .gnu.linkonce.sb.*)
 *(.scommon)
 .scommon       0x000000008003b000        0xa engine/graphics.o
                0x000000008003b000                SCREEN_WIDTH
                0x000000008003b004                SCREEN_HEIGHT
                0x000000008003b008                currentBuffer
 *fill*         0x000000008003b00a        0x2 
 .scommon       0x000000008003b00c        0xd engine/input.o
                0x000000008003b00c                input_pad
                0x000000008003b010                input_trig
                0x000000008003b014                input_held
                0x000000008003b018                input_suppress_trig
 *fill*         0x000000008003b019        0x3 
 .scommon       0x000000008003b01c        0x4 engine/audio.o
                0x000000008003b01c                l_vag1_spu_addr
 *(.dynbss)
 *(.bss .bss.* .gnu.linkonce.b.*)
 .bss           0x000000008003b020       0x10 main.o
                0x000000008003b020                gameState
 .bss           0x000000008003b030       0x50 engine/input.o
 .bss           0x000000008003b080       0x60 engine/audio.o
 .bss           0x000000008003b0e0       0x10 ../third_party/psyq/lib/libapi.a(pad.o)
                0x000000008003b0e0                _apiPadPatch
 .bss           0x000000008003b0f0       0x10 ../third_party/psyq/lib/libapi.a(patch.o)
 .bss           0x000000008003b100       0x10 ../third_party/psyq/lib/libapi.a(chclrpad.o)
 .bss           0x000000008003b110     0x4410 ../third_party/psyq/lib/libgpu.a(font.o)
 .bss           0x000000008003f520     0x1850 ../third_party/psyq/lib/libgpu.a(sys.o)
                0x000000008003f570                _que
 .bss           0x0000000080040d70       0x54 ../third_party/psyq/lib/libgs.a(global.o)
                0x0000000080040d70                GsOUT_PACKET_P
                0x0000000080040d78                GsMATE_C
                0x0000000080040d80                GsLMODE
                0x0000000080040d88                GsLIGNR
                0x0000000080040d90                GsLIOFF
                0x0000000080040d98                GsZOVER
                0x0000000080040da0                GsBACKC
                0x0000000080040da8                GsNDIV
                0x0000000080040db0                GsTRATE
                0x0000000080040db8                GsTON
                0x0000000080040dc0                GsDISPON
 *fill*         0x0000000080040dc4        0x4 
 .bss           0x0000000080040dc8       0xea ../third_party/psyq/lib/libgs.a(gs_001.o)
                0x0000000080040de8                PSDIDX
                0x0000000080040df0                GsDRAWENV
                0x0000000080040e50                GsDISPENV
                0x0000000080040e68                PSDGPU
                0x0000000080040e70                PSDBASEX
                0x0000000080040e78                PSDBASEY
                0x0000000080040e80                POSITION
                0x0000000080040e88                CLIP2
                0x0000000080040e90                PSDCNT
                0x0000000080040e98                PSDOFSX
                0x0000000080040ea0                PSDOFSY
                0x0000000080040ea8                GsORGOFSX
                0x0000000080040eb0                GsORGOFSY
 *fill*         0x0000000080040eb2        0x6 
 .bss           0x0000000080040eb8       0x24 ../third_party/psyq/lib/libgs.a(gs_104.o)
                0x0000000080040eb8                HWD0
                0x0000000080040ec0                VWD0
                0x0000000080040ec8                GsCLIP3near
                0x0000000080040ed0                GsLIGHT_MODE
                0x0000000080040ed8                GsCLIP3far
 *fill*         0x0000000080040edc        0x4 
 .bss           0x0000000080040ee0       0x40 ../third_party/psyq/lib/libgs.a(gs_107.o)
                0x0000000080040ee0                GsLIGHTWSMATRIX
                0x0000000080040f00                _LC
 .bss           0x0000000080040f20       0x40 ../third_party/psyq/lib/libgs.a(gs_128.o)
                0x0000000080040f20                GsIDMATRIX
                0x0000000080040f40                GsIDMATRIX2
 .bss           0x0000000080040f60       0x10 ../third_party/psyq/lib/libgte.a(patchgte.o)
 .bss           0x0000000080040f70       0x14 ../third_party/psyq/lib/libspu.a(spu.o)
                0x0000000080040f70                _spu_RQ
 *(COMMON)
 COMMON         0x0000000080040f84      0x3e4 main.o
                0x0000000080040f84                mainPlayerL
                0x00000000800410c4                BeeL
                0x0000000080041114                Buzzy
                0x0000000080041138                pressStartL
                0x0000000080041228                mainPlayer
                0x000000008004124c                BuzzyL
                0x000000008004129c                Bee
                0x00000000800412c0                jamL
                0x0000000080041310                jam
                0x0000000080041334                mainTimer
                0x0000000080041344                pressStart
 COMMON         0x0000000080041368      0x29c engine/graphics.o
                0x0000000080041368                GPUOutputPacket
                0x00000000800415c0                systemBackgroundColor
                0x00000000800415cc                orderingTable
                0x00000000800415f4                minorOrderingTable
 COMMON         0x0000000080041604       0x1c engine/input.o
                0x0000000080041604                input_binds
 COMMON         0x0000000080041620       0x68 engine/audio.o
                0x0000000080041620                g_s_attr
                0x0000000080041660                l_c_attr
                0x0000000080041688                . = ALIGN (0x4)
                0x0000000080041688                __bss_end = .
                0x0000000080041688                __heap_start = __heap_base
                0x000000008000f800                . = (ADDR (.text) - 0x800)
                0x000000008000f800                __end = .

/DISCARD/
 *(.MIPS.abiflags)
 *(.rel.iplt)
 *(.rela.iplt)
 *(.rel.plt)
 *(.rela.plt)
 *(.plt)
 *(.iplt)
 *(.note.GNU-stack)
 *(.gnu_debuglink)
 *(.gnu.lto_*)
OUTPUT(BuzzyBee.elf elf32-tradlittlemips)

.mdebug.abi32   0x0000000000000000        0x0
 .mdebug.abi32  0x0000000000000000        0x0 main.o
 .mdebug.abi32  0x0000000000000000        0x0 engine/graphics.o
 .mdebug.abi32  0x0000000000000000        0x0 engine/input.o
 .mdebug.abi32  0x0000000000000000        0x0 engine/timerz.o
 .mdebug.abi32  0x0000000000000000        0x0 engine/audio.o

.comment        0x0000000000000000       0x2a
 .comment       0x0000000000000000       0x2a main.o
                                         0x2b (size before relaxing)
 .comment       0x000000000000002a       0x2b engine/graphics.o
 .comment       0x000000000000002a       0x2b engine/input.o
 .comment       0x000000000000002a       0x2b engine/timerz.o
 .comment       0x000000000000002a       0x2b engine/audio.o

.gnu.attributes
                0x0000000000000000       0x10
 .gnu.attributes
                0x0000000000000000       0x10 main.o
 .gnu.attributes
                0x0000000000000010       0x10 engine/graphics.o
 .gnu.attributes
                0x0000000000000020       0x10 engine/input.o
 .gnu.attributes
                0x0000000000000030       0x10 engine/timerz.o
 .gnu.attributes
                0x0000000000000040       0x10 engine/audio.o
 .gnu.attributes
                0x0000000000000050       0x10 ../third_party/common/crt0/crt0.o

.pdr            0x0000000000000000        0x0
 .pdr           0x0000000000000000        0x0 ../third_party/common/crt0/crt0.o

.note           0x0000000000000000     0x2bf4
 .note          0x0000000000000000       0x74 ../third_party/psyq/lib/libapi.a(a91.o)
 .note          0x0000000000000074       0x74 ../third_party/psyq/lib/libapi.a(pad.o)
 .note          0x00000000000000e8       0x74 ../third_party/psyq/lib/libapi.a(patch.o)
 .note          0x000000000000015c       0x74 ../third_party/psyq/lib/libapi.a(a18.o)
 .note          0x00000000000001d0       0x74 ../third_party/psyq/lib/libapi.a(a19.o)
 .note          0x0000000000000244       0x74 ../third_party/psyq/lib/libapi.a(a21.o)
 .note          0x00000000000002b8       0x74 ../third_party/psyq/lib/libapi.a(a36.o)
 .note          0x000000000000032c       0x74 ../third_party/psyq/lib/libapi.a(a37.o)
 .note          0x00000000000003a0       0x74 ../third_party/psyq/lib/libapi.a(c68.o)
 .note          0x0000000000000414       0x74 ../third_party/psyq/lib/libapi.a(chclrpad.o)
 .note          0x0000000000000488       0x74 ../third_party/psyq/lib/libapi.a(l02.o)
 .note          0x00000000000004fc       0x74 ../third_party/psyq/lib/libapi.a(l03.o)
 .note          0x0000000000000570       0x74 ../third_party/psyq/lib/libc.a(c42.o)
 .note          0x00000000000005e4       0x74 ../third_party/psyq/lib/libc.a(c63.o)
 .note          0x0000000000000658       0x74 ../third_party/psyq/lib/libetc.a(vmode.o)
 .note          0x00000000000006cc       0x74 ../third_party/psyq/lib/libetc.a(vsync.o)
 .note          0x0000000000000740       0x74 ../third_party/psyq/lib/libetc.a(intr_vb.o)
 .note          0x00000000000007b4       0x74 ../third_party/psyq/lib/libetc.a(intr.o)
 .note          0x0000000000000828       0x74 ../third_party/psyq/lib/libetc.a(intr_dma.o)
 .note          0x000000000000089c       0x74 ../third_party/psyq/lib/libgpu.a(font.o)
 .note          0x0000000000000910       0x74 ../third_party/psyq/lib/libgpu.a(p00.o)
 .note          0x0000000000000984       0x74 ../third_party/psyq/lib/libgpu.a(p06.o)
 .note          0x00000000000009f8       0x74 ../third_party/psyq/lib/libgpu.a(p09.o)
 .note          0x0000000000000a6c       0x74 ../third_party/psyq/lib/libgpu.a(p10.o)
 .note          0x0000000000000ae0       0x74 ../third_party/psyq/lib/libgpu.a(p20.o)
 .note          0x0000000000000b54       0x74 ../third_party/psyq/lib/libgpu.a(p26.o)
 .note          0x0000000000000bc8       0x74 ../third_party/psyq/lib/libgpu.a(p27.o)
 .note          0x0000000000000c3c       0x74 ../third_party/psyq/lib/libgpu.a(p41.o)
 .note          0x0000000000000cb0       0x74 ../third_party/psyq/lib/libgpu.a(sys.o)
 .note          0x0000000000000d24       0x74 ../third_party/psyq/lib/libgpu.a(e00.o)
 .note          0x0000000000000d98       0x74 ../third_party/psyq/lib/libgpu.a(e02.o)
 .note          0x0000000000000e0c       0x74 ../third_party/psyq/lib/libgpu.a(p01.o)
 .note          0x0000000000000e80       0x74 ../third_party/psyq/lib/libgs.a(2d_sp0.o)
 .note          0x0000000000000ef4       0x74 ../third_party/psyq/lib/libgs.a(global.o)
 .note          0x0000000000000f68       0x74 ../third_party/psyq/lib/libgs.a(gs_001.o)
 .note          0x0000000000000fdc       0x74 ../third_party/psyq/lib/libgs.a(gs_0021.o)
 .note          0x0000000000001050       0x74 ../third_party/psyq/lib/libgs.a(gs_0022.o)
 .note          0x00000000000010c4       0x74 ../third_party/psyq/lib/libgs.a(gs_003.o)
 .note          0x0000000000001138       0x74 ../third_party/psyq/lib/libgs.a(gs_010.o)
 .note          0x00000000000011ac       0x74 ../third_party/psyq/lib/libgs.a(gs_103.o)
 .note          0x0000000000001220       0x74 ../third_party/psyq/lib/libgs.a(gs_104.o)
 .note          0x0000000000001294       0x74 ../third_party/psyq/lib/libgs.a(gs_107.o)
 .note          0x0000000000001308       0x74 ../third_party/psyq/lib/libgs.a(gs_111.o)
 .note          0x000000000000137c       0x74 ../third_party/psyq/lib/libgs.a(gs_113.o)
 .note          0x00000000000013f0       0x74 ../third_party/psyq/lib/libgs.a(gs_121.o)
 .note          0x0000000000001464       0x74 ../third_party/psyq/lib/libgs.a(gs_122.o)
 .note          0x00000000000014d8       0x74 ../third_party/psyq/lib/libgs.a(gs_124.o)
 .note          0x000000000000154c       0x74 ../third_party/psyq/lib/libgs.a(gs_128.o)
 .note          0x00000000000015c0       0x74 ../third_party/psyq/lib/libgs.a(2d_com1.o)
 .note          0x0000000000001634       0x74 ../third_party/psyq/lib/libgte.a(cmb_00.o)
 .note          0x00000000000016a8       0x74 ../third_party/psyq/lib/libgte.a(fgo_01.o)
 .note          0x000000000000171c       0x74 ../third_party/psyq/lib/libgte.a(msc00.o)
 .note          0x0000000000001790       0x74 ../third_party/psyq/lib/libgte.a(msc01.o)
 .note          0x0000000000001804       0x74 ../third_party/psyq/lib/libgte.a(mtx_07.o)
 .note          0x0000000000001878       0x74 ../third_party/psyq/lib/libgte.a(mtx_08.o)
 .note          0x00000000000018ec       0x74 ../third_party/psyq/lib/libgte.a(mtx_09.o)
 .note          0x0000000000001960       0x74 ../third_party/psyq/lib/libgte.a(mtx_11.o)
 .note          0x00000000000019d4       0x74 ../third_party/psyq/lib/libgte.a(mtx_12.o)
 .note          0x0000000000001a48       0x74 ../third_party/psyq/lib/libgte.a(patchgte.o)
 .note          0x0000000000001abc       0x74 ../third_party/psyq/lib/libgte.a(reg09.o)
 .note          0x0000000000001b30       0x74 ../third_party/psyq/lib/libgte.a(reg11.o)
 .note          0x0000000000001ba4       0x74 ../third_party/psyq/lib/libgte.a(reg12.o)
 .note          0x0000000000001c18       0x74 ../third_party/psyq/lib/libgte.a(sqrtbl.o)
 .note          0x0000000000001c8c       0x74 ../third_party/psyq/lib/libgte.a(cstbl.o)
 .note          0x0000000000001d00       0x74 ../third_party/psyq/lib/libspu.a(s_i.o)
 .note          0x0000000000001d74       0x74 ../third_party/psyq/lib/libspu.a(s_ini.o)
 .note          0x0000000000001de8       0x74 ../third_party/psyq/lib/libspu.a(s_itc.o)
 .note          0x0000000000001e5c       0x74 ../third_party/psyq/lib/libspu.a(s_m.o)
 .note          0x0000000000001ed0       0x74 ../third_party/psyq/lib/libspu.a(s_m_f.o)
 .note          0x0000000000001f44       0x74 ../third_party/psyq/lib/libspu.a(s_m_init.o)
 .note          0x0000000000001fb8       0x74 ../third_party/psyq/lib/libspu.a(s_m_int.o)
 .note          0x000000000000202c       0x74 ../third_party/psyq/lib/libspu.a(s_m_m.o)
 .note          0x00000000000020a0       0x74 ../third_party/psyq/lib/libspu.a(s_rmp0.o)
 .note          0x0000000000002114       0x74 ../third_party/psyq/lib/libspu.a(s_sca.o)
 .note          0x0000000000002188       0x74 ../third_party/psyq/lib/libspu.a(s_si.o)
 .note          0x00000000000021fc       0x74 ../third_party/psyq/lib/libspu.a(s_sk.o)
 .note          0x0000000000002270       0x74 ../third_party/psyq/lib/libspu.a(s_stm.o)
 .note          0x00000000000022e4       0x74 ../third_party/psyq/lib/libspu.a(s_stsa.o)
 .note          0x0000000000002358       0x74 ../third_party/psyq/lib/libspu.a(s_sva.o)
 .note          0x00000000000023cc       0x74 ../third_party/psyq/lib/libspu.a(s_w.o)
 .note          0x0000000000002440       0x74 ../third_party/psyq/lib/libspu.a(spu.o)
 .note          0x00000000000024b4       0x74 ../third_party/psyq/lib/libspu.a(s_dcb.o)
 .note          0x0000000000002528       0x74 ../third_party/psyq/lib/libspu.a(s_n2p.o)
 .note          0x000000000000259c       0x74 ../third_party/psyq/lib/libapi.a(a07.o)
 .note          0x0000000000002610       0x74 ../third_party/psyq/lib/libapi.a(a08.o)
 .note          0x0000000000002684       0x74 ../third_party/psyq/lib/libapi.a(a11.o)
 .note          0x00000000000026f8       0x74 ../third_party/psyq/lib/libapi.a(a12.o)
 .note          0x000000000000276c       0x74 ../third_party/psyq/lib/libapi.a(a23.o)
 .note          0x00000000000027e0       0x74 ../third_party/psyq/lib/libapi.a(a24.o)
 .note          0x0000000000002854       0x74 ../third_party/psyq/lib/libapi.a(a25.o)
 .note          0x00000000000028c8       0x74 ../third_party/psyq/lib/libapi.a(c114.o)
 .note          0x000000000000293c       0x74 ../third_party/psyq/lib/libapi.a(c73.o)
 .note          0x00000000000029b0       0x74 ../third_party/psyq/lib/libapi.a(l10.o)
 .note          0x0000000000002a24       0x74 ../third_party/psyq/lib/libc.a(a63.o)
 .note          0x0000000000002a98       0x74 ../third_party/psyq/lib/libc.a(c19.o)
 .note          0x0000000000002b0c       0x74 ../third_party/psyq/lib/libc.a(c27.o)
 .note          0x0000000000002b80       0x74 ../third_party/psyq/lib/libc.a(c43.o)

.debug_info     0x0000000000000000     0x34d2
 .debug_info    0x0000000000000000     0x106a main.o
 .debug_info    0x000000000000106a     0x18ce engine/graphics.o
 .debug_info    0x0000000000002938      0x43c engine/input.o
 .debug_info    0x0000000000002d74      0x14b engine/timerz.o
 .debug_info    0x0000000000002ebf      0x5ed engine/audio.o
 .debug_info    0x00000000000034ac       0x26 ../third_party/common/crt0/crt0.o

.debug_abbrev   0x0000000000000000      0xab9
 .debug_abbrev  0x0000000000000000      0x278 main.o
 .debug_abbrev  0x0000000000000278      0x3bc engine/graphics.o
 .debug_abbrev  0x0000000000000634      0x1ba engine/input.o
 .debug_abbrev  0x00000000000007ee      0x127 engine/timerz.o
 .debug_abbrev  0x0000000000000915      0x190 engine/audio.o
 .debug_abbrev  0x0000000000000aa5       0x14 ../third_party/common/crt0/crt0.o

.debug_loc      0x0000000000000000      0xc1e
 .debug_loc     0x0000000000000000       0x25 main.o
 .debug_loc     0x0000000000000025      0x868 engine/graphics.o
 .debug_loc     0x000000000000088d      0x170 engine/timerz.o
 .debug_loc     0x00000000000009fd      0x221 engine/audio.o

.debug_aranges  0x0000000000000000      0x1d0
 .debug_aranges
                0x0000000000000000       0x50 main.o
 .debug_aranges
                0x0000000000000050       0xc8 engine/graphics.o
 .debug_aranges
                0x0000000000000118       0x28 engine/input.o
 .debug_aranges
                0x0000000000000140       0x28 engine/timerz.o
 .debug_aranges
                0x0000000000000168       0x48 engine/audio.o
 .debug_aranges
                0x00000000000001b0       0x20 ../third_party/common/crt0/crt0.o

.debug_ranges   0x0000000000000000      0x178
 .debug_ranges  0x0000000000000000       0x40 main.o
 .debug_ranges  0x0000000000000040       0xd0 engine/graphics.o
 .debug_ranges  0x0000000000000110       0x18 engine/input.o
 .debug_ranges  0x0000000000000128       0x18 engine/timerz.o
 .debug_ranges  0x0000000000000140       0x38 engine/audio.o

.debug_line     0x0000000000000000     0x106e
 .debug_line    0x0000000000000000      0x47b main.o
 .debug_line    0x000000000000047b      0x7ba engine/graphics.o
 .debug_line    0x0000000000000c35      0x115 engine/input.o
 .debug_line    0x0000000000000d4a       0xfd engine/timerz.o
 .debug_line    0x0000000000000e47      0x1c4 engine/audio.o
 .debug_line    0x000000000000100b       0x63 ../third_party/common/crt0/crt0.o

.debug_str      0x0000000000000000      0xcdc
 .debug_str     0x0000000000000000      0x771 main.o
                                        0x7ce (size before relaxing)
 .debug_str     0x0000000000000771      0x2ae engine/graphics.o
                                        0x6ee (size before relaxing)
 .debug_str     0x0000000000000a1f       0x7a engine/input.o
                                        0x39a (size before relaxing)
 .debug_str     0x0000000000000a99       0x16 engine/timerz.o
                                        0x1dc (size before relaxing)
 .debug_str     0x0000000000000aaf      0x1ff engine/audio.o
                                        0x3a0 (size before relaxing)
 .debug_str     0x0000000000000cae       0x2e ../third_party/common/crt0/crt0.o
                                         0x42 (size before relaxing)

.debug_frame    0x0000000000000000      0x51c
 .debug_frame   0x0000000000000000      0x110 main.o
 .debug_frame   0x0000000000000110      0x2c0 engine/graphics.o
 .debug_frame   0x00000000000003d0       0x40 engine/input.o
 .debug_frame   0x0000000000000410       0x4c engine/timerz.o
 .debug_frame   0x000000000000045c       0xc0 engine/audio.o
