Archive member included to satisfy reference by file (symbol)

../third_party/psyq/lib/libapi.a(a91.o)
                              engine/input.o (ChangeClearPAD)
../third_party/psyq/lib/libapi.a(pad.o)
                              engine/input.o (InitPAD)
../third_party/psyq/lib/libapi.a(patch.o)
                              ../third_party/psyq/lib/libapi.a(pad.o) (_patch_pad)
../third_party/psyq/lib/libapi.a(a18.o)
                              ../third_party/psyq/lib/libapi.a(pad.o) (InitPAD2)
../third_party/psyq/lib/libapi.a(a19.o)
                              ../third_party/psyq/lib/libapi.a(pad.o) (StartPAD2)
../third_party/psyq/lib/libapi.a(a21.o)
                              ../third_party/psyq/lib/libapi.a(pad.o) (PAD_init2)
../third_party/psyq/lib/libapi.a(a36.o)
                              ../third_party/psyq/lib/libapi.a(pad.o) (EnterCriticalSection)
../third_party/psyq/lib/libapi.a(a37.o)
                              ../third_party/psyq/lib/libapi.a(pad.o) (ExitCriticalSection)
../third_party/psyq/lib/libapi.a(c68.o)
                              ../third_party/psyq/lib/libapi.a(patch.o) (FlushCache)
../third_party/psyq/lib/libapi.a(chclrpad.o)
                              ../third_party/psyq/lib/libapi.a(pad.o) (_remove_ChgclrPAD)
../third_party/psyq/lib/libapi.a(l02.o)
                              ../third_party/psyq/lib/libapi.a(pad.o) (SysEnqIntRP)
../third_party/psyq/lib/libapi.a(l03.o)
                              ../third_party/psyq/lib/libapi.a(pad.o) (SysDeqIntRP)
../third_party/psyq/lib/libc.a(c42.o)
                              main.o (memcpy)
../third_party/psyq/lib/libc.a(c47.o)
                              main.o (rand)
../third_party/psyq/lib/libc.a(c48.o)
                              main.o (srand)
../third_party/psyq/lib/libc.a(c63.o)
                              main.o (printf)
../third_party/psyq/lib/libds.a(dsplay.o)
                              main.o (DsPlay)
../third_party/psyq/lib/libds.a(dsready.o)
                              ../third_party/psyq/lib/libds.a(dsplay.o) (DsStartReadySystem)
../third_party/psyq/lib/libds.a(dssys_1.o)
                              ../third_party/psyq/lib/libds.a(dsready.o) (DS_lastpos)
../third_party/psyq/lib/libds.a(dssys_2.o)
                              ../third_party/psyq/lib/libds.a(dsplay.o) (DsCommand)
../third_party/psyq/lib/libds.a(dstoc.o)
                              ../third_party/psyq/lib/libds.a(dsplay.o) (DsGetToc)
../third_party/psyq/lib/libds.a(d1_001.o)
                              ../third_party/psyq/lib/libds.a(dssys_2.o) (DS_sync)
../third_party/psyq/lib/libds.a(d1_002.o)
                              ../third_party/psyq/lib/libds.a(dssys_2.o) (DS_ready)
../third_party/psyq/lib/libds.a(d2_005.o)
                              ../third_party/psyq/lib/libds.a(dstoc.o) (DsFlush)
../third_party/psyq/lib/libds.a(d3_002.o)
                              ../third_party/psyq/lib/libds.a(dsready.o) (DsGetSector)
../third_party/psyq/lib/libds.a(d3_005.o)
                              ../third_party/psyq/lib/libds.a(dssys_1.o) (DsIntToPos)
../third_party/psyq/lib/libds.a(d3_006.o)
                              ../third_party/psyq/lib/libds.a(dsready.o) (DsPosToInt)
../third_party/psyq/lib/libds.a(d4_003.o)
                              ../third_party/psyq/lib/libds.a(dstoc.o) (DsControlB)
../third_party/psyq/lib/libds.a(dscb.o)
                              ../third_party/psyq/lib/libds.a(dssys_2.o) (GlobalCallback)
../third_party/psyq/lib/libds.a(dscb_2.o)
                              ../third_party/psyq/lib/libds.a(dsready.o) (DsReadyCallback)
../third_party/psyq/lib/libds.a(dscb_3.o)
                              ../third_party/psyq/lib/libds.a(dsready.o) (DsStartCallback)
../third_party/psyq/lib/libds.a(dscb_4.o)
                              ../third_party/psyq/lib/libds.a(dsready.o) (DsDataCallback)
../third_party/psyq/lib/libds.a(dsfile.o)
                              ../third_party/psyq/lib/libds.a(dssys_1.o) (DS_shell)
../third_party/psyq/lib/libds.a(dsread.o)
                              ../third_party/psyq/lib/libds.a(dsfile.o) (DsRead)
../third_party/psyq/lib/libds.a(d2_003.o)
                              ../third_party/psyq/lib/libds.a(dsfile.o) (DsShellOpen)
../third_party/psyq/lib/libds.a(d3_003.o)
                              ../third_party/psyq/lib/libds.a(dsread.o) (DsGetSector2)
../third_party/psyq/lib/libds.a(d3_008.o)
                              ../third_party/psyq/lib/libds.a(dsread.o) (DsLastPos)
../third_party/psyq/lib/libcd.a(bios_1.o)
                              ../third_party/psyq/lib/libds.a(dssys_1.o) (CD_cbready)
../third_party/psyq/lib/libcd.a(bios_2.o)
                              ../third_party/psyq/lib/libds.a(d3_002.o) (CD_getsector)
../third_party/psyq/lib/libcd.a(bios_3.o)
                              ../third_party/psyq/lib/libds.a(d3_003.o) (CD_getsector2)
../third_party/psyq/lib/libetc.a(intr.o)
                              ../third_party/psyq/lib/libds.a(dssys_2.o) (SetIntrMask)
../third_party/psyq/lib/libetc.a(intr_dma.o)
                              ../third_party/psyq/lib/libetc.a(intr.o) (startIntrDMA)
../third_party/psyq/lib/libetc.a(intr_vb.o)
                              ../third_party/psyq/lib/libetc.a(intr.o) (startIntrVSync)
../third_party/psyq/lib/libetc.a(vmode.o)
                              engine/graphics.o (GetVideoMode)
../third_party/psyq/lib/libetc.a(vsync.o)
                              engine/graphics.o (VSync)
../third_party/psyq/lib/libgpu.a(font.o)
                              engine/graphics.o (FntFlush)
../third_party/psyq/lib/libgpu.a(p00.o)
                              engine/graphics.o (GetTPage)
../third_party/psyq/lib/libgpu.a(p06.o)
                              ../third_party/psyq/lib/libgpu.a(font.o) (AddPrim)
../third_party/psyq/lib/libgpu.a(p09.o)
                              ../third_party/psyq/lib/libgpu.a(font.o) (TermPrim)
../third_party/psyq/lib/libgpu.a(p10.o)
                              ../third_party/psyq/lib/libgpu.a(font.o) (SetSemiTrans)
../third_party/psyq/lib/libgpu.a(p20.o)
                              ../third_party/psyq/lib/libgpu.a(font.o) (SetSprt8)
../third_party/psyq/lib/libgpu.a(p26.o)
                              ../third_party/psyq/lib/libgpu.a(font.o) (SetTile)
../third_party/psyq/lib/libgpu.a(p27.o)
                              engine/graphics.o (SetLineF2)
../third_party/psyq/lib/libgpu.a(p41.o)
                              ../third_party/psyq/lib/libgpu.a(font.o) (SetDrawMode)
../third_party/psyq/lib/libgpu.a(sys.o)
                              engine/graphics.o (ClearImage2)
../third_party/psyq/lib/libgpu.a(e00.o)
                              ../third_party/psyq/lib/libgpu.a(font.o) (LoadTPage)
../third_party/psyq/lib/libgpu.a(e02.o)
                              ../third_party/psyq/lib/libgpu.a(font.o) (LoadClut2)
../third_party/psyq/lib/libgpu.a(p01.o)
                              ../third_party/psyq/lib/libgpu.a(e02.o) (GetClut)
../third_party/psyq/lib/libgs.a(2d_sp0.o)
                              engine/graphics.o (GsSortSprite)
../third_party/psyq/lib/libgs.a(global.o)
                              ../third_party/psyq/lib/libgs.a(2d_sp0.o) (GsOUT_PACKET_P)
../third_party/psyq/lib/libgs.a(gs_001.o)
                              ../third_party/psyq/lib/libgs.a(2d_sp0.o) (GsORGOFSY)
../third_party/psyq/lib/libgs.a(gs_0021.o)
                              engine/graphics.o (GsGetActiveBuff)
../third_party/psyq/lib/libgs.a(gs_0022.o)
                              ../third_party/psyq/lib/libgs.a(gs_001.o) (GsSetDrawBuffOffset)
../third_party/psyq/lib/libgs.a(gs_003.o)
                              ../third_party/psyq/lib/libgs.a(gs_001.o) (GsSetDrawBuffClip)
../third_party/psyq/lib/libgs.a(gs_010.o)
                              engine/graphics.o (GsSwapDispBuff)
../third_party/psyq/lib/libgs.a(gs_103.o)
                              engine/graphics.o (GsDefDispBuff)
../third_party/psyq/lib/libgs.a(gs_104.o)
                              ../third_party/psyq/lib/libgs.a(gs_001.o) (HWD0)
../third_party/psyq/lib/libgs.a(gs_107.o)
                              ../third_party/psyq/lib/libgs.a(gs_001.o) (GsLIGHTWSMATRIX)
../third_party/psyq/lib/libgs.a(gs_111.o)
                              engine/graphics.o (GsDrawOt)
../third_party/psyq/lib/libgs.a(gs_113.o)
                              engine/graphics.o (GsClearOt)
../third_party/psyq/lib/libgs.a(gs_121.o)
                              ../third_party/psyq/lib/libgs.a(gs_001.o) (gte_init)
../third_party/psyq/lib/libgs.a(gs_122.o)
                              engine/graphics.o (GsGetTimInfo)
../third_party/psyq/lib/libgs.a(gs_124.o)
                              engine/graphics.o (GsSetWorkBase)
../third_party/psyq/lib/libgs.a(gs_128.o)
                              ../third_party/psyq/lib/libgs.a(2d_sp0.o) (GsIDMATRIX)
../third_party/psyq/lib/libgs.a(2d_com1.o)
                              ../third_party/psyq/lib/libgs.a(2d_sp0.o) (_make_packet)
../third_party/psyq/lib/libgte.a(cmb_00.o)
                              ../third_party/psyq/lib/libgs.a(2d_sp0.o) (RotTransPers4)
../third_party/psyq/lib/libgte.a(fgo_01.o)
                              ../third_party/psyq/lib/libgs.a(2d_sp0.o) (RotMatrix)
../third_party/psyq/lib/libgte.a(msc00.o)
                              ../third_party/psyq/lib/libgs.a(gs_121.o) (InitGeom)
../third_party/psyq/lib/libgte.a(msc01.o)
                              ../third_party/psyq/lib/libgs.a(gs_107.o) (SquareRoot0)
../third_party/psyq/lib/libgte.a(mtx_07.o)
                              ../third_party/psyq/lib/libgs.a(2d_sp0.o) (TransMatrix)
../third_party/psyq/lib/libgte.a(mtx_08.o)
                              ../third_party/psyq/lib/libgs.a(2d_sp0.o) (ScaleMatrix)
../third_party/psyq/lib/libgte.a(mtx_09.o)
                              ../third_party/psyq/lib/libgs.a(2d_sp0.o) (SetRotMatrix)
../third_party/psyq/lib/libgte.a(mtx_11.o)
                              ../third_party/psyq/lib/libgs.a(gs_107.o) (SetColorMatrix)
../third_party/psyq/lib/libgte.a(mtx_12.o)
                              ../third_party/psyq/lib/libgs.a(2d_sp0.o) (SetTransMatrix)
../third_party/psyq/lib/libgte.a(patchgte.o)
                              ../third_party/psyq/lib/libgte.a(msc00.o) (_patch_gte)
../third_party/psyq/lib/libgte.a(reg09.o)
                              ../third_party/psyq/lib/libgs.a(2d_sp0.o) (ReadGeomScreen)
../third_party/psyq/lib/libgte.a(reg11.o)
                              ../third_party/psyq/lib/libgs.a(gs_121.o) (SetFarColor)
../third_party/psyq/lib/libgte.a(reg12.o)
                              ../third_party/psyq/lib/libgs.a(gs_0022.o) (SetGeomOffset)
../third_party/psyq/lib/libgte.a(sqrtbl.o)
                              ../third_party/psyq/lib/libgte.a(msc01.o) (SQRT)
../third_party/psyq/lib/libgte.a(cstbl.o)
                              ../third_party/psyq/lib/libgte.a(fgo_01.o) (rcossin_tbl)
../third_party/psyq/lib/libspu.a(s_i.o)
                              engine/audio.o (SpuInit)
../third_party/psyq/lib/libspu.a(s_ini.o)
                              ../third_party/psyq/lib/libspu.a(s_i.o) (_SpuInit)
../third_party/psyq/lib/libspu.a(s_itc.o)
                              engine/audio.o (SpuIsTransferCompleted)
../third_party/psyq/lib/libspu.a(s_m.o)
                              ../third_party/psyq/lib/libspu.a(s_ini.o) (_spu_memList)
../third_party/psyq/lib/libspu.a(s_m_f.o)
                              engine/audio.o (SpuFree)
../third_party/psyq/lib/libspu.a(s_m_init.o)
                              engine/audio.o (SpuInitMalloc)
../third_party/psyq/lib/libspu.a(s_m_int.o)
                              ../third_party/psyq/lib/libspu.a(s_m_f.o) (_spu_gcSPU)
../third_party/psyq/lib/libspu.a(s_m_m.o)
                              engine/audio.o (SpuMalloc)
../third_party/psyq/lib/libspu.a(s_rmp0.o)
                              ../third_party/psyq/lib/libspu.a(s_ini.o) (_spu_rev_startaddr)
../third_party/psyq/lib/libspu.a(s_sca.o)
                              engine/audio.o (SpuSetCommonAttr)
../third_party/psyq/lib/libspu.a(s_sk.o)
                              engine/audio.o (SpuSetKey)
../third_party/psyq/lib/libspu.a(s_stm.o)
                              engine/audio.o (SpuSetTransferMode)
../third_party/psyq/lib/libspu.a(s_stsa.o)
                              engine/audio.o (SpuSetTransferStartAddr)
../third_party/psyq/lib/libspu.a(s_sva.o)
                              engine/audio.o (SpuSetVoiceAttr)
../third_party/psyq/lib/libspu.a(s_w.o)
                              engine/audio.o (SpuWrite)
../third_party/psyq/lib/libspu.a(spu.o)
                              ../third_party/psyq/lib/libspu.a(s_stsa.o) (_spu_FsetRXXa)
../third_party/psyq/lib/libspu.a(s_dcb.o)
                              ../third_party/psyq/lib/libspu.a(s_ini.o) (_SpuDataCallback)
../third_party/psyq/lib/libspu.a(s_n2p.o)
                              ../third_party/psyq/lib/libspu.a(s_sva.o) (_spu_note2pitch)
../third_party/psyq/lib/libapi.a(a07.o)
                              ../third_party/psyq/lib/libspu.a(spu.o) (DeliverEvent)
../third_party/psyq/lib/libapi.a(a08.o)
                              ../third_party/psyq/lib/libspu.a(s_ini.o) (OpenEvent)
../third_party/psyq/lib/libapi.a(a11.o)
                              ../third_party/psyq/lib/libspu.a(s_itc.o) (TestEvent)
../third_party/psyq/lib/libapi.a(a12.o)
                              ../third_party/psyq/lib/libspu.a(s_ini.o) (EnableEvent)
../third_party/psyq/lib/libapi.a(a23.o)
                              ../third_party/psyq/lib/libetc.a(intr.o) (ReturnFromException)
../third_party/psyq/lib/libapi.a(a24.o)
                              ../third_party/psyq/lib/libetc.a(intr.o) (ResetEntryInt)
../third_party/psyq/lib/libapi.a(a25.o)
                              ../third_party/psyq/lib/libetc.a(intr.o) (HookEntryInt)
../third_party/psyq/lib/libapi.a(c114.o)
                              ../third_party/psyq/lib/libetc.a(intr.o) (_96_remove)
../third_party/psyq/lib/libapi.a(c73.o)
                              ../third_party/psyq/lib/libgpu.a(sys.o) (GPU_cw)
../third_party/psyq/lib/libapi.a(l10.o)
                              ../third_party/psyq/lib/libetc.a(intr.o) (ChangeClearRCnt)
../third_party/psyq/lib/libc.a(a63.o)
                              ../third_party/psyq/lib/libds.a(dsplay.o) (puts)
../third_party/psyq/lib/libc.a(c19.o)
                              ../third_party/psyq/lib/libetc.a(intr.o) (setjmp)
../third_party/psyq/lib/libc.a(c23.o)
                              ../third_party/psyq/lib/libds.a(dsfile.o) (strcmp)
../third_party/psyq/lib/libc.a(c24.o)
                              ../third_party/psyq/lib/libds.a(dsfile.o) (strncmp)
../third_party/psyq/lib/libc.a(c27.o)
                              ../third_party/psyq/lib/libgpu.a(font.o) (strlen)
../third_party/psyq/lib/libc.a(c43.o)
                              ../third_party/psyq/lib/libgpu.a(font.o) (memset)

Allocating common symbols
Common symbol       size              file

mainPlayerL         0x140             main.o
g_s_attr            0x40              main.o
BeeL                0x50              main.o
b                   0x4               main.o
input_pad           0x2               engine/input.o
enemies             0x24              main.o
flowers             0x6c              main.o
l_vag1_spu_addr     0x4               main.o
input_trig          0x4               engine/input.o
Buzzy               0x24              main.o
clouds1L            0xa0              main.o
pressStartL         0xf0              main.o
mainPlayer          0x24              main.o
BuzzyL              0x50              main.o
rocksL              0xf0              main.o
Bee                 0x24              main.o
SCREEN_WIDTH        0x4               engine/graphics.o
input_binds         0x1c              engine/input.o
mainHealth          0x58              main.o
jamL                0xf0              main.o
GPUOutputPacket     0x1770            engine/graphics.o
l_c_attr            0x28              main.o
jam                 0x24              main.o
clouds2             0x48              main.o
SCREEN_HEIGHT       0x4               engine/graphics.o
clouds2L            0xa0              main.o
currentBuffer       0x2               engine/graphics.o
input_held          0x4               engine/input.o
hillsL              0x190             main.o
systemBackgroundColor
                    0xc               engine/graphics.o
input_suppress_trig
                    0x1               engine/input.o
hills               0xb4              main.o
enemiesL            0x140             main.o
time3               0x4               main.o
mainTimer           0x14              main.o
rocks               0x6c              main.o
flowersL            0xf0              main.o
a                   0x4               main.o
groundL             0x370             main.o
barL                0x190             main.o
clouds1             0x48              main.o
orderingTable       0x28              engine/graphics.o
pressStart          0x24              main.o
ground              0x18c             main.o
minorOrderingTable  0x10              engine/graphics.o

Discarded input sections

 .text          0x0000000000000000        0x0 main.o
 .reginfo       0x0000000000000000       0x18 main.o
 .MIPS.abiflags
                0x0000000000000000       0x18 main.o
 .pdr           0x0000000000000000      0x1e0 main.o
 .rodata        0x0000000000000000       0x10 main.o
 .text          0x0000000000000000        0x0 engine/graphics.o
 .data          0x0000000000000000        0x0 engine/graphics.o
 .bss           0x0000000000000000        0x0 engine/graphics.o
 .reginfo       0x0000000000000000       0x18 engine/graphics.o
 .MIPS.abiflags
                0x0000000000000000       0x18 engine/graphics.o
 .pdr           0x0000000000000000      0x2c0 engine/graphics.o
 .text.rotImage
                0x0000000000000000       0x40 engine/graphics.o
 .text.createLine
                0x0000000000000000       0x8c engine/graphics.o
 .text.createBox
                0x0000000000000000      0x12c engine/graphics.o
 .text.moveLine
                0x0000000000000000       0x50 engine/graphics.o
 .text.moveBox  0x0000000000000000      0x1a8 engine/graphics.o
 .text.transposeBox
                0x0000000000000000       0x34 engine/graphics.o
 .text.drawLine
                0x0000000000000000       0x30 engine/graphics.o
 .text.drawBox  0x0000000000000000       0x48 engine/graphics.o
 .text.setScreenMode
                0x0000000000000000       0x70 engine/graphics.o
 .text          0x0000000000000000        0x0 engine/input.o
 .data          0x0000000000000000        0x0 engine/input.o
 .reginfo       0x0000000000000000       0x18 engine/input.o
 .MIPS.abiflags
                0x0000000000000000       0x18 engine/input.o
 .pdr           0x0000000000000000       0x40 engine/input.o
 .text          0x0000000000000000        0x0 engine/timerz.o
 .data          0x0000000000000000        0x0 engine/timerz.o
 .bss           0x0000000000000000        0x0 engine/timerz.o
 .reginfo       0x0000000000000000       0x18 engine/timerz.o
 .MIPS.abiflags
                0x0000000000000000       0x18 engine/timerz.o
 .pdr           0x0000000000000000       0x40 engine/timerz.o
 .text          0x0000000000000000        0x0 engine/audio.o
 .data          0x0000000000000000        0x0 engine/audio.o
 .reginfo       0x0000000000000000       0x18 engine/audio.o
 .MIPS.abiflags
                0x0000000000000000       0x18 engine/audio.o
 .pdr           0x0000000000000000       0xc0 engine/audio.o
 .text.audioChannelConfigure
                0x0000000000000000        0x8 engine/audio.o
 .text.audioFree
                0x0000000000000000        0x8 engine/audio.o
 .text          0x0000000000000000        0x0 ../third_party/common/syscalls/printf.o
 .data          0x0000000000000000        0x0 ../third_party/common/syscalls/printf.o
 .bss           0x0000000000000000        0x0 ../third_party/common/syscalls/printf.o
 .reginfo       0x0000000000000000       0x18 ../third_party/common/syscalls/printf.o
 .MIPS.abiflags
                0x0000000000000000       0x18 ../third_party/common/syscalls/printf.o
 .pdr           0x0000000000000000        0x0 ../third_party/common/syscalls/printf.o
 .ramtext       0x0000000000000000        0xc ../third_party/common/syscalls/printf.o
 .debug_line    0x0000000000000000       0x59 ../third_party/common/syscalls/printf.o
 .debug_info    0x0000000000000000       0x26 ../third_party/common/syscalls/printf.o
 .debug_abbrev  0x0000000000000000       0x14 ../third_party/common/syscalls/printf.o
 .debug_aranges
                0x0000000000000000       0x20 ../third_party/common/syscalls/printf.o
 .debug_str     0x0000000000000000       0x48 ../third_party/common/syscalls/printf.o
 .gnu.attributes
                0x0000000000000000       0x10 ../third_party/common/syscalls/printf.o
 .text          0x0000000000000000        0x0 ../third_party/common/crt0/crt0.o
 .data          0x0000000000000000        0x0 ../third_party/common/crt0/crt0.o
 .bss           0x0000000000000000        0x0 ../third_party/common/crt0/crt0.o
 .reginfo       0x0000000000000000       0x18 ../third_party/common/crt0/crt0.o
 .MIPS.abiflags
                0x0000000000000000       0x18 ../third_party/common/crt0/crt0.o
 .bss           0x0000000000000000     0x2400 ../third_party/psyq/lib/libds.a(dsfile.o)
 .rdata         0x0000000000000000      0x1f0 ../third_party/psyq/lib/libds.a(dsfile.o)
 .text          0x0000000000000000      0x960 ../third_party/psyq/lib/libds.a(dsfile.o)
 .text          0x0000000000000000       0x20 ../third_party/psyq/lib/libds.a(d2_003.o)
 .text          0x0000000000000000       0x20 ../third_party/psyq/lib/libgpu.a(p27.o)
 .data          0x0000000000000000       0x10 ../third_party/psyq/lib/libgs.a(global.o)
 .data          0x0000000000000000       0x10 ../third_party/psyq/lib/libgs.a(gs_001.o)
 .text          0x0000000000000000       0x80 ../third_party/psyq/lib/libgs.a(gs_104.o)
 .text          0x0000000000000000      0x570 ../third_party/psyq/lib/libgs.a(gs_107.o)
 .text          0x0000000000000000       0x90 ../third_party/psyq/lib/libgte.a(msc01.o)
 .text          0x0000000000000000       0x30 ../third_party/psyq/lib/libgte.a(mtx_11.o)
 .data          0x0000000000000000      0x180 ../third_party/psyq/lib/libgte.a(sqrtbl.o)
 .text          0x0000000000000000       0x80 ../third_party/psyq/lib/libspu.a(s_m_f.o)
 .text          0x0000000000000000       0x10 ../third_party/psyq/lib/libc.a(c23.o)
 .text          0x0000000000000000       0x10 ../third_party/psyq/lib/libc.a(c24.o)

Memory Configuration

Name             Origin             Length             Attributes
loader           0x000000008000f800 0x0000000000000800
ram              0x0000000080010000 0x00000000001f0000 xrw
dcache           0x000000001f800000 0x0000000000000400
*default*        0x0000000000000000 0xffffffffffffffff

Linker script and memory map

LOAD main.o
LOAD engine/graphics.o
LOAD engine/input.o
LOAD engine/timerz.o
LOAD engine/audio.o
LOAD ../third_party/common/syscalls/printf.o
LOAD ../third_party/common/crt0/crt0.o
START GROUP
LOAD ../third_party/psyq/lib/libapi.a
LOAD ../third_party/psyq/lib/libc.a
LOAD ../third_party/psyq/lib/libc2.a
LOAD ../third_party/psyq/lib/libcard.a
LOAD ../third_party/psyq/lib/libcomb.a
LOAD ../third_party/psyq/lib/libds.a
LOAD ../third_party/psyq/lib/libcd.a
LOAD ../third_party/psyq/lib/libetc.a
LOAD ../third_party/psyq/lib/libgpu.a
LOAD ../third_party/psyq/lib/libgs.a
LOAD ../third_party/psyq/lib/libgte.a
LOAD ../third_party/psyq/lib/libgpu.a
LOAD ../third_party/psyq/lib/libgun.a
LOAD ../third_party/psyq/lib/libhmd.a
LOAD ../third_party/psyq/lib/libmath.a
LOAD ../third_party/psyq/lib/libmcrd.a
LOAD ../third_party/psyq/lib/libmcx.a
LOAD ../third_party/psyq/lib/libpad.a
LOAD ../third_party/psyq/lib/libpress.a
LOAD ../third_party/psyq/lib/libsio.a
LOAD ../third_party/psyq/lib/libsnd.a
LOAD ../third_party/psyq/lib/libspu.a
LOAD ../third_party/psyq/lib/libtap.a
END GROUP
                0x0000000080061580                __heap_base = __bss_end
                0x0000000080010000                TLOAD_ADDR = DEFINED (TLOAD_ADDR)?TLOAD_ADDR:0x80010000
                0x0000000080200000                __ram_top = (ORIGIN (ram) + LENGTH (ram))
                0x00000000801fff00                __sp = (__ram_top - 0x100)
                0x000000001f800000                __dcache = ORIGIN (dcache)
                0x000000001f800400                __dcache_top = (ORIGIN (dcache) + LENGTH (dcache))
                0x0000000000008d80                __bss_len = (__bss_end - __bss_start)
                0x000000000000fd20                __ftext_len = (__ftext_end - __ftext_start)
                0x0000000000038ae0                __fdata_len = (__fdata_end - __fdata_start)
                0x0000000080200000                __stack_start = (ORIGIN (ram) + LENGTH (ram))

.PSX_EXE_Header
                0x000000008000f800      0x800
                0x000000008000f800        0x1 BYTE 0x50
                0x000000008000f801        0x1 BYTE 0x53
                0x000000008000f802        0x1 BYTE 0x2d
                0x000000008000f803        0x1 BYTE 0x58
                0x000000008000f804        0x1 BYTE 0x20
                0x000000008000f805        0x1 BYTE 0x45
                0x000000008000f806        0x1 BYTE 0x58
                0x000000008000f807        0x1 BYTE 0x45
                0x000000008000f808        0x4 LONG 0x0
                0x000000008000f80c        0x4 LONG 0x0
                0x000000008000f810        0x4 LONG 0x80010000 ABSOLUTE (_start)
                0x000000008000f814        0x4 LONG 0x0
                0x000000008000f818        0x4 LONG 0x80010000 TLOAD_ADDR
                0x000000008000f81c        0x4 LONG 0x48800 (__ftext_len + __fdata_len)
                0x000000008000f820        0x4 LONG 0x0
                0x000000008000f824        0x4 LONG 0x0
                0x000000008000f828        0x4 LONG 0x0
                0x000000008000f82c        0x4 LONG 0x0
                0x000000008000f830        0x4 LONG 0x801fff00 DEFINED (_sp)?ABSOLUTE (_sp):0x801fff00
                0x000000008000f834        0x4 LONG 0x0
                0x0000000080010000                . = (. + 0x7c8)
 *fill*         0x000000008000f838      0x7c8 
                0x0000000080010000                __ftext_start = ABSOLUTE (.)

.text           0x0000000080010000     0xfd20
 *(.start)
 .start         0x0000000080010000       0x64 ../third_party/common/crt0/crt0.o
                0x0000000080010000                _start
 *(.init)
 *(SORT_NONE(.fini))
 *(.text.unlikely .text.*_unlikely .text.unlikely.*)
 *(.text.exit .text.exit.*)
 *(.text.startup .text.startup.*)
 .text.startup.main
                0x0000000080010064      0x200 main.o
                0x0000000080010064                main
 *(.text.hot .text.hot.*)
 *(.text .stub .text.* .gnu.linkonce.t.*)
 .text.checkHit
                0x0000000080010264       0xa0 main.o
                0x0000000080010264                checkHit
 .text.animate  0x0000000080010304      0x130 main.o
                0x0000000080010304                animate
 .text.gameIntro
                0x0000000080010434      0x15c main.o
                0x0000000080010434                gameIntro
 .text.gameMode
                0x0000000080010590      0x650 main.o
                0x0000000080010590                gameMode
 .text.gameOver
                0x0000000080010be0       0x78 main.o
                0x0000000080010be0                gameOver
 .text.debugMode
                0x0000000080010c58      0x20c main.o
                0x0000000080010c58                debugMode
 .text.initPlayer
                0x0000000080010e64      0x20c main.o
                0x0000000080010e64                initPlayer
 .text.initEnemies
                0x0000000080011070       0xf4 main.o
                0x0000000080011070                initEnemies
 .text.initRocks
                0x0000000080011164      0x214 main.o
                0x0000000080011164                initRocks
 .text.initHills
                0x0000000080011378      0x120 main.o
                0x0000000080011378                initHills
 .text.initGround
                0x0000000080011498      0x11c main.o
                0x0000000080011498                initGround
 .text.initSky  0x00000000800115b4      0x29c main.o
                0x00000000800115b4                initSky
 .text.initIntro
                0x0000000080011850      0x2a0 main.o
                0x0000000080011850                initIntro
 .text.initialize
                0x0000000080011af0      0x11c main.o
                0x0000000080011af0                initialize
 .text.setScreenMode.part.0
                0x0000000080011c0c       0x64 engine/graphics.o
 .text.createImage
                0x0000000080011c70       0xf8 engine/graphics.o
                0x0000000080011c70                createImage
 .text.moveImage
                0x0000000080011d68       0x44 engine/graphics.o
                0x0000000080011d68                moveImage
 .text.scaleImage
                0x0000000080011dac       0x74 engine/graphics.o
                0x0000000080011dac                scaleImage
 .text.drawImage
                0x0000000080011e20       0x60 engine/graphics.o
                0x0000000080011e20                drawImage
 .text.createColor
                0x0000000080011e80       0x14 engine/graphics.o
                0x0000000080011e80                createColor
 .text.setBackgroundColor
                0x0000000080011e94       0x24 engine/graphics.o
                0x0000000080011e94                setBackgroundColor
 .text.initializeDebugFont
                0x0000000080011eb8       0x44 engine/graphics.o
                0x0000000080011eb8                initializeDebugFont
 .text.initializeOrderingTable
                0x0000000080011efc       0x90 engine/graphics.o
                0x0000000080011efc                initializeOrderingTable
 .text.flushDisplay
                0x0000000080011f8c       0x90 engine/graphics.o
                0x0000000080011f8c                flushDisplay
 .text.clearDisplay
                0x000000008001201c       0x74 engine/graphics.o
                0x000000008001201c                clearDisplay
 .text.clearVRAM
                0x0000000080012090       0x44 engine/graphics.o
                0x0000000080012090                clearVRAM
 .text.initializeScreen
                0x00000000800120d4       0x7c engine/graphics.o
                0x00000000800120d4                initializeScreen
 .text.in_init  0x0000000080012150       0x68 engine/input.o
                0x0000000080012150                in_init
 .text.in_update
                0x00000000800121b8       0x50 engine/input.o
                0x00000000800121b8                in_update
 .text.createTimer
                0x0000000080012208       0x48 engine/timerz.o
                0x0000000080012208                createTimer
 .text.incTimer
                0x0000000080012250       0x6c engine/timerz.o
                0x0000000080012250                incTimer
 .text.audioInit
                0x00000000800122bc       0x64 engine/audio.o
                0x00000000800122bc                audioInit
 .text.audioTransferVagToSPU
                0x0000000080012320       0xc0 engine/audio.o
                0x0000000080012320                audioTransferVagToSPU
 .text.setVoiceVolumePitch
                0x00000000800123e0       0x68 engine/audio.o
                0x00000000800123e0                setVoiceVolumePitch
 .text.audioPlay
                0x0000000080012448       0x40 engine/audio.o
                0x0000000080012448                audioPlay
 .text          0x0000000080012488       0x10 ../third_party/psyq/lib/libapi.a(a91.o)
                0x0000000080012488                ChangeClearPAD
 .text          0x0000000080012498      0x290 ../third_party/psyq/lib/libapi.a(pad.o)
                0x0000000080012498                SetInitPadFlag
                0x00000000800124a4                ReadInitPadFlag
                0x00000000800124b4                PAD_init
                0x0000000080012544                InitPAD
                0x00000000800125d4                StartPAD
 .text          0x0000000080012728       0xa0 ../third_party/psyq/lib/libapi.a(patch.o)
                0x0000000080012728                EnablePAD
                0x000000008001273c                DisablePAD
                0x0000000080012750                _patch_pad
 .text          0x00000000800127c8       0x10 ../third_party/psyq/lib/libapi.a(a18.o)
                0x00000000800127c8                InitPAD2
 .text          0x00000000800127d8       0x10 ../third_party/psyq/lib/libapi.a(a19.o)
                0x00000000800127d8                StartPAD2
 .text          0x00000000800127e8       0x10 ../third_party/psyq/lib/libapi.a(a21.o)
                0x00000000800127e8                PAD_init2
 .text          0x00000000800127f8       0x10 ../third_party/psyq/lib/libapi.a(a36.o)
                0x00000000800127f8                EnterCriticalSection
 .text          0x0000000080012808       0x10 ../third_party/psyq/lib/libapi.a(a37.o)
                0x0000000080012808                ExitCriticalSection
 .text          0x0000000080012818       0x10 ../third_party/psyq/lib/libapi.a(c68.o)
                0x0000000080012818                FlushCache
 .text          0x0000000080012828       0x70 ../third_party/psyq/lib/libapi.a(chclrpad.o)
                0x0000000080012828                _remove_ChgclrPAD
 .text          0x0000000080012898       0x10 ../third_party/psyq/lib/libapi.a(l02.o)
                0x0000000080012898                SysEnqIntRP
 .text          0x00000000800128a8       0x10 ../third_party/psyq/lib/libapi.a(l03.o)
                0x00000000800128a8                SysDeqIntRP
 .text          0x00000000800128b8       0x10 ../third_party/psyq/lib/libc.a(c42.o)
                0x00000000800128b8                memcpy
 .text          0x00000000800128c8       0x10 ../third_party/psyq/lib/libc.a(c47.o)
                0x00000000800128c8                rand
 .text          0x00000000800128d8       0x10 ../third_party/psyq/lib/libc.a(c48.o)
                0x00000000800128d8                srand
 .text          0x00000000800128e8       0x10 ../third_party/psyq/lib/libc.a(c63.o)
                0x00000000800128e8                printf
 .text          0x00000000800128f8      0x4e0 ../third_party/psyq/lib/libds.a(dsplay.o)
                0x00000000800128f8                DsPlay
 .text          0x0000000080012dd8      0x5a0 ../third_party/psyq/lib/libds.a(dsready.o)
                0x0000000080012dd8                DsStartReadySystem
                0x0000000080012e5c                DsEndReadySystem
                0x0000000080012ec0                DsReadySystemMode
                0x0000000080013310                ER_active
                0x0000000080013320                ER_clear
 .text          0x0000000080013378     0x1140 ../third_party/psyq/lib/libds.a(dssys_1.o)
                0x0000000080013378                DS_init
                0x0000000080013418                DS_reset_members
                0x00000000800134f8                DS_close
                0x0000000080013538                DS_cw
                0x00000000800135b4                DS_vsync_callback
                0x00000000800135c0                DS_sync_callback
                0x00000000800135cc                DS_ready_callback
                0x00000000800135d8                DS_start_callback
                0x00000000800135e4                DS_system_status
                0x00000000800135fc                DS_lastcom
                0x000000008001360c                DS_lastmode
                0x000000008001361c                DS_lastpos
                0x0000000080013628                DS_lastseek
                0x0000000080013638                DS_lastread
                0x0000000080013648                DS_status
                0x0000000080013658                DS_shell_open
                0x0000000080013668                DS_cw_system
                0x0000000080014384                DS_stop
                0x00000000800143fc                DS_restart
                0x000000008001440c                DS_system_active
                0x000000008001441c                parcpy
                0x0000000080014464                rescpy
 .text          0x00000000800144b8     0x13f0 ../third_party/psyq/lib/libds.a(dssys_2.o)
                0x00000000800145d4                DS_CQ_flush
                0x0000000080014bcc                DsInit
                0x0000000080014d10                DsReset
                0x0000000080014e1c                DsCommand
                0x0000000080015090                DsPacket
                0x00000000800150c4                _DsPacket2
                0x0000000080015464                DsSync
                0x0000000080015654                DsReady
                0x00000000800156e8                DsQueueLen
 .text          0x00000000800158a8      0x180 ../third_party/psyq/lib/libds.a(dstoc.o)
                0x00000000800158a8                DsGetToc
 .text          0x0000000080015a28       0x30 ../third_party/psyq/lib/libds.a(d1_001.o)
                0x0000000080015a28                DS_sync
 .text          0x0000000080015a58       0x30 ../third_party/psyq/lib/libds.a(d1_002.o)
                0x0000000080015a58                DS_ready
 .text          0x0000000080015a88       0x40 ../third_party/psyq/lib/libds.a(d2_005.o)
                0x0000000080015a88                DsFlush
 .text          0x0000000080015ac8       0x20 ../third_party/psyq/lib/libds.a(d3_002.o)
                0x0000000080015ac8                DsGetSector
 .text          0x0000000080015ae8      0x110 ../third_party/psyq/lib/libds.a(d3_005.o)
                0x0000000080015ae8                DsIntToPos
 .text          0x0000000080015bf8       0x80 ../third_party/psyq/lib/libds.a(d3_006.o)
                0x0000000080015bf8                DsPosToInt
 .text          0x0000000080015c78       0x70 ../third_party/psyq/lib/libds.a(d4_003.o)
                0x0000000080015c78                DsControlB
 .text          0x0000000080015ce8       0x20 ../third_party/psyq/lib/libds.a(dscb_2.o)
                0x0000000080015ce8                DsReadyCallback
 .text          0x0000000080015d08       0x20 ../third_party/psyq/lib/libds.a(dscb_3.o)
                0x0000000080015d08                DsStartCallback
 .text          0x0000000080015d28       0x30 ../third_party/psyq/lib/libds.a(dscb_4.o)
                0x0000000080015d28                DsDataCallback
 .text          0x0000000080015d58      0x510 ../third_party/psyq/lib/libds.a(dsread.o)
                0x0000000080015d58                DsRead
                0x0000000080016108                DsReadSync
                0x0000000080016178                DsReadCallback
                0x000000008001618c                DsReadBreak
                0x0000000080016248                DsReadMode
 .text          0x0000000080016268       0x20 ../third_party/psyq/lib/libds.a(d3_003.o)
                0x0000000080016268                DsGetSector2
 .text          0x0000000080016288       0x60 ../third_party/psyq/lib/libds.a(d3_008.o)
                0x0000000080016288                DsLastPos
 .text          0x00000000800162e8     0x1580 ../third_party/psyq/lib/libcd.a(bios_1.o)
                0x000000008001684c                CD_sync
                0x0000000080016acc                CD_ready
                0x0000000080016d94                CD_cw
                0x00000000800171a0                CD_vol
                0x0000000080017228                CD_flush
                0x00000000800172fc                CD_initvol
                0x00000000800173ec                CD_initintr
                0x0000000080017438                CD_init
                0x0000000080017618                CD_datasync
                0x0000000080017780                CD_set_test_parmnum
 .text          0x0000000080017868      0x100 ../third_party/psyq/lib/libcd.a(bios_2.o)
                0x0000000080017868                CD_getsector
 .text          0x0000000080017968       0xf0 ../third_party/psyq/lib/libcd.a(bios_3.o)
                0x0000000080017968                CD_getsector2
 .text          0x0000000080017a58      0x6c0 ../third_party/psyq/lib/libetc.a(intr.o)
                0x0000000080017a58                ResetCallback
                0x0000000080017a88                InterruptCallback
                0x0000000080017ab8                DMACallback
                0x0000000080017ae8                VSyncCallback
                0x0000000080017b1c                VSyncCallbacks
                0x0000000080017b4c                StopCallback
                0x0000000080017b7c                RestartCallback
                0x0000000080017bac                CheckCallback
                0x0000000080017bbc                GetIntrMask
                0x0000000080017bd4                SetIntrMask
 .text          0x0000000080018118      0x2a0 ../third_party/psyq/lib/libetc.a(intr_dma.o)
                0x0000000080018118                startIntrDMA
 .text          0x00000000800183b8      0x120 ../third_party/psyq/lib/libetc.a(intr_vb.o)
                0x00000000800183b8                startIntrVSync
 .text          0x00000000800184d8       0x30 ../third_party/psyq/lib/libetc.a(vmode.o)
                0x00000000800184d8                SetVideoMode
                0x00000000800184ec                GetVideoMode
 .text          0x0000000080018508      0x210 ../third_party/psyq/lib/libetc.a(vsync.o)
                0x0000000080018508                VSync
 .text          0x0000000080018718      0xa80 ../third_party/psyq/lib/libgpu.a(font.o)
                0x0000000080018718                SetDumpFnt
                0x0000000080018758                FntLoad
                0x00000000800187f8                FntOpen
                0x0000000080018ab4                FntFlush
                0x0000000080018dd0                FntPrint
 .text          0x0000000080019198       0x40 ../third_party/psyq/lib/libgpu.a(p00.o)
                0x0000000080019198                GetTPage
 .text          0x00000000800191d8       0x40 ../third_party/psyq/lib/libgpu.a(p06.o)
                0x00000000800191d8                AddPrim
 .text          0x0000000080019218       0x20 ../third_party/psyq/lib/libgpu.a(p09.o)
                0x0000000080019218                TermPrim
 .text          0x0000000080019238       0x30 ../third_party/psyq/lib/libgpu.a(p10.o)
                0x0000000080019238                SetSemiTrans
 .text          0x0000000080019268       0x20 ../third_party/psyq/lib/libgpu.a(p20.o)
                0x0000000080019268                SetSprt8
 .text          0x0000000080019288       0x20 ../third_party/psyq/lib/libgpu.a(p26.o)
                0x0000000080019288                SetTile
 .text          0x00000000800192a8       0xa0 ../third_party/psyq/lib/libgpu.a(p41.o)
                0x00000000800192a8                SetDrawMode
 .text          0x0000000080019348     0x2f00 ../third_party/psyq/lib/libgpu.a(sys.o)
                0x0000000080019348                ResetGraph
                0x00000000800194bc                SetGraphDebug
                0x0000000080019518                SetGraphQueue
                0x00000000800195bc                GetGraphDebug
                0x00000000800195cc                DrawSyncCallback
                0x000000008001962c                SetDispMask
                0x00000000800196c4                DrawSync
                0x0000000080019848                ClearImage
                0x00000000800198d8                ClearImage2
                0x0000000080019970                LoadImage
                0x00000000800199d0                StoreImage
                0x0000000080019a30                MoveImage
                0x0000000080019ae8                ClearOTag
                0x0000000080019bb0                ClearOTagR
                0x0000000080019c5c                DrawPrim
                0x0000000080019cb8                DrawOTag
                0x0000000080019d28                PutDrawEnv
                0x0000000080019de8                DrawOTagEnv
                0x0000000080019ec0                GetDrawEnv
                0x0000000080019ef4                PutDispEnv
                0x000000008001a3ec                GetDispEnv
                0x000000008001a420                GetODE
                0x000000008001a450                SetDrawArea
                0x000000008001a4d0                SetDrawOffset
                0x000000008001a510                SetDrawEnv
                0x000000008001bde0                LoadImage2
                0x000000008001becc                StoreImage2
                0x000000008001bfb8                MoveImage2
                0x000000008001c0fc                DrawOTag2
                0x000000008001c1f8                _GPU_ResetCallback
 .text          0x000000008001c248       0xf0 ../third_party/psyq/lib/libgpu.a(e00.o)
                0x000000008001c248                LoadTPage
 .text          0x000000008001c338       0x70 ../third_party/psyq/lib/libgpu.a(e02.o)
                0x000000008001c338                LoadClut2
 .text          0x000000008001c3a8       0x20 ../third_party/psyq/lib/libgpu.a(p01.o)
                0x000000008001c3a8                GetClut
 .text          0x000000008001c3c8      0x500 ../third_party/psyq/lib/libgs.a(2d_sp0.o)
                0x000000008001c3c8                GsSortSprite
 .text          0x000000008001c8c8      0x550 ../third_party/psyq/lib/libgs.a(gs_001.o)
                0x000000008001c8c8                GsInitGraph
                0x000000008001ca58                GsInitGraph2
                0x000000008001cce0                GsSortClear
 .text          0x000000008001ce18       0x10 ../third_party/psyq/lib/libgs.a(gs_0021.o)
                0x000000008001ce18                GsGetActiveBuff
 .text          0x000000008001ce28      0x110 ../third_party/psyq/lib/libgs.a(gs_0022.o)
                0x000000008001ce28                GsSetDrawBuffOffset
 .text          0x000000008001cf38       0x80 ../third_party/psyq/lib/libgs.a(gs_003.o)
                0x000000008001cf38                GsSetDrawBuffClip
 .text          0x000000008001cfb8       0xb0 ../third_party/psyq/lib/libgs.a(gs_010.o)
                0x000000008001cfb8                GsSwapDispBuff
 .text          0x000000008001d068       0xa0 ../third_party/psyq/lib/libgs.a(gs_103.o)
                0x000000008001d068                GsDefDispBuff
 .text          0x000000008001d108       0x30 ../third_party/psyq/lib/libgs.a(gs_111.o)
                0x000000008001d108                GsDrawOt
 .text          0x000000008001d138       0x60 ../third_party/psyq/lib/libgs.a(gs_113.o)
                0x000000008001d138                GsClearOt
 .text          0x000000008001d198       0x50 ../third_party/psyq/lib/libgs.a(gs_121.o)
                0x000000008001d198                gte_init
 .text          0x000000008001d1e8       0xf0 ../third_party/psyq/lib/libgs.a(gs_122.o)
                0x000000008001d1e8                GsGetTimInfo
 .text          0x000000008001d2d8       0x10 ../third_party/psyq/lib/libgs.a(gs_124.o)
                0x000000008001d2d8                GsSetWorkBase
 .text          0x000000008001d2e8       0xa0 ../third_party/psyq/lib/libgs.a(2d_com1.o)
                0x000000008001d2e8                _make_packet
 .text          0x000000008001d388       0x80 ../third_party/psyq/lib/libgte.a(cmb_00.o)
                0x000000008001d388                RotTransPers4
 .text          0x000000008001d408      0x290 ../third_party/psyq/lib/libgte.a(fgo_01.o)
                0x000000008001d408                RotMatrix
 .text          0x000000008001d698       0x90 ../third_party/psyq/lib/libgte.a(msc00.o)
                0x000000008001d6a0                InitGeom
 .text          0x000000008001d728       0x30 ../third_party/psyq/lib/libgte.a(mtx_07.o)
                0x000000008001d728                TransMatrix
 .text          0x000000008001d758      0x140 ../third_party/psyq/lib/libgte.a(mtx_08.o)
                0x000000008001d758                ScaleMatrix
 .text          0x000000008001d898       0x30 ../third_party/psyq/lib/libgte.a(mtx_09.o)
                0x000000008001d898                SetRotMatrix
 .text          0x000000008001d8c8       0x20 ../third_party/psyq/lib/libgte.a(mtx_12.o)
                0x000000008001d8c8                SetTransMatrix
 .text          0x000000008001d8e8       0xe0 ../third_party/psyq/lib/libgte.a(patchgte.o)
                0x000000008001d8e8                _patch_gte
 .text          0x000000008001d9c8       0x10 ../third_party/psyq/lib/libgte.a(reg09.o)
                0x000000008001d9c8                ReadGeomScreen
 .text          0x000000008001d9d8       0x20 ../third_party/psyq/lib/libgte.a(reg11.o)
                0x000000008001d9d8                SetFarColor
 .text          0x000000008001d9f8       0x20 ../third_party/psyq/lib/libgte.a(reg12.o)
                0x000000008001d9f8                SetGeomOffset
 .text          0x000000008001da18       0x20 ../third_party/psyq/lib/libspu.a(s_i.o)
                0x000000008001da18                SpuInit
 .text          0x000000008001da38      0x160 ../third_party/psyq/lib/libspu.a(s_ini.o)
                0x000000008001da38                _SpuInit
                0x000000008001db20                SpuStart
 .text          0x000000008001db98       0xb0 ../third_party/psyq/lib/libspu.a(s_itc.o)
                0x000000008001db98                SpuIsTransferCompleted
 .text          0x000000008001dc48       0x60 ../third_party/psyq/lib/libspu.a(s_m_init.o)
                0x000000008001dc48                SpuInitMalloc
 .text          0x000000008001dca8      0x300 ../third_party/psyq/lib/libspu.a(s_m_int.o)
                0x000000008001dca8                _spu_gcSPU
 .text          0x000000008001dfa8      0x2d0 ../third_party/psyq/lib/libspu.a(s_m_m.o)
                0x000000008001dfa8                SpuMalloc
 .text          0x000000008001e278      0x380 ../third_party/psyq/lib/libspu.a(s_sca.o)
                0x000000008001e278                SpuSetCommonAttr
 .text          0x000000008001e5f8      0x1c0 ../third_party/psyq/lib/libspu.a(s_sk.o)
                0x000000008001e5f8                SpuSetKey
 .text          0x000000008001e7b8       0x30 ../third_party/psyq/lib/libspu.a(s_stm.o)
                0x000000008001e7b8                SpuSetTransferMode
 .text          0x000000008001e7e8       0x60 ../third_party/psyq/lib/libspu.a(s_stsa.o)
                0x000000008001e7e8                SpuSetTransferStartAddr
 .text          0x000000008001e848      0x600 ../third_party/psyq/lib/libspu.a(s_sva.o)
                0x000000008001e848                SpuSetVoiceAttr
 .text          0x000000008001ee48       0x60 ../third_party/psyq/lib/libspu.a(s_w.o)
                0x000000008001ee48                SpuWrite
 .text          0x000000008001eea8      0xb40 ../third_party/psyq/lib/libspu.a(spu.o)
                0x000000008001eea8                _spu_init
                0x000000008001f2e8                _spu_FiDMA
                0x000000008001f3a4                _spu_Fr_
                0x000000008001f44c                _spu_t
                0x000000008001f6cc                _spu_Fw
                0x000000008001f750                _spu_Fr
                0x000000008001f7b4                _spu_FsetRXX
                0x000000008001f7f8                _spu_FsetRXXa
                0x000000008001f89c                _spu_FgetRXXa
                0x000000008001f8d8                _spu_FsetPCR
                0x000000008001f980                _spu_Fw1ts
 .text          0x000000008001f9e8       0x30 ../third_party/psyq/lib/libspu.a(s_dcb.o)
                0x000000008001f9e8                _SpuDataCallback
 .text          0x000000008001fa18      0x200 ../third_party/psyq/lib/libspu.a(s_n2p.o)
                0x000000008001fa18                _spu_note2pitch
                0x000000008001fae8                _spu_pitch2note
 .text          0x000000008001fc18       0x10 ../third_party/psyq/lib/libapi.a(a07.o)
                0x000000008001fc18                DeliverEvent
 .text          0x000000008001fc28       0x10 ../third_party/psyq/lib/libapi.a(a08.o)
                0x000000008001fc28                OpenEvent
 .text          0x000000008001fc38       0x10 ../third_party/psyq/lib/libapi.a(a11.o)
                0x000000008001fc38                TestEvent
 .text          0x000000008001fc48       0x10 ../third_party/psyq/lib/libapi.a(a12.o)
                0x000000008001fc48                EnableEvent
 .text          0x000000008001fc58       0x10 ../third_party/psyq/lib/libapi.a(a23.o)
                0x000000008001fc58                ReturnFromException
 .text          0x000000008001fc68       0x10 ../third_party/psyq/lib/libapi.a(a24.o)
                0x000000008001fc68                ResetEntryInt
 .text          0x000000008001fc78       0x10 ../third_party/psyq/lib/libapi.a(a25.o)
                0x000000008001fc78                HookEntryInt
 .text          0x000000008001fc88       0x20 ../third_party/psyq/lib/libapi.a(c114.o)
                0x000000008001fc90                _96_remove
 .text          0x000000008001fca8       0x10 ../third_party/psyq/lib/libapi.a(c73.o)
                0x000000008001fca8                GPU_cw
 .text          0x000000008001fcb8       0x10 ../third_party/psyq/lib/libapi.a(l10.o)
                0x000000008001fcb8                ChangeClearRCnt
 .text          0x000000008001fcc8       0x20 ../third_party/psyq/lib/libc.a(a63.o)
                0x000000008001fcd0                puts
 .text          0x000000008001fce8       0x10 ../third_party/psyq/lib/libc.a(c19.o)
                0x000000008001fce8                setjmp
 .text          0x000000008001fcf8       0x10 ../third_party/psyq/lib/libc.a(c27.o)
                0x000000008001fcf8                strlen
 .text          0x000000008001fd08       0x10 ../third_party/psyq/lib/libc.a(c43.o)
                0x000000008001fd08                memset
                0x000000008001fd20                . = ALIGN (0x10)
 *fill*         0x000000008001fd18        0x8 
 *(.init)
                0x000000008001fd20                . = ALIGN (0x10)
 *(.fini)
                0x000000008001fd20                . = ALIGN (0x10)
                0x000000008001fd20                __text_end = .
                0x000000008001fd20                __ftext_end = ABSOLUTE (.)
                0x000000008001fd20                __fdata_start = ABSOLUTE (.)

.rodata         0x000000008001fd20      0x9f4
 *(.rodata .rodata.* .rdata .rdata.* .gnu.linkonce.r.*)
 .rodata.str1.4
                0x000000008001fd20      0x116 main.o
                                        0x118 (size before relaxing)
 *fill*         0x000000008001fe36        0x2 
 .rodata.str1.4
                0x000000008001fe38       0x80 engine/graphics.o
 *fill*         0x000000008001feb8        0x8 
 .rodata        0x000000008001fec0       0x20 engine/input.o
                0x000000008001fec0                input_binds_default
 .rodata        0x000000008001fee0       0x10 ../third_party/common/crt0/crt0.o
 .rdata         0x000000008001fef0       0x50 ../third_party/psyq/lib/libds.a(dsplay.o)
 .rdata         0x000000008001ff40       0x70 ../third_party/psyq/lib/libds.a(dssys_1.o)
 .rdata         0x000000008001ffb0       0x70 ../third_party/psyq/lib/libds.a(dssys_2.o)
 .rdata         0x0000000080020020      0x260 ../third_party/psyq/lib/libcd.a(bios_1.o)
 .rdata         0x0000000080020280       0x70 ../third_party/psyq/lib/libetc.a(intr.o)
 .rdata         0x00000000800202f0       0x30 ../third_party/psyq/lib/libetc.a(intr_dma.o)
 .rdata         0x0000000080020320       0x10 ../third_party/psyq/lib/libetc.a(vsync.o)
 .rdata         0x0000000080020330       0xa0 ../third_party/psyq/lib/libgpu.a(font.o)
 .rdata         0x00000000800203d0      0x220 ../third_party/psyq/lib/libgpu.a(sys.o)
 .rdata         0x00000000800205f0       0x30 ../third_party/psyq/lib/libgs.a(2d_com1.o)
 .rdata         0x0000000080020620       0x40 ../third_party/psyq/lib/libspu.a(s_sca.o)
 .rdata         0x0000000080020660       0x40 ../third_party/psyq/lib/libspu.a(s_sva.o)
 .rdata         0x00000000800206a0       0x50 ../third_party/psyq/lib/libspu.a(spu.o)
                0x00000000800206f0                . = ALIGN (0x10)
                0x00000000800206f0                __preinit_array_start = .
 *(.preinit_array)
                0x00000000800206f0                __preinit_array_end = .
                0x00000000800206f0                . = ALIGN (0x10)
                0x00000000800206f0                __init_array_start = .
 *(SORT_BY_NAME(.init_array.*))
 *(.init_array)
                0x00000000800206f0                . = ALIGN (0x10)
 *crtbegin.o(.ctors)
 *(EXCLUDE_FILE(*crtend.o) .ctors)
 *(SORT_BY_NAME(.ctors.*))
 *crtend.o(.ctors)
                0x00000000800206f0                __init_array_end = .
                0x00000000800206f0                . = ALIGN (0x10)
                0x00000000800206f0                __fini_array_start = .
 *(.fini_array)
 *(SORT_BY_NAME(.fini_array.*))
 *crtbegin.o(.dtors)
 *(EXCLUDE_FILE(*crtend.o) .dtors)
 *(SORT_BY_NAME(.dtors.*))
 *crtend.o(.dtors)
                0x00000000800206f0                __fini_array_end = .
                0x00000000800206f0                __build_id = .
 *(.note.gnu.build-id)
 .note.gnu.build-id
                0x00000000800206f0       0x24 main.o
                0x0000000080020714                __build_id_end = .

.rel.dyn        0x0000000080020714        0x0
 .rel.dyn       0x0000000080020714        0x0 ../third_party/psyq/lib/libgpu.a(sys.o)

.rodata1
 *(.rodata1)
                0x0000000080020714                __data_start = .

.data           0x0000000080020720    0x380e0
 *(.a0table)
 *(.data .data.* .gnu.linkonce.d.*)
 .data          0x0000000080020720    0x30f60 main.o
                0x0000000080020720                tracks
                0x0000000080020728                beePU
                0x0000000080023838                beePU_size
                0x000000008002383c                beeHurt
                0x000000008002493c                beeHurt_size
                0x0000000080024940                menustart
                0x0000000080027a80                menustart_size
                0x0000000080027a84                buzz1
                0x0000000080029194                buzz1_size
                0x0000000080029198                img_wasp3
                0x0000000080029e38                img_wasp2
                0x000000008002aad8                img_wasp1
                0x000000008002b778                img_Press_start3
                0x000000008002df54                img_Press_start2
                0x0000000080030730                img_Press_start1
                0x0000000080032f0c                img_jam_3
                0x0000000080035744                img_jam_2
                0x0000000080037f7c                img_jam_1
                0x000000008003a7b4                img_health
                0x000000008003a9e4                img_gnd_1
                0x000000008003b294                img_gnd_0
                0x000000008003b974                img_flower3
                0x000000008003bd64                img_flower2
                0x000000008003bff0                img_flower1
                0x000000008003c324                img_cloud
                0x000000008003cd44                img_Buzzy
                0x00000000800426e4                img_bee_2
                0x0000000080042a90                img_bee_1
                0x0000000080042e3c                img_bee_0
                0x00000000800431e8                img_Bee
                0x00000000800471c0                img_background1layer33
                0x0000000080049af0                img_background1layer2
                0x000000008004c420                img_background1layer1
                0x000000008004ed50                img_background1
 .data          0x0000000080051680       0x10 ../third_party/psyq/lib/libapi.a(pad.o)
 .data          0x0000000080051690      0x340 ../third_party/psyq/lib/libds.a(dsplay.o)
 .data          0x00000000800519d0       0x30 ../third_party/psyq/lib/libds.a(dsready.o)
 .data          0x0000000080051a00      0x160 ../third_party/psyq/lib/libds.a(dssys_1.o)
 .data          0x0000000080051b60       0x90 ../third_party/psyq/lib/libds.a(dssys_2.o)
 .data          0x0000000080051bf0       0x10 ../third_party/psyq/lib/libds.a(dsfile.o)
                0x0000000080051bf4                DS_shell
 .data          0x0000000080051c00       0x30 ../third_party/psyq/lib/libds.a(dsread.o)
 .data          0x0000000080051c30      0x310 ../third_party/psyq/lib/libcd.a(bios_1.o)
                0x0000000080051c38                CD_cbsync
                0x0000000080051c3c                CD_cbready
                0x0000000080051c40                CD_debug
                0x0000000080051c44                CD_status
                0x0000000080051c48                CD_status1
                0x0000000080051c4c                CD_nopen
                0x0000000080051c50                CD_pos
                0x0000000080051c54                CD_mode
                0x0000000080051c55                CD_com
                0x0000000080051c58                DS_active
                0x0000000080051c5c                CD_comstr
                0x0000000080051cdc                CD_intstr
 .data          0x0000000080051f40       0x20 ../third_party/psyq/lib/libcd.a(bios_2.o)
 .data          0x0000000080051f60       0x20 ../third_party/psyq/lib/libcd.a(bios_3.o)
 .data          0x0000000080051f80     0x1100 ../third_party/psyq/lib/libetc.a(intr.o)
 .data          0x0000000080053080       0x30 ../third_party/psyq/lib/libetc.a(intr_dma.o)
 .data          0x00000000800530b0       0x30 ../third_party/psyq/lib/libetc.a(intr_vb.o)
                0x00000000800530d0                Vcount
 .data          0x00000000800530e0       0x10 ../third_party/psyq/lib/libetc.a(vmode.o)
 .data          0x00000000800530f0       0x20 ../third_party/psyq/lib/libetc.a(vsync.o)
                0x0000000080053100                Hcount
 .data          0x0000000080053110      0xb90 ../third_party/psyq/lib/libgpu.a(font.o)
                0x0000000080053110                Font
 .data          0x0000000080053ca0      0x1a0 ../third_party/psyq/lib/libgpu.a(sys.o)
                0x0000000080053cec                GPU_printf
                0x0000000080053cf0                GEnv
                0x0000000080053e18                _qin
                0x0000000080053e1c                _qout
 .data          0x0000000080053e40       0x10 ../third_party/psyq/lib/libgte.a(msc00.o)
 .data          0x0000000080053e50     0x4000 ../third_party/psyq/lib/libgte.a(cstbl.o)
                0x0000000080053e50                rcossin_tbl
 .data          0x0000000080057e50       0x80 ../third_party/psyq/lib/libspu.a(s_ini.o)
                0x0000000080057e58                _spu_EVdma
                0x0000000080057e5c                _spu_keystat
                0x0000000080057e60                _spu_trans_mode
                0x0000000080057e64                _spu_rev_flag
                0x0000000080057e68                _spu_rev_reserve_wa
                0x0000000080057e6c                _spu_rev_offsetaddr
                0x0000000080057e70                _spu_rev_attr
                0x0000000080057e84                _spu_RQvoice
                0x0000000080057e88                _spu_RQmask
                0x0000000080057e8c                _spu_voice_centerNote
                0x0000000080057ebc                _spu_env
                0x0000000080057ec0                _spu_isCalled
 .data          0x0000000080057ed0       0x10 ../third_party/psyq/lib/libspu.a(s_m.o)
                0x0000000080057ed0                _spu_AllocBlockNum
                0x0000000080057ed4                _spu_AllocLastNum
                0x0000000080057ed8                _spu_memList
 .data          0x0000000080057ee0       0x30 ../third_party/psyq/lib/libspu.a(s_rmp0.o)
                0x0000000080057ee0                _spu_rev_startaddr
 .data          0x0000000080057f10       0x60 ../third_party/psyq/lib/libspu.a(spu.o)
                0x0000000080057f10                _spu_RXX
                0x0000000080057f28                _spu_tsa
                0x0000000080057f2c                _spu_transMode
                0x0000000080057f30                _spu_addrMode
                0x0000000080057f34                _spu_mem_mode
                0x0000000080057f38                _spu_mem_mode_plus
                0x0000000080057f3c                _spu_mem_mode_unit
                0x0000000080057f40                _spu_mem_mode_unitM
                0x0000000080057f44                _spu_inTransfer
                0x0000000080057f48                _spu_transferCallback
                0x0000000080057f4c                _spu_IRQCallback
 .data          0x0000000080057f70      0x120 ../third_party/psyq/lib/libspu.a(s_n2p.o)
 *(.data1)
 *(.sdata .sdata.* .gnu.linkonce.s.*)
 *(.sdata2 .sdata2.* .gnu.linkonce.s2.*)
 *(.got.plt)
 *(.got)
                0x0000000080058800                . = ALIGN (0x800)
 *fill*         0x0000000080058090      0x770 
                0x0000000080058800                __data_end = .
                0x0000000080058800                __fdata_end = .
                0x0000000080058800                __bss_start = .

.sbss           0x0000000080058800     0x8d80
 *(.dynsbss)
 *(.sbss .sbss.* .gnu.linkonce.sb.*)
 *(.scommon)
 .scommon       0x0000000080058800       0x10 main.o
                0x0000000080058800                b
                0x0000000080058804                l_vag1_spu_addr
                0x0000000080058808                time3
                0x000000008005880c                a
 .scommon       0x0000000080058810        0xa engine/graphics.o
                0x0000000080058810                SCREEN_WIDTH
                0x0000000080058814                SCREEN_HEIGHT
                0x0000000080058818                currentBuffer
 *fill*         0x000000008005881a        0x2 
 .scommon       0x000000008005881c        0xd engine/input.o
                0x000000008005881c                input_pad
                0x0000000080058820                input_trig
                0x0000000080058824                input_held
                0x0000000080058828                input_suppress_trig
 .scommon       0x0000000080058829        0x0 engine/audio.o
 *(.dynbss)
 *(.bss .bss.* .gnu.linkonce.b.*)
 *fill*         0x0000000080058829        0x7 
 .bss           0x0000000080058830       0x20 main.o
                0x0000000080058830                gameState
                0x0000000080058834                c
                0x0000000080058838                bestScore
                0x000000008005883c                score
                0x0000000080058840                hitF
                0x0000000080058844                hitE
 .bss           0x0000000080058850       0x50 engine/input.o
 .bss           0x00000000800588a0       0x60 engine/audio.o
 .bss           0x0000000080058900       0x10 ../third_party/psyq/lib/libapi.a(pad.o)
                0x0000000080058900                _apiPadPatch
 .bss           0x0000000080058910       0x10 ../third_party/psyq/lib/libapi.a(patch.o)
 .bss           0x0000000080058920       0x10 ../third_party/psyq/lib/libapi.a(chclrpad.o)
 .bss           0x0000000080058930       0x10 ../third_party/psyq/lib/libds.a(dsplay.o)
 .bss           0x0000000080058940       0x10 ../third_party/psyq/lib/libds.a(dssys_1.o)
 .bss           0x0000000080058950      0x1a0 ../third_party/psyq/lib/libds.a(dssys_2.o)
 .bss           0x0000000080058af0        0xc ../third_party/psyq/lib/libds.a(dscb.o)
                0x0000000080058af0                GlobalCallback
 *fill*         0x0000000080058afc        0x4 
 .bss           0x0000000080058b00       0x34 ../third_party/psyq/lib/libcd.a(bios_1.o)
                0x0000000080058b30                StMode
 *fill*         0x0000000080058b34        0x4 
 .bss           0x0000000080058b38     0x4410 ../third_party/psyq/lib/libgpu.a(font.o)
 .bss           0x000000008005cf48     0x1850 ../third_party/psyq/lib/libgpu.a(sys.o)
                0x000000008005cf98                _que
 .bss           0x000000008005e798       0x54 ../third_party/psyq/lib/libgs.a(global.o)
                0x000000008005e798                GsOUT_PACKET_P
                0x000000008005e7a0                GsMATE_C
                0x000000008005e7a8                GsLMODE
                0x000000008005e7b0                GsLIGNR
                0x000000008005e7b8                GsLIOFF
                0x000000008005e7c0                GsZOVER
                0x000000008005e7c8                GsBACKC
                0x000000008005e7d0                GsNDIV
                0x000000008005e7d8                GsTRATE
                0x000000008005e7e0                GsTON
                0x000000008005e7e8                GsDISPON
 *fill*         0x000000008005e7ec        0x4 
 .bss           0x000000008005e7f0       0xea ../third_party/psyq/lib/libgs.a(gs_001.o)
                0x000000008005e810                PSDIDX
                0x000000008005e818                GsDRAWENV
                0x000000008005e878                GsDISPENV
                0x000000008005e890                PSDGPU
                0x000000008005e898                PSDBASEX
                0x000000008005e8a0                PSDBASEY
                0x000000008005e8a8                POSITION
                0x000000008005e8b0                CLIP2
                0x000000008005e8b8                PSDCNT
                0x000000008005e8c0                PSDOFSX
                0x000000008005e8c8                PSDOFSY
                0x000000008005e8d0                GsORGOFSX
                0x000000008005e8d8                GsORGOFSY
 *fill*         0x000000008005e8da        0x6 
 .bss           0x000000008005e8e0       0x24 ../third_party/psyq/lib/libgs.a(gs_104.o)
                0x000000008005e8e0                HWD0
                0x000000008005e8e8                VWD0
                0x000000008005e8f0                GsCLIP3near
                0x000000008005e8f8                GsLIGHT_MODE
                0x000000008005e900                GsCLIP3far
 *fill*         0x000000008005e904        0x4 
 .bss           0x000000008005e908       0x40 ../third_party/psyq/lib/libgs.a(gs_107.o)
                0x000000008005e908                GsLIGHTWSMATRIX
                0x000000008005e928                _LC
 .bss           0x000000008005e948       0x40 ../third_party/psyq/lib/libgs.a(gs_128.o)
                0x000000008005e948                GsIDMATRIX
                0x000000008005e968                GsIDMATRIX2
 .bss           0x000000008005e988       0x10 ../third_party/psyq/lib/libgte.a(patchgte.o)
 .bss           0x000000008005e998       0x14 ../third_party/psyq/lib/libspu.a(spu.o)
                0x000000008005e998                _spu_RQ
 *(COMMON)
 COMMON         0x000000008005e9ac     0x1404 main.o
                0x000000008005e9ac                mainPlayerL
                0x000000008005eaec                g_s_attr
                0x000000008005eb2c                BeeL
                0x000000008005eb7c                enemies
                0x000000008005eba0                flowers
                0x000000008005ec0c                Buzzy
                0x000000008005ec30                clouds1L
                0x000000008005ecd0                pressStartL
                0x000000008005edc0                mainPlayer
                0x000000008005ede4                BuzzyL
                0x000000008005ee34                rocksL
                0x000000008005ef24                Bee
                0x000000008005ef48                mainHealth
                0x000000008005efa0                jamL
                0x000000008005f090                l_c_attr
                0x000000008005f0b8                jam
                0x000000008005f0dc                clouds2
                0x000000008005f124                clouds2L
                0x000000008005f1c4                hillsL
                0x000000008005f354                hills
                0x000000008005f408                enemiesL
                0x000000008005f548                mainTimer
                0x000000008005f55c                rocks
                0x000000008005f5c8                flowersL
                0x000000008005f6b8                groundL
                0x000000008005fa28                barL
                0x000000008005fbb8                clouds1
                0x000000008005fc00                pressStart
                0x000000008005fc24                ground
 COMMON         0x000000008005fdb0     0x17b4 engine/graphics.o
                0x000000008005fdb0                GPUOutputPacket
                0x0000000080061520                systemBackgroundColor
                0x000000008006152c                orderingTable
                0x0000000080061554                minorOrderingTable
 COMMON         0x0000000080061564       0x1c engine/input.o
                0x0000000080061564                input_binds
                0x0000000080061580                . = ALIGN (0x4)
                0x0000000080061580                __bss_end = .
                0x0000000080061580                __heap_start = __heap_base
                0x000000008000f800                . = (ADDR (.text) - 0x800)
                0x000000008000f800                __end = .

/DISCARD/
 *(.MIPS.abiflags)
 *(.rel.iplt)
 *(.rela.iplt)
 *(.rel.plt)
 *(.rela.plt)
 *(.plt)
 *(.iplt)
 *(.note.GNU-stack)
 *(.gnu_debuglink)
 *(.gnu.lto_*)
OUTPUT(BuzzyBee.elf elf32-tradlittlemips)

.mdebug.abi32   0x0000000000000000        0x0
 .mdebug.abi32  0x0000000000000000        0x0 main.o
 .mdebug.abi32  0x0000000000000000        0x0 engine/graphics.o
 .mdebug.abi32  0x0000000000000000        0x0 engine/input.o
 .mdebug.abi32  0x0000000000000000        0x0 engine/timerz.o
 .mdebug.abi32  0x0000000000000000        0x0 engine/audio.o

.comment        0x0000000000000000       0x2a
 .comment       0x0000000000000000       0x2a main.o
                                         0x2b (size before relaxing)
 .comment       0x000000000000002a       0x2b engine/graphics.o
 .comment       0x000000000000002a       0x2b engine/input.o
 .comment       0x000000000000002a       0x2b engine/timerz.o
 .comment       0x000000000000002a       0x2b engine/audio.o

.gnu.attributes
                0x0000000000000000       0x10
 .gnu.attributes
                0x0000000000000000       0x10 main.o
 .gnu.attributes
                0x0000000000000010       0x10 engine/graphics.o
 .gnu.attributes
                0x0000000000000020       0x10 engine/input.o
 .gnu.attributes
                0x0000000000000030       0x10 engine/timerz.o
 .gnu.attributes
                0x0000000000000040       0x10 engine/audio.o
 .gnu.attributes
                0x0000000000000050       0x10 ../third_party/common/crt0/crt0.o

.pdr            0x0000000000000000        0x0
 .pdr           0x0000000000000000        0x0 ../third_party/common/crt0/crt0.o

.note           0x0000000000000000     0x3830
 .note          0x0000000000000000       0x74 ../third_party/psyq/lib/libapi.a(a91.o)
 .note          0x0000000000000074       0x74 ../third_party/psyq/lib/libapi.a(pad.o)
 .note          0x00000000000000e8       0x74 ../third_party/psyq/lib/libapi.a(patch.o)
 .note          0x000000000000015c       0x74 ../third_party/psyq/lib/libapi.a(a18.o)
 .note          0x00000000000001d0       0x74 ../third_party/psyq/lib/libapi.a(a19.o)
 .note          0x0000000000000244       0x74 ../third_party/psyq/lib/libapi.a(a21.o)
 .note          0x00000000000002b8       0x74 ../third_party/psyq/lib/libapi.a(a36.o)
 .note          0x000000000000032c       0x74 ../third_party/psyq/lib/libapi.a(a37.o)
 .note          0x00000000000003a0       0x74 ../third_party/psyq/lib/libapi.a(c68.o)
 .note          0x0000000000000414       0x74 ../third_party/psyq/lib/libapi.a(chclrpad.o)
 .note          0x0000000000000488       0x74 ../third_party/psyq/lib/libapi.a(l02.o)
 .note          0x00000000000004fc       0x74 ../third_party/psyq/lib/libapi.a(l03.o)
 .note          0x0000000000000570       0x74 ../third_party/psyq/lib/libc.a(c42.o)
 .note          0x00000000000005e4       0x74 ../third_party/psyq/lib/libc.a(c47.o)
 .note          0x0000000000000658       0x74 ../third_party/psyq/lib/libc.a(c48.o)
 .note          0x00000000000006cc       0x74 ../third_party/psyq/lib/libc.a(c63.o)
 .note          0x0000000000000740       0x74 ../third_party/psyq/lib/libds.a(dsplay.o)
 .note          0x00000000000007b4       0x74 ../third_party/psyq/lib/libds.a(dsready.o)
 .note          0x0000000000000828       0x74 ../third_party/psyq/lib/libds.a(dssys_1.o)
 .note          0x000000000000089c       0x74 ../third_party/psyq/lib/libds.a(dssys_2.o)
 .note          0x0000000000000910       0x74 ../third_party/psyq/lib/libds.a(dstoc.o)
 .note          0x0000000000000984       0x74 ../third_party/psyq/lib/libds.a(d1_001.o)
 .note          0x00000000000009f8       0x74 ../third_party/psyq/lib/libds.a(d1_002.o)
 .note          0x0000000000000a6c       0x74 ../third_party/psyq/lib/libds.a(d2_005.o)
 .note          0x0000000000000ae0       0x74 ../third_party/psyq/lib/libds.a(d3_002.o)
 .note          0x0000000000000b54       0x74 ../third_party/psyq/lib/libds.a(d3_005.o)
 .note          0x0000000000000bc8       0x74 ../third_party/psyq/lib/libds.a(d3_006.o)
 .note          0x0000000000000c3c       0x74 ../third_party/psyq/lib/libds.a(d4_003.o)
 .note          0x0000000000000cb0       0x74 ../third_party/psyq/lib/libds.a(dscb.o)
 .note          0x0000000000000d24       0x74 ../third_party/psyq/lib/libds.a(dscb_2.o)
 .note          0x0000000000000d98       0x74 ../third_party/psyq/lib/libds.a(dscb_3.o)
 .note          0x0000000000000e0c       0x74 ../third_party/psyq/lib/libds.a(dscb_4.o)
 .note          0x0000000000000e80       0x74 ../third_party/psyq/lib/libds.a(dsfile.o)
 .note          0x0000000000000ef4       0x74 ../third_party/psyq/lib/libds.a(dsread.o)
 .note          0x0000000000000f68       0x74 ../third_party/psyq/lib/libds.a(d2_003.o)
 .note          0x0000000000000fdc       0x74 ../third_party/psyq/lib/libds.a(d3_003.o)
 .note          0x0000000000001050       0x74 ../third_party/psyq/lib/libds.a(d3_008.o)
 .note          0x00000000000010c4       0x74 ../third_party/psyq/lib/libcd.a(bios_1.o)
 .note          0x0000000000001138       0x74 ../third_party/psyq/lib/libcd.a(bios_2.o)
 .note          0x00000000000011ac       0x74 ../third_party/psyq/lib/libcd.a(bios_3.o)
 .note          0x0000000000001220       0x74 ../third_party/psyq/lib/libetc.a(intr.o)
 .note          0x0000000000001294       0x74 ../third_party/psyq/lib/libetc.a(intr_dma.o)
 .note          0x0000000000001308       0x74 ../third_party/psyq/lib/libetc.a(intr_vb.o)
 .note          0x000000000000137c       0x74 ../third_party/psyq/lib/libetc.a(vmode.o)
 .note          0x00000000000013f0       0x74 ../third_party/psyq/lib/libetc.a(vsync.o)
 .note          0x0000000000001464       0x74 ../third_party/psyq/lib/libgpu.a(font.o)
 .note          0x00000000000014d8       0x74 ../third_party/psyq/lib/libgpu.a(p00.o)
 .note          0x000000000000154c       0x74 ../third_party/psyq/lib/libgpu.a(p06.o)
 .note          0x00000000000015c0       0x74 ../third_party/psyq/lib/libgpu.a(p09.o)
 .note          0x0000000000001634       0x74 ../third_party/psyq/lib/libgpu.a(p10.o)
 .note          0x00000000000016a8       0x74 ../third_party/psyq/lib/libgpu.a(p20.o)
 .note          0x000000000000171c       0x74 ../third_party/psyq/lib/libgpu.a(p26.o)
 .note          0x0000000000001790       0x74 ../third_party/psyq/lib/libgpu.a(p27.o)
 .note          0x0000000000001804       0x74 ../third_party/psyq/lib/libgpu.a(p41.o)
 .note          0x0000000000001878       0x74 ../third_party/psyq/lib/libgpu.a(sys.o)
 .note          0x00000000000018ec       0x74 ../third_party/psyq/lib/libgpu.a(e00.o)
 .note          0x0000000000001960       0x74 ../third_party/psyq/lib/libgpu.a(e02.o)
 .note          0x00000000000019d4       0x74 ../third_party/psyq/lib/libgpu.a(p01.o)
 .note          0x0000000000001a48       0x74 ../third_party/psyq/lib/libgs.a(2d_sp0.o)
 .note          0x0000000000001abc       0x74 ../third_party/psyq/lib/libgs.a(global.o)
 .note          0x0000000000001b30       0x74 ../third_party/psyq/lib/libgs.a(gs_001.o)
 .note          0x0000000000001ba4       0x74 ../third_party/psyq/lib/libgs.a(gs_0021.o)
 .note          0x0000000000001c18       0x74 ../third_party/psyq/lib/libgs.a(gs_0022.o)
 .note          0x0000000000001c8c       0x74 ../third_party/psyq/lib/libgs.a(gs_003.o)
 .note          0x0000000000001d00       0x74 ../third_party/psyq/lib/libgs.a(gs_010.o)
 .note          0x0000000000001d74       0x74 ../third_party/psyq/lib/libgs.a(gs_103.o)
 .note          0x0000000000001de8       0x74 ../third_party/psyq/lib/libgs.a(gs_104.o)
 .note          0x0000000000001e5c       0x74 ../third_party/psyq/lib/libgs.a(gs_107.o)
 .note          0x0000000000001ed0       0x74 ../third_party/psyq/lib/libgs.a(gs_111.o)
 .note          0x0000000000001f44       0x74 ../third_party/psyq/lib/libgs.a(gs_113.o)
 .note          0x0000000000001fb8       0x74 ../third_party/psyq/lib/libgs.a(gs_121.o)
 .note          0x000000000000202c       0x74 ../third_party/psyq/lib/libgs.a(gs_122.o)
 .note          0x00000000000020a0       0x74 ../third_party/psyq/lib/libgs.a(gs_124.o)
 .note          0x0000000000002114       0x74 ../third_party/psyq/lib/libgs.a(gs_128.o)
 .note          0x0000000000002188       0x74 ../third_party/psyq/lib/libgs.a(2d_com1.o)
 .note          0x00000000000021fc       0x74 ../third_party/psyq/lib/libgte.a(cmb_00.o)
 .note          0x0000000000002270       0x74 ../third_party/psyq/lib/libgte.a(fgo_01.o)
 .note          0x00000000000022e4       0x74 ../third_party/psyq/lib/libgte.a(msc00.o)
 .note          0x0000000000002358       0x74 ../third_party/psyq/lib/libgte.a(msc01.o)
 .note          0x00000000000023cc       0x74 ../third_party/psyq/lib/libgte.a(mtx_07.o)
 .note          0x0000000000002440       0x74 ../third_party/psyq/lib/libgte.a(mtx_08.o)
 .note          0x00000000000024b4       0x74 ../third_party/psyq/lib/libgte.a(mtx_09.o)
 .note          0x0000000000002528       0x74 ../third_party/psyq/lib/libgte.a(mtx_11.o)
 .note          0x000000000000259c       0x74 ../third_party/psyq/lib/libgte.a(mtx_12.o)
 .note          0x0000000000002610       0x74 ../third_party/psyq/lib/libgte.a(patchgte.o)
 .note          0x0000000000002684       0x74 ../third_party/psyq/lib/libgte.a(reg09.o)
 .note          0x00000000000026f8       0x74 ../third_party/psyq/lib/libgte.a(reg11.o)
 .note          0x000000000000276c       0x74 ../third_party/psyq/lib/libgte.a(reg12.o)
 .note          0x00000000000027e0       0x74 ../third_party/psyq/lib/libgte.a(sqrtbl.o)
 .note          0x0000000000002854       0x74 ../third_party/psyq/lib/libgte.a(cstbl.o)
 .note          0x00000000000028c8       0x74 ../third_party/psyq/lib/libspu.a(s_i.o)
 .note          0x000000000000293c       0x74 ../third_party/psyq/lib/libspu.a(s_ini.o)
 .note          0x00000000000029b0       0x74 ../third_party/psyq/lib/libspu.a(s_itc.o)
 .note          0x0000000000002a24       0x74 ../third_party/psyq/lib/libspu.a(s_m.o)
 .note          0x0000000000002a98       0x74 ../third_party/psyq/lib/libspu.a(s_m_f.o)
 .note          0x0000000000002b0c       0x74 ../third_party/psyq/lib/libspu.a(s_m_init.o)
 .note          0x0000000000002b80       0x74 ../third_party/psyq/lib/libspu.a(s_m_int.o)
 .note          0x0000000000002bf4       0x74 ../third_party/psyq/lib/libspu.a(s_m_m.o)
 .note          0x0000000000002c68       0x74 ../third_party/psyq/lib/libspu.a(s_rmp0.o)
 .note          0x0000000000002cdc       0x74 ../third_party/psyq/lib/libspu.a(s_sca.o)
 .note          0x0000000000002d50       0x74 ../third_party/psyq/lib/libspu.a(s_sk.o)
 .note          0x0000000000002dc4       0x74 ../third_party/psyq/lib/libspu.a(s_stm.o)
 .note          0x0000000000002e38       0x74 ../third_party/psyq/lib/libspu.a(s_stsa.o)
 .note          0x0000000000002eac       0x74 ../third_party/psyq/lib/libspu.a(s_sva.o)
 .note          0x0000000000002f20       0x74 ../third_party/psyq/lib/libspu.a(s_w.o)
 .note          0x0000000000002f94       0x74 ../third_party/psyq/lib/libspu.a(spu.o)
 .note          0x0000000000003008       0x74 ../third_party/psyq/lib/libspu.a(s_dcb.o)
 .note          0x000000000000307c       0x74 ../third_party/psyq/lib/libspu.a(s_n2p.o)
 .note          0x00000000000030f0       0x74 ../third_party/psyq/lib/libapi.a(a07.o)
 .note          0x0000000000003164       0x74 ../third_party/psyq/lib/libapi.a(a08.o)
 .note          0x00000000000031d8       0x74 ../third_party/psyq/lib/libapi.a(a11.o)
 .note          0x000000000000324c       0x74 ../third_party/psyq/lib/libapi.a(a12.o)
 .note          0x00000000000032c0       0x74 ../third_party/psyq/lib/libapi.a(a23.o)
 .note          0x0000000000003334       0x74 ../third_party/psyq/lib/libapi.a(a24.o)
 .note          0x00000000000033a8       0x74 ../third_party/psyq/lib/libapi.a(a25.o)
 .note          0x000000000000341c       0x74 ../third_party/psyq/lib/libapi.a(c114.o)
 .note          0x0000000000003490       0x74 ../third_party/psyq/lib/libapi.a(c73.o)
 .note          0x0000000000003504       0x74 ../third_party/psyq/lib/libapi.a(l10.o)
 .note          0x0000000000003578       0x74 ../third_party/psyq/lib/libc.a(a63.o)
 .note          0x00000000000035ec       0x74 ../third_party/psyq/lib/libc.a(c19.o)
 .note          0x0000000000003660       0x74 ../third_party/psyq/lib/libc.a(c23.o)
 .note          0x00000000000036d4       0x74 ../third_party/psyq/lib/libc.a(c24.o)
 .note          0x0000000000003748       0x74 ../third_party/psyq/lib/libc.a(c27.o)
 .note          0x00000000000037bc       0x74 ../third_party/psyq/lib/libc.a(c43.o)

.debug_info     0x0000000000000000     0x497d
 .debug_info    0x0000000000000000     0x252d main.o
 .debug_info    0x000000000000252d     0x1848 engine/graphics.o
 .debug_info    0x0000000000003d75      0x43c engine/input.o
 .debug_info    0x00000000000041b1      0x158 engine/timerz.o
 .debug_info    0x0000000000004309      0x64e engine/audio.o
 .debug_info    0x0000000000004957       0x26 ../third_party/common/crt0/crt0.o

.debug_abbrev   0x0000000000000000      0xc0d
 .debug_abbrev  0x0000000000000000      0x390 main.o
 .debug_abbrev  0x0000000000000390      0x3bc engine/graphics.o
 .debug_abbrev  0x000000000000074c      0x1ba engine/input.o
 .debug_abbrev  0x0000000000000906      0x127 engine/timerz.o
 .debug_abbrev  0x0000000000000a2d      0x1cc engine/audio.o
 .debug_abbrev  0x0000000000000bf9       0x14 ../third_party/common/crt0/crt0.o

.debug_loc      0x0000000000000000     0x1376
 .debug_loc     0x0000000000000000      0x6ca main.o
 .debug_loc     0x00000000000006ca      0x868 engine/graphics.o
 .debug_loc     0x0000000000000f32      0x1fe engine/timerz.o
 .debug_loc     0x0000000000001130      0x246 engine/audio.o

.debug_aranges  0x0000000000000000      0x210
 .debug_aranges
                0x0000000000000000       0x90 main.o
 .debug_aranges
                0x0000000000000090       0xc8 engine/graphics.o
 .debug_aranges
                0x0000000000000158       0x28 engine/input.o
 .debug_aranges
                0x0000000000000180       0x28 engine/timerz.o
 .debug_aranges
                0x00000000000001a8       0x48 engine/audio.o
 .debug_aranges
                0x00000000000001f0       0x20 ../third_party/common/crt0/crt0.o

.debug_ranges   0x0000000000000000      0x398
 .debug_ranges  0x0000000000000000      0x248 main.o
 .debug_ranges  0x0000000000000248       0xe8 engine/graphics.o
 .debug_ranges  0x0000000000000330       0x18 engine/input.o
 .debug_ranges  0x0000000000000348       0x18 engine/timerz.o
 .debug_ranges  0x0000000000000360       0x38 engine/audio.o

.debug_line     0x0000000000000000     0x2087
 .debug_line    0x0000000000000000     0x147e main.o
 .debug_line    0x000000000000147e      0x78a engine/graphics.o
 .debug_line    0x0000000000001c08      0x115 engine/input.o
 .debug_line    0x0000000000001d1d      0x10d engine/timerz.o
 .debug_line    0x0000000000001e2a      0x1fa engine/audio.o
 .debug_line    0x0000000000002024       0x63 ../third_party/common/crt0/crt0.o

.debug_str      0x0000000000000000      0xfd8
 .debug_str     0x0000000000000000      0xb7c main.o
                                        0xbfc (size before relaxing)
 .debug_str     0x0000000000000b7c      0x284 engine/graphics.o
                                        0x6ee (size before relaxing)
 .debug_str     0x0000000000000e00       0x61 engine/input.o
                                        0x39a (size before relaxing)
 .debug_str     0x0000000000000e61       0x16 engine/timerz.o
                                        0x1e5 (size before relaxing)
 .debug_str     0x0000000000000e77      0x133 engine/audio.o
                                        0x3c9 (size before relaxing)
 .debug_str     0x0000000000000faa       0x2e ../third_party/common/crt0/crt0.o
                                         0x42 (size before relaxing)

.debug_frame    0x0000000000000000      0x6b4
 .debug_frame   0x0000000000000000      0x2ac main.o
 .debug_frame   0x00000000000002ac      0x2bc engine/graphics.o
 .debug_frame   0x0000000000000568       0x40 engine/input.o
 .debug_frame   0x00000000000005a8       0x4c engine/timerz.o
 .debug_frame   0x00000000000005f4       0xc0 engine/audio.o
