Archive member included to satisfy reference by file (symbol)

../third_party/psyq/lib/libapi.a(a91.o)
                              engine/input.o (ChangeClearPAD)
../third_party/psyq/lib/libapi.a(pad.o)
                              engine/input.o (InitPAD)
../third_party/psyq/lib/libapi.a(patch.o)
                              ../third_party/psyq/lib/libapi.a(pad.o) (_patch_pad)
../third_party/psyq/lib/libapi.a(a18.o)
                              ../third_party/psyq/lib/libapi.a(pad.o) (InitPAD2)
../third_party/psyq/lib/libapi.a(a19.o)
                              ../third_party/psyq/lib/libapi.a(pad.o) (StartPAD2)
../third_party/psyq/lib/libapi.a(a21.o)
                              ../third_party/psyq/lib/libapi.a(pad.o) (PAD_init2)
../third_party/psyq/lib/libapi.a(a36.o)
                              ../third_party/psyq/lib/libapi.a(pad.o) (EnterCriticalSection)
../third_party/psyq/lib/libapi.a(a37.o)
                              ../third_party/psyq/lib/libapi.a(pad.o) (ExitCriticalSection)
../third_party/psyq/lib/libapi.a(c68.o)
                              ../third_party/psyq/lib/libapi.a(patch.o) (FlushCache)
../third_party/psyq/lib/libapi.a(chclrpad.o)
                              ../third_party/psyq/lib/libapi.a(pad.o) (_remove_ChgclrPAD)
../third_party/psyq/lib/libapi.a(l02.o)
                              ../third_party/psyq/lib/libapi.a(pad.o) (SysEnqIntRP)
../third_party/psyq/lib/libapi.a(l03.o)
                              ../third_party/psyq/lib/libapi.a(pad.o) (SysDeqIntRP)
../third_party/psyq/lib/libc.a(c42.o)
                              main.o (memcpy)
../third_party/psyq/lib/libc.a(c47.o)
                              main.o (rand)
../third_party/psyq/lib/libc.a(c48.o)
                              main.o (srand)
../third_party/psyq/lib/libc.a(c63.o)
                              main.o (printf)
../third_party/psyq/lib/libetc.a(vmode.o)
                              engine/graphics.o (GetVideoMode)
../third_party/psyq/lib/libetc.a(vsync.o)
                              engine/graphics.o (VSync)
../third_party/psyq/lib/libetc.a(intr_vb.o)
                              ../third_party/psyq/lib/libetc.a(vsync.o) (Vcount)
../third_party/psyq/lib/libetc.a(intr.o)
                              ../third_party/psyq/lib/libetc.a(intr_vb.o) (InterruptCallback)
../third_party/psyq/lib/libetc.a(intr_dma.o)
                              ../third_party/psyq/lib/libetc.a(intr.o) (startIntrDMA)
../third_party/psyq/lib/libgpu.a(font.o)
                              engine/graphics.o (FntFlush)
../third_party/psyq/lib/libgpu.a(p00.o)
                              engine/graphics.o (GetTPage)
../third_party/psyq/lib/libgpu.a(p06.o)
                              ../third_party/psyq/lib/libgpu.a(font.o) (AddPrim)
../third_party/psyq/lib/libgpu.a(p09.o)
                              ../third_party/psyq/lib/libgpu.a(font.o) (TermPrim)
../third_party/psyq/lib/libgpu.a(p10.o)
                              ../third_party/psyq/lib/libgpu.a(font.o) (SetSemiTrans)
../third_party/psyq/lib/libgpu.a(p20.o)
                              ../third_party/psyq/lib/libgpu.a(font.o) (SetSprt8)
../third_party/psyq/lib/libgpu.a(p26.o)
                              ../third_party/psyq/lib/libgpu.a(font.o) (SetTile)
../third_party/psyq/lib/libgpu.a(p27.o)
                              engine/graphics.o (SetLineF2)
../third_party/psyq/lib/libgpu.a(p41.o)
                              ../third_party/psyq/lib/libgpu.a(font.o) (SetDrawMode)
../third_party/psyq/lib/libgpu.a(sys.o)
                              engine/graphics.o (ClearImage2)
../third_party/psyq/lib/libgpu.a(e00.o)
                              ../third_party/psyq/lib/libgpu.a(font.o) (LoadTPage)
../third_party/psyq/lib/libgpu.a(e02.o)
                              ../third_party/psyq/lib/libgpu.a(font.o) (LoadClut2)
../third_party/psyq/lib/libgpu.a(p01.o)
                              ../third_party/psyq/lib/libgpu.a(e02.o) (GetClut)
../third_party/psyq/lib/libgs.a(2d_sp0.o)
                              engine/graphics.o (GsSortSprite)
../third_party/psyq/lib/libgs.a(global.o)
                              ../third_party/psyq/lib/libgs.a(2d_sp0.o) (GsOUT_PACKET_P)
../third_party/psyq/lib/libgs.a(gs_001.o)
                              ../third_party/psyq/lib/libgs.a(2d_sp0.o) (GsORGOFSY)
../third_party/psyq/lib/libgs.a(gs_0021.o)
                              engine/graphics.o (GsGetActiveBuff)
../third_party/psyq/lib/libgs.a(gs_0022.o)
                              ../third_party/psyq/lib/libgs.a(gs_001.o) (GsSetDrawBuffOffset)
../third_party/psyq/lib/libgs.a(gs_003.o)
                              ../third_party/psyq/lib/libgs.a(gs_001.o) (GsSetDrawBuffClip)
../third_party/psyq/lib/libgs.a(gs_010.o)
                              engine/graphics.o (GsSwapDispBuff)
../third_party/psyq/lib/libgs.a(gs_103.o)
                              engine/graphics.o (GsDefDispBuff)
../third_party/psyq/lib/libgs.a(gs_104.o)
                              ../third_party/psyq/lib/libgs.a(gs_001.o) (HWD0)
../third_party/psyq/lib/libgs.a(gs_107.o)
                              ../third_party/psyq/lib/libgs.a(gs_001.o) (GsLIGHTWSMATRIX)
../third_party/psyq/lib/libgs.a(gs_111.o)
                              engine/graphics.o (GsDrawOt)
../third_party/psyq/lib/libgs.a(gs_113.o)
                              engine/graphics.o (GsClearOt)
../third_party/psyq/lib/libgs.a(gs_121.o)
                              ../third_party/psyq/lib/libgs.a(gs_001.o) (gte_init)
../third_party/psyq/lib/libgs.a(gs_122.o)
                              engine/graphics.o (GsGetTimInfo)
../third_party/psyq/lib/libgs.a(gs_124.o)
                              engine/graphics.o (GsSetWorkBase)
../third_party/psyq/lib/libgs.a(gs_128.o)
                              ../third_party/psyq/lib/libgs.a(2d_sp0.o) (GsIDMATRIX)
../third_party/psyq/lib/libgs.a(2d_com1.o)
                              ../third_party/psyq/lib/libgs.a(2d_sp0.o) (_make_packet)
../third_party/psyq/lib/libgte.a(cmb_00.o)
                              ../third_party/psyq/lib/libgs.a(2d_sp0.o) (RotTransPers4)
../third_party/psyq/lib/libgte.a(fgo_01.o)
                              ../third_party/psyq/lib/libgs.a(2d_sp0.o) (RotMatrix)
../third_party/psyq/lib/libgte.a(msc00.o)
                              ../third_party/psyq/lib/libgs.a(gs_121.o) (InitGeom)
../third_party/psyq/lib/libgte.a(msc01.o)
                              ../third_party/psyq/lib/libgs.a(gs_107.o) (SquareRoot0)
../third_party/psyq/lib/libgte.a(mtx_07.o)
                              ../third_party/psyq/lib/libgs.a(2d_sp0.o) (TransMatrix)
../third_party/psyq/lib/libgte.a(mtx_08.o)
                              ../third_party/psyq/lib/libgs.a(2d_sp0.o) (ScaleMatrix)
../third_party/psyq/lib/libgte.a(mtx_09.o)
                              ../third_party/psyq/lib/libgs.a(2d_sp0.o) (SetRotMatrix)
../third_party/psyq/lib/libgte.a(mtx_11.o)
                              ../third_party/psyq/lib/libgs.a(gs_107.o) (SetColorMatrix)
../third_party/psyq/lib/libgte.a(mtx_12.o)
                              ../third_party/psyq/lib/libgs.a(2d_sp0.o) (SetTransMatrix)
../third_party/psyq/lib/libgte.a(patchgte.o)
                              ../third_party/psyq/lib/libgte.a(msc00.o) (_patch_gte)
../third_party/psyq/lib/libgte.a(reg09.o)
                              ../third_party/psyq/lib/libgs.a(2d_sp0.o) (ReadGeomScreen)
../third_party/psyq/lib/libgte.a(reg11.o)
                              ../third_party/psyq/lib/libgs.a(gs_121.o) (SetFarColor)
../third_party/psyq/lib/libgte.a(reg12.o)
                              ../third_party/psyq/lib/libgs.a(gs_0022.o) (SetGeomOffset)
../third_party/psyq/lib/libgte.a(sqrtbl.o)
                              ../third_party/psyq/lib/libgte.a(msc01.o) (SQRT)
../third_party/psyq/lib/libgte.a(cstbl.o)
                              ../third_party/psyq/lib/libgte.a(fgo_01.o) (rcossin_tbl)
../third_party/psyq/lib/libspu.a(s_i.o)
                              engine/audio.o (SpuInit)
../third_party/psyq/lib/libspu.a(s_ini.o)
                              ../third_party/psyq/lib/libspu.a(s_i.o) (_SpuInit)
../third_party/psyq/lib/libspu.a(s_itc.o)
                              engine/audio.o (SpuIsTransferCompleted)
../third_party/psyq/lib/libspu.a(s_m.o)
                              ../third_party/psyq/lib/libspu.a(s_ini.o) (_spu_memList)
../third_party/psyq/lib/libspu.a(s_m_f.o)
                              engine/audio.o (SpuFree)
../third_party/psyq/lib/libspu.a(s_m_init.o)
                              engine/audio.o (SpuInitMalloc)
../third_party/psyq/lib/libspu.a(s_m_int.o)
                              ../third_party/psyq/lib/libspu.a(s_m_f.o) (_spu_gcSPU)
../third_party/psyq/lib/libspu.a(s_m_m.o)
                              engine/audio.o (SpuMalloc)
../third_party/psyq/lib/libspu.a(s_rmp0.o)
                              ../third_party/psyq/lib/libspu.a(s_ini.o) (_spu_rev_startaddr)
../third_party/psyq/lib/libspu.a(s_sca.o)
                              engine/audio.o (SpuSetCommonAttr)
../third_party/psyq/lib/libspu.a(s_si.o)
                              engine/audio.o (SpuSetIRQ)
../third_party/psyq/lib/libspu.a(s_sk.o)
                              engine/audio.o (SpuSetKey)
../third_party/psyq/lib/libspu.a(s_stm.o)
                              engine/audio.o (SpuSetTransferMode)
../third_party/psyq/lib/libspu.a(s_stsa.o)
                              engine/audio.o (SpuSetTransferStartAddr)
../third_party/psyq/lib/libspu.a(s_sva.o)
                              engine/audio.o (SpuSetVoiceAttr)
../third_party/psyq/lib/libspu.a(s_w.o)
                              engine/audio.o (SpuWrite)
../third_party/psyq/lib/libspu.a(spu.o)
                              ../third_party/psyq/lib/libspu.a(s_stsa.o) (_spu_FsetRXXa)
../third_party/psyq/lib/libspu.a(s_dcb.o)
                              ../third_party/psyq/lib/libspu.a(s_ini.o) (_SpuDataCallback)
../third_party/psyq/lib/libspu.a(s_n2p.o)
                              ../third_party/psyq/lib/libspu.a(s_sva.o) (_spu_note2pitch)
../third_party/psyq/lib/libapi.a(a07.o)
                              ../third_party/psyq/lib/libspu.a(spu.o) (DeliverEvent)
../third_party/psyq/lib/libapi.a(a08.o)
                              ../third_party/psyq/lib/libspu.a(s_ini.o) (OpenEvent)
../third_party/psyq/lib/libapi.a(a11.o)
                              ../third_party/psyq/lib/libspu.a(s_itc.o) (TestEvent)
../third_party/psyq/lib/libapi.a(a12.o)
                              ../third_party/psyq/lib/libspu.a(s_ini.o) (EnableEvent)
../third_party/psyq/lib/libapi.a(a23.o)
                              ../third_party/psyq/lib/libetc.a(intr.o) (ReturnFromException)
../third_party/psyq/lib/libapi.a(a24.o)
                              ../third_party/psyq/lib/libetc.a(intr.o) (ResetEntryInt)
../third_party/psyq/lib/libapi.a(a25.o)
                              ../third_party/psyq/lib/libetc.a(intr.o) (HookEntryInt)
../third_party/psyq/lib/libapi.a(c114.o)
                              ../third_party/psyq/lib/libetc.a(intr.o) (_96_remove)
../third_party/psyq/lib/libapi.a(c73.o)
                              ../third_party/psyq/lib/libgpu.a(sys.o) (GPU_cw)
../third_party/psyq/lib/libapi.a(l10.o)
                              ../third_party/psyq/lib/libetc.a(vsync.o) (ChangeClearRCnt)
../third_party/psyq/lib/libc.a(a63.o)
                              ../third_party/psyq/lib/libetc.a(vsync.o) (puts)
../third_party/psyq/lib/libc.a(c19.o)
                              ../third_party/psyq/lib/libetc.a(intr.o) (setjmp)
../third_party/psyq/lib/libc.a(c27.o)
                              ../third_party/psyq/lib/libgpu.a(font.o) (strlen)
../third_party/psyq/lib/libc.a(c43.o)
                              ../third_party/psyq/lib/libgpu.a(font.o) (memset)

Allocating common symbols
Common symbol       size              file

mainPlayerL         0x140             main.o
g_s_attr            0x40              engine/audio.o
BeeL                0x50              main.o
b                   0x4               main.o
input_pad           0x2               engine/input.o
enemies             0x24              main.o
flowers             0x6c              main.o
l_vag1_spu_addr     0x4               engine/audio.o
input_trig          0x4               engine/input.o
Buzzy               0x24              main.o
clouds1L            0xa0              main.o
pressStartL         0xf0              main.o
mainPlayer          0x24              main.o
BuzzyL              0x50              main.o
rocksL              0xf0              main.o
Bee                 0x24              main.o
SCREEN_WIDTH        0x4               engine/graphics.o
input_binds         0x1c              engine/input.o
mainHealth          0x58              main.o
jamL                0xf0              main.o
GPUOutputPacket     0x1770            engine/graphics.o
l_c_attr            0x28              engine/audio.o
jam                 0x24              main.o
clouds2             0x48              main.o
SCREEN_HEIGHT       0x4               engine/graphics.o
clouds2L            0xa0              main.o
currentBuffer       0x2               engine/graphics.o
input_held          0x4               engine/input.o
hillsL              0x190             main.o
systemBackgroundColor
                    0xc               engine/graphics.o
input_suppress_trig
                    0x1               engine/input.o
hills               0xb4              main.o
enemiesL            0x140             main.o
mainTimer           0x14              main.o
rocks               0x6c              main.o
flowersL            0xf0              main.o
a                   0x4               main.o
groundL             0x370             main.o
barL                0x190             main.o
clouds1             0x48              main.o
orderingTable       0x28              engine/graphics.o
pressStart          0x24              main.o
ground              0x18c             main.o
minorOrderingTable  0x10              engine/graphics.o

Discarded input sections

 .text          0x0000000000000000        0x0 main.o
 .reginfo       0x0000000000000000       0x18 main.o
 .MIPS.abiflags
                0x0000000000000000       0x18 main.o
 .pdr           0x0000000000000000      0x1c0 main.o
 .text          0x0000000000000000        0x0 engine/graphics.o
 .data          0x0000000000000000        0x0 engine/graphics.o
 .bss           0x0000000000000000        0x0 engine/graphics.o
 .reginfo       0x0000000000000000       0x18 engine/graphics.o
 .MIPS.abiflags
                0x0000000000000000       0x18 engine/graphics.o
 .pdr           0x0000000000000000      0x2a0 engine/graphics.o
 .text.rotImage
                0x0000000000000000       0x64 engine/graphics.o
 .text.createLine
                0x0000000000000000       0xec engine/graphics.o
 .text.createBox
                0x0000000000000000      0x22c engine/graphics.o
 .text.moveLine
                0x0000000000000000       0x98 engine/graphics.o
 .text.moveBox  0x0000000000000000      0x2b4 engine/graphics.o
 .text.transposeBox
                0x0000000000000000       0x54 engine/graphics.o
 .text.drawLine
                0x0000000000000000       0x38 engine/graphics.o
 .text.drawBox  0x0000000000000000       0x8c engine/graphics.o
 .text          0x0000000000000000        0x0 engine/input.o
 .data          0x0000000000000000        0x0 engine/input.o
 .reginfo       0x0000000000000000       0x18 engine/input.o
 .MIPS.abiflags
                0x0000000000000000       0x18 engine/input.o
 .pdr           0x0000000000000000       0x40 engine/input.o
 .text          0x0000000000000000        0x0 engine/timerz.o
 .data          0x0000000000000000        0x0 engine/timerz.o
 .bss           0x0000000000000000        0x0 engine/timerz.o
 .reginfo       0x0000000000000000       0x18 engine/timerz.o
 .MIPS.abiflags
                0x0000000000000000       0x18 engine/timerz.o
 .pdr           0x0000000000000000       0x40 engine/timerz.o
 .text          0x0000000000000000        0x0 engine/audio.o
 .data          0x0000000000000000        0x0 engine/audio.o
 .reginfo       0x0000000000000000       0x18 engine/audio.o
 .MIPS.abiflags
                0x0000000000000000       0x18 engine/audio.o
 .pdr           0x0000000000000000       0xc0 engine/audio.o
 .text.audioChannelConfigure
                0x0000000000000000        0xc engine/audio.o
 .text.audioFree
                0x0000000000000000       0x2c engine/audio.o
 .text          0x0000000000000000        0x0 ../third_party/common/syscalls/printf.o
 .data          0x0000000000000000        0x0 ../third_party/common/syscalls/printf.o
 .bss           0x0000000000000000        0x0 ../third_party/common/syscalls/printf.o
 .reginfo       0x0000000000000000       0x18 ../third_party/common/syscalls/printf.o
 .MIPS.abiflags
                0x0000000000000000       0x18 ../third_party/common/syscalls/printf.o
 .pdr           0x0000000000000000        0x0 ../third_party/common/syscalls/printf.o
 .ramtext       0x0000000000000000        0xc ../third_party/common/syscalls/printf.o
 .debug_line    0x0000000000000000       0x59 ../third_party/common/syscalls/printf.o
 .debug_info    0x0000000000000000       0x26 ../third_party/common/syscalls/printf.o
 .debug_abbrev  0x0000000000000000       0x14 ../third_party/common/syscalls/printf.o
 .debug_aranges
                0x0000000000000000       0x20 ../third_party/common/syscalls/printf.o
 .debug_str     0x0000000000000000       0x48 ../third_party/common/syscalls/printf.o
 .gnu.attributes
                0x0000000000000000       0x10 ../third_party/common/syscalls/printf.o
 .text          0x0000000000000000        0x0 ../third_party/common/crt0/crt0.o
 .data          0x0000000000000000        0x0 ../third_party/common/crt0/crt0.o
 .bss           0x0000000000000000        0x0 ../third_party/common/crt0/crt0.o
 .reginfo       0x0000000000000000       0x18 ../third_party/common/crt0/crt0.o
 .MIPS.abiflags
                0x0000000000000000       0x18 ../third_party/common/crt0/crt0.o
 .text          0x0000000000000000       0x20 ../third_party/psyq/lib/libgpu.a(p27.o)
 .data          0x0000000000000000       0x10 ../third_party/psyq/lib/libgs.a(global.o)
 .data          0x0000000000000000       0x10 ../third_party/psyq/lib/libgs.a(gs_001.o)
 .text          0x0000000000000000       0x80 ../third_party/psyq/lib/libgs.a(gs_104.o)
 .text          0x0000000000000000      0x570 ../third_party/psyq/lib/libgs.a(gs_107.o)
 .text          0x0000000000000000       0x90 ../third_party/psyq/lib/libgte.a(msc01.o)
 .text          0x0000000000000000       0x30 ../third_party/psyq/lib/libgte.a(mtx_11.o)
 .data          0x0000000000000000      0x180 ../third_party/psyq/lib/libgte.a(sqrtbl.o)
 .text          0x0000000000000000       0x80 ../third_party/psyq/lib/libspu.a(s_m_f.o)

Memory Configuration

Name             Origin             Length             Attributes
loader           0x000000008000f800 0x0000000000000800
ram              0x0000000080010000 0x00000000001f0000 xrw
dcache           0x000000001f800000 0x0000000000000400
*default*        0x0000000000000000 0xffffffffffffffff

Linker script and memory map

LOAD main.o
LOAD engine/graphics.o
LOAD engine/input.o
LOAD engine/timerz.o
LOAD engine/audio.o
LOAD ../third_party/common/syscalls/printf.o
LOAD ../third_party/common/crt0/crt0.o
START GROUP
LOAD ../third_party/psyq/lib/libapi.a
LOAD ../third_party/psyq/lib/libc.a
LOAD ../third_party/psyq/lib/libc2.a
LOAD ../third_party/psyq/lib/libcard.a
LOAD ../third_party/psyq/lib/libcomb.a
LOAD ../third_party/psyq/lib/libds.a
LOAD ../third_party/psyq/lib/libetc.a
LOAD ../third_party/psyq/lib/libgpu.a
LOAD ../third_party/psyq/lib/libgs.a
LOAD ../third_party/psyq/lib/libgte.a
LOAD ../third_party/psyq/lib/libgpu.a
LOAD ../third_party/psyq/lib/libgun.a
LOAD ../third_party/psyq/lib/libhmd.a
LOAD ../third_party/psyq/lib/libmath.a
LOAD ../third_party/psyq/lib/libmcrd.a
LOAD ../third_party/psyq/lib/libmcx.a
LOAD ../third_party/psyq/lib/libpad.a
LOAD ../third_party/psyq/lib/libpress.a
LOAD ../third_party/psyq/lib/libsio.a
LOAD ../third_party/psyq/lib/libsnd.a
LOAD ../third_party/psyq/lib/libspu.a
LOAD ../third_party/psyq/lib/libtap.a
END GROUP
                0x0000000080059368                __heap_base = __bss_end
                0x0000000080010000                TLOAD_ADDR = DEFINED (TLOAD_ADDR)?TLOAD_ADDR:0x80010000
                0x0000000080200000                __ram_top = (ORIGIN (ram) + LENGTH (ram))
                0x00000000801fff00                __sp = (__ram_top - 0x100)
                0x000000001f800000                __dcache = ORIGIN (dcache)
                0x000000001f800400                __dcache_top = (ORIGIN (dcache) + LENGTH (dcache))
                0x0000000000008b68                __bss_len = (__bss_end - __bss_start)
                0x000000000000cc80                __ftext_len = (__ftext_end - __ftext_start)
                0x0000000000033b80                __fdata_len = (__fdata_end - __fdata_start)
                0x0000000080200000                __stack_start = (ORIGIN (ram) + LENGTH (ram))

.PSX_EXE_Header
                0x000000008000f800      0x800
                0x000000008000f800        0x1 BYTE 0x50
                0x000000008000f801        0x1 BYTE 0x53
                0x000000008000f802        0x1 BYTE 0x2d
                0x000000008000f803        0x1 BYTE 0x58
                0x000000008000f804        0x1 BYTE 0x20
                0x000000008000f805        0x1 BYTE 0x45
                0x000000008000f806        0x1 BYTE 0x58
                0x000000008000f807        0x1 BYTE 0x45
                0x000000008000f808        0x4 LONG 0x0
                0x000000008000f80c        0x4 LONG 0x0
                0x000000008000f810        0x4 LONG 0x80010000 ABSOLUTE (_start)
                0x000000008000f814        0x4 LONG 0x0
                0x000000008000f818        0x4 LONG 0x80010000 TLOAD_ADDR
                0x000000008000f81c        0x4 LONG 0x40800 (__ftext_len + __fdata_len)
                0x000000008000f820        0x4 LONG 0x0
                0x000000008000f824        0x4 LONG 0x0
                0x000000008000f828        0x4 LONG 0x0
                0x000000008000f82c        0x4 LONG 0x0
                0x000000008000f830        0x4 LONG 0x801fff00 DEFINED (_sp)?ABSOLUTE (_sp):0x801fff00
                0x000000008000f834        0x4 LONG 0x0
                0x0000000080010000                . = (. + 0x7c8)
 *fill*         0x000000008000f838      0x7c8 
                0x0000000080010000                __ftext_start = ABSOLUTE (.)

.text           0x0000000080010000     0xcc80
 *(.start)
 .start         0x0000000080010000       0x64 ../third_party/common/crt0/crt0.o
                0x0000000080010000                _start
 *(.init)
 *(SORT_NONE(.fini))
 *(.text.unlikely .text.*_unlikely .text.unlikely.*)
 *(.text.exit .text.exit.*)
 *(.text.startup .text.startup.*)
 *(.text.hot .text.hot.*)
 *(.text .stub .text.* .gnu.linkonce.t.*)
 .text.initialize
                0x0000000080010064       0xf4 main.o
                0x0000000080010064                initialize
 .text.gameIntro
                0x0000000080010158      0x22c main.o
                0x0000000080010158                gameIntro
 .text.gameMode
                0x0000000080010384      0xcd0 main.o
                0x0000000080010384                gameMode
 .text.checkHit
                0x0000000080011054      0x234 main.o
                0x0000000080011054                checkHit
 .text.animate  0x0000000080011288      0x1dc main.o
                0x0000000080011288                animate
 .text.debugMode
                0x0000000080011464      0x2a8 main.o
                0x0000000080011464                debugMode
 .text.initPlayer
                0x000000008001170c      0x32c main.o
                0x000000008001170c                initPlayer
 .text.initEnemies
                0x0000000080011a38      0x1a8 main.o
                0x0000000080011a38                initEnemies
 .text.initRocks
                0x0000000080011be0      0x520 main.o
                0x0000000080011be0                initRocks
 .text.initHills
                0x0000000080012100      0x314 main.o
                0x0000000080012100                initHills
 .text.initGround
                0x0000000080012414      0x294 main.o
                0x0000000080012414                initGround
 .text.initSky  0x00000000800126a8      0x5e4 main.o
                0x00000000800126a8                initSky
 .text.initIntro
                0x0000000080012c8c      0x4f0 main.o
                0x0000000080012c8c                initIntro
 .text.main     0x000000008001317c      0x2b8 main.o
                0x000000008001317c                main
 .text.createImage
                0x0000000080013434      0x204 engine/graphics.o
                0x0000000080013434                createImage
 .text.moveImage
                0x0000000080013638       0x7c engine/graphics.o
                0x0000000080013638                moveImage
 .text.scaleImage
                0x00000000800136b4       0xbc engine/graphics.o
                0x00000000800136b4                scaleImage
 .text.drawImage
                0x0000000080013770       0x88 engine/graphics.o
                0x0000000080013770                drawImage
 .text.createColor
                0x00000000800137f8       0x64 engine/graphics.o
                0x00000000800137f8                createColor
 .text.setScreenMode
                0x000000008001385c      0x118 engine/graphics.o
                0x000000008001385c                setScreenMode
 .text.setBackgroundColor
                0x0000000080013974       0x3c engine/graphics.o
                0x0000000080013974                setBackgroundColor
 .text.initializeScreen
                0x00000000800139b0      0x128 engine/graphics.o
                0x00000000800139b0                initializeScreen
 .text.initializeDebugFont
                0x0000000080013ad8       0x5c engine/graphics.o
                0x0000000080013ad8                initializeDebugFont
 .text.initializeOrderingTable
                0x0000000080013b34       0xcc engine/graphics.o
                0x0000000080013b34                initializeOrderingTable
 .text.flushDisplay
                0x0000000080013c00       0xfc engine/graphics.o
                0x0000000080013c00                flushDisplay
 .text.clearDisplay
                0x0000000080013cfc       0xc8 engine/graphics.o
                0x0000000080013cfc                clearDisplay
 .text.clearVRAM
                0x0000000080013dc4       0x5c engine/graphics.o
                0x0000000080013dc4                clearVRAM
 .text.in_init  0x0000000080013e20       0xb8 engine/input.o
                0x0000000080013e20                in_init
 .text.in_update
                0x0000000080013ed8       0xbc engine/input.o
                0x0000000080013ed8                in_update
 .text.createTimer
                0x0000000080013f94       0x84 engine/timerz.o
                0x0000000080013f94                createTimer
 .text.incTimer
                0x0000000080014018       0xcc engine/timerz.o
                0x0000000080014018                incTimer
 .text.audioInit
                0x00000000800140e4       0x94 engine/audio.o
                0x00000000800140e4                audioInit
 .text.audioTransferVagToSPU
                0x0000000080014178      0x16c engine/audio.o
                0x0000000080014178                audioTransferVagToSPU
 .text.audioPlay
                0x00000000800142e4       0x74 engine/audio.o
                0x00000000800142e4                audioPlay
 .text.setVoiceVolumePitch
                0x0000000080014358       0xb0 engine/audio.o
                0x0000000080014358                setVoiceVolumePitch
 .text          0x0000000080014408       0x10 ../third_party/psyq/lib/libapi.a(a91.o)
                0x0000000080014408                ChangeClearPAD
 .text          0x0000000080014418      0x290 ../third_party/psyq/lib/libapi.a(pad.o)
                0x0000000080014418                SetInitPadFlag
                0x0000000080014424                ReadInitPadFlag
                0x0000000080014434                PAD_init
                0x00000000800144c4                InitPAD
                0x0000000080014554                StartPAD
 .text          0x00000000800146a8       0xa0 ../third_party/psyq/lib/libapi.a(patch.o)
                0x00000000800146a8                EnablePAD
                0x00000000800146bc                DisablePAD
                0x00000000800146d0                _patch_pad
 .text          0x0000000080014748       0x10 ../third_party/psyq/lib/libapi.a(a18.o)
                0x0000000080014748                InitPAD2
 .text          0x0000000080014758       0x10 ../third_party/psyq/lib/libapi.a(a19.o)
                0x0000000080014758                StartPAD2
 .text          0x0000000080014768       0x10 ../third_party/psyq/lib/libapi.a(a21.o)
                0x0000000080014768                PAD_init2
 .text          0x0000000080014778       0x10 ../third_party/psyq/lib/libapi.a(a36.o)
                0x0000000080014778                EnterCriticalSection
 .text          0x0000000080014788       0x10 ../third_party/psyq/lib/libapi.a(a37.o)
                0x0000000080014788                ExitCriticalSection
 .text          0x0000000080014798       0x10 ../third_party/psyq/lib/libapi.a(c68.o)
                0x0000000080014798                FlushCache
 .text          0x00000000800147a8       0x70 ../third_party/psyq/lib/libapi.a(chclrpad.o)
                0x00000000800147a8                _remove_ChgclrPAD
 .text          0x0000000080014818       0x10 ../third_party/psyq/lib/libapi.a(l02.o)
                0x0000000080014818                SysEnqIntRP
 .text          0x0000000080014828       0x10 ../third_party/psyq/lib/libapi.a(l03.o)
                0x0000000080014828                SysDeqIntRP
 .text          0x0000000080014838       0x10 ../third_party/psyq/lib/libc.a(c42.o)
                0x0000000080014838                memcpy
 .text          0x0000000080014848       0x10 ../third_party/psyq/lib/libc.a(c47.o)
                0x0000000080014848                rand
 .text          0x0000000080014858       0x10 ../third_party/psyq/lib/libc.a(c48.o)
                0x0000000080014858                srand
 .text          0x0000000080014868       0x10 ../third_party/psyq/lib/libc.a(c63.o)
                0x0000000080014868                printf
 .text          0x0000000080014878       0x30 ../third_party/psyq/lib/libetc.a(vmode.o)
                0x0000000080014878                SetVideoMode
                0x000000008001488c                GetVideoMode
 .text          0x00000000800148a8      0x210 ../third_party/psyq/lib/libetc.a(vsync.o)
                0x00000000800148a8                VSync
 .text          0x0000000080014ab8      0x120 ../third_party/psyq/lib/libetc.a(intr_vb.o)
                0x0000000080014ab8                startIntrVSync
 .text          0x0000000080014bd8      0x6c0 ../third_party/psyq/lib/libetc.a(intr.o)
                0x0000000080014bd8                ResetCallback
                0x0000000080014c08                InterruptCallback
                0x0000000080014c38                DMACallback
                0x0000000080014c68                VSyncCallback
                0x0000000080014c9c                VSyncCallbacks
                0x0000000080014ccc                StopCallback
                0x0000000080014cfc                RestartCallback
                0x0000000080014d2c                CheckCallback
                0x0000000080014d3c                GetIntrMask
                0x0000000080014d54                SetIntrMask
 .text          0x0000000080015298      0x2a0 ../third_party/psyq/lib/libetc.a(intr_dma.o)
                0x0000000080015298                startIntrDMA
 .text          0x0000000080015538      0xa80 ../third_party/psyq/lib/libgpu.a(font.o)
                0x0000000080015538                SetDumpFnt
                0x0000000080015578                FntLoad
                0x0000000080015618                FntOpen
                0x00000000800158d4                FntFlush
                0x0000000080015bf0                FntPrint
 .text          0x0000000080015fb8       0x40 ../third_party/psyq/lib/libgpu.a(p00.o)
                0x0000000080015fb8                GetTPage
 .text          0x0000000080015ff8       0x40 ../third_party/psyq/lib/libgpu.a(p06.o)
                0x0000000080015ff8                AddPrim
 .text          0x0000000080016038       0x20 ../third_party/psyq/lib/libgpu.a(p09.o)
                0x0000000080016038                TermPrim
 .text          0x0000000080016058       0x30 ../third_party/psyq/lib/libgpu.a(p10.o)
                0x0000000080016058                SetSemiTrans
 .text          0x0000000080016088       0x20 ../third_party/psyq/lib/libgpu.a(p20.o)
                0x0000000080016088                SetSprt8
 .text          0x00000000800160a8       0x20 ../third_party/psyq/lib/libgpu.a(p26.o)
                0x00000000800160a8                SetTile
 .text          0x00000000800160c8       0xa0 ../third_party/psyq/lib/libgpu.a(p41.o)
                0x00000000800160c8                SetDrawMode
 .text          0x0000000080016168     0x2f00 ../third_party/psyq/lib/libgpu.a(sys.o)
                0x0000000080016168                ResetGraph
                0x00000000800162dc                SetGraphDebug
                0x0000000080016338                SetGraphQueue
                0x00000000800163dc                GetGraphDebug
                0x00000000800163ec                DrawSyncCallback
                0x000000008001644c                SetDispMask
                0x00000000800164e4                DrawSync
                0x0000000080016668                ClearImage
                0x00000000800166f8                ClearImage2
                0x0000000080016790                LoadImage
                0x00000000800167f0                StoreImage
                0x0000000080016850                MoveImage
                0x0000000080016908                ClearOTag
                0x00000000800169d0                ClearOTagR
                0x0000000080016a7c                DrawPrim
                0x0000000080016ad8                DrawOTag
                0x0000000080016b48                PutDrawEnv
                0x0000000080016c08                DrawOTagEnv
                0x0000000080016ce0                GetDrawEnv
                0x0000000080016d14                PutDispEnv
                0x000000008001720c                GetDispEnv
                0x0000000080017240                GetODE
                0x0000000080017270                SetDrawArea
                0x00000000800172f0                SetDrawOffset
                0x0000000080017330                SetDrawEnv
                0x0000000080018c00                LoadImage2
                0x0000000080018cec                StoreImage2
                0x0000000080018dd8                MoveImage2
                0x0000000080018f1c                DrawOTag2
                0x0000000080019018                _GPU_ResetCallback
 .text          0x0000000080019068       0xf0 ../third_party/psyq/lib/libgpu.a(e00.o)
                0x0000000080019068                LoadTPage
 .text          0x0000000080019158       0x70 ../third_party/psyq/lib/libgpu.a(e02.o)
                0x0000000080019158                LoadClut2
 .text          0x00000000800191c8       0x20 ../third_party/psyq/lib/libgpu.a(p01.o)
                0x00000000800191c8                GetClut
 .text          0x00000000800191e8      0x500 ../third_party/psyq/lib/libgs.a(2d_sp0.o)
                0x00000000800191e8                GsSortSprite
 .text          0x00000000800196e8      0x550 ../third_party/psyq/lib/libgs.a(gs_001.o)
                0x00000000800196e8                GsInitGraph
                0x0000000080019878                GsInitGraph2
                0x0000000080019b00                GsSortClear
 .text          0x0000000080019c38       0x10 ../third_party/psyq/lib/libgs.a(gs_0021.o)
                0x0000000080019c38                GsGetActiveBuff
 .text          0x0000000080019c48      0x110 ../third_party/psyq/lib/libgs.a(gs_0022.o)
                0x0000000080019c48                GsSetDrawBuffOffset
 .text          0x0000000080019d58       0x80 ../third_party/psyq/lib/libgs.a(gs_003.o)
                0x0000000080019d58                GsSetDrawBuffClip
 .text          0x0000000080019dd8       0xb0 ../third_party/psyq/lib/libgs.a(gs_010.o)
                0x0000000080019dd8                GsSwapDispBuff
 .text          0x0000000080019e88       0xa0 ../third_party/psyq/lib/libgs.a(gs_103.o)
                0x0000000080019e88                GsDefDispBuff
 .text          0x0000000080019f28       0x30 ../third_party/psyq/lib/libgs.a(gs_111.o)
                0x0000000080019f28                GsDrawOt
 .text          0x0000000080019f58       0x60 ../third_party/psyq/lib/libgs.a(gs_113.o)
                0x0000000080019f58                GsClearOt
 .text          0x0000000080019fb8       0x50 ../third_party/psyq/lib/libgs.a(gs_121.o)
                0x0000000080019fb8                gte_init
 .text          0x000000008001a008       0xf0 ../third_party/psyq/lib/libgs.a(gs_122.o)
                0x000000008001a008                GsGetTimInfo
 .text          0x000000008001a0f8       0x10 ../third_party/psyq/lib/libgs.a(gs_124.o)
                0x000000008001a0f8                GsSetWorkBase
 .text          0x000000008001a108       0xa0 ../third_party/psyq/lib/libgs.a(2d_com1.o)
                0x000000008001a108                _make_packet
 .text          0x000000008001a1a8       0x80 ../third_party/psyq/lib/libgte.a(cmb_00.o)
                0x000000008001a1a8                RotTransPers4
 .text          0x000000008001a228      0x290 ../third_party/psyq/lib/libgte.a(fgo_01.o)
                0x000000008001a228                RotMatrix
 .text          0x000000008001a4b8       0x90 ../third_party/psyq/lib/libgte.a(msc00.o)
                0x000000008001a4c0                InitGeom
 .text          0x000000008001a548       0x30 ../third_party/psyq/lib/libgte.a(mtx_07.o)
                0x000000008001a548                TransMatrix
 .text          0x000000008001a578      0x140 ../third_party/psyq/lib/libgte.a(mtx_08.o)
                0x000000008001a578                ScaleMatrix
 .text          0x000000008001a6b8       0x30 ../third_party/psyq/lib/libgte.a(mtx_09.o)
                0x000000008001a6b8                SetRotMatrix
 .text          0x000000008001a6e8       0x20 ../third_party/psyq/lib/libgte.a(mtx_12.o)
                0x000000008001a6e8                SetTransMatrix
 .text          0x000000008001a708       0xe0 ../third_party/psyq/lib/libgte.a(patchgte.o)
                0x000000008001a708                _patch_gte
 .text          0x000000008001a7e8       0x10 ../third_party/psyq/lib/libgte.a(reg09.o)
                0x000000008001a7e8                ReadGeomScreen
 .text          0x000000008001a7f8       0x20 ../third_party/psyq/lib/libgte.a(reg11.o)
                0x000000008001a7f8                SetFarColor
 .text          0x000000008001a818       0x20 ../third_party/psyq/lib/libgte.a(reg12.o)
                0x000000008001a818                SetGeomOffset
 .text          0x000000008001a838       0x20 ../third_party/psyq/lib/libspu.a(s_i.o)
                0x000000008001a838                SpuInit
 .text          0x000000008001a858      0x160 ../third_party/psyq/lib/libspu.a(s_ini.o)
                0x000000008001a858                _SpuInit
                0x000000008001a940                SpuStart
 .text          0x000000008001a9b8       0xb0 ../third_party/psyq/lib/libspu.a(s_itc.o)
                0x000000008001a9b8                SpuIsTransferCompleted
 .text          0x000000008001aa68       0x60 ../third_party/psyq/lib/libspu.a(s_m_init.o)
                0x000000008001aa68                SpuInitMalloc
 .text          0x000000008001aac8      0x300 ../third_party/psyq/lib/libspu.a(s_m_int.o)
                0x000000008001aac8                _spu_gcSPU
 .text          0x000000008001adc8      0x2d0 ../third_party/psyq/lib/libspu.a(s_m_m.o)
                0x000000008001adc8                SpuMalloc
 .text          0x000000008001b098      0x380 ../third_party/psyq/lib/libspu.a(s_sca.o)
                0x000000008001b098                SpuSetCommonAttr
 .text          0x000000008001b418      0x140 ../third_party/psyq/lib/libspu.a(s_si.o)
                0x000000008001b418                SpuSetIRQ
 .text          0x000000008001b558      0x1c0 ../third_party/psyq/lib/libspu.a(s_sk.o)
                0x000000008001b558                SpuSetKey
 .text          0x000000008001b718       0x30 ../third_party/psyq/lib/libspu.a(s_stm.o)
                0x000000008001b718                SpuSetTransferMode
 .text          0x000000008001b748       0x60 ../third_party/psyq/lib/libspu.a(s_stsa.o)
                0x000000008001b748                SpuSetTransferStartAddr
 .text          0x000000008001b7a8      0x600 ../third_party/psyq/lib/libspu.a(s_sva.o)
                0x000000008001b7a8                SpuSetVoiceAttr
 .text          0x000000008001bda8       0x60 ../third_party/psyq/lib/libspu.a(s_w.o)
                0x000000008001bda8                SpuWrite
 .text          0x000000008001be08      0xb40 ../third_party/psyq/lib/libspu.a(spu.o)
                0x000000008001be08                _spu_init
                0x000000008001c248                _spu_FiDMA
                0x000000008001c304                _spu_Fr_
                0x000000008001c3ac                _spu_t
                0x000000008001c62c                _spu_Fw
                0x000000008001c6b0                _spu_Fr
                0x000000008001c714                _spu_FsetRXX
                0x000000008001c758                _spu_FsetRXXa
                0x000000008001c7fc                _spu_FgetRXXa
                0x000000008001c838                _spu_FsetPCR
                0x000000008001c8e0                _spu_Fw1ts
 .text          0x000000008001c948       0x30 ../third_party/psyq/lib/libspu.a(s_dcb.o)
                0x000000008001c948                _SpuDataCallback
 .text          0x000000008001c978      0x200 ../third_party/psyq/lib/libspu.a(s_n2p.o)
                0x000000008001c978                _spu_note2pitch
                0x000000008001ca48                _spu_pitch2note
 .text          0x000000008001cb78       0x10 ../third_party/psyq/lib/libapi.a(a07.o)
                0x000000008001cb78                DeliverEvent
 .text          0x000000008001cb88       0x10 ../third_party/psyq/lib/libapi.a(a08.o)
                0x000000008001cb88                OpenEvent
 .text          0x000000008001cb98       0x10 ../third_party/psyq/lib/libapi.a(a11.o)
                0x000000008001cb98                TestEvent
 .text          0x000000008001cba8       0x10 ../third_party/psyq/lib/libapi.a(a12.o)
                0x000000008001cba8                EnableEvent
 .text          0x000000008001cbb8       0x10 ../third_party/psyq/lib/libapi.a(a23.o)
                0x000000008001cbb8                ReturnFromException
 .text          0x000000008001cbc8       0x10 ../third_party/psyq/lib/libapi.a(a24.o)
                0x000000008001cbc8                ResetEntryInt
 .text          0x000000008001cbd8       0x10 ../third_party/psyq/lib/libapi.a(a25.o)
                0x000000008001cbd8                HookEntryInt
 .text          0x000000008001cbe8       0x20 ../third_party/psyq/lib/libapi.a(c114.o)
                0x000000008001cbf0                _96_remove
 .text          0x000000008001cc08       0x10 ../third_party/psyq/lib/libapi.a(c73.o)
                0x000000008001cc08                GPU_cw
 .text          0x000000008001cc18       0x10 ../third_party/psyq/lib/libapi.a(l10.o)
                0x000000008001cc18                ChangeClearRCnt
 .text          0x000000008001cc28       0x20 ../third_party/psyq/lib/libc.a(a63.o)
                0x000000008001cc30                puts
 .text          0x000000008001cc48       0x10 ../third_party/psyq/lib/libc.a(c19.o)
                0x000000008001cc48                setjmp
 .text          0x000000008001cc58       0x10 ../third_party/psyq/lib/libc.a(c27.o)
                0x000000008001cc58                strlen
 .text          0x000000008001cc68       0x10 ../third_party/psyq/lib/libc.a(c43.o)
                0x000000008001cc68                memset
                0x000000008001cc80                . = ALIGN (0x10)
 *fill*         0x000000008001cc78        0x8 
 *(.init)
                0x000000008001cc80                . = ALIGN (0x10)
 *(.fini)
                0x000000008001cc80                . = ALIGN (0x10)
                0x000000008001cc80                __text_end = .
                0x000000008001cc80                __ftext_end = ABSOLUTE (.)
                0x000000008001cc80                __fdata_start = ABSOLUTE (.)

.rodata         0x000000008001cc80      0x594
 *(.rodata .rodata.* .rdata .rdata.* .gnu.linkonce.r.*)
 .rodata        0x000000008001cc80       0x20 main.o
                0x000000008001cc80                mPlayer_x1
                0x000000008001cc84                mPlayer_x2
 .rodata        0x000000008001cca0       0x80 engine/graphics.o
 .rodata        0x000000008001cd20       0x20 engine/input.o
                0x000000008001cd20                input_binds_default
 .rodata        0x000000008001cd40       0x10 ../third_party/common/crt0/crt0.o
 .rdata         0x000000008001cd50       0x10 ../third_party/psyq/lib/libetc.a(vsync.o)
 .rdata         0x000000008001cd60       0x70 ../third_party/psyq/lib/libetc.a(intr.o)
 .rdata         0x000000008001cdd0       0x30 ../third_party/psyq/lib/libetc.a(intr_dma.o)
 .rdata         0x000000008001ce00       0xa0 ../third_party/psyq/lib/libgpu.a(font.o)
 .rdata         0x000000008001cea0      0x220 ../third_party/psyq/lib/libgpu.a(sys.o)
 .rdata         0x000000008001d0c0       0x30 ../third_party/psyq/lib/libgs.a(2d_com1.o)
 .rdata         0x000000008001d0f0       0x40 ../third_party/psyq/lib/libspu.a(s_sca.o)
 .rdata         0x000000008001d130       0x30 ../third_party/psyq/lib/libspu.a(s_si.o)
 .rdata         0x000000008001d160       0x40 ../third_party/psyq/lib/libspu.a(s_sva.o)
 .rdata         0x000000008001d1a0       0x50 ../third_party/psyq/lib/libspu.a(spu.o)
                0x000000008001d1f0                . = ALIGN (0x10)
                0x000000008001d1f0                __preinit_array_start = .
 *(.preinit_array)
                0x000000008001d1f0                __preinit_array_end = .
                0x000000008001d1f0                . = ALIGN (0x10)
                0x000000008001d1f0                __init_array_start = .
 *(SORT_BY_NAME(.init_array.*))
 *(.init_array)
                0x000000008001d1f0                . = ALIGN (0x10)
 *crtbegin.o(.ctors)
 *(EXCLUDE_FILE(*crtend.o) .ctors)
 *(SORT_BY_NAME(.ctors.*))
 *crtend.o(.ctors)
                0x000000008001d1f0                __init_array_end = .
                0x000000008001d1f0                . = ALIGN (0x10)
                0x000000008001d1f0                __fini_array_start = .
 *(.fini_array)
 *(SORT_BY_NAME(.fini_array.*))
 *crtbegin.o(.dtors)
 *(EXCLUDE_FILE(*crtend.o) .dtors)
 *(SORT_BY_NAME(.dtors.*))
 *crtend.o(.dtors)
                0x000000008001d1f0                __fini_array_end = .
                0x000000008001d1f0                __build_id = .
 *(.note.gnu.build-id)
 .note.gnu.build-id
                0x000000008001d1f0       0x24 main.o
                0x000000008001d214                __build_id_end = .

.rel.dyn        0x000000008001d214        0x0
 .rel.dyn       0x000000008001d214        0x0 ../third_party/psyq/lib/libgpu.a(sys.o)

.rodata1
 *(.rodata1)
                0x000000008001d214                __data_start = .

.data           0x000000008001d220    0x335e0
 *(.a0table)
 *(.data .data.* .gnu.linkonce.d.*)
 .data          0x000000008001d220    0x2cd40 main.o
                0x000000008001d220                img_background1
                0x000000008001fb50                img_background1layer1
                0x0000000080022480                img_background1layer2
                0x0000000080024db0                img_background1layer33
                0x00000000800276e0                img_Bee
                0x000000008002b6b8                img_bee_0
                0x000000008002ba64                img_bee_1
                0x000000008002be10                img_bee_2
                0x000000008002c1bc                img_Buzzy
                0x0000000080031b5c                img_cloud
                0x000000008003257c                img_flower1
                0x00000000800328b0                img_flower2
                0x0000000080032b3c                img_flower3
                0x0000000080032f2c                img_gnd_0
                0x000000008003360c                img_gnd_1
                0x0000000080033ebc                img_health
                0x00000000800340ec                img_jam_1
                0x0000000080036924                img_jam_2
                0x000000008003915c                img_jam_3
                0x000000008003b994                img_Press_start1
                0x000000008003e170                img_Press_start2
                0x000000008004094c                img_Press_start3
                0x0000000080043128                img_wasp1
                0x0000000080043dc8                img_wasp2
                0x0000000080044a68                img_wasp3
                0x0000000080045708                buzz1_size
                0x000000008004570c                buzz1
                0x0000000080046e1c                menustart_size
                0x0000000080046e20                menustart
 .data          0x0000000080049f60       0x10 ../third_party/psyq/lib/libapi.a(pad.o)
 .data          0x0000000080049f70       0x10 ../third_party/psyq/lib/libetc.a(vmode.o)
 .data          0x0000000080049f80       0x20 ../third_party/psyq/lib/libetc.a(vsync.o)
                0x0000000080049f90                Hcount
 .data          0x0000000080049fa0       0x30 ../third_party/psyq/lib/libetc.a(intr_vb.o)
                0x0000000080049fc0                Vcount
 .data          0x0000000080049fd0     0x1100 ../third_party/psyq/lib/libetc.a(intr.o)
 .data          0x000000008004b0d0       0x30 ../third_party/psyq/lib/libetc.a(intr_dma.o)
 .data          0x000000008004b100      0xb90 ../third_party/psyq/lib/libgpu.a(font.o)
                0x000000008004b100                Font
 .data          0x000000008004bc90      0x1a0 ../third_party/psyq/lib/libgpu.a(sys.o)
                0x000000008004bcdc                GPU_printf
                0x000000008004bce0                GEnv
                0x000000008004be08                _qin
                0x000000008004be0c                _qout
 .data          0x000000008004be30       0x10 ../third_party/psyq/lib/libgte.a(msc00.o)
 .data          0x000000008004be40     0x4000 ../third_party/psyq/lib/libgte.a(cstbl.o)
                0x000000008004be40                rcossin_tbl
 .data          0x000000008004fe40       0x80 ../third_party/psyq/lib/libspu.a(s_ini.o)
                0x000000008004fe48                _spu_EVdma
                0x000000008004fe4c                _spu_keystat
                0x000000008004fe50                _spu_trans_mode
                0x000000008004fe54                _spu_rev_flag
                0x000000008004fe58                _spu_rev_reserve_wa
                0x000000008004fe5c                _spu_rev_offsetaddr
                0x000000008004fe60                _spu_rev_attr
                0x000000008004fe74                _spu_RQvoice
                0x000000008004fe78                _spu_RQmask
                0x000000008004fe7c                _spu_voice_centerNote
                0x000000008004feac                _spu_env
                0x000000008004feb0                _spu_isCalled
 .data          0x000000008004fec0       0x10 ../third_party/psyq/lib/libspu.a(s_m.o)
                0x000000008004fec0                _spu_AllocBlockNum
                0x000000008004fec4                _spu_AllocLastNum
                0x000000008004fec8                _spu_memList
 .data          0x000000008004fed0       0x30 ../third_party/psyq/lib/libspu.a(s_rmp0.o)
                0x000000008004fed0                _spu_rev_startaddr
 .data          0x000000008004ff00       0x60 ../third_party/psyq/lib/libspu.a(spu.o)
                0x000000008004ff00                _spu_RXX
                0x000000008004ff18                _spu_tsa
                0x000000008004ff1c                _spu_transMode
                0x000000008004ff20                _spu_addrMode
                0x000000008004ff24                _spu_mem_mode
                0x000000008004ff28                _spu_mem_mode_plus
                0x000000008004ff2c                _spu_mem_mode_unit
                0x000000008004ff30                _spu_mem_mode_unitM
                0x000000008004ff34                _spu_inTransfer
                0x000000008004ff38                _spu_transferCallback
                0x000000008004ff3c                _spu_IRQCallback
 .data          0x000000008004ff60      0x120 ../third_party/psyq/lib/libspu.a(s_n2p.o)
 *(.data1)
 *(.sdata .sdata.* .gnu.linkonce.s.*)
 *(.sdata2 .sdata2.* .gnu.linkonce.s2.*)
 *(.got.plt)
 *(.got)
                0x0000000080050800                . = ALIGN (0x800)
 *fill*         0x0000000080050080      0x780 
                0x0000000080050800                __data_end = .
                0x0000000080050800                __fdata_end = .
                0x0000000080050800                __bss_start = .

.sbss           0x0000000080050800     0x8b68
 *(.dynsbss)
 *(.sbss .sbss.* .gnu.linkonce.sb.*)
 .sbss          0x0000000080050800        0x4 engine/input.o
 *(.scommon)
 .scommon       0x0000000080050804        0x8 main.o
                0x0000000080050804                b
                0x0000000080050808                a
 .scommon       0x000000008005080c        0xa engine/graphics.o
                0x000000008005080c                SCREEN_WIDTH
                0x0000000080050810                SCREEN_HEIGHT
                0x0000000080050814                currentBuffer
 *fill*         0x0000000080050816        0x2 
 .scommon       0x0000000080050818        0xd engine/input.o
                0x0000000080050818                input_pad
                0x000000008005081c                input_trig
                0x0000000080050820                input_held
                0x0000000080050824                input_suppress_trig
 *fill*         0x0000000080050825        0x3 
 .scommon       0x0000000080050828        0x4 engine/audio.o
                0x0000000080050828                l_vag1_spu_addr
 *(.dynbss)
 *(.bss .bss.* .gnu.linkonce.b.*)
 *fill*         0x000000008005082c        0x4 
 .bss           0x0000000080050830       0x10 main.o
                0x0000000080050830                hit
                0x0000000080050834                c
                0x0000000080050838                gameState
 .bss           0x0000000080050840       0x50 engine/input.o
 .bss           0x0000000080050890       0x60 engine/audio.o
 .bss           0x00000000800508f0       0x10 ../third_party/psyq/lib/libapi.a(pad.o)
                0x00000000800508f0                _apiPadPatch
 .bss           0x0000000080050900       0x10 ../third_party/psyq/lib/libapi.a(patch.o)
 .bss           0x0000000080050910       0x10 ../third_party/psyq/lib/libapi.a(chclrpad.o)
 .bss           0x0000000080050920     0x4410 ../third_party/psyq/lib/libgpu.a(font.o)
 .bss           0x0000000080054d30     0x1850 ../third_party/psyq/lib/libgpu.a(sys.o)
                0x0000000080054d80                _que
 .bss           0x0000000080056580       0x54 ../third_party/psyq/lib/libgs.a(global.o)
                0x0000000080056580                GsOUT_PACKET_P
                0x0000000080056588                GsMATE_C
                0x0000000080056590                GsLMODE
                0x0000000080056598                GsLIGNR
                0x00000000800565a0                GsLIOFF
                0x00000000800565a8                GsZOVER
                0x00000000800565b0                GsBACKC
                0x00000000800565b8                GsNDIV
                0x00000000800565c0                GsTRATE
                0x00000000800565c8                GsTON
                0x00000000800565d0                GsDISPON
 *fill*         0x00000000800565d4        0x4 
 .bss           0x00000000800565d8       0xea ../third_party/psyq/lib/libgs.a(gs_001.o)
                0x00000000800565f8                PSDIDX
                0x0000000080056600                GsDRAWENV
                0x0000000080056660                GsDISPENV
                0x0000000080056678                PSDGPU
                0x0000000080056680                PSDBASEX
                0x0000000080056688                PSDBASEY
                0x0000000080056690                POSITION
                0x0000000080056698                CLIP2
                0x00000000800566a0                PSDCNT
                0x00000000800566a8                PSDOFSX
                0x00000000800566b0                PSDOFSY
                0x00000000800566b8                GsORGOFSX
                0x00000000800566c0                GsORGOFSY
 *fill*         0x00000000800566c2        0x6 
 .bss           0x00000000800566c8       0x24 ../third_party/psyq/lib/libgs.a(gs_104.o)
                0x00000000800566c8                HWD0
                0x00000000800566d0                VWD0
                0x00000000800566d8                GsCLIP3near
                0x00000000800566e0                GsLIGHT_MODE
                0x00000000800566e8                GsCLIP3far
 *fill*         0x00000000800566ec        0x4 
 .bss           0x00000000800566f0       0x40 ../third_party/psyq/lib/libgs.a(gs_107.o)
                0x00000000800566f0                GsLIGHTWSMATRIX
                0x0000000080056710                _LC
 .bss           0x0000000080056730       0x40 ../third_party/psyq/lib/libgs.a(gs_128.o)
                0x0000000080056730                GsIDMATRIX
                0x0000000080056750                GsIDMATRIX2
 .bss           0x0000000080056770       0x10 ../third_party/psyq/lib/libgte.a(patchgte.o)
 .bss           0x0000000080056780       0x14 ../third_party/psyq/lib/libspu.a(spu.o)
                0x0000000080056780                _spu_RQ
 *(COMMON)
 COMMON         0x0000000080056794     0x139c main.o
                0x0000000080056794                mainPlayerL
                0x00000000800568d4                BeeL
                0x0000000080056924                enemies
                0x0000000080056948                flowers
                0x00000000800569b4                Buzzy
                0x00000000800569d8                clouds1L
                0x0000000080056a78                pressStartL
                0x0000000080056b68                mainPlayer
                0x0000000080056b8c                BuzzyL
                0x0000000080056bdc                rocksL
                0x0000000080056ccc                Bee
                0x0000000080056cf0                mainHealth
                0x0000000080056d48                jamL
                0x0000000080056e38                jam
                0x0000000080056e5c                clouds2
                0x0000000080056ea4                clouds2L
                0x0000000080056f44                hillsL
                0x00000000800570d4                hills
                0x0000000080057188                enemiesL
                0x00000000800572c8                mainTimer
                0x00000000800572dc                rocks
                0x0000000080057348                flowersL
                0x0000000080057438                groundL
                0x00000000800577a8                barL
                0x0000000080057938                clouds1
                0x0000000080057980                pressStart
                0x00000000800579a4                ground
 COMMON         0x0000000080057b30     0x17b4 engine/graphics.o
                0x0000000080057b30                GPUOutputPacket
                0x00000000800592a0                systemBackgroundColor
                0x00000000800592ac                orderingTable
                0x00000000800592d4                minorOrderingTable
 COMMON         0x00000000800592e4       0x1c engine/input.o
                0x00000000800592e4                input_binds
 COMMON         0x0000000080059300       0x68 engine/audio.o
                0x0000000080059300                g_s_attr
                0x0000000080059340                l_c_attr
                0x0000000080059368                . = ALIGN (0x4)
                0x0000000080059368                __bss_end = .
                0x0000000080059368                __heap_start = __heap_base
                0x000000008000f800                . = (ADDR (.text) - 0x800)
                0x000000008000f800                __end = .

/DISCARD/
 *(.MIPS.abiflags)
 *(.rel.iplt)
 *(.rela.iplt)
 *(.rel.plt)
 *(.rela.plt)
 *(.plt)
 *(.iplt)
 *(.note.GNU-stack)
 *(.gnu_debuglink)
 *(.gnu.lto_*)
OUTPUT(BuzzyBee.elf elf32-tradlittlemips)

.mdebug.abi32   0x0000000000000000        0x0
 .mdebug.abi32  0x0000000000000000        0x0 main.o
 .mdebug.abi32  0x0000000000000000        0x0 engine/graphics.o
 .mdebug.abi32  0x0000000000000000        0x0 engine/input.o
 .mdebug.abi32  0x0000000000000000        0x0 engine/timerz.o
 .mdebug.abi32  0x0000000000000000        0x0 engine/audio.o

.comment        0x0000000000000000       0x2a
 .comment       0x0000000000000000       0x2a main.o
                                         0x2b (size before relaxing)
 .comment       0x000000000000002a       0x2b engine/graphics.o
 .comment       0x000000000000002a       0x2b engine/input.o
 .comment       0x000000000000002a       0x2b engine/timerz.o
 .comment       0x000000000000002a       0x2b engine/audio.o

.gnu.attributes
                0x0000000000000000       0x10
 .gnu.attributes
                0x0000000000000000       0x10 main.o
 .gnu.attributes
                0x0000000000000010       0x10 engine/graphics.o
 .gnu.attributes
                0x0000000000000020       0x10 engine/input.o
 .gnu.attributes
                0x0000000000000030       0x10 engine/timerz.o
 .gnu.attributes
                0x0000000000000040       0x10 engine/audio.o
 .gnu.attributes
                0x0000000000000050       0x10 ../third_party/common/crt0/crt0.o

.pdr            0x0000000000000000        0x0
 .pdr           0x0000000000000000        0x0 ../third_party/common/crt0/crt0.o

.note           0x0000000000000000     0x2cdc
 .note          0x0000000000000000       0x74 ../third_party/psyq/lib/libapi.a(a91.o)
 .note          0x0000000000000074       0x74 ../third_party/psyq/lib/libapi.a(pad.o)
 .note          0x00000000000000e8       0x74 ../third_party/psyq/lib/libapi.a(patch.o)
 .note          0x000000000000015c       0x74 ../third_party/psyq/lib/libapi.a(a18.o)
 .note          0x00000000000001d0       0x74 ../third_party/psyq/lib/libapi.a(a19.o)
 .note          0x0000000000000244       0x74 ../third_party/psyq/lib/libapi.a(a21.o)
 .note          0x00000000000002b8       0x74 ../third_party/psyq/lib/libapi.a(a36.o)
 .note          0x000000000000032c       0x74 ../third_party/psyq/lib/libapi.a(a37.o)
 .note          0x00000000000003a0       0x74 ../third_party/psyq/lib/libapi.a(c68.o)
 .note          0x0000000000000414       0x74 ../third_party/psyq/lib/libapi.a(chclrpad.o)
 .note          0x0000000000000488       0x74 ../third_party/psyq/lib/libapi.a(l02.o)
 .note          0x00000000000004fc       0x74 ../third_party/psyq/lib/libapi.a(l03.o)
 .note          0x0000000000000570       0x74 ../third_party/psyq/lib/libc.a(c42.o)
 .note          0x00000000000005e4       0x74 ../third_party/psyq/lib/libc.a(c47.o)
 .note          0x0000000000000658       0x74 ../third_party/psyq/lib/libc.a(c48.o)
 .note          0x00000000000006cc       0x74 ../third_party/psyq/lib/libc.a(c63.o)
 .note          0x0000000000000740       0x74 ../third_party/psyq/lib/libetc.a(vmode.o)
 .note          0x00000000000007b4       0x74 ../third_party/psyq/lib/libetc.a(vsync.o)
 .note          0x0000000000000828       0x74 ../third_party/psyq/lib/libetc.a(intr_vb.o)
 .note          0x000000000000089c       0x74 ../third_party/psyq/lib/libetc.a(intr.o)
 .note          0x0000000000000910       0x74 ../third_party/psyq/lib/libetc.a(intr_dma.o)
 .note          0x0000000000000984       0x74 ../third_party/psyq/lib/libgpu.a(font.o)
 .note          0x00000000000009f8       0x74 ../third_party/psyq/lib/libgpu.a(p00.o)
 .note          0x0000000000000a6c       0x74 ../third_party/psyq/lib/libgpu.a(p06.o)
 .note          0x0000000000000ae0       0x74 ../third_party/psyq/lib/libgpu.a(p09.o)
 .note          0x0000000000000b54       0x74 ../third_party/psyq/lib/libgpu.a(p10.o)
 .note          0x0000000000000bc8       0x74 ../third_party/psyq/lib/libgpu.a(p20.o)
 .note          0x0000000000000c3c       0x74 ../third_party/psyq/lib/libgpu.a(p26.o)
 .note          0x0000000000000cb0       0x74 ../third_party/psyq/lib/libgpu.a(p27.o)
 .note          0x0000000000000d24       0x74 ../third_party/psyq/lib/libgpu.a(p41.o)
 .note          0x0000000000000d98       0x74 ../third_party/psyq/lib/libgpu.a(sys.o)
 .note          0x0000000000000e0c       0x74 ../third_party/psyq/lib/libgpu.a(e00.o)
 .note          0x0000000000000e80       0x74 ../third_party/psyq/lib/libgpu.a(e02.o)
 .note          0x0000000000000ef4       0x74 ../third_party/psyq/lib/libgpu.a(p01.o)
 .note          0x0000000000000f68       0x74 ../third_party/psyq/lib/libgs.a(2d_sp0.o)
 .note          0x0000000000000fdc       0x74 ../third_party/psyq/lib/libgs.a(global.o)
 .note          0x0000000000001050       0x74 ../third_party/psyq/lib/libgs.a(gs_001.o)
 .note          0x00000000000010c4       0x74 ../third_party/psyq/lib/libgs.a(gs_0021.o)
 .note          0x0000000000001138       0x74 ../third_party/psyq/lib/libgs.a(gs_0022.o)
 .note          0x00000000000011ac       0x74 ../third_party/psyq/lib/libgs.a(gs_003.o)
 .note          0x0000000000001220       0x74 ../third_party/psyq/lib/libgs.a(gs_010.o)
 .note          0x0000000000001294       0x74 ../third_party/psyq/lib/libgs.a(gs_103.o)
 .note          0x0000000000001308       0x74 ../third_party/psyq/lib/libgs.a(gs_104.o)
 .note          0x000000000000137c       0x74 ../third_party/psyq/lib/libgs.a(gs_107.o)
 .note          0x00000000000013f0       0x74 ../third_party/psyq/lib/libgs.a(gs_111.o)
 .note          0x0000000000001464       0x74 ../third_party/psyq/lib/libgs.a(gs_113.o)
 .note          0x00000000000014d8       0x74 ../third_party/psyq/lib/libgs.a(gs_121.o)
 .note          0x000000000000154c       0x74 ../third_party/psyq/lib/libgs.a(gs_122.o)
 .note          0x00000000000015c0       0x74 ../third_party/psyq/lib/libgs.a(gs_124.o)
 .note          0x0000000000001634       0x74 ../third_party/psyq/lib/libgs.a(gs_128.o)
 .note          0x00000000000016a8       0x74 ../third_party/psyq/lib/libgs.a(2d_com1.o)
 .note          0x000000000000171c       0x74 ../third_party/psyq/lib/libgte.a(cmb_00.o)
 .note          0x0000000000001790       0x74 ../third_party/psyq/lib/libgte.a(fgo_01.o)
 .note          0x0000000000001804       0x74 ../third_party/psyq/lib/libgte.a(msc00.o)
 .note          0x0000000000001878       0x74 ../third_party/psyq/lib/libgte.a(msc01.o)
 .note          0x00000000000018ec       0x74 ../third_party/psyq/lib/libgte.a(mtx_07.o)
 .note          0x0000000000001960       0x74 ../third_party/psyq/lib/libgte.a(mtx_08.o)
 .note          0x00000000000019d4       0x74 ../third_party/psyq/lib/libgte.a(mtx_09.o)
 .note          0x0000000000001a48       0x74 ../third_party/psyq/lib/libgte.a(mtx_11.o)
 .note          0x0000000000001abc       0x74 ../third_party/psyq/lib/libgte.a(mtx_12.o)
 .note          0x0000000000001b30       0x74 ../third_party/psyq/lib/libgte.a(patchgte.o)
 .note          0x0000000000001ba4       0x74 ../third_party/psyq/lib/libgte.a(reg09.o)
 .note          0x0000000000001c18       0x74 ../third_party/psyq/lib/libgte.a(reg11.o)
 .note          0x0000000000001c8c       0x74 ../third_party/psyq/lib/libgte.a(reg12.o)
 .note          0x0000000000001d00       0x74 ../third_party/psyq/lib/libgte.a(sqrtbl.o)
 .note          0x0000000000001d74       0x74 ../third_party/psyq/lib/libgte.a(cstbl.o)
 .note          0x0000000000001de8       0x74 ../third_party/psyq/lib/libspu.a(s_i.o)
 .note          0x0000000000001e5c       0x74 ../third_party/psyq/lib/libspu.a(s_ini.o)
 .note          0x0000000000001ed0       0x74 ../third_party/psyq/lib/libspu.a(s_itc.o)
 .note          0x0000000000001f44       0x74 ../third_party/psyq/lib/libspu.a(s_m.o)
 .note          0x0000000000001fb8       0x74 ../third_party/psyq/lib/libspu.a(s_m_f.o)
 .note          0x000000000000202c       0x74 ../third_party/psyq/lib/libspu.a(s_m_init.o)
 .note          0x00000000000020a0       0x74 ../third_party/psyq/lib/libspu.a(s_m_int.o)
 .note          0x0000000000002114       0x74 ../third_party/psyq/lib/libspu.a(s_m_m.o)
 .note          0x0000000000002188       0x74 ../third_party/psyq/lib/libspu.a(s_rmp0.o)
 .note          0x00000000000021fc       0x74 ../third_party/psyq/lib/libspu.a(s_sca.o)
 .note          0x0000000000002270       0x74 ../third_party/psyq/lib/libspu.a(s_si.o)
 .note          0x00000000000022e4       0x74 ../third_party/psyq/lib/libspu.a(s_sk.o)
 .note          0x0000000000002358       0x74 ../third_party/psyq/lib/libspu.a(s_stm.o)
 .note          0x00000000000023cc       0x74 ../third_party/psyq/lib/libspu.a(s_stsa.o)
 .note          0x0000000000002440       0x74 ../third_party/psyq/lib/libspu.a(s_sva.o)
 .note          0x00000000000024b4       0x74 ../third_party/psyq/lib/libspu.a(s_w.o)
 .note          0x0000000000002528       0x74 ../third_party/psyq/lib/libspu.a(spu.o)
 .note          0x000000000000259c       0x74 ../third_party/psyq/lib/libspu.a(s_dcb.o)
 .note          0x0000000000002610       0x74 ../third_party/psyq/lib/libspu.a(s_n2p.o)
 .note          0x0000000000002684       0x74 ../third_party/psyq/lib/libapi.a(a07.o)
 .note          0x00000000000026f8       0x74 ../third_party/psyq/lib/libapi.a(a08.o)
 .note          0x000000000000276c       0x74 ../third_party/psyq/lib/libapi.a(a11.o)
 .note          0x00000000000027e0       0x74 ../third_party/psyq/lib/libapi.a(a12.o)
 .note          0x0000000000002854       0x74 ../third_party/psyq/lib/libapi.a(a23.o)
 .note          0x00000000000028c8       0x74 ../third_party/psyq/lib/libapi.a(a24.o)
 .note          0x000000000000293c       0x74 ../third_party/psyq/lib/libapi.a(a25.o)
 .note          0x00000000000029b0       0x74 ../third_party/psyq/lib/libapi.a(c114.o)
 .note          0x0000000000002a24       0x74 ../third_party/psyq/lib/libapi.a(c73.o)
 .note          0x0000000000002a98       0x74 ../third_party/psyq/lib/libapi.a(l10.o)
 .note          0x0000000000002b0c       0x74 ../third_party/psyq/lib/libc.a(a63.o)
 .note          0x0000000000002b80       0x74 ../third_party/psyq/lib/libc.a(c19.o)
 .note          0x0000000000002bf4       0x74 ../third_party/psyq/lib/libc.a(c27.o)
 .note          0x0000000000002c68       0x74 ../third_party/psyq/lib/libc.a(c43.o)

.debug_info     0x0000000000000000     0x2aa4
 .debug_info    0x0000000000000000     0x13f9 main.o
 .debug_info    0x00000000000013f9      0xdf0 engine/graphics.o
 .debug_info    0x00000000000021e9      0x3a0 engine/input.o
 .debug_info    0x0000000000002589      0x115 engine/timerz.o
 .debug_info    0x000000000000269e      0x3e0 engine/audio.o
 .debug_info    0x0000000000002a7e       0x26 ../third_party/common/crt0/crt0.o

.debug_abbrev   0x0000000000000000      0x8a9
 .debug_abbrev  0x0000000000000000      0x297 main.o
 .debug_abbrev  0x0000000000000297      0x25f engine/graphics.o
 .debug_abbrev  0x00000000000004f6      0x180 engine/input.o
 .debug_abbrev  0x0000000000000676       0xd9 engine/timerz.o
 .debug_abbrev  0x000000000000074f      0x146 engine/audio.o
 .debug_abbrev  0x0000000000000895       0x14 ../third_party/common/crt0/crt0.o

.debug_aranges  0x0000000000000000      0x200
 .debug_aranges
                0x0000000000000000       0x88 main.o
 .debug_aranges
                0x0000000000000088       0xc0 engine/graphics.o
 .debug_aranges
                0x0000000000000148       0x28 engine/input.o
 .debug_aranges
                0x0000000000000170       0x28 engine/timerz.o
 .debug_aranges
                0x0000000000000198       0x48 engine/audio.o
 .debug_aranges
                0x00000000000001e0       0x20 ../third_party/common/crt0/crt0.o

.debug_ranges   0x0000000000000000      0x190
 .debug_ranges  0x0000000000000000       0x78 main.o
 .debug_ranges  0x0000000000000078       0xb0 engine/graphics.o
 .debug_ranges  0x0000000000000128       0x18 engine/input.o
 .debug_ranges  0x0000000000000140       0x18 engine/timerz.o
 .debug_ranges  0x0000000000000158       0x38 engine/audio.o

.debug_line     0x0000000000000000     0x1453
 .debug_line    0x0000000000000000      0xc49 main.o
 .debug_line    0x0000000000000c49      0x4c0 engine/graphics.o
 .debug_line    0x0000000000001109       0xcd engine/input.o
 .debug_line    0x00000000000011d6       0xdd engine/timerz.o
 .debug_line    0x00000000000012b3      0x13d engine/audio.o
 .debug_line    0x00000000000013f0       0x63 ../third_party/common/crt0/crt0.o

.debug_str      0x0000000000000000      0xd58
 .debug_str     0x0000000000000000      0x910 main.o
                                        0x966 (size before relaxing)
 .debug_str     0x0000000000000910      0x202 engine/graphics.o
                                        0x5b5 (size before relaxing)
 .debug_str     0x0000000000000b12       0x6c engine/input.o
                                        0x36f (size before relaxing)
 .debug_str     0x0000000000000b7e       0x2b engine/timerz.o
                                        0x1bc (size before relaxing)
 .debug_str     0x0000000000000ba9      0x181 engine/audio.o
                                        0x2f4 (size before relaxing)
 .debug_str     0x0000000000000d2a       0x2e ../third_party/common/crt0/crt0.o
                                         0x42 (size before relaxing)

.debug_frame    0x0000000000000000      0x530
 .debug_frame   0x0000000000000000      0x1bc main.o
 .debug_frame   0x00000000000001bc      0x248 engine/graphics.o
 .debug_frame   0x0000000000000404       0x44 engine/input.o
 .debug_frame   0x0000000000000448       0x3c engine/timerz.o
 .debug_frame   0x0000000000000484       0xac engine/audio.o
