Archive member included to satisfy reference by file (symbol)

../third_party/psyq/lib/libc.a(c42.o)
                              main.o (memcpy)
../third_party/psyq/lib/libc.a(c63.o)
                              main.o (printf)
../third_party/psyq/lib/libetc.a(pad.o)
                              main.o (PadInit)
../third_party/psyq/lib/libetc.a(vmode.o)
                              libs/basics.o (GetVideoMode)
../third_party/psyq/lib/libetc.a(vsync.o)
                              libs/basics.o (VSync)
../third_party/psyq/lib/libetc.a(intr.o)
                              ../third_party/psyq/lib/libetc.a(pad.o) (ResetCallback)
../third_party/psyq/lib/libetc.a(intr_dma.o)
                              ../third_party/psyq/lib/libetc.a(intr.o) (startIntrDMA)
../third_party/psyq/lib/libetc.a(intr_vb.o)
                              ../third_party/psyq/lib/libetc.a(vsync.o) (Vcount)
../third_party/psyq/lib/libgpu.a(font.o)
                              libs/basics.o (FntFlush)
../third_party/psyq/lib/libgpu.a(p00.o)
                              libs/basics.o (GetTPage)
../third_party/psyq/lib/libgpu.a(p06.o)
                              ../third_party/psyq/lib/libgpu.a(font.o) (AddPrim)
../third_party/psyq/lib/libgpu.a(p09.o)
                              ../third_party/psyq/lib/libgpu.a(font.o) (TermPrim)
../third_party/psyq/lib/libgpu.a(p10.o)
                              ../third_party/psyq/lib/libgpu.a(font.o) (SetSemiTrans)
../third_party/psyq/lib/libgpu.a(p20.o)
                              ../third_party/psyq/lib/libgpu.a(font.o) (SetSprt8)
../third_party/psyq/lib/libgpu.a(p26.o)
                              ../third_party/psyq/lib/libgpu.a(font.o) (SetTile)
../third_party/psyq/lib/libgpu.a(p27.o)
                              libs/basics.o (SetLineF2)
../third_party/psyq/lib/libgpu.a(p41.o)
                              ../third_party/psyq/lib/libgpu.a(font.o) (SetDrawMode)
../third_party/psyq/lib/libgpu.a(sys.o)
                              libs/basics.o (ClearImage2)
../third_party/psyq/lib/libgpu.a(e00.o)
                              ../third_party/psyq/lib/libgpu.a(font.o) (LoadTPage)
../third_party/psyq/lib/libgpu.a(e02.o)
                              ../third_party/psyq/lib/libgpu.a(font.o) (LoadClut2)
../third_party/psyq/lib/libgpu.a(p01.o)
                              ../third_party/psyq/lib/libgpu.a(e02.o) (GetClut)
../third_party/psyq/lib/libgs.a(2d_sp0.o)
                              libs/basics.o (GsSortSprite)
../third_party/psyq/lib/libgs.a(global.o)
                              ../third_party/psyq/lib/libgs.a(2d_sp0.o) (GsOUT_PACKET_P)
../third_party/psyq/lib/libgs.a(gs_001.o)
                              ../third_party/psyq/lib/libgs.a(2d_sp0.o) (GsORGOFSY)
../third_party/psyq/lib/libgs.a(gs_0021.o)
                              libs/basics.o (GsGetActiveBuff)
../third_party/psyq/lib/libgs.a(gs_0022.o)
                              ../third_party/psyq/lib/libgs.a(gs_001.o) (GsSetDrawBuffOffset)
../third_party/psyq/lib/libgs.a(gs_003.o)
                              ../third_party/psyq/lib/libgs.a(gs_001.o) (GsSetDrawBuffClip)
../third_party/psyq/lib/libgs.a(gs_010.o)
                              libs/basics.o (GsSwapDispBuff)
../third_party/psyq/lib/libgs.a(gs_103.o)
                              libs/basics.o (GsDefDispBuff)
../third_party/psyq/lib/libgs.a(gs_104.o)
                              ../third_party/psyq/lib/libgs.a(gs_001.o) (HWD0)
../third_party/psyq/lib/libgs.a(gs_107.o)
                              ../third_party/psyq/lib/libgs.a(gs_001.o) (GsLIGHTWSMATRIX)
../third_party/psyq/lib/libgs.a(gs_111.o)
                              libs/basics.o (GsDrawOt)
../third_party/psyq/lib/libgs.a(gs_113.o)
                              libs/basics.o (GsClearOt)
../third_party/psyq/lib/libgs.a(gs_121.o)
                              ../third_party/psyq/lib/libgs.a(gs_001.o) (gte_init)
../third_party/psyq/lib/libgs.a(gs_122.o)
                              libs/basics.o (GsGetTimInfo)
../third_party/psyq/lib/libgs.a(gs_124.o)
                              libs/basics.o (GsSetWorkBase)
../third_party/psyq/lib/libgs.a(gs_128.o)
                              ../third_party/psyq/lib/libgs.a(2d_sp0.o) (GsIDMATRIX)
../third_party/psyq/lib/libgs.a(2d_com1.o)
                              ../third_party/psyq/lib/libgs.a(2d_sp0.o) (_make_packet)
../third_party/psyq/lib/libgte.a(cmb_00.o)
                              ../third_party/psyq/lib/libgs.a(2d_sp0.o) (RotTransPers4)
../third_party/psyq/lib/libgte.a(fgo_01.o)
                              ../third_party/psyq/lib/libgs.a(2d_sp0.o) (RotMatrix)
../third_party/psyq/lib/libgte.a(msc00.o)
                              ../third_party/psyq/lib/libgs.a(gs_121.o) (InitGeom)
../third_party/psyq/lib/libgte.a(msc01.o)
                              ../third_party/psyq/lib/libgs.a(gs_107.o) (SquareRoot0)
../third_party/psyq/lib/libgte.a(mtx_07.o)
                              ../third_party/psyq/lib/libgs.a(2d_sp0.o) (TransMatrix)
../third_party/psyq/lib/libgte.a(mtx_08.o)
                              ../third_party/psyq/lib/libgs.a(2d_sp0.o) (ScaleMatrix)
../third_party/psyq/lib/libgte.a(mtx_09.o)
                              ../third_party/psyq/lib/libgs.a(2d_sp0.o) (SetRotMatrix)
../third_party/psyq/lib/libgte.a(mtx_11.o)
                              ../third_party/psyq/lib/libgs.a(gs_107.o) (SetColorMatrix)
../third_party/psyq/lib/libgte.a(mtx_12.o)
                              ../third_party/psyq/lib/libgs.a(2d_sp0.o) (SetTransMatrix)
../third_party/psyq/lib/libgte.a(patchgte.o)
                              ../third_party/psyq/lib/libgte.a(msc00.o) (_patch_gte)
../third_party/psyq/lib/libgte.a(reg09.o)
                              ../third_party/psyq/lib/libgs.a(2d_sp0.o) (ReadGeomScreen)
../third_party/psyq/lib/libgte.a(reg11.o)
                              ../third_party/psyq/lib/libgs.a(gs_121.o) (SetFarColor)
../third_party/psyq/lib/libgte.a(reg12.o)
                              ../third_party/psyq/lib/libgs.a(gs_0022.o) (SetGeomOffset)
../third_party/psyq/lib/libgte.a(sqrtbl.o)
                              ../third_party/psyq/lib/libgte.a(msc01.o) (SQRT)
../third_party/psyq/lib/libgte.a(cstbl.o)
                              ../third_party/psyq/lib/libgte.a(fgo_01.o) (rcossin_tbl)
../third_party/psyq/lib/libapi.a(a22.o)
                              ../third_party/psyq/lib/libetc.a(pad.o) (PAD_dr)
../third_party/psyq/lib/libapi.a(a23.o)
                              ../third_party/psyq/lib/libetc.a(intr.o) (ReturnFromException)
../third_party/psyq/lib/libapi.a(a24.o)
                              ../third_party/psyq/lib/libetc.a(intr.o) (ResetEntryInt)
../third_party/psyq/lib/libapi.a(a25.o)
                              ../third_party/psyq/lib/libetc.a(intr.o) (HookEntryInt)
../third_party/psyq/lib/libapi.a(a36.o)
                              ../third_party/psyq/lib/libetc.a(intr.o) (EnterCriticalSection)
../third_party/psyq/lib/libapi.a(a37.o)
                              ../third_party/psyq/lib/libetc.a(intr.o) (ExitCriticalSection)
../third_party/psyq/lib/libapi.a(a91.o)
                              ../third_party/psyq/lib/libetc.a(pad.o) (ChangeClearPAD)
../third_party/psyq/lib/libapi.a(c114.o)
                              ../third_party/psyq/lib/libetc.a(intr.o) (_96_remove)
../third_party/psyq/lib/libapi.a(c68.o)
                              ../third_party/psyq/lib/libgte.a(patchgte.o) (FlushCache)
../third_party/psyq/lib/libapi.a(c73.o)
                              ../third_party/psyq/lib/libgpu.a(sys.o) (GPU_cw)
../third_party/psyq/lib/libapi.a(l10.o)
                              ../third_party/psyq/lib/libetc.a(vsync.o) (ChangeClearRCnt)
../third_party/psyq/lib/libapi.a(pad.o)
                              ../third_party/psyq/lib/libetc.a(pad.o) (PAD_init)
../third_party/psyq/lib/libapi.a(patch.o)
                              ../third_party/psyq/lib/libapi.a(pad.o) (_patch_pad)
../third_party/psyq/lib/libapi.a(a18.o)
                              ../third_party/psyq/lib/libapi.a(pad.o) (InitPAD2)
../third_party/psyq/lib/libapi.a(a19.o)
                              ../third_party/psyq/lib/libapi.a(pad.o) (StartPAD2)
../third_party/psyq/lib/libapi.a(a21.o)
                              ../third_party/psyq/lib/libapi.a(pad.o) (PAD_init2)
../third_party/psyq/lib/libapi.a(chclrpad.o)
                              ../third_party/psyq/lib/libapi.a(pad.o) (_remove_ChgclrPAD)
../third_party/psyq/lib/libapi.a(l02.o)
                              ../third_party/psyq/lib/libapi.a(pad.o) (SysEnqIntRP)
../third_party/psyq/lib/libapi.a(l03.o)
                              ../third_party/psyq/lib/libapi.a(pad.o) (SysDeqIntRP)
../third_party/psyq/lib/libc.a(a63.o)
                              ../third_party/psyq/lib/libetc.a(vsync.o) (puts)
../third_party/psyq/lib/libc.a(c19.o)
                              ../third_party/psyq/lib/libetc.a(intr.o) (setjmp)
../third_party/psyq/lib/libc.a(c27.o)
                              ../third_party/psyq/lib/libgpu.a(font.o) (strlen)
../third_party/psyq/lib/libc.a(c43.o)
                              ../third_party/psyq/lib/libgpu.a(font.o) (memset)

Allocating common symbols
Common symbol       size              file

playerSprite        0x50              main.o
SCREEN_WIDTH        0x4               libs/basics.o
GPUOutputPacket     0x258             libs/basics.o
bgSprite            0x50              main.o
SCREEN_HEIGHT       0x4               libs/basics.o
currentBuffer       0x2               libs/basics.o
ballSprite          0x50              main.o
systemBackgroundColor
                    0xc               libs/basics.o
orderingTable       0x28              libs/basics.o
minorOrderingTable  0x10              libs/basics.o

Discarded input sections

 .text          0x0000000000000000        0x0 main.o
 .bss           0x0000000000000000       0x10 main.o
 .reginfo       0x0000000000000000       0x18 main.o
 .MIPS.abiflags
                0x0000000000000000       0x18 main.o
 .pdr           0x0000000000000000       0x60 main.o
 .text.gameScreen
                0x0000000000000000        0x8 main.o
 .text          0x0000000000000000        0x0 libs/basics.o
 .data          0x0000000000000000        0x0 libs/basics.o
 .bss           0x0000000000000000        0x0 libs/basics.o
 .reginfo       0x0000000000000000       0x18 libs/basics.o
 .MIPS.abiflags
                0x0000000000000000       0x18 libs/basics.o
 .pdr           0x0000000000000000      0x2c0 libs/basics.o
 .text.rotImage
                0x0000000000000000       0x40 libs/basics.o
 .text.drawImage
                0x0000000000000000       0x60 libs/basics.o
 .text.createLine
                0x0000000000000000       0x8c libs/basics.o
 .text.createBox
                0x0000000000000000      0x12c libs/basics.o
 .text.moveLine
                0x0000000000000000       0x50 libs/basics.o
 .text.moveBox  0x0000000000000000      0x1a8 libs/basics.o
 .text.transposeBox
                0x0000000000000000       0x34 libs/basics.o
 .text.drawLine
                0x0000000000000000       0x30 libs/basics.o
 .text.drawBox  0x0000000000000000       0x48 libs/basics.o
 .text          0x0000000000000000        0x0 ../third_party/common/syscalls/printf.o
 .data          0x0000000000000000        0x0 ../third_party/common/syscalls/printf.o
 .bss           0x0000000000000000        0x0 ../third_party/common/syscalls/printf.o
 .reginfo       0x0000000000000000       0x18 ../third_party/common/syscalls/printf.o
 .MIPS.abiflags
                0x0000000000000000       0x18 ../third_party/common/syscalls/printf.o
 .pdr           0x0000000000000000        0x0 ../third_party/common/syscalls/printf.o
 .ramtext       0x0000000000000000        0xc ../third_party/common/syscalls/printf.o
 .debug_line    0x0000000000000000       0x59 ../third_party/common/syscalls/printf.o
 .debug_info    0x0000000000000000       0x26 ../third_party/common/syscalls/printf.o
 .debug_abbrev  0x0000000000000000       0x14 ../third_party/common/syscalls/printf.o
 .debug_aranges
                0x0000000000000000       0x20 ../third_party/common/syscalls/printf.o
 .debug_str     0x0000000000000000       0x48 ../third_party/common/syscalls/printf.o
 .gnu.attributes
                0x0000000000000000       0x10 ../third_party/common/syscalls/printf.o
 .text          0x0000000000000000        0x0 ../third_party/common/crt0/crt0.o
 .data          0x0000000000000000        0x0 ../third_party/common/crt0/crt0.o
 .bss           0x0000000000000000        0x0 ../third_party/common/crt0/crt0.o
 .reginfo       0x0000000000000000       0x18 ../third_party/common/crt0/crt0.o
 .MIPS.abiflags
                0x0000000000000000       0x18 ../third_party/common/crt0/crt0.o
 .text          0x0000000000000000       0x20 ../third_party/psyq/lib/libgpu.a(p27.o)
 .text          0x0000000000000000      0x500 ../third_party/psyq/lib/libgs.a(2d_sp0.o)
 .data          0x0000000000000000       0x10 ../third_party/psyq/lib/libgs.a(global.o)
 .data          0x0000000000000000       0x10 ../third_party/psyq/lib/libgs.a(gs_001.o)
 .text          0x0000000000000000       0x80 ../third_party/psyq/lib/libgs.a(gs_104.o)
 .text          0x0000000000000000      0x570 ../third_party/psyq/lib/libgs.a(gs_107.o)
 .rdata         0x0000000000000000       0x30 ../third_party/psyq/lib/libgs.a(2d_com1.o)
 .text          0x0000000000000000       0xa0 ../third_party/psyq/lib/libgs.a(2d_com1.o)
 .text          0x0000000000000000       0x80 ../third_party/psyq/lib/libgte.a(cmb_00.o)
 .text          0x0000000000000000      0x290 ../third_party/psyq/lib/libgte.a(fgo_01.o)
 .text          0x0000000000000000       0x90 ../third_party/psyq/lib/libgte.a(msc01.o)
 .text          0x0000000000000000       0x30 ../third_party/psyq/lib/libgte.a(mtx_07.o)
 .text          0x0000000000000000      0x140 ../third_party/psyq/lib/libgte.a(mtx_08.o)
 .text          0x0000000000000000       0x30 ../third_party/psyq/lib/libgte.a(mtx_09.o)
 .text          0x0000000000000000       0x30 ../third_party/psyq/lib/libgte.a(mtx_11.o)
 .text          0x0000000000000000       0x20 ../third_party/psyq/lib/libgte.a(mtx_12.o)
 .text          0x0000000000000000       0x10 ../third_party/psyq/lib/libgte.a(reg09.o)
 .data          0x0000000000000000      0x180 ../third_party/psyq/lib/libgte.a(sqrtbl.o)
 .data          0x0000000000000000     0x4000 ../third_party/psyq/lib/libgte.a(cstbl.o)

Memory Configuration

Name             Origin             Length             Attributes
loader           0x000000008000f800 0x0000000000000800
ram              0x0000000080010000 0x00000000001f0000 xrw
dcache           0x000000001f800000 0x0000000000000400
*default*        0x0000000000000000 0xffffffffffffffff

Linker script and memory map

LOAD main.o
LOAD libs/basics.o
LOAD ../third_party/common/syscalls/printf.o
LOAD ../third_party/common/crt0/crt0.o
START GROUP
LOAD ../third_party/psyq/lib/libapi.a
LOAD ../third_party/psyq/lib/libc.a
LOAD ../third_party/psyq/lib/libc2.a
LOAD ../third_party/psyq/lib/libcard.a
LOAD ../third_party/psyq/lib/libcomb.a
LOAD ../third_party/psyq/lib/libds.a
LOAD ../third_party/psyq/lib/libetc.a
LOAD ../third_party/psyq/lib/libgpu.a
LOAD ../third_party/psyq/lib/libgs.a
LOAD ../third_party/psyq/lib/libgte.a
LOAD ../third_party/psyq/lib/libgpu.a
LOAD ../third_party/psyq/lib/libgun.a
LOAD ../third_party/psyq/lib/libhmd.a
LOAD ../third_party/psyq/lib/libmath.a
LOAD ../third_party/psyq/lib/libmcrd.a
LOAD ../third_party/psyq/lib/libmcx.a
LOAD ../third_party/psyq/lib/libpad.a
LOAD ../third_party/psyq/lib/libpress.a
LOAD ../third_party/psyq/lib/libsio.a
LOAD ../third_party/psyq/lib/libsnd.a
LOAD ../third_party/psyq/lib/libspu.a
LOAD ../third_party/psyq/lib/libtap.a
END GROUP
                0x0000000080023244                __heap_base = __bss_end
                0x0000000080010000                TLOAD_ADDR = DEFINED (TLOAD_ADDR)?TLOAD_ADDR:0x80010000
                0x0000000080200000                __ram_top = (ORIGIN (ram) + LENGTH (ram))
                0x00000000801fff00                __sp = (__ram_top - 0x100)
                0x000000001f800000                __dcache = ORIGIN (dcache)
                0x000000001f800400                __dcache_top = (ORIGIN (dcache) + LENGTH (dcache))
                0x0000000000006244                __bss_len = (__bss_end - __bss_start)
                0x0000000000006330                __ftext_len = (__ftext_end - __ftext_start)
                0x0000000000006cd0                __fdata_len = (__fdata_end - __fdata_start)
                0x0000000080200000                __stack_start = (ORIGIN (ram) + LENGTH (ram))

.PSX_EXE_Header
                0x000000008000f800      0x800
                0x000000008000f800        0x1 BYTE 0x50
                0x000000008000f801        0x1 BYTE 0x53
                0x000000008000f802        0x1 BYTE 0x2d
                0x000000008000f803        0x1 BYTE 0x58
                0x000000008000f804        0x1 BYTE 0x20
                0x000000008000f805        0x1 BYTE 0x45
                0x000000008000f806        0x1 BYTE 0x58
                0x000000008000f807        0x1 BYTE 0x45
                0x000000008000f808        0x4 LONG 0x0
                0x000000008000f80c        0x4 LONG 0x0
                0x000000008000f810        0x4 LONG 0x80010000 ABSOLUTE (_start)
                0x000000008000f814        0x4 LONG 0x0
                0x000000008000f818        0x4 LONG 0x80010000 TLOAD_ADDR
                0x000000008000f81c        0x4 LONG 0xd000 (__ftext_len + __fdata_len)
                0x000000008000f820        0x4 LONG 0x0
                0x000000008000f824        0x4 LONG 0x0
                0x000000008000f828        0x4 LONG 0x0
                0x000000008000f82c        0x4 LONG 0x0
                0x000000008000f830        0x4 LONG 0x801fff00 DEFINED (_sp)?ABSOLUTE (_sp):0x801fff00
                0x000000008000f834        0x4 LONG 0x0
                0x0000000080010000                . = (. + 0x7c8)
 *fill*         0x000000008000f838      0x7c8 
                0x0000000080010000                __ftext_start = ABSOLUTE (.)

.text           0x0000000080010000     0x6330
 *(.start)
 .start         0x0000000080010000       0x64 ../third_party/common/crt0/crt0.o
                0x0000000080010000                _start
 *(.init)
 *(SORT_NONE(.fini))
 *(.text.unlikely .text.*_unlikely .text.unlikely.*)
 *(.text.exit .text.exit.*)
 *(.text.startup .text.startup.*)
 .text.startup.main
                0x0000000080010064       0x34 main.o
                0x0000000080010064                main
 *(.text.hot .text.hot.*)
 *(.text .stub .text.* .gnu.linkonce.t.*)
 .text.initialize
                0x0000000080010098      0x204 main.o
                0x0000000080010098                initialize
 .text.setScreenMode.part.0
                0x000000008001029c       0x64 libs/basics.o
 .text.createImage
                0x0000000080010300      0x11c libs/basics.o
                0x0000000080010300                createImage
 .text.moveImage
                0x000000008001041c       0x44 libs/basics.o
                0x000000008001041c                moveImage
 .text.scaleImage
                0x0000000080010460       0x74 libs/basics.o
                0x0000000080010460                scaleImage
 .text.createColor
                0x00000000800104d4       0x14 libs/basics.o
                0x00000000800104d4                createColor
 .text.setScreenMode
                0x00000000800104e8       0x70 libs/basics.o
                0x00000000800104e8                setScreenMode
 .text.setBackgroundColor
                0x0000000080010558       0x24 libs/basics.o
                0x0000000080010558                setBackgroundColor
 .text.initializeDebugFont
                0x000000008001057c       0x44 libs/basics.o
                0x000000008001057c                initializeDebugFont
 .text.initializeOrderingTable
                0x00000000800105c0       0x90 libs/basics.o
                0x00000000800105c0                initializeOrderingTable
 .text.flushDisplay
                0x0000000080010650       0x90 libs/basics.o
                0x0000000080010650                flushDisplay
 .text.clearDisplay
                0x00000000800106e0       0x74 libs/basics.o
                0x00000000800106e0                clearDisplay
 .text.clearVRAM
                0x0000000080010754       0x44 libs/basics.o
                0x0000000080010754                clearVRAM
 .text.initializeScreen
                0x0000000080010798       0xac libs/basics.o
                0x0000000080010798                initializeScreen
 *fill*         0x0000000080010844        0x4 
 .text          0x0000000080010848       0x10 ../third_party/psyq/lib/libc.a(c42.o)
                0x0000000080010848                memcpy
 .text          0x0000000080010858       0x10 ../third_party/psyq/lib/libc.a(c63.o)
                0x0000000080010858                printf
 .text          0x0000000080010868       0x80 ../third_party/psyq/lib/libetc.a(pad.o)
                0x0000000080010868                PadInit
                0x00000000800108b4                PadRead
 .text          0x00000000800108e8       0x30 ../third_party/psyq/lib/libetc.a(vmode.o)
                0x00000000800108e8                SetVideoMode
                0x00000000800108fc                GetVideoMode
 .text          0x0000000080010918      0x210 ../third_party/psyq/lib/libetc.a(vsync.o)
                0x0000000080010918                VSync
 .text          0x0000000080010b28      0x6c0 ../third_party/psyq/lib/libetc.a(intr.o)
                0x0000000080010b28                ResetCallback
                0x0000000080010b58                InterruptCallback
                0x0000000080010b88                DMACallback
                0x0000000080010bb8                VSyncCallback
                0x0000000080010bec                VSyncCallbacks
                0x0000000080010c1c                StopCallback
                0x0000000080010c4c                RestartCallback
                0x0000000080010c7c                CheckCallback
                0x0000000080010c8c                GetIntrMask
                0x0000000080010ca4                SetIntrMask
 .text          0x00000000800111e8      0x2a0 ../third_party/psyq/lib/libetc.a(intr_dma.o)
                0x00000000800111e8                startIntrDMA
 .text          0x0000000080011488      0x120 ../third_party/psyq/lib/libetc.a(intr_vb.o)
                0x0000000080011488                startIntrVSync
 .text          0x00000000800115a8      0xa80 ../third_party/psyq/lib/libgpu.a(font.o)
                0x00000000800115a8                SetDumpFnt
                0x00000000800115e8                FntLoad
                0x0000000080011688                FntOpen
                0x0000000080011944                FntFlush
                0x0000000080011c60                FntPrint
 .text          0x0000000080012028       0x40 ../third_party/psyq/lib/libgpu.a(p00.o)
                0x0000000080012028                GetTPage
 .text          0x0000000080012068       0x40 ../third_party/psyq/lib/libgpu.a(p06.o)
                0x0000000080012068                AddPrim
 .text          0x00000000800120a8       0x20 ../third_party/psyq/lib/libgpu.a(p09.o)
                0x00000000800120a8                TermPrim
 .text          0x00000000800120c8       0x30 ../third_party/psyq/lib/libgpu.a(p10.o)
                0x00000000800120c8                SetSemiTrans
 .text          0x00000000800120f8       0x20 ../third_party/psyq/lib/libgpu.a(p20.o)
                0x00000000800120f8                SetSprt8
 .text          0x0000000080012118       0x20 ../third_party/psyq/lib/libgpu.a(p26.o)
                0x0000000080012118                SetTile
 .text          0x0000000080012138       0xa0 ../third_party/psyq/lib/libgpu.a(p41.o)
                0x0000000080012138                SetDrawMode
 .text          0x00000000800121d8     0x2f00 ../third_party/psyq/lib/libgpu.a(sys.o)
                0x00000000800121d8                ResetGraph
                0x000000008001234c                SetGraphDebug
                0x00000000800123a8                SetGraphQueue
                0x000000008001244c                GetGraphDebug
                0x000000008001245c                DrawSyncCallback
                0x00000000800124bc                SetDispMask
                0x0000000080012554                DrawSync
                0x00000000800126d8                ClearImage
                0x0000000080012768                ClearImage2
                0x0000000080012800                LoadImage
                0x0000000080012860                StoreImage
                0x00000000800128c0                MoveImage
                0x0000000080012978                ClearOTag
                0x0000000080012a40                ClearOTagR
                0x0000000080012aec                DrawPrim
                0x0000000080012b48                DrawOTag
                0x0000000080012bb8                PutDrawEnv
                0x0000000080012c78                DrawOTagEnv
                0x0000000080012d50                GetDrawEnv
                0x0000000080012d84                PutDispEnv
                0x000000008001327c                GetDispEnv
                0x00000000800132b0                GetODE
                0x00000000800132e0                SetDrawArea
                0x0000000080013360                SetDrawOffset
                0x00000000800133a0                SetDrawEnv
                0x0000000080014c70                LoadImage2
                0x0000000080014d5c                StoreImage2
                0x0000000080014e48                MoveImage2
                0x0000000080014f8c                DrawOTag2
                0x0000000080015088                _GPU_ResetCallback
 .text          0x00000000800150d8       0xf0 ../third_party/psyq/lib/libgpu.a(e00.o)
                0x00000000800150d8                LoadTPage
 .text          0x00000000800151c8       0x70 ../third_party/psyq/lib/libgpu.a(e02.o)
                0x00000000800151c8                LoadClut2
 .text          0x0000000080015238       0x20 ../third_party/psyq/lib/libgpu.a(p01.o)
                0x0000000080015238                GetClut
 .text          0x0000000080015258      0x550 ../third_party/psyq/lib/libgs.a(gs_001.o)
                0x0000000080015258                GsInitGraph
                0x00000000800153e8                GsInitGraph2
                0x0000000080015670                GsSortClear
 .text          0x00000000800157a8       0x10 ../third_party/psyq/lib/libgs.a(gs_0021.o)
                0x00000000800157a8                GsGetActiveBuff
 .text          0x00000000800157b8      0x110 ../third_party/psyq/lib/libgs.a(gs_0022.o)
                0x00000000800157b8                GsSetDrawBuffOffset
 .text          0x00000000800158c8       0x80 ../third_party/psyq/lib/libgs.a(gs_003.o)
                0x00000000800158c8                GsSetDrawBuffClip
 .text          0x0000000080015948       0xb0 ../third_party/psyq/lib/libgs.a(gs_010.o)
                0x0000000080015948                GsSwapDispBuff
 .text          0x00000000800159f8       0xa0 ../third_party/psyq/lib/libgs.a(gs_103.o)
                0x00000000800159f8                GsDefDispBuff
 .text          0x0000000080015a98       0x30 ../third_party/psyq/lib/libgs.a(gs_111.o)
                0x0000000080015a98                GsDrawOt
 .text          0x0000000080015ac8       0x60 ../third_party/psyq/lib/libgs.a(gs_113.o)
                0x0000000080015ac8                GsClearOt
 .text          0x0000000080015b28       0x50 ../third_party/psyq/lib/libgs.a(gs_121.o)
                0x0000000080015b28                gte_init
 .text          0x0000000080015b78       0xf0 ../third_party/psyq/lib/libgs.a(gs_122.o)
                0x0000000080015b78                GsGetTimInfo
 .text          0x0000000080015c68       0x10 ../third_party/psyq/lib/libgs.a(gs_124.o)
                0x0000000080015c68                GsSetWorkBase
 .text          0x0000000080015c78       0x90 ../third_party/psyq/lib/libgte.a(msc00.o)
                0x0000000080015c80                InitGeom
 .text          0x0000000080015d08       0xe0 ../third_party/psyq/lib/libgte.a(patchgte.o)
                0x0000000080015d08                _patch_gte
 .text          0x0000000080015de8       0x20 ../third_party/psyq/lib/libgte.a(reg11.o)
                0x0000000080015de8                SetFarColor
 .text          0x0000000080015e08       0x20 ../third_party/psyq/lib/libgte.a(reg12.o)
                0x0000000080015e08                SetGeomOffset
 .text          0x0000000080015e28       0x10 ../third_party/psyq/lib/libapi.a(a22.o)
                0x0000000080015e28                PAD_dr
 .text          0x0000000080015e38       0x10 ../third_party/psyq/lib/libapi.a(a23.o)
                0x0000000080015e38                ReturnFromException
 .text          0x0000000080015e48       0x10 ../third_party/psyq/lib/libapi.a(a24.o)
                0x0000000080015e48                ResetEntryInt
 .text          0x0000000080015e58       0x10 ../third_party/psyq/lib/libapi.a(a25.o)
                0x0000000080015e58                HookEntryInt
 .text          0x0000000080015e68       0x10 ../third_party/psyq/lib/libapi.a(a36.o)
                0x0000000080015e68                EnterCriticalSection
 .text          0x0000000080015e78       0x10 ../third_party/psyq/lib/libapi.a(a37.o)
                0x0000000080015e78                ExitCriticalSection
 .text          0x0000000080015e88       0x10 ../third_party/psyq/lib/libapi.a(a91.o)
                0x0000000080015e88                ChangeClearPAD
 .text          0x0000000080015e98       0x20 ../third_party/psyq/lib/libapi.a(c114.o)
                0x0000000080015ea0                _96_remove
 .text          0x0000000080015eb8       0x10 ../third_party/psyq/lib/libapi.a(c68.o)
                0x0000000080015eb8                FlushCache
 .text          0x0000000080015ec8       0x10 ../third_party/psyq/lib/libapi.a(c73.o)
                0x0000000080015ec8                GPU_cw
 .text          0x0000000080015ed8       0x10 ../third_party/psyq/lib/libapi.a(l10.o)
                0x0000000080015ed8                ChangeClearRCnt
 .text          0x0000000080015ee8      0x290 ../third_party/psyq/lib/libapi.a(pad.o)
                0x0000000080015ee8                SetInitPadFlag
                0x0000000080015ef4                ReadInitPadFlag
                0x0000000080015f04                PAD_init
                0x0000000080015f94                InitPAD
                0x0000000080016024                StartPAD
 .text          0x0000000080016178       0xa0 ../third_party/psyq/lib/libapi.a(patch.o)
                0x0000000080016178                EnablePAD
                0x000000008001618c                DisablePAD
                0x00000000800161a0                _patch_pad
 .text          0x0000000080016218       0x10 ../third_party/psyq/lib/libapi.a(a18.o)
                0x0000000080016218                InitPAD2
 .text          0x0000000080016228       0x10 ../third_party/psyq/lib/libapi.a(a19.o)
                0x0000000080016228                StartPAD2
 .text          0x0000000080016238       0x10 ../third_party/psyq/lib/libapi.a(a21.o)
                0x0000000080016238                PAD_init2
 .text          0x0000000080016248       0x70 ../third_party/psyq/lib/libapi.a(chclrpad.o)
                0x0000000080016248                _remove_ChgclrPAD
 .text          0x00000000800162b8       0x10 ../third_party/psyq/lib/libapi.a(l02.o)
                0x00000000800162b8                SysEnqIntRP
 .text          0x00000000800162c8       0x10 ../third_party/psyq/lib/libapi.a(l03.o)
                0x00000000800162c8                SysDeqIntRP
 .text          0x00000000800162d8       0x20 ../third_party/psyq/lib/libc.a(a63.o)
                0x00000000800162e0                puts
 .text          0x00000000800162f8       0x10 ../third_party/psyq/lib/libc.a(c19.o)
                0x00000000800162f8                setjmp
 .text          0x0000000080016308       0x10 ../third_party/psyq/lib/libc.a(c27.o)
                0x0000000080016308                strlen
 .text          0x0000000080016318       0x10 ../third_party/psyq/lib/libc.a(c43.o)
                0x0000000080016318                memset
                0x0000000080016330                . = ALIGN (0x10)
 *fill*         0x0000000080016328        0x8 
 *(.init)
                0x0000000080016330                . = ALIGN (0x10)
 *(.fini)
                0x0000000080016330                . = ALIGN (0x10)
                0x0000000080016330                __text_end = .
                0x0000000080016330                __ftext_end = ABSOLUTE (.)
                0x0000000080016330                __fdata_start = ABSOLUTE (.)

.rodata         0x0000000080016330      0x454
 *(.rodata .rodata.* .rdata .rdata.* .gnu.linkonce.r.*)
 .rodata.str1.4
                0x0000000080016330        0xa main.o
                                          0xc (size before relaxing)
 *fill*         0x000000008001633a        0x2 
 .rodata.str1.4
                0x000000008001633c       0x9c libs/basics.o
 .rodata        0x00000000800163d8       0x10 ../third_party/common/crt0/crt0.o
 .rdata         0x00000000800163e8       0x10 ../third_party/psyq/lib/libetc.a(vsync.o)
 .rdata         0x00000000800163f8       0x70 ../third_party/psyq/lib/libetc.a(intr.o)
 .rdata         0x0000000080016468       0x30 ../third_party/psyq/lib/libetc.a(intr_dma.o)
 .rdata         0x0000000080016498       0xa0 ../third_party/psyq/lib/libgpu.a(font.o)
 .rdata         0x0000000080016538      0x220 ../third_party/psyq/lib/libgpu.a(sys.o)
                0x0000000080016760                . = ALIGN (0x10)
 *fill*         0x0000000080016758        0x8 
                0x0000000080016760                __preinit_array_start = .
 *(.preinit_array)
                0x0000000080016760                __preinit_array_end = .
                0x0000000080016760                . = ALIGN (0x10)
                0x0000000080016760                __init_array_start = .
 *(SORT_BY_NAME(.init_array.*))
 *(.init_array)
                0x0000000080016760                . = ALIGN (0x10)
 *crtbegin.o(.ctors)
 *(EXCLUDE_FILE(*crtend.o) .ctors)
 *(SORT_BY_NAME(.ctors.*))
 *crtend.o(.ctors)
                0x0000000080016760                __init_array_end = .
                0x0000000080016760                . = ALIGN (0x10)
                0x0000000080016760                __fini_array_start = .
 *(.fini_array)
 *(SORT_BY_NAME(.fini_array.*))
 *crtbegin.o(.dtors)
 *(EXCLUDE_FILE(*crtend.o) .dtors)
 *(SORT_BY_NAME(.dtors.*))
 *crtend.o(.dtors)
                0x0000000080016760                __fini_array_end = .
                0x0000000080016760                __build_id = .
 *(.note.gnu.build-id)
 .note.gnu.build-id
                0x0000000080016760       0x24 main.o
                0x0000000080016784                __build_id_end = .

.rel.dyn        0x0000000080016784        0x0
 .rel.dyn       0x0000000080016784        0x0 ../third_party/psyq/lib/libgpu.a(sys.o)

.rodata1
 *(.rodata1)
                0x0000000080016784                __data_start = .

.data           0x0000000080016790     0x6870
 *(.a0table)
 *(.data .data.* .gnu.linkonce.d.*)
 .data          0x0000000080016790     0x46f0 main.o
                0x0000000080016790                img_wall1
                0x000000008001a430                img_playerBar
                0x000000008001a844                img_ball
                0x000000008001ae64                img_wall1_height
                0x000000008001ae66                img_wall1_width
                0x000000008001ae68                img_playerBar_height
                0x000000008001ae6a                img_playerBar_width
                0x000000008001ae6c                img_ball_height
                0x000000008001ae6e                img_ball_width
                0x000000008001ae70                img_wall1_gpu_x
                0x000000008001ae72                img_playerBar_gpu_x
                0x000000008001ae74                img_ball_gpu_x
 .data          0x000000008001ae80       0x10 ../third_party/psyq/lib/libetc.a(vmode.o)
 .data          0x000000008001ae90       0x20 ../third_party/psyq/lib/libetc.a(vsync.o)
                0x000000008001aea0                Hcount
 .data          0x000000008001aeb0     0x1100 ../third_party/psyq/lib/libetc.a(intr.o)
 .data          0x000000008001bfb0       0x30 ../third_party/psyq/lib/libetc.a(intr_dma.o)
 .data          0x000000008001bfe0       0x30 ../third_party/psyq/lib/libetc.a(intr_vb.o)
                0x000000008001c000                Vcount
 .data          0x000000008001c010      0xb90 ../third_party/psyq/lib/libgpu.a(font.o)
                0x000000008001c010                Font
 .data          0x000000008001cba0      0x1a0 ../third_party/psyq/lib/libgpu.a(sys.o)
                0x000000008001cbec                GPU_printf
                0x000000008001cbf0                GEnv
                0x000000008001cd18                _qin
                0x000000008001cd1c                _qout
 .data          0x000000008001cd40       0x10 ../third_party/psyq/lib/libgte.a(msc00.o)
 .data          0x000000008001cd50       0x10 ../third_party/psyq/lib/libapi.a(pad.o)
 *(.data1)
 *(.sdata .sdata.* .gnu.linkonce.s.*)
 *(.sdata2 .sdata2.* .gnu.linkonce.s2.*)
 *(.got.plt)
 *(.got)
                0x000000008001d000                . = ALIGN (0x800)
 *fill*         0x000000008001cd60      0x2a0 
                0x000000008001d000                __data_end = .
                0x000000008001d000                __fdata_end = .
                0x000000008001d000                __bss_start = .

.sbss           0x000000008001d000     0x6244
 *(.dynsbss)
 *(.sbss .sbss.* .gnu.linkonce.sb.*)
 *(.scommon)
 .scommon       0x000000008001d000        0xa libs/basics.o
                0x000000008001d000                SCREEN_WIDTH
                0x000000008001d004                SCREEN_HEIGHT
                0x000000008001d008                currentBuffer
 *(.dynbss)
 *(.bss .bss.* .gnu.linkonce.b.*)
 *fill*         0x000000008001d00a        0x6 
 .bss           0x000000008001d010       0x14 ../third_party/psyq/lib/libetc.a(pad.o)
                0x000000008001d020                PadIdentifier
 *fill*         0x000000008001d024        0x4 
 .bss           0x000000008001d028     0x4410 ../third_party/psyq/lib/libgpu.a(font.o)
 .bss           0x0000000080021438     0x1850 ../third_party/psyq/lib/libgpu.a(sys.o)
                0x0000000080021488                _que
 .bss           0x0000000080022c88       0x54 ../third_party/psyq/lib/libgs.a(global.o)
                0x0000000080022c88                GsOUT_PACKET_P
                0x0000000080022c90                GsMATE_C
                0x0000000080022c98                GsLMODE
                0x0000000080022ca0                GsLIGNR
                0x0000000080022ca8                GsLIOFF
                0x0000000080022cb0                GsZOVER
                0x0000000080022cb8                GsBACKC
                0x0000000080022cc0                GsNDIV
                0x0000000080022cc8                GsTRATE
                0x0000000080022cd0                GsTON
                0x0000000080022cd8                GsDISPON
 *fill*         0x0000000080022cdc        0x4 
 .bss           0x0000000080022ce0       0xea ../third_party/psyq/lib/libgs.a(gs_001.o)
                0x0000000080022d00                PSDIDX
                0x0000000080022d08                GsDRAWENV
                0x0000000080022d68                GsDISPENV
                0x0000000080022d80                PSDGPU
                0x0000000080022d88                PSDBASEX
                0x0000000080022d90                PSDBASEY
                0x0000000080022d98                POSITION
                0x0000000080022da0                CLIP2
                0x0000000080022da8                PSDCNT
                0x0000000080022db0                PSDOFSX
                0x0000000080022db8                PSDOFSY
                0x0000000080022dc0                GsORGOFSX
                0x0000000080022dc8                GsORGOFSY
 *fill*         0x0000000080022dca        0x6 
 .bss           0x0000000080022dd0       0x24 ../third_party/psyq/lib/libgs.a(gs_104.o)
                0x0000000080022dd0                HWD0
                0x0000000080022dd8                VWD0
                0x0000000080022de0                GsCLIP3near
                0x0000000080022de8                GsLIGHT_MODE
                0x0000000080022df0                GsCLIP3far
 *fill*         0x0000000080022df4        0x4 
 .bss           0x0000000080022df8       0x40 ../third_party/psyq/lib/libgs.a(gs_107.o)
                0x0000000080022df8                GsLIGHTWSMATRIX
                0x0000000080022e18                _LC
 .bss           0x0000000080022e38       0x40 ../third_party/psyq/lib/libgs.a(gs_128.o)
                0x0000000080022e38                GsIDMATRIX
                0x0000000080022e58                GsIDMATRIX2
 .bss           0x0000000080022e78       0x10 ../third_party/psyq/lib/libgte.a(patchgte.o)
 .bss           0x0000000080022e88       0x10 ../third_party/psyq/lib/libapi.a(pad.o)
                0x0000000080022e88                _apiPadPatch
 .bss           0x0000000080022e98       0x10 ../third_party/psyq/lib/libapi.a(patch.o)
 .bss           0x0000000080022ea8       0x10 ../third_party/psyq/lib/libapi.a(chclrpad.o)
 *(COMMON)
 COMMON         0x0000000080022eb8       0xf0 main.o
                0x0000000080022eb8                playerSprite
                0x0000000080022f08                bgSprite
                0x0000000080022f58                ballSprite
 COMMON         0x0000000080022fa8      0x29c libs/basics.o
                0x0000000080022fa8                GPUOutputPacket
                0x0000000080023200                systemBackgroundColor
                0x000000008002320c                orderingTable
                0x0000000080023234                minorOrderingTable
                0x0000000080023244                . = ALIGN (0x4)
                0x0000000080023244                __bss_end = .
                0x0000000080023244                __heap_start = __heap_base
                0x000000008000f800                . = (ADDR (.text) - 0x800)
                0x000000008000f800                __end = .

/DISCARD/
 *(.MIPS.abiflags)
 *(.rel.iplt)
 *(.rela.iplt)
 *(.rel.plt)
 *(.rela.plt)
 *(.plt)
 *(.iplt)
 *(.note.GNU-stack)
 *(.gnu_debuglink)
 *(.gnu.lto_*)
OUTPUT(BuzzyBee.elf elf32-tradlittlemips)

.mdebug.abi32   0x0000000000000000        0x0
 .mdebug.abi32  0x0000000000000000        0x0 main.o
 .mdebug.abi32  0x0000000000000000        0x0 libs/basics.o

.comment        0x0000000000000000       0x2a
 .comment       0x0000000000000000       0x2a main.o
                                         0x2b (size before relaxing)
 .comment       0x000000000000002a       0x2b libs/basics.o

.gnu.attributes
                0x0000000000000000       0x10
 .gnu.attributes
                0x0000000000000000       0x10 main.o
 .gnu.attributes
                0x0000000000000010       0x10 libs/basics.o
 .gnu.attributes
                0x0000000000000020       0x10 ../third_party/common/crt0/crt0.o

.pdr            0x0000000000000000        0x0
 .pdr           0x0000000000000000        0x0 ../third_party/common/crt0/crt0.o

.note           0x0000000000000000     0x2270
 .note          0x0000000000000000       0x74 ../third_party/psyq/lib/libc.a(c42.o)
 .note          0x0000000000000074       0x74 ../third_party/psyq/lib/libc.a(c63.o)
 .note          0x00000000000000e8       0x74 ../third_party/psyq/lib/libetc.a(pad.o)
 .note          0x000000000000015c       0x74 ../third_party/psyq/lib/libetc.a(vmode.o)
 .note          0x00000000000001d0       0x74 ../third_party/psyq/lib/libetc.a(vsync.o)
 .note          0x0000000000000244       0x74 ../third_party/psyq/lib/libetc.a(intr.o)
 .note          0x00000000000002b8       0x74 ../third_party/psyq/lib/libetc.a(intr_dma.o)
 .note          0x000000000000032c       0x74 ../third_party/psyq/lib/libetc.a(intr_vb.o)
 .note          0x00000000000003a0       0x74 ../third_party/psyq/lib/libgpu.a(font.o)
 .note          0x0000000000000414       0x74 ../third_party/psyq/lib/libgpu.a(p00.o)
 .note          0x0000000000000488       0x74 ../third_party/psyq/lib/libgpu.a(p06.o)
 .note          0x00000000000004fc       0x74 ../third_party/psyq/lib/libgpu.a(p09.o)
 .note          0x0000000000000570       0x74 ../third_party/psyq/lib/libgpu.a(p10.o)
 .note          0x00000000000005e4       0x74 ../third_party/psyq/lib/libgpu.a(p20.o)
 .note          0x0000000000000658       0x74 ../third_party/psyq/lib/libgpu.a(p26.o)
 .note          0x00000000000006cc       0x74 ../third_party/psyq/lib/libgpu.a(p27.o)
 .note          0x0000000000000740       0x74 ../third_party/psyq/lib/libgpu.a(p41.o)
 .note          0x00000000000007b4       0x74 ../third_party/psyq/lib/libgpu.a(sys.o)
 .note          0x0000000000000828       0x74 ../third_party/psyq/lib/libgpu.a(e00.o)
 .note          0x000000000000089c       0x74 ../third_party/psyq/lib/libgpu.a(e02.o)
 .note          0x0000000000000910       0x74 ../third_party/psyq/lib/libgpu.a(p01.o)
 .note          0x0000000000000984       0x74 ../third_party/psyq/lib/libgs.a(2d_sp0.o)
 .note          0x00000000000009f8       0x74 ../third_party/psyq/lib/libgs.a(global.o)
 .note          0x0000000000000a6c       0x74 ../third_party/psyq/lib/libgs.a(gs_001.o)
 .note          0x0000000000000ae0       0x74 ../third_party/psyq/lib/libgs.a(gs_0021.o)
 .note          0x0000000000000b54       0x74 ../third_party/psyq/lib/libgs.a(gs_0022.o)
 .note          0x0000000000000bc8       0x74 ../third_party/psyq/lib/libgs.a(gs_003.o)
 .note          0x0000000000000c3c       0x74 ../third_party/psyq/lib/libgs.a(gs_010.o)
 .note          0x0000000000000cb0       0x74 ../third_party/psyq/lib/libgs.a(gs_103.o)
 .note          0x0000000000000d24       0x74 ../third_party/psyq/lib/libgs.a(gs_104.o)
 .note          0x0000000000000d98       0x74 ../third_party/psyq/lib/libgs.a(gs_107.o)
 .note          0x0000000000000e0c       0x74 ../third_party/psyq/lib/libgs.a(gs_111.o)
 .note          0x0000000000000e80       0x74 ../third_party/psyq/lib/libgs.a(gs_113.o)
 .note          0x0000000000000ef4       0x74 ../third_party/psyq/lib/libgs.a(gs_121.o)
 .note          0x0000000000000f68       0x74 ../third_party/psyq/lib/libgs.a(gs_122.o)
 .note          0x0000000000000fdc       0x74 ../third_party/psyq/lib/libgs.a(gs_124.o)
 .note          0x0000000000001050       0x74 ../third_party/psyq/lib/libgs.a(gs_128.o)
 .note          0x00000000000010c4       0x74 ../third_party/psyq/lib/libgs.a(2d_com1.o)
 .note          0x0000000000001138       0x74 ../third_party/psyq/lib/libgte.a(cmb_00.o)
 .note          0x00000000000011ac       0x74 ../third_party/psyq/lib/libgte.a(fgo_01.o)
 .note          0x0000000000001220       0x74 ../third_party/psyq/lib/libgte.a(msc00.o)
 .note          0x0000000000001294       0x74 ../third_party/psyq/lib/libgte.a(msc01.o)
 .note          0x0000000000001308       0x74 ../third_party/psyq/lib/libgte.a(mtx_07.o)
 .note          0x000000000000137c       0x74 ../third_party/psyq/lib/libgte.a(mtx_08.o)
 .note          0x00000000000013f0       0x74 ../third_party/psyq/lib/libgte.a(mtx_09.o)
 .note          0x0000000000001464       0x74 ../third_party/psyq/lib/libgte.a(mtx_11.o)
 .note          0x00000000000014d8       0x74 ../third_party/psyq/lib/libgte.a(mtx_12.o)
 .note          0x000000000000154c       0x74 ../third_party/psyq/lib/libgte.a(patchgte.o)
 .note          0x00000000000015c0       0x74 ../third_party/psyq/lib/libgte.a(reg09.o)
 .note          0x0000000000001634       0x74 ../third_party/psyq/lib/libgte.a(reg11.o)
 .note          0x00000000000016a8       0x74 ../third_party/psyq/lib/libgte.a(reg12.o)
 .note          0x000000000000171c       0x74 ../third_party/psyq/lib/libgte.a(sqrtbl.o)
 .note          0x0000000000001790       0x74 ../third_party/psyq/lib/libgte.a(cstbl.o)
 .note          0x0000000000001804       0x74 ../third_party/psyq/lib/libapi.a(a22.o)
 .note          0x0000000000001878       0x74 ../third_party/psyq/lib/libapi.a(a23.o)
 .note          0x00000000000018ec       0x74 ../third_party/psyq/lib/libapi.a(a24.o)
 .note          0x0000000000001960       0x74 ../third_party/psyq/lib/libapi.a(a25.o)
 .note          0x00000000000019d4       0x74 ../third_party/psyq/lib/libapi.a(a36.o)
 .note          0x0000000000001a48       0x74 ../third_party/psyq/lib/libapi.a(a37.o)
 .note          0x0000000000001abc       0x74 ../third_party/psyq/lib/libapi.a(a91.o)
 .note          0x0000000000001b30       0x74 ../third_party/psyq/lib/libapi.a(c114.o)
 .note          0x0000000000001ba4       0x74 ../third_party/psyq/lib/libapi.a(c68.o)
 .note          0x0000000000001c18       0x74 ../third_party/psyq/lib/libapi.a(c73.o)
 .note          0x0000000000001c8c       0x74 ../third_party/psyq/lib/libapi.a(l10.o)
 .note          0x0000000000001d00       0x74 ../third_party/psyq/lib/libapi.a(pad.o)
 .note          0x0000000000001d74       0x74 ../third_party/psyq/lib/libapi.a(patch.o)
 .note          0x0000000000001de8       0x74 ../third_party/psyq/lib/libapi.a(a18.o)
 .note          0x0000000000001e5c       0x74 ../third_party/psyq/lib/libapi.a(a19.o)
 .note          0x0000000000001ed0       0x74 ../third_party/psyq/lib/libapi.a(a21.o)
 .note          0x0000000000001f44       0x74 ../third_party/psyq/lib/libapi.a(chclrpad.o)
 .note          0x0000000000001fb8       0x74 ../third_party/psyq/lib/libapi.a(l02.o)
 .note          0x000000000000202c       0x74 ../third_party/psyq/lib/libapi.a(l03.o)
 .note          0x00000000000020a0       0x74 ../third_party/psyq/lib/libc.a(a63.o)
 .note          0x0000000000002114       0x74 ../third_party/psyq/lib/libc.a(c19.o)
 .note          0x0000000000002188       0x74 ../third_party/psyq/lib/libc.a(c27.o)
 .note          0x00000000000021fc       0x74 ../third_party/psyq/lib/libc.a(c43.o)

.debug_info     0x0000000000000000     0x2326
 .debug_info    0x0000000000000000      0xa98 main.o
 .debug_info    0x0000000000000a98     0x1868 libs/basics.o
 .debug_info    0x0000000000002300       0x26 ../third_party/common/crt0/crt0.o

.debug_abbrev   0x0000000000000000      0x580
 .debug_abbrev  0x0000000000000000      0x1bf main.o
 .debug_abbrev  0x00000000000001bf      0x3ad libs/basics.o
 .debug_abbrev  0x000000000000056c       0x14 ../third_party/common/crt0/crt0.o

.debug_aranges  0x0000000000000000      0x118
 .debug_aranges
                0x0000000000000000       0x30 main.o
 .debug_aranges
                0x0000000000000030       0xc8 libs/basics.o
 .debug_aranges
                0x00000000000000f8       0x20 ../third_party/common/crt0/crt0.o

.debug_ranges   0x0000000000000000       0xf0
 .debug_ranges  0x0000000000000000       0x20 main.o
 .debug_ranges  0x0000000000000020       0xd0 libs/basics.o

.debug_line     0x0000000000000000      0x989
 .debug_line    0x0000000000000000      0x186 main.o
 .debug_line    0x0000000000000186      0x7a0 libs/basics.o
 .debug_line    0x0000000000000926       0x63 ../third_party/common/crt0/crt0.o

.debug_str      0x0000000000000000      0x7f8
 .debug_str     0x0000000000000000      0x51a main.o
                                        0x565 (size before relaxing)
 .debug_str     0x000000000000051a      0x2b0 libs/basics.o
                                        0x6ea (size before relaxing)
 .debug_str     0x00000000000007ca       0x2e ../third_party/common/crt0/crt0.o
                                         0x42 (size before relaxing)

.debug_frame    0x0000000000000000      0x324
 .debug_frame   0x0000000000000000       0x64 main.o
 .debug_frame   0x0000000000000064      0x2c0 libs/basics.o

.debug_loc      0x0000000000000000      0x868
 .debug_loc     0x0000000000000000      0x868 libs/basics.o
