Archive member included to satisfy reference by file (symbol)

../third_party/psyq/lib/libapi.a(a91.o)
                              engine/input.o (ChangeClearPAD)
../third_party/psyq/lib/libapi.a(pad.o)
                              engine/input.o (InitPAD)
../third_party/psyq/lib/libapi.a(patch.o)
                              ../third_party/psyq/lib/libapi.a(pad.o) (_patch_pad)
../third_party/psyq/lib/libapi.a(a18.o)
                              ../third_party/psyq/lib/libapi.a(pad.o) (InitPAD2)
../third_party/psyq/lib/libapi.a(a19.o)
                              ../third_party/psyq/lib/libapi.a(pad.o) (StartPAD2)
../third_party/psyq/lib/libapi.a(a21.o)
                              ../third_party/psyq/lib/libapi.a(pad.o) (PAD_init2)
../third_party/psyq/lib/libapi.a(a36.o)
                              ../third_party/psyq/lib/libapi.a(pad.o) (EnterCriticalSection)
../third_party/psyq/lib/libapi.a(a37.o)
                              ../third_party/psyq/lib/libapi.a(pad.o) (ExitCriticalSection)
../third_party/psyq/lib/libapi.a(c68.o)
                              ../third_party/psyq/lib/libapi.a(patch.o) (FlushCache)
../third_party/psyq/lib/libapi.a(chclrpad.o)
                              ../third_party/psyq/lib/libapi.a(pad.o) (_remove_ChgclrPAD)
../third_party/psyq/lib/libapi.a(l02.o)
                              ../third_party/psyq/lib/libapi.a(pad.o) (SysEnqIntRP)
../third_party/psyq/lib/libapi.a(l03.o)
                              ../third_party/psyq/lib/libapi.a(pad.o) (SysDeqIntRP)
../third_party/psyq/lib/libc.a(c42.o)
                              main.o (memcpy)
../third_party/psyq/lib/libc.a(c47.o)
                              main.o (rand)
../third_party/psyq/lib/libc.a(c48.o)
                              main.o (srand)
../third_party/psyq/lib/libc.a(c63.o)
                              main.o (printf)
../third_party/psyq/lib/libetc.a(vmode.o)
                              engine/graphics.o (GetVideoMode)
../third_party/psyq/lib/libetc.a(vsync.o)
                              engine/graphics.o (VSync)
../third_party/psyq/lib/libetc.a(intr_vb.o)
                              ../third_party/psyq/lib/libetc.a(vsync.o) (Vcount)
../third_party/psyq/lib/libetc.a(intr.o)
                              ../third_party/psyq/lib/libetc.a(intr_vb.o) (InterruptCallback)
../third_party/psyq/lib/libetc.a(intr_dma.o)
                              ../third_party/psyq/lib/libetc.a(intr.o) (startIntrDMA)
../third_party/psyq/lib/libgpu.a(font.o)
                              engine/graphics.o (FntFlush)
../third_party/psyq/lib/libgpu.a(p00.o)
                              engine/graphics.o (GetTPage)
../third_party/psyq/lib/libgpu.a(p06.o)
                              ../third_party/psyq/lib/libgpu.a(font.o) (AddPrim)
../third_party/psyq/lib/libgpu.a(p09.o)
                              ../third_party/psyq/lib/libgpu.a(font.o) (TermPrim)
../third_party/psyq/lib/libgpu.a(p10.o)
                              ../third_party/psyq/lib/libgpu.a(font.o) (SetSemiTrans)
../third_party/psyq/lib/libgpu.a(p20.o)
                              ../third_party/psyq/lib/libgpu.a(font.o) (SetSprt8)
../third_party/psyq/lib/libgpu.a(p26.o)
                              ../third_party/psyq/lib/libgpu.a(font.o) (SetTile)
../third_party/psyq/lib/libgpu.a(p27.o)
                              engine/graphics.o (SetLineF2)
../third_party/psyq/lib/libgpu.a(p41.o)
                              ../third_party/psyq/lib/libgpu.a(font.o) (SetDrawMode)
../third_party/psyq/lib/libgpu.a(sys.o)
                              engine/graphics.o (ClearImage2)
../third_party/psyq/lib/libgpu.a(e00.o)
                              ../third_party/psyq/lib/libgpu.a(font.o) (LoadTPage)
../third_party/psyq/lib/libgpu.a(e02.o)
                              ../third_party/psyq/lib/libgpu.a(font.o) (LoadClut2)
../third_party/psyq/lib/libgpu.a(p01.o)
                              ../third_party/psyq/lib/libgpu.a(e02.o) (GetClut)
../third_party/psyq/lib/libgs.a(2d_sp0.o)
                              engine/graphics.o (GsSortSprite)
../third_party/psyq/lib/libgs.a(global.o)
                              ../third_party/psyq/lib/libgs.a(2d_sp0.o) (GsOUT_PACKET_P)
../third_party/psyq/lib/libgs.a(gs_001.o)
                              ../third_party/psyq/lib/libgs.a(2d_sp0.o) (GsORGOFSY)
../third_party/psyq/lib/libgs.a(gs_0021.o)
                              engine/graphics.o (GsGetActiveBuff)
../third_party/psyq/lib/libgs.a(gs_0022.o)
                              ../third_party/psyq/lib/libgs.a(gs_001.o) (GsSetDrawBuffOffset)
../third_party/psyq/lib/libgs.a(gs_003.o)
                              ../third_party/psyq/lib/libgs.a(gs_001.o) (GsSetDrawBuffClip)
../third_party/psyq/lib/libgs.a(gs_010.o)
                              engine/graphics.o (GsSwapDispBuff)
../third_party/psyq/lib/libgs.a(gs_103.o)
                              engine/graphics.o (GsDefDispBuff)
../third_party/psyq/lib/libgs.a(gs_104.o)
                              ../third_party/psyq/lib/libgs.a(gs_001.o) (HWD0)
../third_party/psyq/lib/libgs.a(gs_107.o)
                              ../third_party/psyq/lib/libgs.a(gs_001.o) (GsLIGHTWSMATRIX)
../third_party/psyq/lib/libgs.a(gs_111.o)
                              engine/graphics.o (GsDrawOt)
../third_party/psyq/lib/libgs.a(gs_113.o)
                              engine/graphics.o (GsClearOt)
../third_party/psyq/lib/libgs.a(gs_121.o)
                              ../third_party/psyq/lib/libgs.a(gs_001.o) (gte_init)
../third_party/psyq/lib/libgs.a(gs_122.o)
                              engine/graphics.o (GsGetTimInfo)
../third_party/psyq/lib/libgs.a(gs_124.o)
                              engine/graphics.o (GsSetWorkBase)
../third_party/psyq/lib/libgs.a(gs_128.o)
                              ../third_party/psyq/lib/libgs.a(2d_sp0.o) (GsIDMATRIX)
../third_party/psyq/lib/libgs.a(2d_com1.o)
                              ../third_party/psyq/lib/libgs.a(2d_sp0.o) (_make_packet)
../third_party/psyq/lib/libgte.a(cmb_00.o)
                              ../third_party/psyq/lib/libgs.a(2d_sp0.o) (RotTransPers4)
../third_party/psyq/lib/libgte.a(fgo_01.o)
                              ../third_party/psyq/lib/libgs.a(2d_sp0.o) (RotMatrix)
../third_party/psyq/lib/libgte.a(msc00.o)
                              ../third_party/psyq/lib/libgs.a(gs_121.o) (InitGeom)
../third_party/psyq/lib/libgte.a(msc01.o)
                              ../third_party/psyq/lib/libgs.a(gs_107.o) (SquareRoot0)
../third_party/psyq/lib/libgte.a(mtx_07.o)
                              ../third_party/psyq/lib/libgs.a(2d_sp0.o) (TransMatrix)
../third_party/psyq/lib/libgte.a(mtx_08.o)
                              ../third_party/psyq/lib/libgs.a(2d_sp0.o) (ScaleMatrix)
../third_party/psyq/lib/libgte.a(mtx_09.o)
                              ../third_party/psyq/lib/libgs.a(2d_sp0.o) (SetRotMatrix)
../third_party/psyq/lib/libgte.a(mtx_11.o)
                              ../third_party/psyq/lib/libgs.a(gs_107.o) (SetColorMatrix)
../third_party/psyq/lib/libgte.a(mtx_12.o)
                              ../third_party/psyq/lib/libgs.a(2d_sp0.o) (SetTransMatrix)
../third_party/psyq/lib/libgte.a(patchgte.o)
                              ../third_party/psyq/lib/libgte.a(msc00.o) (_patch_gte)
../third_party/psyq/lib/libgte.a(reg09.o)
                              ../third_party/psyq/lib/libgs.a(2d_sp0.o) (ReadGeomScreen)
../third_party/psyq/lib/libgte.a(reg11.o)
                              ../third_party/psyq/lib/libgs.a(gs_121.o) (SetFarColor)
../third_party/psyq/lib/libgte.a(reg12.o)
                              ../third_party/psyq/lib/libgs.a(gs_0022.o) (SetGeomOffset)
../third_party/psyq/lib/libgte.a(sqrtbl.o)
                              ../third_party/psyq/lib/libgte.a(msc01.o) (SQRT)
../third_party/psyq/lib/libgte.a(cstbl.o)
                              ../third_party/psyq/lib/libgte.a(fgo_01.o) (rcossin_tbl)
../third_party/psyq/lib/libspu.a(s_i.o)
                              engine/audio.o (SpuInit)
../third_party/psyq/lib/libspu.a(s_ini.o)
                              ../third_party/psyq/lib/libspu.a(s_i.o) (_SpuInit)
../third_party/psyq/lib/libspu.a(s_itc.o)
                              engine/audio.o (SpuIsTransferCompleted)
../third_party/psyq/lib/libspu.a(s_m.o)
                              ../third_party/psyq/lib/libspu.a(s_ini.o) (_spu_memList)
../third_party/psyq/lib/libspu.a(s_m_f.o)
                              engine/audio.o (SpuFree)
../third_party/psyq/lib/libspu.a(s_m_init.o)
                              engine/audio.o (SpuInitMalloc)
../third_party/psyq/lib/libspu.a(s_m_int.o)
                              ../third_party/psyq/lib/libspu.a(s_m_f.o) (_spu_gcSPU)
../third_party/psyq/lib/libspu.a(s_m_m.o)
                              engine/audio.o (SpuMalloc)
../third_party/psyq/lib/libspu.a(s_rmp0.o)
                              ../third_party/psyq/lib/libspu.a(s_ini.o) (_spu_rev_startaddr)
../third_party/psyq/lib/libspu.a(s_sca.o)
                              engine/audio.o (SpuSetCommonAttr)
../third_party/psyq/lib/libspu.a(s_si.o)
                              engine/audio.o (SpuSetIRQ)
../third_party/psyq/lib/libspu.a(s_sk.o)
                              engine/audio.o (SpuSetKey)
../third_party/psyq/lib/libspu.a(s_stm.o)
                              engine/audio.o (SpuSetTransferMode)
../third_party/psyq/lib/libspu.a(s_stsa.o)
                              engine/audio.o (SpuSetTransferStartAddr)
../third_party/psyq/lib/libspu.a(s_sva.o)
                              engine/audio.o (SpuSetVoiceAttr)
../third_party/psyq/lib/libspu.a(s_w.o)
                              engine/audio.o (SpuWrite)
../third_party/psyq/lib/libspu.a(spu.o)
                              ../third_party/psyq/lib/libspu.a(s_stsa.o) (_spu_FsetRXXa)
../third_party/psyq/lib/libspu.a(s_dcb.o)
                              ../third_party/psyq/lib/libspu.a(s_ini.o) (_SpuDataCallback)
../third_party/psyq/lib/libspu.a(s_n2p.o)
                              ../third_party/psyq/lib/libspu.a(s_sva.o) (_spu_note2pitch)
../third_party/psyq/lib/libapi.a(a07.o)
                              ../third_party/psyq/lib/libspu.a(spu.o) (DeliverEvent)
../third_party/psyq/lib/libapi.a(a08.o)
                              ../third_party/psyq/lib/libspu.a(s_ini.o) (OpenEvent)
../third_party/psyq/lib/libapi.a(a11.o)
                              ../third_party/psyq/lib/libspu.a(s_itc.o) (TestEvent)
../third_party/psyq/lib/libapi.a(a12.o)
                              ../third_party/psyq/lib/libspu.a(s_ini.o) (EnableEvent)
../third_party/psyq/lib/libapi.a(a23.o)
                              ../third_party/psyq/lib/libetc.a(intr.o) (ReturnFromException)
../third_party/psyq/lib/libapi.a(a24.o)
                              ../third_party/psyq/lib/libetc.a(intr.o) (ResetEntryInt)
../third_party/psyq/lib/libapi.a(a25.o)
                              ../third_party/psyq/lib/libetc.a(intr.o) (HookEntryInt)
../third_party/psyq/lib/libapi.a(c114.o)
                              ../third_party/psyq/lib/libetc.a(intr.o) (_96_remove)
../third_party/psyq/lib/libapi.a(c73.o)
                              ../third_party/psyq/lib/libgpu.a(sys.o) (GPU_cw)
../third_party/psyq/lib/libapi.a(l10.o)
                              ../third_party/psyq/lib/libetc.a(vsync.o) (ChangeClearRCnt)
../third_party/psyq/lib/libc.a(a63.o)
                              ../third_party/psyq/lib/libetc.a(vsync.o) (puts)
../third_party/psyq/lib/libc.a(c19.o)
                              ../third_party/psyq/lib/libetc.a(intr.o) (setjmp)
../third_party/psyq/lib/libc.a(c27.o)
                              ../third_party/psyq/lib/libgpu.a(font.o) (strlen)
../third_party/psyq/lib/libc.a(c43.o)
                              ../third_party/psyq/lib/libgpu.a(font.o) (memset)

Allocating common symbols
Common symbol       size              file

mainPlayerL         0x140             main.o
g_s_attr            0x40              engine/audio.o
BeeL                0x50              main.o
b                   0x4               main.o
input_pad           0x2               engine/input.o
l_vag1_spu_addr     0x4               engine/audio.o
input_trig          0x4               engine/input.o
Buzzy               0x24              main.o
clouds1L            0xf0              main.o
pressStartL         0xf0              main.o
mainPlayer          0x24              main.o
BuzzyL              0x50              main.o
rocksL              0x1e0             main.o
Bee                 0x24              main.o
SCREEN_WIDTH        0x4               engine/graphics.o
input_binds         0x1c              engine/input.o
jamL                0xf0              main.o
GPUOutputPacket     0x1770            engine/graphics.o
l_c_attr            0x28              engine/audio.o
jam                 0x24              main.o
clouds2             0x6c              main.o
SCREEN_HEIGHT       0x4               engine/graphics.o
clouds2L            0xf0              main.o
currentBuffer       0x2               engine/graphics.o
input_held          0x4               engine/input.o
systemBackgroundColor
                    0xc               engine/graphics.o
input_suppress_trig
                    0x1               engine/input.o
mainTimer           0x14              main.o
rocks               0x6c              main.o
a                   0x4               main.o
groundL             0x1e0             main.o
clouds1             0x6c              main.o
orderingTable       0x28              engine/graphics.o
pressStart          0x24              main.o
ground              0xd8              main.o
minorOrderingTable  0x10              engine/graphics.o

Discarded input sections

 .text          0x0000000000000000        0x0 main.o
 .reginfo       0x0000000000000000       0x18 main.o
 .MIPS.abiflags
                0x0000000000000000       0x18 main.o
 .pdr           0x0000000000000000      0x180 main.o
 .rodata        0x0000000000000000       0x10 main.o
 .text          0x0000000000000000        0x0 engine/graphics.o
 .data          0x0000000000000000        0x0 engine/graphics.o
 .bss           0x0000000000000000        0x0 engine/graphics.o
 .reginfo       0x0000000000000000       0x18 engine/graphics.o
 .MIPS.abiflags
                0x0000000000000000       0x18 engine/graphics.o
 .pdr           0x0000000000000000      0x2c0 engine/graphics.o
 .text.rotImage
                0x0000000000000000       0x40 engine/graphics.o
 .text.createLine
                0x0000000000000000       0x8c engine/graphics.o
 .text.createBox
                0x0000000000000000      0x12c engine/graphics.o
 .text.moveLine
                0x0000000000000000       0x50 engine/graphics.o
 .text.moveBox  0x0000000000000000      0x1a8 engine/graphics.o
 .text.transposeBox
                0x0000000000000000       0x34 engine/graphics.o
 .text.drawLine
                0x0000000000000000       0x30 engine/graphics.o
 .text.drawBox  0x0000000000000000       0x48 engine/graphics.o
 .text          0x0000000000000000        0x0 engine/input.o
 .data          0x0000000000000000        0x0 engine/input.o
 .reginfo       0x0000000000000000       0x18 engine/input.o
 .MIPS.abiflags
                0x0000000000000000       0x18 engine/input.o
 .pdr           0x0000000000000000       0x40 engine/input.o
 .text          0x0000000000000000        0x0 engine/timerz.o
 .data          0x0000000000000000        0x0 engine/timerz.o
 .bss           0x0000000000000000        0x0 engine/timerz.o
 .reginfo       0x0000000000000000       0x18 engine/timerz.o
 .MIPS.abiflags
                0x0000000000000000       0x18 engine/timerz.o
 .pdr           0x0000000000000000       0x40 engine/timerz.o
 .text          0x0000000000000000        0x0 engine/audio.o
 .data          0x0000000000000000        0x0 engine/audio.o
 .reginfo       0x0000000000000000       0x18 engine/audio.o
 .MIPS.abiflags
                0x0000000000000000       0x18 engine/audio.o
 .pdr           0x0000000000000000       0xc0 engine/audio.o
 .text.audioChannelConfigure
                0x0000000000000000        0x8 engine/audio.o
 .text.audioFree
                0x0000000000000000        0x8 engine/audio.o
 .text          0x0000000000000000        0x0 ../third_party/common/syscalls/printf.o
 .data          0x0000000000000000        0x0 ../third_party/common/syscalls/printf.o
 .bss           0x0000000000000000        0x0 ../third_party/common/syscalls/printf.o
 .reginfo       0x0000000000000000       0x18 ../third_party/common/syscalls/printf.o
 .MIPS.abiflags
                0x0000000000000000       0x18 ../third_party/common/syscalls/printf.o
 .pdr           0x0000000000000000        0x0 ../third_party/common/syscalls/printf.o
 .ramtext       0x0000000000000000        0xc ../third_party/common/syscalls/printf.o
 .debug_line    0x0000000000000000       0x59 ../third_party/common/syscalls/printf.o
 .debug_info    0x0000000000000000       0x26 ../third_party/common/syscalls/printf.o
 .debug_abbrev  0x0000000000000000       0x14 ../third_party/common/syscalls/printf.o
 .debug_aranges
                0x0000000000000000       0x20 ../third_party/common/syscalls/printf.o
 .debug_str     0x0000000000000000       0x48 ../third_party/common/syscalls/printf.o
 .gnu.attributes
                0x0000000000000000       0x10 ../third_party/common/syscalls/printf.o
 .text          0x0000000000000000        0x0 ../third_party/common/crt0/crt0.o
 .data          0x0000000000000000        0x0 ../third_party/common/crt0/crt0.o
 .bss           0x0000000000000000        0x0 ../third_party/common/crt0/crt0.o
 .reginfo       0x0000000000000000       0x18 ../third_party/common/crt0/crt0.o
 .MIPS.abiflags
                0x0000000000000000       0x18 ../third_party/common/crt0/crt0.o
 .text          0x0000000000000000       0x20 ../third_party/psyq/lib/libgpu.a(p27.o)
 .data          0x0000000000000000       0x10 ../third_party/psyq/lib/libgs.a(global.o)
 .data          0x0000000000000000       0x10 ../third_party/psyq/lib/libgs.a(gs_001.o)
 .text          0x0000000000000000       0x80 ../third_party/psyq/lib/libgs.a(gs_104.o)
 .text          0x0000000000000000      0x570 ../third_party/psyq/lib/libgs.a(gs_107.o)
 .text          0x0000000000000000       0x90 ../third_party/psyq/lib/libgte.a(msc01.o)
 .text          0x0000000000000000       0x30 ../third_party/psyq/lib/libgte.a(mtx_11.o)
 .data          0x0000000000000000      0x180 ../third_party/psyq/lib/libgte.a(sqrtbl.o)
 .text          0x0000000000000000       0x80 ../third_party/psyq/lib/libspu.a(s_m_f.o)

Memory Configuration

Name             Origin             Length             Attributes
loader           0x000000008000f800 0x0000000000000800
ram              0x0000000080010000 0x00000000001f0000 xrw
dcache           0x000000001f800000 0x0000000000000400
*default*        0x0000000000000000 0xffffffffffffffff

Linker script and memory map

LOAD main.o
LOAD engine/graphics.o
LOAD engine/input.o
LOAD engine/timerz.o
LOAD engine/audio.o
LOAD ../third_party/common/syscalls/printf.o
LOAD ../third_party/common/crt0/crt0.o
START GROUP
LOAD ../third_party/psyq/lib/libapi.a
LOAD ../third_party/psyq/lib/libc.a
LOAD ../third_party/psyq/lib/libc2.a
LOAD ../third_party/psyq/lib/libcard.a
LOAD ../third_party/psyq/lib/libcomb.a
LOAD ../third_party/psyq/lib/libds.a
LOAD ../third_party/psyq/lib/libetc.a
LOAD ../third_party/psyq/lib/libgpu.a
LOAD ../third_party/psyq/lib/libgs.a
LOAD ../third_party/psyq/lib/libgte.a
LOAD ../third_party/psyq/lib/libgpu.a
LOAD ../third_party/psyq/lib/libgun.a
LOAD ../third_party/psyq/lib/libhmd.a
LOAD ../third_party/psyq/lib/libmath.a
LOAD ../third_party/psyq/lib/libmcrd.a
LOAD ../third_party/psyq/lib/libmcx.a
LOAD ../third_party/psyq/lib/libpad.a
LOAD ../third_party/psyq/lib/libpress.a
LOAD ../third_party/psyq/lib/libsio.a
LOAD ../third_party/psyq/lib/libsnd.a
LOAD ../third_party/psyq/lib/libspu.a
LOAD ../third_party/psyq/lib/libtap.a
END GROUP
                0x000000008004cc10                __heap_base = __bss_end
                0x0000000080010000                TLOAD_ADDR = DEFINED (TLOAD_ADDR)?TLOAD_ADDR:0x80010000
                0x0000000080200000                __ram_top = (ORIGIN (ram) + LENGTH (ram))
                0x00000000801fff00                __sp = (__ram_top - 0x100)
                0x000000001f800000                __dcache = ORIGIN (dcache)
                0x000000001f800400                __dcache_top = (ORIGIN (dcache) + LENGTH (dcache))
                0x0000000000008410                __bss_len = (__bss_end - __bss_start)
                0x000000000000a540                __ftext_len = (__ftext_end - __ftext_start)
                0x000000000002a2c0                __fdata_len = (__fdata_end - __fdata_start)
                0x0000000080200000                __stack_start = (ORIGIN (ram) + LENGTH (ram))

.PSX_EXE_Header
                0x000000008000f800      0x800
                0x000000008000f800        0x1 BYTE 0x50
                0x000000008000f801        0x1 BYTE 0x53
                0x000000008000f802        0x1 BYTE 0x2d
                0x000000008000f803        0x1 BYTE 0x58
                0x000000008000f804        0x1 BYTE 0x20
                0x000000008000f805        0x1 BYTE 0x45
                0x000000008000f806        0x1 BYTE 0x58
                0x000000008000f807        0x1 BYTE 0x45
                0x000000008000f808        0x4 LONG 0x0
                0x000000008000f80c        0x4 LONG 0x0
                0x000000008000f810        0x4 LONG 0x80010000 ABSOLUTE (_start)
                0x000000008000f814        0x4 LONG 0x0
                0x000000008000f818        0x4 LONG 0x80010000 TLOAD_ADDR
                0x000000008000f81c        0x4 LONG 0x34800 (__ftext_len + __fdata_len)
                0x000000008000f820        0x4 LONG 0x0
                0x000000008000f824        0x4 LONG 0x0
                0x000000008000f828        0x4 LONG 0x0
                0x000000008000f82c        0x4 LONG 0x0
                0x000000008000f830        0x4 LONG 0x801fff00 DEFINED (_sp)?ABSOLUTE (_sp):0x801fff00
                0x000000008000f834        0x4 LONG 0x0
                0x0000000080010000                . = (. + 0x7c8)
 *fill*         0x000000008000f838      0x7c8 
                0x0000000080010000                __ftext_start = ABSOLUTE (.)

.text           0x0000000080010000     0xa540
 *(.start)
 .start         0x0000000080010000       0x64 ../third_party/common/crt0/crt0.o
                0x0000000080010000                _start
 *(.init)
 *(SORT_NONE(.fini))
 *(.text.unlikely .text.*_unlikely .text.unlikely.*)
 *(.text.exit .text.exit.*)
 *(.text.startup .text.startup.*)
 .text.startup.main
                0x0000000080010064      0x188 main.o
                0x0000000080010064                main
 *(.text.hot .text.hot.*)
 *(.text .stub .text.* .gnu.linkonce.t.*)
 .text.animate  0x00000000800101ec      0x130 main.o
                0x00000000800101ec                animate
 .text.gameIntro
                0x000000008001031c      0x15c main.o
                0x000000008001031c                gameIntro
 .text.debugMode
                0x0000000080010478      0x20c main.o
                0x0000000080010478                debugMode
 .text.initPlayer
                0x0000000080010684       0xe8 main.o
                0x0000000080010684                initPlayer
 .text.initRocks
                0x000000008001076c      0x18c main.o
                0x000000008001076c                initRocks
 .text.initGround
                0x00000000800108f8      0x11c main.o
                0x00000000800108f8                initGround
 .text.initSky  0x0000000080010a14      0x250 main.o
                0x0000000080010a14                initSky
 .text.checkHit
                0x0000000080010c64       0xe4 main.o
                0x0000000080010c64                checkHit
 .text.gameMode
                0x0000000080010d48      0x318 main.o
                0x0000000080010d48                gameMode
 .text.initIntro
                0x0000000080011060      0x2a0 main.o
                0x0000000080011060                initIntro
 .text.initialize
                0x0000000080011300       0xbc main.o
                0x0000000080011300                initialize
 .text.setScreenMode.part.0
                0x00000000800113bc       0x64 engine/graphics.o
 .text.createImage
                0x0000000080011420       0xf8 engine/graphics.o
                0x0000000080011420                createImage
 .text.moveImage
                0x0000000080011518       0x44 engine/graphics.o
                0x0000000080011518                moveImage
 .text.scaleImage
                0x000000008001155c       0x74 engine/graphics.o
                0x000000008001155c                scaleImage
 .text.drawImage
                0x00000000800115d0       0x60 engine/graphics.o
                0x00000000800115d0                drawImage
 .text.createColor
                0x0000000080011630       0x14 engine/graphics.o
                0x0000000080011630                createColor
 .text.setScreenMode
                0x0000000080011644       0x70 engine/graphics.o
                0x0000000080011644                setScreenMode
 .text.setBackgroundColor
                0x00000000800116b4       0x24 engine/graphics.o
                0x00000000800116b4                setBackgroundColor
 .text.initializeDebugFont
                0x00000000800116d8       0x44 engine/graphics.o
                0x00000000800116d8                initializeDebugFont
 .text.initializeOrderingTable
                0x000000008001171c       0x90 engine/graphics.o
                0x000000008001171c                initializeOrderingTable
 .text.flushDisplay
                0x00000000800117ac       0x90 engine/graphics.o
                0x00000000800117ac                flushDisplay
 .text.clearDisplay
                0x000000008001183c       0x74 engine/graphics.o
                0x000000008001183c                clearDisplay
 .text.clearVRAM
                0x00000000800118b0       0x44 engine/graphics.o
                0x00000000800118b0                clearVRAM
 .text.initializeScreen
                0x00000000800118f4       0xa8 engine/graphics.o
                0x00000000800118f4                initializeScreen
 .text.in_init  0x000000008001199c       0x68 engine/input.o
                0x000000008001199c                in_init
 .text.in_update
                0x0000000080011a04       0x50 engine/input.o
                0x0000000080011a04                in_update
 .text.createTimer
                0x0000000080011a54       0x48 engine/timerz.o
                0x0000000080011a54                createTimer
 .text.incTimer
                0x0000000080011a9c       0x6c engine/timerz.o
                0x0000000080011a9c                incTimer
 .text.audioInit
                0x0000000080011b08       0x60 engine/audio.o
                0x0000000080011b08                audioInit
 .text.audioTransferVagToSPU
                0x0000000080011b68       0xc0 engine/audio.o
                0x0000000080011b68                audioTransferVagToSPU
 .text.setVoiceVolumePitch
                0x0000000080011c28       0x68 engine/audio.o
                0x0000000080011c28                setVoiceVolumePitch
 .text.audioPlay
                0x0000000080011c90       0x40 engine/audio.o
                0x0000000080011c90                audioPlay
 .text          0x0000000080011cd0       0x10 ../third_party/psyq/lib/libapi.a(a91.o)
                0x0000000080011cd0                ChangeClearPAD
 .text          0x0000000080011ce0      0x290 ../third_party/psyq/lib/libapi.a(pad.o)
                0x0000000080011ce0                SetInitPadFlag
                0x0000000080011cec                ReadInitPadFlag
                0x0000000080011cfc                PAD_init
                0x0000000080011d8c                InitPAD
                0x0000000080011e1c                StartPAD
 .text          0x0000000080011f70       0xa0 ../third_party/psyq/lib/libapi.a(patch.o)
                0x0000000080011f70                EnablePAD
                0x0000000080011f84                DisablePAD
                0x0000000080011f98                _patch_pad
 .text          0x0000000080012010       0x10 ../third_party/psyq/lib/libapi.a(a18.o)
                0x0000000080012010                InitPAD2
 .text          0x0000000080012020       0x10 ../third_party/psyq/lib/libapi.a(a19.o)
                0x0000000080012020                StartPAD2
 .text          0x0000000080012030       0x10 ../third_party/psyq/lib/libapi.a(a21.o)
                0x0000000080012030                PAD_init2
 .text          0x0000000080012040       0x10 ../third_party/psyq/lib/libapi.a(a36.o)
                0x0000000080012040                EnterCriticalSection
 .text          0x0000000080012050       0x10 ../third_party/psyq/lib/libapi.a(a37.o)
                0x0000000080012050                ExitCriticalSection
 .text          0x0000000080012060       0x10 ../third_party/psyq/lib/libapi.a(c68.o)
                0x0000000080012060                FlushCache
 .text          0x0000000080012070       0x70 ../third_party/psyq/lib/libapi.a(chclrpad.o)
                0x0000000080012070                _remove_ChgclrPAD
 .text          0x00000000800120e0       0x10 ../third_party/psyq/lib/libapi.a(l02.o)
                0x00000000800120e0                SysEnqIntRP
 .text          0x00000000800120f0       0x10 ../third_party/psyq/lib/libapi.a(l03.o)
                0x00000000800120f0                SysDeqIntRP
 .text          0x0000000080012100       0x10 ../third_party/psyq/lib/libc.a(c42.o)
                0x0000000080012100                memcpy
 .text          0x0000000080012110       0x10 ../third_party/psyq/lib/libc.a(c47.o)
                0x0000000080012110                rand
 .text          0x0000000080012120       0x10 ../third_party/psyq/lib/libc.a(c48.o)
                0x0000000080012120                srand
 .text          0x0000000080012130       0x10 ../third_party/psyq/lib/libc.a(c63.o)
                0x0000000080012130                printf
 .text          0x0000000080012140       0x30 ../third_party/psyq/lib/libetc.a(vmode.o)
                0x0000000080012140                SetVideoMode
                0x0000000080012154                GetVideoMode
 .text          0x0000000080012170      0x210 ../third_party/psyq/lib/libetc.a(vsync.o)
                0x0000000080012170                VSync
 .text          0x0000000080012380      0x120 ../third_party/psyq/lib/libetc.a(intr_vb.o)
                0x0000000080012380                startIntrVSync
 .text          0x00000000800124a0      0x6c0 ../third_party/psyq/lib/libetc.a(intr.o)
                0x00000000800124a0                ResetCallback
                0x00000000800124d0                InterruptCallback
                0x0000000080012500                DMACallback
                0x0000000080012530                VSyncCallback
                0x0000000080012564                VSyncCallbacks
                0x0000000080012594                StopCallback
                0x00000000800125c4                RestartCallback
                0x00000000800125f4                CheckCallback
                0x0000000080012604                GetIntrMask
                0x000000008001261c                SetIntrMask
 .text          0x0000000080012b60      0x2a0 ../third_party/psyq/lib/libetc.a(intr_dma.o)
                0x0000000080012b60                startIntrDMA
 .text          0x0000000080012e00      0xa80 ../third_party/psyq/lib/libgpu.a(font.o)
                0x0000000080012e00                SetDumpFnt
                0x0000000080012e40                FntLoad
                0x0000000080012ee0                FntOpen
                0x000000008001319c                FntFlush
                0x00000000800134b8                FntPrint
 .text          0x0000000080013880       0x40 ../third_party/psyq/lib/libgpu.a(p00.o)
                0x0000000080013880                GetTPage
 .text          0x00000000800138c0       0x40 ../third_party/psyq/lib/libgpu.a(p06.o)
                0x00000000800138c0                AddPrim
 .text          0x0000000080013900       0x20 ../third_party/psyq/lib/libgpu.a(p09.o)
                0x0000000080013900                TermPrim
 .text          0x0000000080013920       0x30 ../third_party/psyq/lib/libgpu.a(p10.o)
                0x0000000080013920                SetSemiTrans
 .text          0x0000000080013950       0x20 ../third_party/psyq/lib/libgpu.a(p20.o)
                0x0000000080013950                SetSprt8
 .text          0x0000000080013970       0x20 ../third_party/psyq/lib/libgpu.a(p26.o)
                0x0000000080013970                SetTile
 .text          0x0000000080013990       0xa0 ../third_party/psyq/lib/libgpu.a(p41.o)
                0x0000000080013990                SetDrawMode
 .text          0x0000000080013a30     0x2f00 ../third_party/psyq/lib/libgpu.a(sys.o)
                0x0000000080013a30                ResetGraph
                0x0000000080013ba4                SetGraphDebug
                0x0000000080013c00                SetGraphQueue
                0x0000000080013ca4                GetGraphDebug
                0x0000000080013cb4                DrawSyncCallback
                0x0000000080013d14                SetDispMask
                0x0000000080013dac                DrawSync
                0x0000000080013f30                ClearImage
                0x0000000080013fc0                ClearImage2
                0x0000000080014058                LoadImage
                0x00000000800140b8                StoreImage
                0x0000000080014118                MoveImage
                0x00000000800141d0                ClearOTag
                0x0000000080014298                ClearOTagR
                0x0000000080014344                DrawPrim
                0x00000000800143a0                DrawOTag
                0x0000000080014410                PutDrawEnv
                0x00000000800144d0                DrawOTagEnv
                0x00000000800145a8                GetDrawEnv
                0x00000000800145dc                PutDispEnv
                0x0000000080014ad4                GetDispEnv
                0x0000000080014b08                GetODE
                0x0000000080014b38                SetDrawArea
                0x0000000080014bb8                SetDrawOffset
                0x0000000080014bf8                SetDrawEnv
                0x00000000800164c8                LoadImage2
                0x00000000800165b4                StoreImage2
                0x00000000800166a0                MoveImage2
                0x00000000800167e4                DrawOTag2
                0x00000000800168e0                _GPU_ResetCallback
 .text          0x0000000080016930       0xf0 ../third_party/psyq/lib/libgpu.a(e00.o)
                0x0000000080016930                LoadTPage
 .text          0x0000000080016a20       0x70 ../third_party/psyq/lib/libgpu.a(e02.o)
                0x0000000080016a20                LoadClut2
 .text          0x0000000080016a90       0x20 ../third_party/psyq/lib/libgpu.a(p01.o)
                0x0000000080016a90                GetClut
 .text          0x0000000080016ab0      0x500 ../third_party/psyq/lib/libgs.a(2d_sp0.o)
                0x0000000080016ab0                GsSortSprite
 .text          0x0000000080016fb0      0x550 ../third_party/psyq/lib/libgs.a(gs_001.o)
                0x0000000080016fb0                GsInitGraph
                0x0000000080017140                GsInitGraph2
                0x00000000800173c8                GsSortClear
 .text          0x0000000080017500       0x10 ../third_party/psyq/lib/libgs.a(gs_0021.o)
                0x0000000080017500                GsGetActiveBuff
 .text          0x0000000080017510      0x110 ../third_party/psyq/lib/libgs.a(gs_0022.o)
                0x0000000080017510                GsSetDrawBuffOffset
 .text          0x0000000080017620       0x80 ../third_party/psyq/lib/libgs.a(gs_003.o)
                0x0000000080017620                GsSetDrawBuffClip
 .text          0x00000000800176a0       0xb0 ../third_party/psyq/lib/libgs.a(gs_010.o)
                0x00000000800176a0                GsSwapDispBuff
 .text          0x0000000080017750       0xa0 ../third_party/psyq/lib/libgs.a(gs_103.o)
                0x0000000080017750                GsDefDispBuff
 .text          0x00000000800177f0       0x30 ../third_party/psyq/lib/libgs.a(gs_111.o)
                0x00000000800177f0                GsDrawOt
 .text          0x0000000080017820       0x60 ../third_party/psyq/lib/libgs.a(gs_113.o)
                0x0000000080017820                GsClearOt
 .text          0x0000000080017880       0x50 ../third_party/psyq/lib/libgs.a(gs_121.o)
                0x0000000080017880                gte_init
 .text          0x00000000800178d0       0xf0 ../third_party/psyq/lib/libgs.a(gs_122.o)
                0x00000000800178d0                GsGetTimInfo
 .text          0x00000000800179c0       0x10 ../third_party/psyq/lib/libgs.a(gs_124.o)
                0x00000000800179c0                GsSetWorkBase
 .text          0x00000000800179d0       0xa0 ../third_party/psyq/lib/libgs.a(2d_com1.o)
                0x00000000800179d0                _make_packet
 .text          0x0000000080017a70       0x80 ../third_party/psyq/lib/libgte.a(cmb_00.o)
                0x0000000080017a70                RotTransPers4
 .text          0x0000000080017af0      0x290 ../third_party/psyq/lib/libgte.a(fgo_01.o)
                0x0000000080017af0                RotMatrix
 .text          0x0000000080017d80       0x90 ../third_party/psyq/lib/libgte.a(msc00.o)
                0x0000000080017d88                InitGeom
 .text          0x0000000080017e10       0x30 ../third_party/psyq/lib/libgte.a(mtx_07.o)
                0x0000000080017e10                TransMatrix
 .text          0x0000000080017e40      0x140 ../third_party/psyq/lib/libgte.a(mtx_08.o)
                0x0000000080017e40                ScaleMatrix
 .text          0x0000000080017f80       0x30 ../third_party/psyq/lib/libgte.a(mtx_09.o)
                0x0000000080017f80                SetRotMatrix
 .text          0x0000000080017fb0       0x20 ../third_party/psyq/lib/libgte.a(mtx_12.o)
                0x0000000080017fb0                SetTransMatrix
 .text          0x0000000080017fd0       0xe0 ../third_party/psyq/lib/libgte.a(patchgte.o)
                0x0000000080017fd0                _patch_gte
 .text          0x00000000800180b0       0x10 ../third_party/psyq/lib/libgte.a(reg09.o)
                0x00000000800180b0                ReadGeomScreen
 .text          0x00000000800180c0       0x20 ../third_party/psyq/lib/libgte.a(reg11.o)
                0x00000000800180c0                SetFarColor
 .text          0x00000000800180e0       0x20 ../third_party/psyq/lib/libgte.a(reg12.o)
                0x00000000800180e0                SetGeomOffset
 .text          0x0000000080018100       0x20 ../third_party/psyq/lib/libspu.a(s_i.o)
                0x0000000080018100                SpuInit
 .text          0x0000000080018120      0x160 ../third_party/psyq/lib/libspu.a(s_ini.o)
                0x0000000080018120                _SpuInit
                0x0000000080018208                SpuStart
 .text          0x0000000080018280       0xb0 ../third_party/psyq/lib/libspu.a(s_itc.o)
                0x0000000080018280                SpuIsTransferCompleted
 .text          0x0000000080018330       0x60 ../third_party/psyq/lib/libspu.a(s_m_init.o)
                0x0000000080018330                SpuInitMalloc
 .text          0x0000000080018390      0x300 ../third_party/psyq/lib/libspu.a(s_m_int.o)
                0x0000000080018390                _spu_gcSPU
 .text          0x0000000080018690      0x2d0 ../third_party/psyq/lib/libspu.a(s_m_m.o)
                0x0000000080018690                SpuMalloc
 .text          0x0000000080018960      0x380 ../third_party/psyq/lib/libspu.a(s_sca.o)
                0x0000000080018960                SpuSetCommonAttr
 .text          0x0000000080018ce0      0x140 ../third_party/psyq/lib/libspu.a(s_si.o)
                0x0000000080018ce0                SpuSetIRQ
 .text          0x0000000080018e20      0x1c0 ../third_party/psyq/lib/libspu.a(s_sk.o)
                0x0000000080018e20                SpuSetKey
 .text          0x0000000080018fe0       0x30 ../third_party/psyq/lib/libspu.a(s_stm.o)
                0x0000000080018fe0                SpuSetTransferMode
 .text          0x0000000080019010       0x60 ../third_party/psyq/lib/libspu.a(s_stsa.o)
                0x0000000080019010                SpuSetTransferStartAddr
 .text          0x0000000080019070      0x600 ../third_party/psyq/lib/libspu.a(s_sva.o)
                0x0000000080019070                SpuSetVoiceAttr
 .text          0x0000000080019670       0x60 ../third_party/psyq/lib/libspu.a(s_w.o)
                0x0000000080019670                SpuWrite
 .text          0x00000000800196d0      0xb40 ../third_party/psyq/lib/libspu.a(spu.o)
                0x00000000800196d0                _spu_init
                0x0000000080019b10                _spu_FiDMA
                0x0000000080019bcc                _spu_Fr_
                0x0000000080019c74                _spu_t
                0x0000000080019ef4                _spu_Fw
                0x0000000080019f78                _spu_Fr
                0x0000000080019fdc                _spu_FsetRXX
                0x000000008001a020                _spu_FsetRXXa
                0x000000008001a0c4                _spu_FgetRXXa
                0x000000008001a100                _spu_FsetPCR
                0x000000008001a1a8                _spu_Fw1ts
 .text          0x000000008001a210       0x30 ../third_party/psyq/lib/libspu.a(s_dcb.o)
                0x000000008001a210                _SpuDataCallback
 .text          0x000000008001a240      0x200 ../third_party/psyq/lib/libspu.a(s_n2p.o)
                0x000000008001a240                _spu_note2pitch
                0x000000008001a310                _spu_pitch2note
 .text          0x000000008001a440       0x10 ../third_party/psyq/lib/libapi.a(a07.o)
                0x000000008001a440                DeliverEvent
 .text          0x000000008001a450       0x10 ../third_party/psyq/lib/libapi.a(a08.o)
                0x000000008001a450                OpenEvent
 .text          0x000000008001a460       0x10 ../third_party/psyq/lib/libapi.a(a11.o)
                0x000000008001a460                TestEvent
 .text          0x000000008001a470       0x10 ../third_party/psyq/lib/libapi.a(a12.o)
                0x000000008001a470                EnableEvent
 .text          0x000000008001a480       0x10 ../third_party/psyq/lib/libapi.a(a23.o)
                0x000000008001a480                ReturnFromException
 .text          0x000000008001a490       0x10 ../third_party/psyq/lib/libapi.a(a24.o)
                0x000000008001a490                ResetEntryInt
 .text          0x000000008001a4a0       0x10 ../third_party/psyq/lib/libapi.a(a25.o)
                0x000000008001a4a0                HookEntryInt
 .text          0x000000008001a4b0       0x20 ../third_party/psyq/lib/libapi.a(c114.o)
                0x000000008001a4b8                _96_remove
 .text          0x000000008001a4d0       0x10 ../third_party/psyq/lib/libapi.a(c73.o)
                0x000000008001a4d0                GPU_cw
 .text          0x000000008001a4e0       0x10 ../third_party/psyq/lib/libapi.a(l10.o)
                0x000000008001a4e0                ChangeClearRCnt
 .text          0x000000008001a4f0       0x20 ../third_party/psyq/lib/libc.a(a63.o)
                0x000000008001a4f8                puts
 .text          0x000000008001a510       0x10 ../third_party/psyq/lib/libc.a(c19.o)
                0x000000008001a510                setjmp
 .text          0x000000008001a520       0x10 ../third_party/psyq/lib/libc.a(c27.o)
                0x000000008001a520                strlen
 .text          0x000000008001a530       0x10 ../third_party/psyq/lib/libc.a(c43.o)
                0x000000008001a530                memset
                0x000000008001a540                . = ALIGN (0x10)
 *(.init)
                0x000000008001a540                . = ALIGN (0x10)
 *(.fini)
                0x000000008001a540                . = ALIGN (0x10)
                0x000000008001a540                __text_end = .
                0x000000008001a540                __ftext_end = ABSOLUTE (.)
                0x000000008001a540                __fdata_start = ABSOLUTE (.)

.rodata         0x000000008001a540      0x584
 *(.rodata .rodata.* .rdata .rdata.* .gnu.linkonce.r.*)
 .rodata.str1.4
                0x000000008001a540       0x10 main.o
 .rodata.str1.4
                0x000000008001a550       0x80 engine/graphics.o
 .rodata        0x000000008001a5d0       0x20 engine/input.o
                0x000000008001a5d0                input_binds_default
 .rodata        0x000000008001a5f0       0x10 ../third_party/common/crt0/crt0.o
 .rdata         0x000000008001a600       0x10 ../third_party/psyq/lib/libetc.a(vsync.o)
 .rdata         0x000000008001a610       0x70 ../third_party/psyq/lib/libetc.a(intr.o)
 .rdata         0x000000008001a680       0x30 ../third_party/psyq/lib/libetc.a(intr_dma.o)
 .rdata         0x000000008001a6b0       0xa0 ../third_party/psyq/lib/libgpu.a(font.o)
 .rdata         0x000000008001a750      0x220 ../third_party/psyq/lib/libgpu.a(sys.o)
 .rdata         0x000000008001a970       0x30 ../third_party/psyq/lib/libgs.a(2d_com1.o)
 .rdata         0x000000008001a9a0       0x40 ../third_party/psyq/lib/libspu.a(s_sca.o)
 .rdata         0x000000008001a9e0       0x30 ../third_party/psyq/lib/libspu.a(s_si.o)
 .rdata         0x000000008001aa10       0x40 ../third_party/psyq/lib/libspu.a(s_sva.o)
 .rdata         0x000000008001aa50       0x50 ../third_party/psyq/lib/libspu.a(spu.o)
                0x000000008001aaa0                . = ALIGN (0x10)
                0x000000008001aaa0                __preinit_array_start = .
 *(.preinit_array)
                0x000000008001aaa0                __preinit_array_end = .
                0x000000008001aaa0                . = ALIGN (0x10)
                0x000000008001aaa0                __init_array_start = .
 *(SORT_BY_NAME(.init_array.*))
 *(.init_array)
                0x000000008001aaa0                . = ALIGN (0x10)
 *crtbegin.o(.ctors)
 *(EXCLUDE_FILE(*crtend.o) .ctors)
 *(SORT_BY_NAME(.ctors.*))
 *crtend.o(.ctors)
                0x000000008001aaa0                __init_array_end = .
                0x000000008001aaa0                . = ALIGN (0x10)
                0x000000008001aaa0                __fini_array_start = .
 *(.fini_array)
 *(SORT_BY_NAME(.fini_array.*))
 *crtbegin.o(.dtors)
 *(EXCLUDE_FILE(*crtend.o) .dtors)
 *(SORT_BY_NAME(.dtors.*))
 *crtend.o(.dtors)
                0x000000008001aaa0                __fini_array_end = .
                0x000000008001aaa0                __build_id = .
 *(.note.gnu.build-id)
 .note.gnu.build-id
                0x000000008001aaa0       0x24 main.o
                0x000000008001aac4                __build_id_end = .

.rel.dyn        0x000000008001aac4        0x0
 .rel.dyn       0x000000008001aac4        0x0 ../third_party/psyq/lib/libgpu.a(sys.o)

.rodata1
 *(.rodata1)
                0x000000008001aac4                __data_start = .

.data           0x000000008001aad0    0x29d30
 *(.a0table)
 *(.data .data.* .gnu.linkonce.d.*)
 .data          0x000000008001aad0    0x239a0 main.o
                0x000000008001aad0                menustart
                0x000000008001dc10                menustart_size
                0x000000008001dc14                buzz1
                0x000000008001f324                buzz1_size
                0x000000008001f328                img_Press_start3
                0x0000000080021b04                img_Press_start2
                0x00000000800242e0                img_Press_start1
                0x0000000080026abc                img_jam_3
                0x00000000800292f4                img_jam_2
                0x000000008002bb2c                img_jam_1
                0x000000008002e364                img_gnd_2
                0x000000008002fe84                img_gnd_1
                0x00000000800319a4                img_gnd_0
                0x00000000800334c4                img_cloud_E
                0x0000000080033d64                img_cloud_B
                0x0000000080033ff0                img_Buzzy
                0x0000000080039990                img_bee_2
                0x0000000080039d3c                img_bee_1
                0x000000008003a0e8                img_bee_0
                0x000000008003a494                img_Bee
 .data          0x000000008003e470       0x10 ../third_party/psyq/lib/libapi.a(pad.o)
 .data          0x000000008003e480       0x10 ../third_party/psyq/lib/libetc.a(vmode.o)
 .data          0x000000008003e490       0x20 ../third_party/psyq/lib/libetc.a(vsync.o)
                0x000000008003e4a0                Hcount
 .data          0x000000008003e4b0       0x30 ../third_party/psyq/lib/libetc.a(intr_vb.o)
                0x000000008003e4d0                Vcount
 .data          0x000000008003e4e0     0x1100 ../third_party/psyq/lib/libetc.a(intr.o)
 .data          0x000000008003f5e0       0x30 ../third_party/psyq/lib/libetc.a(intr_dma.o)
 .data          0x000000008003f610      0xb90 ../third_party/psyq/lib/libgpu.a(font.o)
                0x000000008003f610                Font
 .data          0x00000000800401a0      0x1a0 ../third_party/psyq/lib/libgpu.a(sys.o)
                0x00000000800401ec                GPU_printf
                0x00000000800401f0                GEnv
                0x0000000080040318                _qin
                0x000000008004031c                _qout
 .data          0x0000000080040340       0x10 ../third_party/psyq/lib/libgte.a(msc00.o)
 .data          0x0000000080040350     0x4000 ../third_party/psyq/lib/libgte.a(cstbl.o)
                0x0000000080040350                rcossin_tbl
 .data          0x0000000080044350       0x80 ../third_party/psyq/lib/libspu.a(s_ini.o)
                0x0000000080044358                _spu_EVdma
                0x000000008004435c                _spu_keystat
                0x0000000080044360                _spu_trans_mode
                0x0000000080044364                _spu_rev_flag
                0x0000000080044368                _spu_rev_reserve_wa
                0x000000008004436c                _spu_rev_offsetaddr
                0x0000000080044370                _spu_rev_attr
                0x0000000080044384                _spu_RQvoice
                0x0000000080044388                _spu_RQmask
                0x000000008004438c                _spu_voice_centerNote
                0x00000000800443bc                _spu_env
                0x00000000800443c0                _spu_isCalled
 .data          0x00000000800443d0       0x10 ../third_party/psyq/lib/libspu.a(s_m.o)
                0x00000000800443d0                _spu_AllocBlockNum
                0x00000000800443d4                _spu_AllocLastNum
                0x00000000800443d8                _spu_memList
 .data          0x00000000800443e0       0x30 ../third_party/psyq/lib/libspu.a(s_rmp0.o)
                0x00000000800443e0                _spu_rev_startaddr
 .data          0x0000000080044410       0x60 ../third_party/psyq/lib/libspu.a(spu.o)
                0x0000000080044410                _spu_RXX
                0x0000000080044428                _spu_tsa
                0x000000008004442c                _spu_transMode
                0x0000000080044430                _spu_addrMode
                0x0000000080044434                _spu_mem_mode
                0x0000000080044438                _spu_mem_mode_plus
                0x000000008004443c                _spu_mem_mode_unit
                0x0000000080044440                _spu_mem_mode_unitM
                0x0000000080044444                _spu_inTransfer
                0x0000000080044448                _spu_transferCallback
                0x000000008004444c                _spu_IRQCallback
 .data          0x0000000080044470      0x120 ../third_party/psyq/lib/libspu.a(s_n2p.o)
 *(.data1)
 *(.sdata .sdata.* .gnu.linkonce.s.*)
 *(.sdata2 .sdata2.* .gnu.linkonce.s2.*)
 *(.got.plt)
 *(.got)
                0x0000000080044800                . = ALIGN (0x800)
 *fill*         0x0000000080044590      0x270 
                0x0000000080044800                __data_end = .
                0x0000000080044800                __fdata_end = .
                0x0000000080044800                __bss_start = .

.sbss           0x0000000080044800     0x8410
 *(.dynsbss)
 *(.sbss .sbss.* .gnu.linkonce.sb.*)
 *(.scommon)
 .scommon       0x0000000080044800        0x8 main.o
                0x0000000080044800                b
                0x0000000080044804                a
 .scommon       0x0000000080044808        0xa engine/graphics.o
                0x0000000080044808                SCREEN_WIDTH
                0x000000008004480c                SCREEN_HEIGHT
                0x0000000080044810                currentBuffer
 *fill*         0x0000000080044812        0x2 
 .scommon       0x0000000080044814        0xd engine/input.o
                0x0000000080044814                input_pad
                0x0000000080044818                input_trig
                0x000000008004481c                input_held
                0x0000000080044820                input_suppress_trig
 *fill*         0x0000000080044821        0x3 
 .scommon       0x0000000080044824        0x4 engine/audio.o
                0x0000000080044824                l_vag1_spu_addr
 *(.dynbss)
 *(.bss .bss.* .gnu.linkonce.b.*)
 *fill*         0x0000000080044828        0x8 
 .bss           0x0000000080044830       0x10 main.o
                0x0000000080044830                gameState
                0x0000000080044834                c
                0x0000000080044838                hit
 .bss           0x0000000080044840       0x50 engine/input.o
 .bss           0x0000000080044890       0x60 engine/audio.o
 .bss           0x00000000800448f0       0x10 ../third_party/psyq/lib/libapi.a(pad.o)
                0x00000000800448f0                _apiPadPatch
 .bss           0x0000000080044900       0x10 ../third_party/psyq/lib/libapi.a(patch.o)
 .bss           0x0000000080044910       0x10 ../third_party/psyq/lib/libapi.a(chclrpad.o)
 .bss           0x0000000080044920     0x4410 ../third_party/psyq/lib/libgpu.a(font.o)
 .bss           0x0000000080048d30     0x1850 ../third_party/psyq/lib/libgpu.a(sys.o)
                0x0000000080048d80                _que
 .bss           0x000000008004a580       0x54 ../third_party/psyq/lib/libgs.a(global.o)
                0x000000008004a580                GsOUT_PACKET_P
                0x000000008004a588                GsMATE_C
                0x000000008004a590                GsLMODE
                0x000000008004a598                GsLIGNR
                0x000000008004a5a0                GsLIOFF
                0x000000008004a5a8                GsZOVER
                0x000000008004a5b0                GsBACKC
                0x000000008004a5b8                GsNDIV
                0x000000008004a5c0                GsTRATE
                0x000000008004a5c8                GsTON
                0x000000008004a5d0                GsDISPON
 *fill*         0x000000008004a5d4        0x4 
 .bss           0x000000008004a5d8       0xea ../third_party/psyq/lib/libgs.a(gs_001.o)
                0x000000008004a5f8                PSDIDX
                0x000000008004a600                GsDRAWENV
                0x000000008004a660                GsDISPENV
                0x000000008004a678                PSDGPU
                0x000000008004a680                PSDBASEX
                0x000000008004a688                PSDBASEY
                0x000000008004a690                POSITION
                0x000000008004a698                CLIP2
                0x000000008004a6a0                PSDCNT
                0x000000008004a6a8                PSDOFSX
                0x000000008004a6b0                PSDOFSY
                0x000000008004a6b8                GsORGOFSX
                0x000000008004a6c0                GsORGOFSY
 *fill*         0x000000008004a6c2        0x6 
 .bss           0x000000008004a6c8       0x24 ../third_party/psyq/lib/libgs.a(gs_104.o)
                0x000000008004a6c8                HWD0
                0x000000008004a6d0                VWD0
                0x000000008004a6d8                GsCLIP3near
                0x000000008004a6e0                GsLIGHT_MODE
                0x000000008004a6e8                GsCLIP3far
 *fill*         0x000000008004a6ec        0x4 
 .bss           0x000000008004a6f0       0x40 ../third_party/psyq/lib/libgs.a(gs_107.o)
                0x000000008004a6f0                GsLIGHTWSMATRIX
                0x000000008004a710                _LC
 .bss           0x000000008004a730       0x40 ../third_party/psyq/lib/libgs.a(gs_128.o)
                0x000000008004a730                GsIDMATRIX
                0x000000008004a750                GsIDMATRIX2
 .bss           0x000000008004a770       0x10 ../third_party/psyq/lib/libgte.a(patchgte.o)
 .bss           0x000000008004a780       0x14 ../third_party/psyq/lib/libspu.a(spu.o)
                0x000000008004a780                _spu_RQ
 *(COMMON)
 COMMON         0x000000008004a794      0xc44 main.o
                0x000000008004a794                mainPlayerL
                0x000000008004a8d4                BeeL
                0x000000008004a924                Buzzy
                0x000000008004a948                clouds1L
                0x000000008004aa38                pressStartL
                0x000000008004ab28                mainPlayer
                0x000000008004ab4c                BuzzyL
                0x000000008004ab9c                rocksL
                0x000000008004ad7c                Bee
                0x000000008004ada0                jamL
                0x000000008004ae90                jam
                0x000000008004aeb4                clouds2
                0x000000008004af20                clouds2L
                0x000000008004b010                mainTimer
                0x000000008004b024                rocks
                0x000000008004b090                groundL
                0x000000008004b270                clouds1
                0x000000008004b2dc                pressStart
                0x000000008004b300                ground
 COMMON         0x000000008004b3d8     0x17b4 engine/graphics.o
                0x000000008004b3d8                GPUOutputPacket
                0x000000008004cb48                systemBackgroundColor
                0x000000008004cb54                orderingTable
                0x000000008004cb7c                minorOrderingTable
 COMMON         0x000000008004cb8c       0x1c engine/input.o
                0x000000008004cb8c                input_binds
 COMMON         0x000000008004cba8       0x68 engine/audio.o
                0x000000008004cba8                g_s_attr
                0x000000008004cbe8                l_c_attr
                0x000000008004cc10                . = ALIGN (0x4)
                0x000000008004cc10                __bss_end = .
                0x000000008004cc10                __heap_start = __heap_base
                0x000000008000f800                . = (ADDR (.text) - 0x800)
                0x000000008000f800                __end = .

/DISCARD/
 *(.MIPS.abiflags)
 *(.rel.iplt)
 *(.rela.iplt)
 *(.rel.plt)
 *(.rela.plt)
 *(.plt)
 *(.iplt)
 *(.note.GNU-stack)
 *(.gnu_debuglink)
 *(.gnu.lto_*)
OUTPUT(BuzzyBee.elf elf32-tradlittlemips)

.mdebug.abi32   0x0000000000000000        0x0
 .mdebug.abi32  0x0000000000000000        0x0 main.o
 .mdebug.abi32  0x0000000000000000        0x0 engine/graphics.o
 .mdebug.abi32  0x0000000000000000        0x0 engine/input.o
 .mdebug.abi32  0x0000000000000000        0x0 engine/timerz.o
 .mdebug.abi32  0x0000000000000000        0x0 engine/audio.o

.comment        0x0000000000000000       0x2a
 .comment       0x0000000000000000       0x2a main.o
                                         0x2b (size before relaxing)
 .comment       0x000000000000002a       0x2b engine/graphics.o
 .comment       0x000000000000002a       0x2b engine/input.o
 .comment       0x000000000000002a       0x2b engine/timerz.o
 .comment       0x000000000000002a       0x2b engine/audio.o

.gnu.attributes
                0x0000000000000000       0x10
 .gnu.attributes
                0x0000000000000000       0x10 main.o
 .gnu.attributes
                0x0000000000000010       0x10 engine/graphics.o
 .gnu.attributes
                0x0000000000000020       0x10 engine/input.o
 .gnu.attributes
                0x0000000000000030       0x10 engine/timerz.o
 .gnu.attributes
                0x0000000000000040       0x10 engine/audio.o
 .gnu.attributes
                0x0000000000000050       0x10 ../third_party/common/crt0/crt0.o

.pdr            0x0000000000000000        0x0
 .pdr           0x0000000000000000        0x0 ../third_party/common/crt0/crt0.o

.note           0x0000000000000000     0x2cdc
 .note          0x0000000000000000       0x74 ../third_party/psyq/lib/libapi.a(a91.o)
 .note          0x0000000000000074       0x74 ../third_party/psyq/lib/libapi.a(pad.o)
 .note          0x00000000000000e8       0x74 ../third_party/psyq/lib/libapi.a(patch.o)
 .note          0x000000000000015c       0x74 ../third_party/psyq/lib/libapi.a(a18.o)
 .note          0x00000000000001d0       0x74 ../third_party/psyq/lib/libapi.a(a19.o)
 .note          0x0000000000000244       0x74 ../third_party/psyq/lib/libapi.a(a21.o)
 .note          0x00000000000002b8       0x74 ../third_party/psyq/lib/libapi.a(a36.o)
 .note          0x000000000000032c       0x74 ../third_party/psyq/lib/libapi.a(a37.o)
 .note          0x00000000000003a0       0x74 ../third_party/psyq/lib/libapi.a(c68.o)
 .note          0x0000000000000414       0x74 ../third_party/psyq/lib/libapi.a(chclrpad.o)
 .note          0x0000000000000488       0x74 ../third_party/psyq/lib/libapi.a(l02.o)
 .note          0x00000000000004fc       0x74 ../third_party/psyq/lib/libapi.a(l03.o)
 .note          0x0000000000000570       0x74 ../third_party/psyq/lib/libc.a(c42.o)
 .note          0x00000000000005e4       0x74 ../third_party/psyq/lib/libc.a(c47.o)
 .note          0x0000000000000658       0x74 ../third_party/psyq/lib/libc.a(c48.o)
 .note          0x00000000000006cc       0x74 ../third_party/psyq/lib/libc.a(c63.o)
 .note          0x0000000000000740       0x74 ../third_party/psyq/lib/libetc.a(vmode.o)
 .note          0x00000000000007b4       0x74 ../third_party/psyq/lib/libetc.a(vsync.o)
 .note          0x0000000000000828       0x74 ../third_party/psyq/lib/libetc.a(intr_vb.o)
 .note          0x000000000000089c       0x74 ../third_party/psyq/lib/libetc.a(intr.o)
 .note          0x0000000000000910       0x74 ../third_party/psyq/lib/libetc.a(intr_dma.o)
 .note          0x0000000000000984       0x74 ../third_party/psyq/lib/libgpu.a(font.o)
 .note          0x00000000000009f8       0x74 ../third_party/psyq/lib/libgpu.a(p00.o)
 .note          0x0000000000000a6c       0x74 ../third_party/psyq/lib/libgpu.a(p06.o)
 .note          0x0000000000000ae0       0x74 ../third_party/psyq/lib/libgpu.a(p09.o)
 .note          0x0000000000000b54       0x74 ../third_party/psyq/lib/libgpu.a(p10.o)
 .note          0x0000000000000bc8       0x74 ../third_party/psyq/lib/libgpu.a(p20.o)
 .note          0x0000000000000c3c       0x74 ../third_party/psyq/lib/libgpu.a(p26.o)
 .note          0x0000000000000cb0       0x74 ../third_party/psyq/lib/libgpu.a(p27.o)
 .note          0x0000000000000d24       0x74 ../third_party/psyq/lib/libgpu.a(p41.o)
 .note          0x0000000000000d98       0x74 ../third_party/psyq/lib/libgpu.a(sys.o)
 .note          0x0000000000000e0c       0x74 ../third_party/psyq/lib/libgpu.a(e00.o)
 .note          0x0000000000000e80       0x74 ../third_party/psyq/lib/libgpu.a(e02.o)
 .note          0x0000000000000ef4       0x74 ../third_party/psyq/lib/libgpu.a(p01.o)
 .note          0x0000000000000f68       0x74 ../third_party/psyq/lib/libgs.a(2d_sp0.o)
 .note          0x0000000000000fdc       0x74 ../third_party/psyq/lib/libgs.a(global.o)
 .note          0x0000000000001050       0x74 ../third_party/psyq/lib/libgs.a(gs_001.o)
 .note          0x00000000000010c4       0x74 ../third_party/psyq/lib/libgs.a(gs_0021.o)
 .note          0x0000000000001138       0x74 ../third_party/psyq/lib/libgs.a(gs_0022.o)
 .note          0x00000000000011ac       0x74 ../third_party/psyq/lib/libgs.a(gs_003.o)
 .note          0x0000000000001220       0x74 ../third_party/psyq/lib/libgs.a(gs_010.o)
 .note          0x0000000000001294       0x74 ../third_party/psyq/lib/libgs.a(gs_103.o)
 .note          0x0000000000001308       0x74 ../third_party/psyq/lib/libgs.a(gs_104.o)
 .note          0x000000000000137c       0x74 ../third_party/psyq/lib/libgs.a(gs_107.o)
 .note          0x00000000000013f0       0x74 ../third_party/psyq/lib/libgs.a(gs_111.o)
 .note          0x0000000000001464       0x74 ../third_party/psyq/lib/libgs.a(gs_113.o)
 .note          0x00000000000014d8       0x74 ../third_party/psyq/lib/libgs.a(gs_121.o)
 .note          0x000000000000154c       0x74 ../third_party/psyq/lib/libgs.a(gs_122.o)
 .note          0x00000000000015c0       0x74 ../third_party/psyq/lib/libgs.a(gs_124.o)
 .note          0x0000000000001634       0x74 ../third_party/psyq/lib/libgs.a(gs_128.o)
 .note          0x00000000000016a8       0x74 ../third_party/psyq/lib/libgs.a(2d_com1.o)
 .note          0x000000000000171c       0x74 ../third_party/psyq/lib/libgte.a(cmb_00.o)
 .note          0x0000000000001790       0x74 ../third_party/psyq/lib/libgte.a(fgo_01.o)
 .note          0x0000000000001804       0x74 ../third_party/psyq/lib/libgte.a(msc00.o)
 .note          0x0000000000001878       0x74 ../third_party/psyq/lib/libgte.a(msc01.o)
 .note          0x00000000000018ec       0x74 ../third_party/psyq/lib/libgte.a(mtx_07.o)
 .note          0x0000000000001960       0x74 ../third_party/psyq/lib/libgte.a(mtx_08.o)
 .note          0x00000000000019d4       0x74 ../third_party/psyq/lib/libgte.a(mtx_09.o)
 .note          0x0000000000001a48       0x74 ../third_party/psyq/lib/libgte.a(mtx_11.o)
 .note          0x0000000000001abc       0x74 ../third_party/psyq/lib/libgte.a(mtx_12.o)
 .note          0x0000000000001b30       0x74 ../third_party/psyq/lib/libgte.a(patchgte.o)
 .note          0x0000000000001ba4       0x74 ../third_party/psyq/lib/libgte.a(reg09.o)
 .note          0x0000000000001c18       0x74 ../third_party/psyq/lib/libgte.a(reg11.o)
 .note          0x0000000000001c8c       0x74 ../third_party/psyq/lib/libgte.a(reg12.o)
 .note          0x0000000000001d00       0x74 ../third_party/psyq/lib/libgte.a(sqrtbl.o)
 .note          0x0000000000001d74       0x74 ../third_party/psyq/lib/libgte.a(cstbl.o)
 .note          0x0000000000001de8       0x74 ../third_party/psyq/lib/libspu.a(s_i.o)
 .note          0x0000000000001e5c       0x74 ../third_party/psyq/lib/libspu.a(s_ini.o)
 .note          0x0000000000001ed0       0x74 ../third_party/psyq/lib/libspu.a(s_itc.o)
 .note          0x0000000000001f44       0x74 ../third_party/psyq/lib/libspu.a(s_m.o)
 .note          0x0000000000001fb8       0x74 ../third_party/psyq/lib/libspu.a(s_m_f.o)
 .note          0x000000000000202c       0x74 ../third_party/psyq/lib/libspu.a(s_m_init.o)
 .note          0x00000000000020a0       0x74 ../third_party/psyq/lib/libspu.a(s_m_int.o)
 .note          0x0000000000002114       0x74 ../third_party/psyq/lib/libspu.a(s_m_m.o)
 .note          0x0000000000002188       0x74 ../third_party/psyq/lib/libspu.a(s_rmp0.o)
 .note          0x00000000000021fc       0x74 ../third_party/psyq/lib/libspu.a(s_sca.o)
 .note          0x0000000000002270       0x74 ../third_party/psyq/lib/libspu.a(s_si.o)
 .note          0x00000000000022e4       0x74 ../third_party/psyq/lib/libspu.a(s_sk.o)
 .note          0x0000000000002358       0x74 ../third_party/psyq/lib/libspu.a(s_stm.o)
 .note          0x00000000000023cc       0x74 ../third_party/psyq/lib/libspu.a(s_stsa.o)
 .note          0x0000000000002440       0x74 ../third_party/psyq/lib/libspu.a(s_sva.o)
 .note          0x00000000000024b4       0x74 ../third_party/psyq/lib/libspu.a(s_w.o)
 .note          0x0000000000002528       0x74 ../third_party/psyq/lib/libspu.a(spu.o)
 .note          0x000000000000259c       0x74 ../third_party/psyq/lib/libspu.a(s_dcb.o)
 .note          0x0000000000002610       0x74 ../third_party/psyq/lib/libspu.a(s_n2p.o)
 .note          0x0000000000002684       0x74 ../third_party/psyq/lib/libapi.a(a07.o)
 .note          0x00000000000026f8       0x74 ../third_party/psyq/lib/libapi.a(a08.o)
 .note          0x000000000000276c       0x74 ../third_party/psyq/lib/libapi.a(a11.o)
 .note          0x00000000000027e0       0x74 ../third_party/psyq/lib/libapi.a(a12.o)
 .note          0x0000000000002854       0x74 ../third_party/psyq/lib/libapi.a(a23.o)
 .note          0x00000000000028c8       0x74 ../third_party/psyq/lib/libapi.a(a24.o)
 .note          0x000000000000293c       0x74 ../third_party/psyq/lib/libapi.a(a25.o)
 .note          0x00000000000029b0       0x74 ../third_party/psyq/lib/libapi.a(c114.o)
 .note          0x0000000000002a24       0x74 ../third_party/psyq/lib/libapi.a(c73.o)
 .note          0x0000000000002a98       0x74 ../third_party/psyq/lib/libapi.a(l10.o)
 .note          0x0000000000002b0c       0x74 ../third_party/psyq/lib/libc.a(a63.o)
 .note          0x0000000000002b80       0x74 ../third_party/psyq/lib/libc.a(c19.o)
 .note          0x0000000000002bf4       0x74 ../third_party/psyq/lib/libc.a(c27.o)
 .note          0x0000000000002c68       0x74 ../third_party/psyq/lib/libc.a(c43.o)

.debug_info     0x0000000000000000     0x3f0c
 .debug_info    0x0000000000000000     0x1afd main.o
 .debug_info    0x0000000000001afd     0x185b engine/graphics.o
 .debug_info    0x0000000000003358      0x43c engine/input.o
 .debug_info    0x0000000000003794      0x158 engine/timerz.o
 .debug_info    0x00000000000038ec      0x5fa engine/audio.o
 .debug_info    0x0000000000003ee6       0x26 ../third_party/common/crt0/crt0.o

.debug_abbrev   0x0000000000000000      0xbdf
 .debug_abbrev  0x0000000000000000      0x39e main.o
 .debug_abbrev  0x000000000000039e      0x3bc engine/graphics.o
 .debug_abbrev  0x000000000000075a      0x1ba engine/input.o
 .debug_abbrev  0x0000000000000914      0x127 engine/timerz.o
 .debug_abbrev  0x0000000000000a3b      0x190 engine/audio.o
 .debug_abbrev  0x0000000000000bcb       0x14 ../third_party/common/crt0/crt0.o

.debug_loc      0x0000000000000000     0x1330
 .debug_loc     0x0000000000000000      0x684 main.o
 .debug_loc     0x0000000000000684      0x868 engine/graphics.o
 .debug_loc     0x0000000000000eec      0x1fe engine/timerz.o
 .debug_loc     0x00000000000010ea      0x246 engine/audio.o

.debug_aranges  0x0000000000000000      0x1f8
 .debug_aranges
                0x0000000000000000       0x78 main.o
 .debug_aranges
                0x0000000000000078       0xc8 engine/graphics.o
 .debug_aranges
                0x0000000000000140       0x28 engine/input.o
 .debug_aranges
                0x0000000000000168       0x28 engine/timerz.o
 .debug_aranges
                0x0000000000000190       0x48 engine/audio.o
 .debug_aranges
                0x00000000000001d8       0x20 ../third_party/common/crt0/crt0.o

.debug_ranges   0x0000000000000000      0x2c0
 .debug_ranges  0x0000000000000000      0x188 main.o
 .debug_ranges  0x0000000000000188       0xd0 engine/graphics.o
 .debug_ranges  0x0000000000000258       0x18 engine/input.o
 .debug_ranges  0x0000000000000270       0x18 engine/timerz.o
 .debug_ranges  0x0000000000000288       0x38 engine/audio.o

.debug_line     0x0000000000000000     0x1b27
 .debug_line    0x0000000000000000      0xf3d main.o
 .debug_line    0x0000000000000f3d      0x79c engine/graphics.o
 .debug_line    0x00000000000016d9      0x115 engine/input.o
 .debug_line    0x00000000000017ee      0x10d engine/timerz.o
 .debug_line    0x00000000000018fb      0x1c9 engine/audio.o
 .debug_line    0x0000000000001ac4       0x63 ../third_party/common/crt0/crt0.o

.debug_str      0x0000000000000000      0xe3f
 .debug_str     0x0000000000000000      0x8f3 main.o
                                        0x955 (size before relaxing)
 .debug_str     0x00000000000008f3      0x28f engine/graphics.o
                                        0x6ee (size before relaxing)
 .debug_str     0x0000000000000b82       0x7a engine/input.o
                                        0x39a (size before relaxing)
 .debug_str     0x0000000000000bfc       0x16 engine/timerz.o
                                        0x1e5 (size before relaxing)
 .debug_str     0x0000000000000c12      0x1ff engine/audio.o
                                        0x3a0 (size before relaxing)
 .debug_str     0x0000000000000e11       0x2e ../third_party/common/crt0/crt0.o
                                         0x42 (size before relaxing)

.debug_frame    0x0000000000000000      0x630
 .debug_frame   0x0000000000000000      0x224 main.o
 .debug_frame   0x0000000000000224      0x2c0 engine/graphics.o
 .debug_frame   0x00000000000004e4       0x40 engine/input.o
 .debug_frame   0x0000000000000524       0x4c engine/timerz.o
 .debug_frame   0x0000000000000570       0xc0 engine/audio.o
