Archive member included to satisfy reference by file (symbol)

../third_party/psyq/lib/libapi.a(a91.o)
                              engine/input.o (ChangeClearPAD)
../third_party/psyq/lib/libapi.a(pad.o)
                              engine/input.o (InitPAD)
../third_party/psyq/lib/libapi.a(patch.o)
                              ../third_party/psyq/lib/libapi.a(pad.o) (_patch_pad)
../third_party/psyq/lib/libapi.a(a18.o)
                              ../third_party/psyq/lib/libapi.a(pad.o) (InitPAD2)
../third_party/psyq/lib/libapi.a(a19.o)
                              ../third_party/psyq/lib/libapi.a(pad.o) (StartPAD2)
../third_party/psyq/lib/libapi.a(a21.o)
                              ../third_party/psyq/lib/libapi.a(pad.o) (PAD_init2)
../third_party/psyq/lib/libapi.a(a36.o)
                              ../third_party/psyq/lib/libapi.a(pad.o) (EnterCriticalSection)
../third_party/psyq/lib/libapi.a(a37.o)
                              ../third_party/psyq/lib/libapi.a(pad.o) (ExitCriticalSection)
../third_party/psyq/lib/libapi.a(c68.o)
                              ../third_party/psyq/lib/libapi.a(patch.o) (FlushCache)
../third_party/psyq/lib/libapi.a(chclrpad.o)
                              ../third_party/psyq/lib/libapi.a(pad.o) (_remove_ChgclrPAD)
../third_party/psyq/lib/libapi.a(l02.o)
                              ../third_party/psyq/lib/libapi.a(pad.o) (SysEnqIntRP)
../third_party/psyq/lib/libapi.a(l03.o)
                              ../third_party/psyq/lib/libapi.a(pad.o) (SysDeqIntRP)
../third_party/psyq/lib/libc.a(c42.o)
                              main.o (memcpy)
../third_party/psyq/lib/libc.a(c47.o)
                              main.o (rand)
../third_party/psyq/lib/libc.a(c48.o)
                              main.o (srand)
../third_party/psyq/lib/libc.a(c63.o)
                              main.o (printf)
../third_party/psyq/lib/libetc.a(vmode.o)
                              engine/graphics.o (GetVideoMode)
../third_party/psyq/lib/libetc.a(vsync.o)
                              engine/graphics.o (VSync)
../third_party/psyq/lib/libetc.a(intr_vb.o)
                              ../third_party/psyq/lib/libetc.a(vsync.o) (Vcount)
../third_party/psyq/lib/libetc.a(intr.o)
                              ../third_party/psyq/lib/libetc.a(intr_vb.o) (InterruptCallback)
../third_party/psyq/lib/libetc.a(intr_dma.o)
                              ../third_party/psyq/lib/libetc.a(intr.o) (startIntrDMA)
../third_party/psyq/lib/libgpu.a(font.o)
                              engine/graphics.o (FntFlush)
../third_party/psyq/lib/libgpu.a(p00.o)
                              engine/graphics.o (GetTPage)
../third_party/psyq/lib/libgpu.a(p06.o)
                              ../third_party/psyq/lib/libgpu.a(font.o) (AddPrim)
../third_party/psyq/lib/libgpu.a(p09.o)
                              ../third_party/psyq/lib/libgpu.a(font.o) (TermPrim)
../third_party/psyq/lib/libgpu.a(p10.o)
                              ../third_party/psyq/lib/libgpu.a(font.o) (SetSemiTrans)
../third_party/psyq/lib/libgpu.a(p20.o)
                              ../third_party/psyq/lib/libgpu.a(font.o) (SetSprt8)
../third_party/psyq/lib/libgpu.a(p26.o)
                              ../third_party/psyq/lib/libgpu.a(font.o) (SetTile)
../third_party/psyq/lib/libgpu.a(p27.o)
                              engine/graphics.o (SetLineF2)
../third_party/psyq/lib/libgpu.a(p41.o)
                              ../third_party/psyq/lib/libgpu.a(font.o) (SetDrawMode)
../third_party/psyq/lib/libgpu.a(sys.o)
                              engine/graphics.o (ClearImage2)
../third_party/psyq/lib/libgpu.a(e00.o)
                              ../third_party/psyq/lib/libgpu.a(font.o) (LoadTPage)
../third_party/psyq/lib/libgpu.a(e02.o)
                              ../third_party/psyq/lib/libgpu.a(font.o) (LoadClut2)
../third_party/psyq/lib/libgpu.a(p01.o)
                              ../third_party/psyq/lib/libgpu.a(e02.o) (GetClut)
../third_party/psyq/lib/libgs.a(2d_sp0.o)
                              engine/graphics.o (GsSortSprite)
../third_party/psyq/lib/libgs.a(global.o)
                              ../third_party/psyq/lib/libgs.a(2d_sp0.o) (GsOUT_PACKET_P)
../third_party/psyq/lib/libgs.a(gs_001.o)
                              ../third_party/psyq/lib/libgs.a(2d_sp0.o) (GsORGOFSY)
../third_party/psyq/lib/libgs.a(gs_0021.o)
                              engine/graphics.o (GsGetActiveBuff)
../third_party/psyq/lib/libgs.a(gs_0022.o)
                              ../third_party/psyq/lib/libgs.a(gs_001.o) (GsSetDrawBuffOffset)
../third_party/psyq/lib/libgs.a(gs_003.o)
                              ../third_party/psyq/lib/libgs.a(gs_001.o) (GsSetDrawBuffClip)
../third_party/psyq/lib/libgs.a(gs_010.o)
                              engine/graphics.o (GsSwapDispBuff)
../third_party/psyq/lib/libgs.a(gs_103.o)
                              engine/graphics.o (GsDefDispBuff)
../third_party/psyq/lib/libgs.a(gs_104.o)
                              ../third_party/psyq/lib/libgs.a(gs_001.o) (HWD0)
../third_party/psyq/lib/libgs.a(gs_107.o)
                              ../third_party/psyq/lib/libgs.a(gs_001.o) (GsLIGHTWSMATRIX)
../third_party/psyq/lib/libgs.a(gs_111.o)
                              engine/graphics.o (GsDrawOt)
../third_party/psyq/lib/libgs.a(gs_113.o)
                              engine/graphics.o (GsClearOt)
../third_party/psyq/lib/libgs.a(gs_121.o)
                              ../third_party/psyq/lib/libgs.a(gs_001.o) (gte_init)
../third_party/psyq/lib/libgs.a(gs_122.o)
                              engine/graphics.o (GsGetTimInfo)
../third_party/psyq/lib/libgs.a(gs_124.o)
                              engine/graphics.o (GsSetWorkBase)
../third_party/psyq/lib/libgs.a(gs_128.o)
                              ../third_party/psyq/lib/libgs.a(2d_sp0.o) (GsIDMATRIX)
../third_party/psyq/lib/libgs.a(2d_com1.o)
                              ../third_party/psyq/lib/libgs.a(2d_sp0.o) (_make_packet)
../third_party/psyq/lib/libgte.a(cmb_00.o)
                              ../third_party/psyq/lib/libgs.a(2d_sp0.o) (RotTransPers4)
../third_party/psyq/lib/libgte.a(fgo_01.o)
                              ../third_party/psyq/lib/libgs.a(2d_sp0.o) (RotMatrix)
../third_party/psyq/lib/libgte.a(msc00.o)
                              ../third_party/psyq/lib/libgs.a(gs_121.o) (InitGeom)
../third_party/psyq/lib/libgte.a(msc01.o)
                              ../third_party/psyq/lib/libgs.a(gs_107.o) (SquareRoot0)
../third_party/psyq/lib/libgte.a(mtx_07.o)
                              ../third_party/psyq/lib/libgs.a(2d_sp0.o) (TransMatrix)
../third_party/psyq/lib/libgte.a(mtx_08.o)
                              ../third_party/psyq/lib/libgs.a(2d_sp0.o) (ScaleMatrix)
../third_party/psyq/lib/libgte.a(mtx_09.o)
                              ../third_party/psyq/lib/libgs.a(2d_sp0.o) (SetRotMatrix)
../third_party/psyq/lib/libgte.a(mtx_11.o)
                              ../third_party/psyq/lib/libgs.a(gs_107.o) (SetColorMatrix)
../third_party/psyq/lib/libgte.a(mtx_12.o)
                              ../third_party/psyq/lib/libgs.a(2d_sp0.o) (SetTransMatrix)
../third_party/psyq/lib/libgte.a(patchgte.o)
                              ../third_party/psyq/lib/libgte.a(msc00.o) (_patch_gte)
../third_party/psyq/lib/libgte.a(reg09.o)
                              ../third_party/psyq/lib/libgs.a(2d_sp0.o) (ReadGeomScreen)
../third_party/psyq/lib/libgte.a(reg11.o)
                              ../third_party/psyq/lib/libgs.a(gs_121.o) (SetFarColor)
../third_party/psyq/lib/libgte.a(reg12.o)
                              ../third_party/psyq/lib/libgs.a(gs_0022.o) (SetGeomOffset)
../third_party/psyq/lib/libgte.a(sqrtbl.o)
                              ../third_party/psyq/lib/libgte.a(msc01.o) (SQRT)
../third_party/psyq/lib/libgte.a(cstbl.o)
                              ../third_party/psyq/lib/libgte.a(fgo_01.o) (rcossin_tbl)
../third_party/psyq/lib/libspu.a(s_i.o)
                              engine/audio.o (SpuInit)
../third_party/psyq/lib/libspu.a(s_ini.o)
                              ../third_party/psyq/lib/libspu.a(s_i.o) (_SpuInit)
../third_party/psyq/lib/libspu.a(s_itc.o)
                              engine/audio.o (SpuIsTransferCompleted)
../third_party/psyq/lib/libspu.a(s_m.o)
                              ../third_party/psyq/lib/libspu.a(s_ini.o) (_spu_memList)
../third_party/psyq/lib/libspu.a(s_m_f.o)
                              engine/audio.o (SpuFree)
../third_party/psyq/lib/libspu.a(s_m_init.o)
                              engine/audio.o (SpuInitMalloc)
../third_party/psyq/lib/libspu.a(s_m_int.o)
                              ../third_party/psyq/lib/libspu.a(s_m_f.o) (_spu_gcSPU)
../third_party/psyq/lib/libspu.a(s_m_m.o)
                              engine/audio.o (SpuMalloc)
../third_party/psyq/lib/libspu.a(s_rmp0.o)
                              ../third_party/psyq/lib/libspu.a(s_ini.o) (_spu_rev_startaddr)
../third_party/psyq/lib/libspu.a(s_sca.o)
                              engine/audio.o (SpuSetCommonAttr)
../third_party/psyq/lib/libspu.a(s_si.o)
                              engine/audio.o (SpuSetIRQ)
../third_party/psyq/lib/libspu.a(s_sk.o)
                              engine/audio.o (SpuSetKey)
../third_party/psyq/lib/libspu.a(s_stm.o)
                              engine/audio.o (SpuSetTransferMode)
../third_party/psyq/lib/libspu.a(s_stsa.o)
                              engine/audio.o (SpuSetTransferStartAddr)
../third_party/psyq/lib/libspu.a(s_sva.o)
                              engine/audio.o (SpuSetVoiceAttr)
../third_party/psyq/lib/libspu.a(s_w.o)
                              engine/audio.o (SpuWrite)
../third_party/psyq/lib/libspu.a(spu.o)
                              ../third_party/psyq/lib/libspu.a(s_stsa.o) (_spu_FsetRXXa)
../third_party/psyq/lib/libspu.a(s_dcb.o)
                              ../third_party/psyq/lib/libspu.a(s_ini.o) (_SpuDataCallback)
../third_party/psyq/lib/libspu.a(s_n2p.o)
                              ../third_party/psyq/lib/libspu.a(s_sva.o) (_spu_note2pitch)
../third_party/psyq/lib/libapi.a(a07.o)
                              ../third_party/psyq/lib/libspu.a(spu.o) (DeliverEvent)
../third_party/psyq/lib/libapi.a(a08.o)
                              ../third_party/psyq/lib/libspu.a(s_ini.o) (OpenEvent)
../third_party/psyq/lib/libapi.a(a11.o)
                              ../third_party/psyq/lib/libspu.a(s_itc.o) (TestEvent)
../third_party/psyq/lib/libapi.a(a12.o)
                              ../third_party/psyq/lib/libspu.a(s_ini.o) (EnableEvent)
../third_party/psyq/lib/libapi.a(a23.o)
                              ../third_party/psyq/lib/libetc.a(intr.o) (ReturnFromException)
../third_party/psyq/lib/libapi.a(a24.o)
                              ../third_party/psyq/lib/libetc.a(intr.o) (ResetEntryInt)
../third_party/psyq/lib/libapi.a(a25.o)
                              ../third_party/psyq/lib/libetc.a(intr.o) (HookEntryInt)
../third_party/psyq/lib/libapi.a(c114.o)
                              ../third_party/psyq/lib/libetc.a(intr.o) (_96_remove)
../third_party/psyq/lib/libapi.a(c73.o)
                              ../third_party/psyq/lib/libgpu.a(sys.o) (GPU_cw)
../third_party/psyq/lib/libapi.a(l10.o)
                              ../third_party/psyq/lib/libetc.a(vsync.o) (ChangeClearRCnt)
../third_party/psyq/lib/libc.a(a63.o)
                              ../third_party/psyq/lib/libetc.a(vsync.o) (puts)
../third_party/psyq/lib/libc.a(c19.o)
                              ../third_party/psyq/lib/libetc.a(intr.o) (setjmp)
../third_party/psyq/lib/libc.a(c27.o)
                              ../third_party/psyq/lib/libgpu.a(font.o) (strlen)
../third_party/psyq/lib/libc.a(c43.o)
                              ../third_party/psyq/lib/libgpu.a(font.o) (memset)

Allocating common symbols
Common symbol       size              file

mainPlayerL         0x140             main.o
g_s_attr            0x40              engine/audio.o
BeeL                0x50              main.o
b                   0x4               main.o
input_pad           0x2               engine/input.o
enemies             0x24              main.o
flowers             0x6c              main.o
l_vag1_spu_addr     0x4               engine/audio.o
input_trig          0x4               engine/input.o
Buzzy               0x24              main.o
clouds1L            0xa0              main.o
pressStartL         0xf0              main.o
mainPlayer          0x24              main.o
BuzzyL              0x50              main.o
rocksL              0xf0              main.o
Bee                 0x24              main.o
SCREEN_WIDTH        0x4               engine/graphics.o
input_binds         0x1c              engine/input.o
mainHealth          0x58              main.o
jamL                0xf0              main.o
GPUOutputPacket     0x1770            engine/graphics.o
l_c_attr            0x28              engine/audio.o
jam                 0x24              main.o
clouds2             0x48              main.o
SCREEN_HEIGHT       0x4               engine/graphics.o
clouds2L            0xa0              main.o
currentBuffer       0x2               engine/graphics.o
input_held          0x4               engine/input.o
hillsL              0x190             main.o
systemBackgroundColor
                    0xc               engine/graphics.o
input_suppress_trig
                    0x1               engine/input.o
hills               0xb4              main.o
enemiesL            0x140             main.o
time3               0x4               main.o
mainTimer           0x14              main.o
rocks               0x6c              main.o
flowersL            0xf0              main.o
a                   0x4               main.o
groundL             0x370             main.o
barL                0x190             main.o
clouds1             0x48              main.o
orderingTable       0x28              engine/graphics.o
pressStart          0x24              main.o
ground              0x18c             main.o
minorOrderingTable  0x10              engine/graphics.o

Discarded input sections

 .text          0x0000000000000000        0x0 main.o
 .reginfo       0x0000000000000000       0x18 main.o
 .MIPS.abiflags
                0x0000000000000000       0x18 main.o
 .pdr           0x0000000000000000      0x1e0 main.o
 .rodata        0x0000000000000000       0x10 main.o
 .text          0x0000000000000000        0x0 engine/graphics.o
 .data          0x0000000000000000        0x0 engine/graphics.o
 .bss           0x0000000000000000        0x0 engine/graphics.o
 .reginfo       0x0000000000000000       0x18 engine/graphics.o
 .MIPS.abiflags
                0x0000000000000000       0x18 engine/graphics.o
 .pdr           0x0000000000000000      0x2c0 engine/graphics.o
 .text.rotImage
                0x0000000000000000       0x40 engine/graphics.o
 .text.createLine
                0x0000000000000000       0x8c engine/graphics.o
 .text.createBox
                0x0000000000000000      0x12c engine/graphics.o
 .text.moveLine
                0x0000000000000000       0x50 engine/graphics.o
 .text.moveBox  0x0000000000000000      0x1a8 engine/graphics.o
 .text.transposeBox
                0x0000000000000000       0x34 engine/graphics.o
 .text.drawLine
                0x0000000000000000       0x30 engine/graphics.o
 .text.drawBox  0x0000000000000000       0x48 engine/graphics.o
 .text          0x0000000000000000        0x0 engine/input.o
 .data          0x0000000000000000        0x0 engine/input.o
 .reginfo       0x0000000000000000       0x18 engine/input.o
 .MIPS.abiflags
                0x0000000000000000       0x18 engine/input.o
 .pdr           0x0000000000000000       0x40 engine/input.o
 .text          0x0000000000000000        0x0 engine/timerz.o
 .data          0x0000000000000000        0x0 engine/timerz.o
 .bss           0x0000000000000000        0x0 engine/timerz.o
 .reginfo       0x0000000000000000       0x18 engine/timerz.o
 .MIPS.abiflags
                0x0000000000000000       0x18 engine/timerz.o
 .pdr           0x0000000000000000       0x40 engine/timerz.o
 .text          0x0000000000000000        0x0 engine/audio.o
 .data          0x0000000000000000        0x0 engine/audio.o
 .reginfo       0x0000000000000000       0x18 engine/audio.o
 .MIPS.abiflags
                0x0000000000000000       0x18 engine/audio.o
 .pdr           0x0000000000000000       0xc0 engine/audio.o
 .text.audioChannelConfigure
                0x0000000000000000        0x8 engine/audio.o
 .text.audioFree
                0x0000000000000000        0x8 engine/audio.o
 .text          0x0000000000000000        0x0 ../third_party/common/syscalls/printf.o
 .data          0x0000000000000000        0x0 ../third_party/common/syscalls/printf.o
 .bss           0x0000000000000000        0x0 ../third_party/common/syscalls/printf.o
 .reginfo       0x0000000000000000       0x18 ../third_party/common/syscalls/printf.o
 .MIPS.abiflags
                0x0000000000000000       0x18 ../third_party/common/syscalls/printf.o
 .pdr           0x0000000000000000        0x0 ../third_party/common/syscalls/printf.o
 .ramtext       0x0000000000000000        0xc ../third_party/common/syscalls/printf.o
 .debug_line    0x0000000000000000       0x59 ../third_party/common/syscalls/printf.o
 .debug_info    0x0000000000000000       0x26 ../third_party/common/syscalls/printf.o
 .debug_abbrev  0x0000000000000000       0x14 ../third_party/common/syscalls/printf.o
 .debug_aranges
                0x0000000000000000       0x20 ../third_party/common/syscalls/printf.o
 .debug_str     0x0000000000000000       0x48 ../third_party/common/syscalls/printf.o
 .gnu.attributes
                0x0000000000000000       0x10 ../third_party/common/syscalls/printf.o
 .text          0x0000000000000000        0x0 ../third_party/common/crt0/crt0.o
 .data          0x0000000000000000        0x0 ../third_party/common/crt0/crt0.o
 .bss           0x0000000000000000        0x0 ../third_party/common/crt0/crt0.o
 .reginfo       0x0000000000000000       0x18 ../third_party/common/crt0/crt0.o
 .MIPS.abiflags
                0x0000000000000000       0x18 ../third_party/common/crt0/crt0.o
 .text          0x0000000000000000       0x20 ../third_party/psyq/lib/libgpu.a(p27.o)
 .data          0x0000000000000000       0x10 ../third_party/psyq/lib/libgs.a(global.o)
 .data          0x0000000000000000       0x10 ../third_party/psyq/lib/libgs.a(gs_001.o)
 .text          0x0000000000000000       0x80 ../third_party/psyq/lib/libgs.a(gs_104.o)
 .text          0x0000000000000000      0x570 ../third_party/psyq/lib/libgs.a(gs_107.o)
 .text          0x0000000000000000       0x90 ../third_party/psyq/lib/libgte.a(msc01.o)
 .text          0x0000000000000000       0x30 ../third_party/psyq/lib/libgte.a(mtx_11.o)
 .data          0x0000000000000000      0x180 ../third_party/psyq/lib/libgte.a(sqrtbl.o)
 .text          0x0000000000000000       0x80 ../third_party/psyq/lib/libspu.a(s_m_f.o)

Memory Configuration

Name             Origin             Length             Attributes
loader           0x000000008000f800 0x0000000000000800
ram              0x0000000080010000 0x00000000001f0000 xrw
dcache           0x000000001f800000 0x0000000000000400
*default*        0x0000000000000000 0xffffffffffffffff

Linker script and memory map

LOAD main.o
LOAD engine/graphics.o
LOAD engine/input.o
LOAD engine/timerz.o
LOAD engine/audio.o
LOAD ../third_party/common/syscalls/printf.o
LOAD ../third_party/common/crt0/crt0.o
START GROUP
LOAD ../third_party/psyq/lib/libapi.a
LOAD ../third_party/psyq/lib/libc.a
LOAD ../third_party/psyq/lib/libc2.a
LOAD ../third_party/psyq/lib/libcard.a
LOAD ../third_party/psyq/lib/libcomb.a
LOAD ../third_party/psyq/lib/libds.a
LOAD ../third_party/psyq/lib/libetc.a
LOAD ../third_party/psyq/lib/libgpu.a
LOAD ../third_party/psyq/lib/libgs.a
LOAD ../third_party/psyq/lib/libgte.a
LOAD ../third_party/psyq/lib/libgpu.a
LOAD ../third_party/psyq/lib/libgun.a
LOAD ../third_party/psyq/lib/libhmd.a
LOAD ../third_party/psyq/lib/libmath.a
LOAD ../third_party/psyq/lib/libmcrd.a
LOAD ../third_party/psyq/lib/libmcx.a
LOAD ../third_party/psyq/lib/libpad.a
LOAD ../third_party/psyq/lib/libpress.a
LOAD ../third_party/psyq/lib/libsio.a
LOAD ../third_party/psyq/lib/libsnd.a
LOAD ../third_party/psyq/lib/libspu.a
LOAD ../third_party/psyq/lib/libtap.a
END GROUP
                0x000000008005b378                __heap_base = __bss_end
                0x0000000080010000                TLOAD_ADDR = DEFINED (TLOAD_ADDR)?TLOAD_ADDR:0x80010000
                0x0000000080200000                __ram_top = (ORIGIN (ram) + LENGTH (ram))
                0x00000000801fff00                __sp = (__ram_top - 0x100)
                0x000000001f800000                __dcache = ORIGIN (dcache)
                0x000000001f800400                __dcache_top = (ORIGIN (dcache) + LENGTH (dcache))
                0x0000000000008b78                __bss_len = (__bss_end - __bss_start)
                0x000000000000ad60                __ftext_len = (__ftext_end - __ftext_start)
                0x0000000000037aa0                __fdata_len = (__fdata_end - __fdata_start)
                0x0000000080200000                __stack_start = (ORIGIN (ram) + LENGTH (ram))

.PSX_EXE_Header
                0x000000008000f800      0x800
                0x000000008000f800        0x1 BYTE 0x50
                0x000000008000f801        0x1 BYTE 0x53
                0x000000008000f802        0x1 BYTE 0x2d
                0x000000008000f803        0x1 BYTE 0x58
                0x000000008000f804        0x1 BYTE 0x20
                0x000000008000f805        0x1 BYTE 0x45
                0x000000008000f806        0x1 BYTE 0x58
                0x000000008000f807        0x1 BYTE 0x45
                0x000000008000f808        0x4 LONG 0x0
                0x000000008000f80c        0x4 LONG 0x0
                0x000000008000f810        0x4 LONG 0x80010000 ABSOLUTE (_start)
                0x000000008000f814        0x4 LONG 0x0
                0x000000008000f818        0x4 LONG 0x80010000 TLOAD_ADDR
                0x000000008000f81c        0x4 LONG 0x42800 (__ftext_len + __fdata_len)
                0x000000008000f820        0x4 LONG 0x0
                0x000000008000f824        0x4 LONG 0x0
                0x000000008000f828        0x4 LONG 0x0
                0x000000008000f82c        0x4 LONG 0x0
                0x000000008000f830        0x4 LONG 0x801fff00 DEFINED (_sp)?ABSOLUTE (_sp):0x801fff00
                0x000000008000f834        0x4 LONG 0x0
                0x0000000080010000                . = (. + 0x7c8)
 *fill*         0x000000008000f838      0x7c8 
                0x0000000080010000                __ftext_start = ABSOLUTE (.)

.text           0x0000000080010000     0xad60
 *(.start)
 .start         0x0000000080010000       0x64 ../third_party/common/crt0/crt0.o
                0x0000000080010000                _start
 *(.init)
 *(SORT_NONE(.fini))
 *(.text.unlikely .text.*_unlikely .text.unlikely.*)
 *(.text.exit .text.exit.*)
 *(.text.startup .text.startup.*)
 .text.startup.main
                0x0000000080010064      0x200 main.o
                0x0000000080010064                main
 *(.text.hot .text.hot.*)
 *(.text .stub .text.* .gnu.linkonce.t.*)
 .text.checkHit
                0x0000000080010264       0x90 main.o
                0x0000000080010264                checkHit
 .text.animate  0x00000000800102f4      0x130 main.o
                0x00000000800102f4                animate
 .text.gameIntro
                0x0000000080010424      0x15c main.o
                0x0000000080010424                gameIntro
 .text.gameMode
                0x0000000080010580      0x63c main.o
                0x0000000080010580                gameMode
 .text.gameOver
                0x0000000080010bbc       0x78 main.o
                0x0000000080010bbc                gameOver
 .text.debugMode
                0x0000000080010c34      0x20c main.o
                0x0000000080010c34                debugMode
 .text.initPlayer
                0x0000000080010e40      0x20c main.o
                0x0000000080010e40                initPlayer
 .text.initEnemies
                0x000000008001104c       0xf4 main.o
                0x000000008001104c                initEnemies
 .text.initRocks
                0x0000000080011140      0x214 main.o
                0x0000000080011140                initRocks
 .text.initHills
                0x0000000080011354      0x120 main.o
                0x0000000080011354                initHills
 .text.initGround
                0x0000000080011474      0x11c main.o
                0x0000000080011474                initGround
 .text.initSky  0x0000000080011590      0x29c main.o
                0x0000000080011590                initSky
 .text.initIntro
                0x000000008001182c      0x2a0 main.o
                0x000000008001182c                initIntro
 .text.initialize
                0x0000000080011acc      0x104 main.o
                0x0000000080011acc                initialize
 .text.setScreenMode.part.0
                0x0000000080011bd0       0x64 engine/graphics.o
 .text.createImage
                0x0000000080011c34       0xf8 engine/graphics.o
                0x0000000080011c34                createImage
 .text.moveImage
                0x0000000080011d2c       0x44 engine/graphics.o
                0x0000000080011d2c                moveImage
 .text.scaleImage
                0x0000000080011d70       0x74 engine/graphics.o
                0x0000000080011d70                scaleImage
 .text.drawImage
                0x0000000080011de4       0x60 engine/graphics.o
                0x0000000080011de4                drawImage
 .text.createColor
                0x0000000080011e44       0x14 engine/graphics.o
                0x0000000080011e44                createColor
 .text.setScreenMode
                0x0000000080011e58       0x70 engine/graphics.o
                0x0000000080011e58                setScreenMode
 .text.setBackgroundColor
                0x0000000080011ec8       0x24 engine/graphics.o
                0x0000000080011ec8                setBackgroundColor
 .text.initializeDebugFont
                0x0000000080011eec       0x44 engine/graphics.o
                0x0000000080011eec                initializeDebugFont
 .text.initializeOrderingTable
                0x0000000080011f30       0x90 engine/graphics.o
                0x0000000080011f30                initializeOrderingTable
 .text.flushDisplay
                0x0000000080011fc0       0x90 engine/graphics.o
                0x0000000080011fc0                flushDisplay
 .text.clearDisplay
                0x0000000080012050       0x74 engine/graphics.o
                0x0000000080012050                clearDisplay
 .text.clearVRAM
                0x00000000800120c4       0x44 engine/graphics.o
                0x00000000800120c4                clearVRAM
 .text.initializeScreen
                0x0000000080012108       0xa8 engine/graphics.o
                0x0000000080012108                initializeScreen
 .text.in_init  0x00000000800121b0       0x68 engine/input.o
                0x00000000800121b0                in_init
 .text.in_update
                0x0000000080012218       0x50 engine/input.o
                0x0000000080012218                in_update
 .text.createTimer
                0x0000000080012268       0x48 engine/timerz.o
                0x0000000080012268                createTimer
 .text.incTimer
                0x00000000800122b0       0x6c engine/timerz.o
                0x00000000800122b0                incTimer
 .text.audioInit
                0x000000008001231c       0x60 engine/audio.o
                0x000000008001231c                audioInit
 .text.audioTransferVagToSPU
                0x000000008001237c       0xc0 engine/audio.o
                0x000000008001237c                audioTransferVagToSPU
 .text.setVoiceVolumePitch
                0x000000008001243c       0x68 engine/audio.o
                0x000000008001243c                setVoiceVolumePitch
 .text.audioPlay
                0x00000000800124a4       0x40 engine/audio.o
                0x00000000800124a4                audioPlay
 *fill*         0x00000000800124e4        0x4 
 .text          0x00000000800124e8       0x10 ../third_party/psyq/lib/libapi.a(a91.o)
                0x00000000800124e8                ChangeClearPAD
 .text          0x00000000800124f8      0x290 ../third_party/psyq/lib/libapi.a(pad.o)
                0x00000000800124f8                SetInitPadFlag
                0x0000000080012504                ReadInitPadFlag
                0x0000000080012514                PAD_init
                0x00000000800125a4                InitPAD
                0x0000000080012634                StartPAD
 .text          0x0000000080012788       0xa0 ../third_party/psyq/lib/libapi.a(patch.o)
                0x0000000080012788                EnablePAD
                0x000000008001279c                DisablePAD
                0x00000000800127b0                _patch_pad
 .text          0x0000000080012828       0x10 ../third_party/psyq/lib/libapi.a(a18.o)
                0x0000000080012828                InitPAD2
 .text          0x0000000080012838       0x10 ../third_party/psyq/lib/libapi.a(a19.o)
                0x0000000080012838                StartPAD2
 .text          0x0000000080012848       0x10 ../third_party/psyq/lib/libapi.a(a21.o)
                0x0000000080012848                PAD_init2
 .text          0x0000000080012858       0x10 ../third_party/psyq/lib/libapi.a(a36.o)
                0x0000000080012858                EnterCriticalSection
 .text          0x0000000080012868       0x10 ../third_party/psyq/lib/libapi.a(a37.o)
                0x0000000080012868                ExitCriticalSection
 .text          0x0000000080012878       0x10 ../third_party/psyq/lib/libapi.a(c68.o)
                0x0000000080012878                FlushCache
 .text          0x0000000080012888       0x70 ../third_party/psyq/lib/libapi.a(chclrpad.o)
                0x0000000080012888                _remove_ChgclrPAD
 .text          0x00000000800128f8       0x10 ../third_party/psyq/lib/libapi.a(l02.o)
                0x00000000800128f8                SysEnqIntRP
 .text          0x0000000080012908       0x10 ../third_party/psyq/lib/libapi.a(l03.o)
                0x0000000080012908                SysDeqIntRP
 .text          0x0000000080012918       0x10 ../third_party/psyq/lib/libc.a(c42.o)
                0x0000000080012918                memcpy
 .text          0x0000000080012928       0x10 ../third_party/psyq/lib/libc.a(c47.o)
                0x0000000080012928                rand
 .text          0x0000000080012938       0x10 ../third_party/psyq/lib/libc.a(c48.o)
                0x0000000080012938                srand
 .text          0x0000000080012948       0x10 ../third_party/psyq/lib/libc.a(c63.o)
                0x0000000080012948                printf
 .text          0x0000000080012958       0x30 ../third_party/psyq/lib/libetc.a(vmode.o)
                0x0000000080012958                SetVideoMode
                0x000000008001296c                GetVideoMode
 .text          0x0000000080012988      0x210 ../third_party/psyq/lib/libetc.a(vsync.o)
                0x0000000080012988                VSync
 .text          0x0000000080012b98      0x120 ../third_party/psyq/lib/libetc.a(intr_vb.o)
                0x0000000080012b98                startIntrVSync
 .text          0x0000000080012cb8      0x6c0 ../third_party/psyq/lib/libetc.a(intr.o)
                0x0000000080012cb8                ResetCallback
                0x0000000080012ce8                InterruptCallback
                0x0000000080012d18                DMACallback
                0x0000000080012d48                VSyncCallback
                0x0000000080012d7c                VSyncCallbacks
                0x0000000080012dac                StopCallback
                0x0000000080012ddc                RestartCallback
                0x0000000080012e0c                CheckCallback
                0x0000000080012e1c                GetIntrMask
                0x0000000080012e34                SetIntrMask
 .text          0x0000000080013378      0x2a0 ../third_party/psyq/lib/libetc.a(intr_dma.o)
                0x0000000080013378                startIntrDMA
 .text          0x0000000080013618      0xa80 ../third_party/psyq/lib/libgpu.a(font.o)
                0x0000000080013618                SetDumpFnt
                0x0000000080013658                FntLoad
                0x00000000800136f8                FntOpen
                0x00000000800139b4                FntFlush
                0x0000000080013cd0                FntPrint
 .text          0x0000000080014098       0x40 ../third_party/psyq/lib/libgpu.a(p00.o)
                0x0000000080014098                GetTPage
 .text          0x00000000800140d8       0x40 ../third_party/psyq/lib/libgpu.a(p06.o)
                0x00000000800140d8                AddPrim
 .text          0x0000000080014118       0x20 ../third_party/psyq/lib/libgpu.a(p09.o)
                0x0000000080014118                TermPrim
 .text          0x0000000080014138       0x30 ../third_party/psyq/lib/libgpu.a(p10.o)
                0x0000000080014138                SetSemiTrans
 .text          0x0000000080014168       0x20 ../third_party/psyq/lib/libgpu.a(p20.o)
                0x0000000080014168                SetSprt8
 .text          0x0000000080014188       0x20 ../third_party/psyq/lib/libgpu.a(p26.o)
                0x0000000080014188                SetTile
 .text          0x00000000800141a8       0xa0 ../third_party/psyq/lib/libgpu.a(p41.o)
                0x00000000800141a8                SetDrawMode
 .text          0x0000000080014248     0x2f00 ../third_party/psyq/lib/libgpu.a(sys.o)
                0x0000000080014248                ResetGraph
                0x00000000800143bc                SetGraphDebug
                0x0000000080014418                SetGraphQueue
                0x00000000800144bc                GetGraphDebug
                0x00000000800144cc                DrawSyncCallback
                0x000000008001452c                SetDispMask
                0x00000000800145c4                DrawSync
                0x0000000080014748                ClearImage
                0x00000000800147d8                ClearImage2
                0x0000000080014870                LoadImage
                0x00000000800148d0                StoreImage
                0x0000000080014930                MoveImage
                0x00000000800149e8                ClearOTag
                0x0000000080014ab0                ClearOTagR
                0x0000000080014b5c                DrawPrim
                0x0000000080014bb8                DrawOTag
                0x0000000080014c28                PutDrawEnv
                0x0000000080014ce8                DrawOTagEnv
                0x0000000080014dc0                GetDrawEnv
                0x0000000080014df4                PutDispEnv
                0x00000000800152ec                GetDispEnv
                0x0000000080015320                GetODE
                0x0000000080015350                SetDrawArea
                0x00000000800153d0                SetDrawOffset
                0x0000000080015410                SetDrawEnv
                0x0000000080016ce0                LoadImage2
                0x0000000080016dcc                StoreImage2
                0x0000000080016eb8                MoveImage2
                0x0000000080016ffc                DrawOTag2
                0x00000000800170f8                _GPU_ResetCallback
 .text          0x0000000080017148       0xf0 ../third_party/psyq/lib/libgpu.a(e00.o)
                0x0000000080017148                LoadTPage
 .text          0x0000000080017238       0x70 ../third_party/psyq/lib/libgpu.a(e02.o)
                0x0000000080017238                LoadClut2
 .text          0x00000000800172a8       0x20 ../third_party/psyq/lib/libgpu.a(p01.o)
                0x00000000800172a8                GetClut
 .text          0x00000000800172c8      0x500 ../third_party/psyq/lib/libgs.a(2d_sp0.o)
                0x00000000800172c8                GsSortSprite
 .text          0x00000000800177c8      0x550 ../third_party/psyq/lib/libgs.a(gs_001.o)
                0x00000000800177c8                GsInitGraph
                0x0000000080017958                GsInitGraph2
                0x0000000080017be0                GsSortClear
 .text          0x0000000080017d18       0x10 ../third_party/psyq/lib/libgs.a(gs_0021.o)
                0x0000000080017d18                GsGetActiveBuff
 .text          0x0000000080017d28      0x110 ../third_party/psyq/lib/libgs.a(gs_0022.o)
                0x0000000080017d28                GsSetDrawBuffOffset
 .text          0x0000000080017e38       0x80 ../third_party/psyq/lib/libgs.a(gs_003.o)
                0x0000000080017e38                GsSetDrawBuffClip
 .text          0x0000000080017eb8       0xb0 ../third_party/psyq/lib/libgs.a(gs_010.o)
                0x0000000080017eb8                GsSwapDispBuff
 .text          0x0000000080017f68       0xa0 ../third_party/psyq/lib/libgs.a(gs_103.o)
                0x0000000080017f68                GsDefDispBuff
 .text          0x0000000080018008       0x30 ../third_party/psyq/lib/libgs.a(gs_111.o)
                0x0000000080018008                GsDrawOt
 .text          0x0000000080018038       0x60 ../third_party/psyq/lib/libgs.a(gs_113.o)
                0x0000000080018038                GsClearOt
 .text          0x0000000080018098       0x50 ../third_party/psyq/lib/libgs.a(gs_121.o)
                0x0000000080018098                gte_init
 .text          0x00000000800180e8       0xf0 ../third_party/psyq/lib/libgs.a(gs_122.o)
                0x00000000800180e8                GsGetTimInfo
 .text          0x00000000800181d8       0x10 ../third_party/psyq/lib/libgs.a(gs_124.o)
                0x00000000800181d8                GsSetWorkBase
 .text          0x00000000800181e8       0xa0 ../third_party/psyq/lib/libgs.a(2d_com1.o)
                0x00000000800181e8                _make_packet
 .text          0x0000000080018288       0x80 ../third_party/psyq/lib/libgte.a(cmb_00.o)
                0x0000000080018288                RotTransPers4
 .text          0x0000000080018308      0x290 ../third_party/psyq/lib/libgte.a(fgo_01.o)
                0x0000000080018308                RotMatrix
 .text          0x0000000080018598       0x90 ../third_party/psyq/lib/libgte.a(msc00.o)
                0x00000000800185a0                InitGeom
 .text          0x0000000080018628       0x30 ../third_party/psyq/lib/libgte.a(mtx_07.o)
                0x0000000080018628                TransMatrix
 .text          0x0000000080018658      0x140 ../third_party/psyq/lib/libgte.a(mtx_08.o)
                0x0000000080018658                ScaleMatrix
 .text          0x0000000080018798       0x30 ../third_party/psyq/lib/libgte.a(mtx_09.o)
                0x0000000080018798                SetRotMatrix
 .text          0x00000000800187c8       0x20 ../third_party/psyq/lib/libgte.a(mtx_12.o)
                0x00000000800187c8                SetTransMatrix
 .text          0x00000000800187e8       0xe0 ../third_party/psyq/lib/libgte.a(patchgte.o)
                0x00000000800187e8                _patch_gte
 .text          0x00000000800188c8       0x10 ../third_party/psyq/lib/libgte.a(reg09.o)
                0x00000000800188c8                ReadGeomScreen
 .text          0x00000000800188d8       0x20 ../third_party/psyq/lib/libgte.a(reg11.o)
                0x00000000800188d8                SetFarColor
 .text          0x00000000800188f8       0x20 ../third_party/psyq/lib/libgte.a(reg12.o)
                0x00000000800188f8                SetGeomOffset
 .text          0x0000000080018918       0x20 ../third_party/psyq/lib/libspu.a(s_i.o)
                0x0000000080018918                SpuInit
 .text          0x0000000080018938      0x160 ../third_party/psyq/lib/libspu.a(s_ini.o)
                0x0000000080018938                _SpuInit
                0x0000000080018a20                SpuStart
 .text          0x0000000080018a98       0xb0 ../third_party/psyq/lib/libspu.a(s_itc.o)
                0x0000000080018a98                SpuIsTransferCompleted
 .text          0x0000000080018b48       0x60 ../third_party/psyq/lib/libspu.a(s_m_init.o)
                0x0000000080018b48                SpuInitMalloc
 .text          0x0000000080018ba8      0x300 ../third_party/psyq/lib/libspu.a(s_m_int.o)
                0x0000000080018ba8                _spu_gcSPU
 .text          0x0000000080018ea8      0x2d0 ../third_party/psyq/lib/libspu.a(s_m_m.o)
                0x0000000080018ea8                SpuMalloc
 .text          0x0000000080019178      0x380 ../third_party/psyq/lib/libspu.a(s_sca.o)
                0x0000000080019178                SpuSetCommonAttr
 .text          0x00000000800194f8      0x140 ../third_party/psyq/lib/libspu.a(s_si.o)
                0x00000000800194f8                SpuSetIRQ
 .text          0x0000000080019638      0x1c0 ../third_party/psyq/lib/libspu.a(s_sk.o)
                0x0000000080019638                SpuSetKey
 .text          0x00000000800197f8       0x30 ../third_party/psyq/lib/libspu.a(s_stm.o)
                0x00000000800197f8                SpuSetTransferMode
 .text          0x0000000080019828       0x60 ../third_party/psyq/lib/libspu.a(s_stsa.o)
                0x0000000080019828                SpuSetTransferStartAddr
 .text          0x0000000080019888      0x600 ../third_party/psyq/lib/libspu.a(s_sva.o)
                0x0000000080019888                SpuSetVoiceAttr
 .text          0x0000000080019e88       0x60 ../third_party/psyq/lib/libspu.a(s_w.o)
                0x0000000080019e88                SpuWrite
 .text          0x0000000080019ee8      0xb40 ../third_party/psyq/lib/libspu.a(spu.o)
                0x0000000080019ee8                _spu_init
                0x000000008001a328                _spu_FiDMA
                0x000000008001a3e4                _spu_Fr_
                0x000000008001a48c                _spu_t
                0x000000008001a70c                _spu_Fw
                0x000000008001a790                _spu_Fr
                0x000000008001a7f4                _spu_FsetRXX
                0x000000008001a838                _spu_FsetRXXa
                0x000000008001a8dc                _spu_FgetRXXa
                0x000000008001a918                _spu_FsetPCR
                0x000000008001a9c0                _spu_Fw1ts
 .text          0x000000008001aa28       0x30 ../third_party/psyq/lib/libspu.a(s_dcb.o)
                0x000000008001aa28                _SpuDataCallback
 .text          0x000000008001aa58      0x200 ../third_party/psyq/lib/libspu.a(s_n2p.o)
                0x000000008001aa58                _spu_note2pitch
                0x000000008001ab28                _spu_pitch2note
 .text          0x000000008001ac58       0x10 ../third_party/psyq/lib/libapi.a(a07.o)
                0x000000008001ac58                DeliverEvent
 .text          0x000000008001ac68       0x10 ../third_party/psyq/lib/libapi.a(a08.o)
                0x000000008001ac68                OpenEvent
 .text          0x000000008001ac78       0x10 ../third_party/psyq/lib/libapi.a(a11.o)
                0x000000008001ac78                TestEvent
 .text          0x000000008001ac88       0x10 ../third_party/psyq/lib/libapi.a(a12.o)
                0x000000008001ac88                EnableEvent
 .text          0x000000008001ac98       0x10 ../third_party/psyq/lib/libapi.a(a23.o)
                0x000000008001ac98                ReturnFromException
 .text          0x000000008001aca8       0x10 ../third_party/psyq/lib/libapi.a(a24.o)
                0x000000008001aca8                ResetEntryInt
 .text          0x000000008001acb8       0x10 ../third_party/psyq/lib/libapi.a(a25.o)
                0x000000008001acb8                HookEntryInt
 .text          0x000000008001acc8       0x20 ../third_party/psyq/lib/libapi.a(c114.o)
                0x000000008001acd0                _96_remove
 .text          0x000000008001ace8       0x10 ../third_party/psyq/lib/libapi.a(c73.o)
                0x000000008001ace8                GPU_cw
 .text          0x000000008001acf8       0x10 ../third_party/psyq/lib/libapi.a(l10.o)
                0x000000008001acf8                ChangeClearRCnt
 .text          0x000000008001ad08       0x20 ../third_party/psyq/lib/libc.a(a63.o)
                0x000000008001ad10                puts
 .text          0x000000008001ad28       0x10 ../third_party/psyq/lib/libc.a(c19.o)
                0x000000008001ad28                setjmp
 .text          0x000000008001ad38       0x10 ../third_party/psyq/lib/libc.a(c27.o)
                0x000000008001ad38                strlen
 .text          0x000000008001ad48       0x10 ../third_party/psyq/lib/libc.a(c43.o)
                0x000000008001ad48                memset
                0x000000008001ad60                . = ALIGN (0x10)
 *fill*         0x000000008001ad58        0x8 
 *(.init)
                0x000000008001ad60                . = ALIGN (0x10)
 *(.fini)
                0x000000008001ad60                . = ALIGN (0x10)
                0x000000008001ad60                __text_end = .
                0x000000008001ad60                __ftext_end = ABSOLUTE (.)
                0x000000008001ad60                __fdata_start = ABSOLUTE (.)

.rodata         0x000000008001ad60      0x654
 *(.rodata .rodata.* .rdata .rdata.* .gnu.linkonce.r.*)
 .rodata.str1.4
                0x000000008001ad60       0xda main.o
                                         0xdc (size before relaxing)
 *fill*         0x000000008001ae3a        0x2 
 .rodata.str1.4
                0x000000008001ae3c       0x80 engine/graphics.o
 *fill*         0x000000008001aebc        0x4 
 .rodata        0x000000008001aec0       0x20 engine/input.o
                0x000000008001aec0                input_binds_default
 .rodata        0x000000008001aee0       0x10 ../third_party/common/crt0/crt0.o
 .rdata         0x000000008001aef0       0x10 ../third_party/psyq/lib/libetc.a(vsync.o)
 .rdata         0x000000008001af00       0x70 ../third_party/psyq/lib/libetc.a(intr.o)
 .rdata         0x000000008001af70       0x30 ../third_party/psyq/lib/libetc.a(intr_dma.o)
 .rdata         0x000000008001afa0       0xa0 ../third_party/psyq/lib/libgpu.a(font.o)
 .rdata         0x000000008001b040      0x220 ../third_party/psyq/lib/libgpu.a(sys.o)
 .rdata         0x000000008001b260       0x30 ../third_party/psyq/lib/libgs.a(2d_com1.o)
 .rdata         0x000000008001b290       0x40 ../third_party/psyq/lib/libspu.a(s_sca.o)
 .rdata         0x000000008001b2d0       0x30 ../third_party/psyq/lib/libspu.a(s_si.o)
 .rdata         0x000000008001b300       0x40 ../third_party/psyq/lib/libspu.a(s_sva.o)
 .rdata         0x000000008001b340       0x50 ../third_party/psyq/lib/libspu.a(spu.o)
                0x000000008001b390                . = ALIGN (0x10)
                0x000000008001b390                __preinit_array_start = .
 *(.preinit_array)
                0x000000008001b390                __preinit_array_end = .
                0x000000008001b390                . = ALIGN (0x10)
                0x000000008001b390                __init_array_start = .
 *(SORT_BY_NAME(.init_array.*))
 *(.init_array)
                0x000000008001b390                . = ALIGN (0x10)
 *crtbegin.o(.ctors)
 *(EXCLUDE_FILE(*crtend.o) .ctors)
 *(SORT_BY_NAME(.ctors.*))
 *crtend.o(.ctors)
                0x000000008001b390                __init_array_end = .
                0x000000008001b390                . = ALIGN (0x10)
                0x000000008001b390                __fini_array_start = .
 *(.fini_array)
 *(SORT_BY_NAME(.fini_array.*))
 *crtbegin.o(.dtors)
 *(EXCLUDE_FILE(*crtend.o) .dtors)
 *(SORT_BY_NAME(.dtors.*))
 *crtend.o(.dtors)
                0x000000008001b390                __fini_array_end = .
                0x000000008001b390                __build_id = .
 *(.note.gnu.build-id)
 .note.gnu.build-id
                0x000000008001b390       0x24 main.o
                0x000000008001b3b4                __build_id_end = .

.rel.dyn        0x000000008001b3b4        0x0
 .rel.dyn       0x000000008001b3b4        0x0 ../third_party/psyq/lib/libgpu.a(sys.o)

.rodata1
 *(.rodata1)
                0x000000008001b3b4                __data_start = .

.data           0x000000008001b3c0    0x37440
 *(.a0table)
 *(.data .data.* .gnu.linkonce.d.*)
 .data          0x000000008001b3c0    0x30f60 main.o
                0x000000008001b3c0                beePU
                0x000000008001e4d0                beePU_size
                0x000000008001e4d4                beeHurt
                0x000000008001f5d4                beeHurt_size
                0x000000008001f5d8                menustart
                0x0000000080022718                menustart_size
                0x000000008002271c                buzz1
                0x0000000080023e2c                buzz1_size
                0x0000000080023e30                img_wasp3
                0x0000000080024ad0                img_wasp2
                0x0000000080025770                img_wasp1
                0x0000000080026410                img_Press_start3
                0x0000000080028bec                img_Press_start2
                0x000000008002b3c8                img_Press_start1
                0x000000008002dba4                img_jam_3
                0x00000000800303dc                img_jam_2
                0x0000000080032c14                img_jam_1
                0x000000008003544c                img_health
                0x000000008003567c                img_gnd_1
                0x0000000080035f2c                img_gnd_0
                0x000000008003660c                img_flower3
                0x00000000800369fc                img_flower2
                0x0000000080036c88                img_flower1
                0x0000000080036fbc                img_cloud
                0x00000000800379dc                img_Buzzy
                0x000000008003d37c                img_bee_2
                0x000000008003d728                img_bee_1
                0x000000008003dad4                img_bee_0
                0x000000008003de80                img_Bee
                0x0000000080041e58                img_background1layer33
                0x0000000080044788                img_background1layer2
                0x00000000800470b8                img_background1layer1
                0x00000000800499e8                img_background1
 .data          0x000000008004c320       0x10 ../third_party/psyq/lib/libapi.a(pad.o)
 .data          0x000000008004c330       0x10 ../third_party/psyq/lib/libetc.a(vmode.o)
 .data          0x000000008004c340       0x20 ../third_party/psyq/lib/libetc.a(vsync.o)
                0x000000008004c350                Hcount
 .data          0x000000008004c360       0x30 ../third_party/psyq/lib/libetc.a(intr_vb.o)
                0x000000008004c380                Vcount
 .data          0x000000008004c390     0x1100 ../third_party/psyq/lib/libetc.a(intr.o)
 .data          0x000000008004d490       0x30 ../third_party/psyq/lib/libetc.a(intr_dma.o)
 .data          0x000000008004d4c0      0xb90 ../third_party/psyq/lib/libgpu.a(font.o)
                0x000000008004d4c0                Font
 .data          0x000000008004e050      0x1a0 ../third_party/psyq/lib/libgpu.a(sys.o)
                0x000000008004e09c                GPU_printf
                0x000000008004e0a0                GEnv
                0x000000008004e1c8                _qin
                0x000000008004e1cc                _qout
 .data          0x000000008004e1f0       0x10 ../third_party/psyq/lib/libgte.a(msc00.o)
 .data          0x000000008004e200     0x4000 ../third_party/psyq/lib/libgte.a(cstbl.o)
                0x000000008004e200                rcossin_tbl
 .data          0x0000000080052200       0x80 ../third_party/psyq/lib/libspu.a(s_ini.o)
                0x0000000080052208                _spu_EVdma
                0x000000008005220c                _spu_keystat
                0x0000000080052210                _spu_trans_mode
                0x0000000080052214                _spu_rev_flag
                0x0000000080052218                _spu_rev_reserve_wa
                0x000000008005221c                _spu_rev_offsetaddr
                0x0000000080052220                _spu_rev_attr
                0x0000000080052234                _spu_RQvoice
                0x0000000080052238                _spu_RQmask
                0x000000008005223c                _spu_voice_centerNote
                0x000000008005226c                _spu_env
                0x0000000080052270                _spu_isCalled
 .data          0x0000000080052280       0x10 ../third_party/psyq/lib/libspu.a(s_m.o)
                0x0000000080052280                _spu_AllocBlockNum
                0x0000000080052284                _spu_AllocLastNum
                0x0000000080052288                _spu_memList
 .data          0x0000000080052290       0x30 ../third_party/psyq/lib/libspu.a(s_rmp0.o)
                0x0000000080052290                _spu_rev_startaddr
 .data          0x00000000800522c0       0x60 ../third_party/psyq/lib/libspu.a(spu.o)
                0x00000000800522c0                _spu_RXX
                0x00000000800522d8                _spu_tsa
                0x00000000800522dc                _spu_transMode
                0x00000000800522e0                _spu_addrMode
                0x00000000800522e4                _spu_mem_mode
                0x00000000800522e8                _spu_mem_mode_plus
                0x00000000800522ec                _spu_mem_mode_unit
                0x00000000800522f0                _spu_mem_mode_unitM
                0x00000000800522f4                _spu_inTransfer
                0x00000000800522f8                _spu_transferCallback
                0x00000000800522fc                _spu_IRQCallback
 .data          0x0000000080052320      0x120 ../third_party/psyq/lib/libspu.a(s_n2p.o)
 *(.data1)
 *(.sdata .sdata.* .gnu.linkonce.s.*)
 *(.sdata2 .sdata2.* .gnu.linkonce.s2.*)
 *(.got.plt)
 *(.got)
                0x0000000080052800                . = ALIGN (0x800)
 *fill*         0x0000000080052440      0x3c0 
                0x0000000080052800                __data_end = .
                0x0000000080052800                __fdata_end = .
                0x0000000080052800                __bss_start = .

.sbss           0x0000000080052800     0x8b78
 *(.dynsbss)
 *(.sbss .sbss.* .gnu.linkonce.sb.*)
 *(.scommon)
 .scommon       0x0000000080052800        0xc main.o
                0x0000000080052800                b
                0x0000000080052804                time3
                0x0000000080052808                a
 .scommon       0x000000008005280c        0xa engine/graphics.o
                0x000000008005280c                SCREEN_WIDTH
                0x0000000080052810                SCREEN_HEIGHT
                0x0000000080052814                currentBuffer
 *fill*         0x0000000080052816        0x2 
 .scommon       0x0000000080052818        0xd engine/input.o
                0x0000000080052818                input_pad
                0x000000008005281c                input_trig
                0x0000000080052820                input_held
                0x0000000080052824                input_suppress_trig
 *fill*         0x0000000080052825        0x3 
 .scommon       0x0000000080052828        0x4 engine/audio.o
                0x0000000080052828                l_vag1_spu_addr
 *(.dynbss)
 *(.bss .bss.* .gnu.linkonce.b.*)
 *fill*         0x000000008005282c        0x4 
 .bss           0x0000000080052830       0x20 main.o
                0x0000000080052830                gameState
                0x0000000080052834                c
                0x0000000080052838                bestScore
                0x000000008005283c                score
                0x0000000080052840                hitF
                0x0000000080052844                hitE
 .bss           0x0000000080052850       0x50 engine/input.o
 .bss           0x00000000800528a0       0x60 engine/audio.o
 .bss           0x0000000080052900       0x10 ../third_party/psyq/lib/libapi.a(pad.o)
                0x0000000080052900                _apiPadPatch
 .bss           0x0000000080052910       0x10 ../third_party/psyq/lib/libapi.a(patch.o)
 .bss           0x0000000080052920       0x10 ../third_party/psyq/lib/libapi.a(chclrpad.o)
 .bss           0x0000000080052930     0x4410 ../third_party/psyq/lib/libgpu.a(font.o)
 .bss           0x0000000080056d40     0x1850 ../third_party/psyq/lib/libgpu.a(sys.o)
                0x0000000080056d90                _que
 .bss           0x0000000080058590       0x54 ../third_party/psyq/lib/libgs.a(global.o)
                0x0000000080058590                GsOUT_PACKET_P
                0x0000000080058598                GsMATE_C
                0x00000000800585a0                GsLMODE
                0x00000000800585a8                GsLIGNR
                0x00000000800585b0                GsLIOFF
                0x00000000800585b8                GsZOVER
                0x00000000800585c0                GsBACKC
                0x00000000800585c8                GsNDIV
                0x00000000800585d0                GsTRATE
                0x00000000800585d8                GsTON
                0x00000000800585e0                GsDISPON
 *fill*         0x00000000800585e4        0x4 
 .bss           0x00000000800585e8       0xea ../third_party/psyq/lib/libgs.a(gs_001.o)
                0x0000000080058608                PSDIDX
                0x0000000080058610                GsDRAWENV
                0x0000000080058670                GsDISPENV
                0x0000000080058688                PSDGPU
                0x0000000080058690                PSDBASEX
                0x0000000080058698                PSDBASEY
                0x00000000800586a0                POSITION
                0x00000000800586a8                CLIP2
                0x00000000800586b0                PSDCNT
                0x00000000800586b8                PSDOFSX
                0x00000000800586c0                PSDOFSY
                0x00000000800586c8                GsORGOFSX
                0x00000000800586d0                GsORGOFSY
 *fill*         0x00000000800586d2        0x6 
 .bss           0x00000000800586d8       0x24 ../third_party/psyq/lib/libgs.a(gs_104.o)
                0x00000000800586d8                HWD0
                0x00000000800586e0                VWD0
                0x00000000800586e8                GsCLIP3near
                0x00000000800586f0                GsLIGHT_MODE
                0x00000000800586f8                GsCLIP3far
 *fill*         0x00000000800586fc        0x4 
 .bss           0x0000000080058700       0x40 ../third_party/psyq/lib/libgs.a(gs_107.o)
                0x0000000080058700                GsLIGHTWSMATRIX
                0x0000000080058720                _LC
 .bss           0x0000000080058740       0x40 ../third_party/psyq/lib/libgs.a(gs_128.o)
                0x0000000080058740                GsIDMATRIX
                0x0000000080058760                GsIDMATRIX2
 .bss           0x0000000080058780       0x10 ../third_party/psyq/lib/libgte.a(patchgte.o)
 .bss           0x0000000080058790       0x14 ../third_party/psyq/lib/libspu.a(spu.o)
                0x0000000080058790                _spu_RQ
 *(COMMON)
 COMMON         0x00000000800587a4     0x139c main.o
                0x00000000800587a4                mainPlayerL
                0x00000000800588e4                BeeL
                0x0000000080058934                enemies
                0x0000000080058958                flowers
                0x00000000800589c4                Buzzy
                0x00000000800589e8                clouds1L
                0x0000000080058a88                pressStartL
                0x0000000080058b78                mainPlayer
                0x0000000080058b9c                BuzzyL
                0x0000000080058bec                rocksL
                0x0000000080058cdc                Bee
                0x0000000080058d00                mainHealth
                0x0000000080058d58                jamL
                0x0000000080058e48                jam
                0x0000000080058e6c                clouds2
                0x0000000080058eb4                clouds2L
                0x0000000080058f54                hillsL
                0x00000000800590e4                hills
                0x0000000080059198                enemiesL
                0x00000000800592d8                mainTimer
                0x00000000800592ec                rocks
                0x0000000080059358                flowersL
                0x0000000080059448                groundL
                0x00000000800597b8                barL
                0x0000000080059948                clouds1
                0x0000000080059990                pressStart
                0x00000000800599b4                ground
 COMMON         0x0000000080059b40     0x17b4 engine/graphics.o
                0x0000000080059b40                GPUOutputPacket
                0x000000008005b2b0                systemBackgroundColor
                0x000000008005b2bc                orderingTable
                0x000000008005b2e4                minorOrderingTable
 COMMON         0x000000008005b2f4       0x1c engine/input.o
                0x000000008005b2f4                input_binds
 COMMON         0x000000008005b310       0x68 engine/audio.o
                0x000000008005b310                g_s_attr
                0x000000008005b350                l_c_attr
                0x000000008005b378                . = ALIGN (0x4)
                0x000000008005b378                __bss_end = .
                0x000000008005b378                __heap_start = __heap_base
                0x000000008000f800                . = (ADDR (.text) - 0x800)
                0x000000008000f800                __end = .

/DISCARD/
 *(.MIPS.abiflags)
 *(.rel.iplt)
 *(.rela.iplt)
 *(.rel.plt)
 *(.rela.plt)
 *(.plt)
 *(.iplt)
 *(.note.GNU-stack)
 *(.gnu_debuglink)
 *(.gnu.lto_*)
OUTPUT(BuzzyBee.elf elf32-tradlittlemips)

.mdebug.abi32   0x0000000000000000        0x0
 .mdebug.abi32  0x0000000000000000        0x0 main.o
 .mdebug.abi32  0x0000000000000000        0x0 engine/graphics.o
 .mdebug.abi32  0x0000000000000000        0x0 engine/input.o
 .mdebug.abi32  0x0000000000000000        0x0 engine/timerz.o
 .mdebug.abi32  0x0000000000000000        0x0 engine/audio.o

.comment        0x0000000000000000       0x2a
 .comment       0x0000000000000000       0x2a main.o
                                         0x2b (size before relaxing)
 .comment       0x000000000000002a       0x2b engine/graphics.o
 .comment       0x000000000000002a       0x2b engine/input.o
 .comment       0x000000000000002a       0x2b engine/timerz.o
 .comment       0x000000000000002a       0x2b engine/audio.o

.gnu.attributes
                0x0000000000000000       0x10
 .gnu.attributes
                0x0000000000000000       0x10 main.o
 .gnu.attributes
                0x0000000000000010       0x10 engine/graphics.o
 .gnu.attributes
                0x0000000000000020       0x10 engine/input.o
 .gnu.attributes
                0x0000000000000030       0x10 engine/timerz.o
 .gnu.attributes
                0x0000000000000040       0x10 engine/audio.o
 .gnu.attributes
                0x0000000000000050       0x10 ../third_party/common/crt0/crt0.o

.pdr            0x0000000000000000        0x0
 .pdr           0x0000000000000000        0x0 ../third_party/common/crt0/crt0.o

.note           0x0000000000000000     0x2cdc
 .note          0x0000000000000000       0x74 ../third_party/psyq/lib/libapi.a(a91.o)
 .note          0x0000000000000074       0x74 ../third_party/psyq/lib/libapi.a(pad.o)
 .note          0x00000000000000e8       0x74 ../third_party/psyq/lib/libapi.a(patch.o)
 .note          0x000000000000015c       0x74 ../third_party/psyq/lib/libapi.a(a18.o)
 .note          0x00000000000001d0       0x74 ../third_party/psyq/lib/libapi.a(a19.o)
 .note          0x0000000000000244       0x74 ../third_party/psyq/lib/libapi.a(a21.o)
 .note          0x00000000000002b8       0x74 ../third_party/psyq/lib/libapi.a(a36.o)
 .note          0x000000000000032c       0x74 ../third_party/psyq/lib/libapi.a(a37.o)
 .note          0x00000000000003a0       0x74 ../third_party/psyq/lib/libapi.a(c68.o)
 .note          0x0000000000000414       0x74 ../third_party/psyq/lib/libapi.a(chclrpad.o)
 .note          0x0000000000000488       0x74 ../third_party/psyq/lib/libapi.a(l02.o)
 .note          0x00000000000004fc       0x74 ../third_party/psyq/lib/libapi.a(l03.o)
 .note          0x0000000000000570       0x74 ../third_party/psyq/lib/libc.a(c42.o)
 .note          0x00000000000005e4       0x74 ../third_party/psyq/lib/libc.a(c47.o)
 .note          0x0000000000000658       0x74 ../third_party/psyq/lib/libc.a(c48.o)
 .note          0x00000000000006cc       0x74 ../third_party/psyq/lib/libc.a(c63.o)
 .note          0x0000000000000740       0x74 ../third_party/psyq/lib/libetc.a(vmode.o)
 .note          0x00000000000007b4       0x74 ../third_party/psyq/lib/libetc.a(vsync.o)
 .note          0x0000000000000828       0x74 ../third_party/psyq/lib/libetc.a(intr_vb.o)
 .note          0x000000000000089c       0x74 ../third_party/psyq/lib/libetc.a(intr.o)
 .note          0x0000000000000910       0x74 ../third_party/psyq/lib/libetc.a(intr_dma.o)
 .note          0x0000000000000984       0x74 ../third_party/psyq/lib/libgpu.a(font.o)
 .note          0x00000000000009f8       0x74 ../third_party/psyq/lib/libgpu.a(p00.o)
 .note          0x0000000000000a6c       0x74 ../third_party/psyq/lib/libgpu.a(p06.o)
 .note          0x0000000000000ae0       0x74 ../third_party/psyq/lib/libgpu.a(p09.o)
 .note          0x0000000000000b54       0x74 ../third_party/psyq/lib/libgpu.a(p10.o)
 .note          0x0000000000000bc8       0x74 ../third_party/psyq/lib/libgpu.a(p20.o)
 .note          0x0000000000000c3c       0x74 ../third_party/psyq/lib/libgpu.a(p26.o)
 .note          0x0000000000000cb0       0x74 ../third_party/psyq/lib/libgpu.a(p27.o)
 .note          0x0000000000000d24       0x74 ../third_party/psyq/lib/libgpu.a(p41.o)
 .note          0x0000000000000d98       0x74 ../third_party/psyq/lib/libgpu.a(sys.o)
 .note          0x0000000000000e0c       0x74 ../third_party/psyq/lib/libgpu.a(e00.o)
 .note          0x0000000000000e80       0x74 ../third_party/psyq/lib/libgpu.a(e02.o)
 .note          0x0000000000000ef4       0x74 ../third_party/psyq/lib/libgpu.a(p01.o)
 .note          0x0000000000000f68       0x74 ../third_party/psyq/lib/libgs.a(2d_sp0.o)
 .note          0x0000000000000fdc       0x74 ../third_party/psyq/lib/libgs.a(global.o)
 .note          0x0000000000001050       0x74 ../third_party/psyq/lib/libgs.a(gs_001.o)
 .note          0x00000000000010c4       0x74 ../third_party/psyq/lib/libgs.a(gs_0021.o)
 .note          0x0000000000001138       0x74 ../third_party/psyq/lib/libgs.a(gs_0022.o)
 .note          0x00000000000011ac       0x74 ../third_party/psyq/lib/libgs.a(gs_003.o)
 .note          0x0000000000001220       0x74 ../third_party/psyq/lib/libgs.a(gs_010.o)
 .note          0x0000000000001294       0x74 ../third_party/psyq/lib/libgs.a(gs_103.o)
 .note          0x0000000000001308       0x74 ../third_party/psyq/lib/libgs.a(gs_104.o)
 .note          0x000000000000137c       0x74 ../third_party/psyq/lib/libgs.a(gs_107.o)
 .note          0x00000000000013f0       0x74 ../third_party/psyq/lib/libgs.a(gs_111.o)
 .note          0x0000000000001464       0x74 ../third_party/psyq/lib/libgs.a(gs_113.o)
 .note          0x00000000000014d8       0x74 ../third_party/psyq/lib/libgs.a(gs_121.o)
 .note          0x000000000000154c       0x74 ../third_party/psyq/lib/libgs.a(gs_122.o)
 .note          0x00000000000015c0       0x74 ../third_party/psyq/lib/libgs.a(gs_124.o)
 .note          0x0000000000001634       0x74 ../third_party/psyq/lib/libgs.a(gs_128.o)
 .note          0x00000000000016a8       0x74 ../third_party/psyq/lib/libgs.a(2d_com1.o)
 .note          0x000000000000171c       0x74 ../third_party/psyq/lib/libgte.a(cmb_00.o)
 .note          0x0000000000001790       0x74 ../third_party/psyq/lib/libgte.a(fgo_01.o)
 .note          0x0000000000001804       0x74 ../third_party/psyq/lib/libgte.a(msc00.o)
 .note          0x0000000000001878       0x74 ../third_party/psyq/lib/libgte.a(msc01.o)
 .note          0x00000000000018ec       0x74 ../third_party/psyq/lib/libgte.a(mtx_07.o)
 .note          0x0000000000001960       0x74 ../third_party/psyq/lib/libgte.a(mtx_08.o)
 .note          0x00000000000019d4       0x74 ../third_party/psyq/lib/libgte.a(mtx_09.o)
 .note          0x0000000000001a48       0x74 ../third_party/psyq/lib/libgte.a(mtx_11.o)
 .note          0x0000000000001abc       0x74 ../third_party/psyq/lib/libgte.a(mtx_12.o)
 .note          0x0000000000001b30       0x74 ../third_party/psyq/lib/libgte.a(patchgte.o)
 .note          0x0000000000001ba4       0x74 ../third_party/psyq/lib/libgte.a(reg09.o)
 .note          0x0000000000001c18       0x74 ../third_party/psyq/lib/libgte.a(reg11.o)
 .note          0x0000000000001c8c       0x74 ../third_party/psyq/lib/libgte.a(reg12.o)
 .note          0x0000000000001d00       0x74 ../third_party/psyq/lib/libgte.a(sqrtbl.o)
 .note          0x0000000000001d74       0x74 ../third_party/psyq/lib/libgte.a(cstbl.o)
 .note          0x0000000000001de8       0x74 ../third_party/psyq/lib/libspu.a(s_i.o)
 .note          0x0000000000001e5c       0x74 ../third_party/psyq/lib/libspu.a(s_ini.o)
 .note          0x0000000000001ed0       0x74 ../third_party/psyq/lib/libspu.a(s_itc.o)
 .note          0x0000000000001f44       0x74 ../third_party/psyq/lib/libspu.a(s_m.o)
 .note          0x0000000000001fb8       0x74 ../third_party/psyq/lib/libspu.a(s_m_f.o)
 .note          0x000000000000202c       0x74 ../third_party/psyq/lib/libspu.a(s_m_init.o)
 .note          0x00000000000020a0       0x74 ../third_party/psyq/lib/libspu.a(s_m_int.o)
 .note          0x0000000000002114       0x74 ../third_party/psyq/lib/libspu.a(s_m_m.o)
 .note          0x0000000000002188       0x74 ../third_party/psyq/lib/libspu.a(s_rmp0.o)
 .note          0x00000000000021fc       0x74 ../third_party/psyq/lib/libspu.a(s_sca.o)
 .note          0x0000000000002270       0x74 ../third_party/psyq/lib/libspu.a(s_si.o)
 .note          0x00000000000022e4       0x74 ../third_party/psyq/lib/libspu.a(s_sk.o)
 .note          0x0000000000002358       0x74 ../third_party/psyq/lib/libspu.a(s_stm.o)
 .note          0x00000000000023cc       0x74 ../third_party/psyq/lib/libspu.a(s_stsa.o)
 .note          0x0000000000002440       0x74 ../third_party/psyq/lib/libspu.a(s_sva.o)
 .note          0x00000000000024b4       0x74 ../third_party/psyq/lib/libspu.a(s_w.o)
 .note          0x0000000000002528       0x74 ../third_party/psyq/lib/libspu.a(spu.o)
 .note          0x000000000000259c       0x74 ../third_party/psyq/lib/libspu.a(s_dcb.o)
 .note          0x0000000000002610       0x74 ../third_party/psyq/lib/libspu.a(s_n2p.o)
 .note          0x0000000000002684       0x74 ../third_party/psyq/lib/libapi.a(a07.o)
 .note          0x00000000000026f8       0x74 ../third_party/psyq/lib/libapi.a(a08.o)
 .note          0x000000000000276c       0x74 ../third_party/psyq/lib/libapi.a(a11.o)
 .note          0x00000000000027e0       0x74 ../third_party/psyq/lib/libapi.a(a12.o)
 .note          0x0000000000002854       0x74 ../third_party/psyq/lib/libapi.a(a23.o)
 .note          0x00000000000028c8       0x74 ../third_party/psyq/lib/libapi.a(a24.o)
 .note          0x000000000000293c       0x74 ../third_party/psyq/lib/libapi.a(a25.o)
 .note          0x00000000000029b0       0x74 ../third_party/psyq/lib/libapi.a(c114.o)
 .note          0x0000000000002a24       0x74 ../third_party/psyq/lib/libapi.a(c73.o)
 .note          0x0000000000002a98       0x74 ../third_party/psyq/lib/libapi.a(l10.o)
 .note          0x0000000000002b0c       0x74 ../third_party/psyq/lib/libc.a(a63.o)
 .note          0x0000000000002b80       0x74 ../third_party/psyq/lib/libc.a(c19.o)
 .note          0x0000000000002bf4       0x74 ../third_party/psyq/lib/libc.a(c27.o)
 .note          0x0000000000002c68       0x74 ../third_party/psyq/lib/libc.a(c43.o)

.debug_info     0x0000000000000000     0x4653
 .debug_info    0x0000000000000000     0x2244 main.o
 .debug_info    0x0000000000002244     0x185b engine/graphics.o
 .debug_info    0x0000000000003a9f      0x43c engine/input.o
 .debug_info    0x0000000000003edb      0x158 engine/timerz.o
 .debug_info    0x0000000000004033      0x5fa engine/audio.o
 .debug_info    0x000000000000462d       0x26 ../third_party/common/crt0/crt0.o

.debug_abbrev   0x0000000000000000      0xbc9
 .debug_abbrev  0x0000000000000000      0x388 main.o
 .debug_abbrev  0x0000000000000388      0x3bc engine/graphics.o
 .debug_abbrev  0x0000000000000744      0x1ba engine/input.o
 .debug_abbrev  0x00000000000008fe      0x127 engine/timerz.o
 .debug_abbrev  0x0000000000000a25      0x190 engine/audio.o
 .debug_abbrev  0x0000000000000bb5       0x14 ../third_party/common/crt0/crt0.o

.debug_loc      0x0000000000000000     0x12d8
 .debug_loc     0x0000000000000000      0x62c main.o
 .debug_loc     0x000000000000062c      0x868 engine/graphics.o
 .debug_loc     0x0000000000000e94      0x1fe engine/timerz.o
 .debug_loc     0x0000000000001092      0x246 engine/audio.o

.debug_aranges  0x0000000000000000      0x210
 .debug_aranges
                0x0000000000000000       0x90 main.o
 .debug_aranges
                0x0000000000000090       0xc8 engine/graphics.o
 .debug_aranges
                0x0000000000000158       0x28 engine/input.o
 .debug_aranges
                0x0000000000000180       0x28 engine/timerz.o
 .debug_aranges
                0x00000000000001a8       0x48 engine/audio.o
 .debug_aranges
                0x00000000000001f0       0x20 ../third_party/common/crt0/crt0.o

.debug_ranges   0x0000000000000000      0x380
 .debug_ranges  0x0000000000000000      0x248 main.o
 .debug_ranges  0x0000000000000248       0xd0 engine/graphics.o
 .debug_ranges  0x0000000000000318       0x18 engine/input.o
 .debug_ranges  0x0000000000000330       0x18 engine/timerz.o
 .debug_ranges  0x0000000000000348       0x38 engine/audio.o

.debug_line     0x0000000000000000     0x2017
 .debug_line    0x0000000000000000     0x142d main.o
 .debug_line    0x000000000000142d      0x79c engine/graphics.o
 .debug_line    0x0000000000001bc9      0x115 engine/input.o
 .debug_line    0x0000000000001cde      0x10d engine/timerz.o
 .debug_line    0x0000000000001deb      0x1c9 engine/audio.o
 .debug_line    0x0000000000001fb4       0x63 ../third_party/common/crt0/crt0.o

.debug_str      0x0000000000000000      0xfcd
 .debug_str     0x0000000000000000      0xa81 main.o
                                        0xaea (size before relaxing)
 .debug_str     0x0000000000000a81      0x28f engine/graphics.o
                                        0x6ee (size before relaxing)
 .debug_str     0x0000000000000d10       0x7a engine/input.o
                                        0x39a (size before relaxing)
 .debug_str     0x0000000000000d8a       0x16 engine/timerz.o
                                        0x1e5 (size before relaxing)
 .debug_str     0x0000000000000da0      0x1ff engine/audio.o
                                        0x3a0 (size before relaxing)
 .debug_str     0x0000000000000f9f       0x2e ../third_party/common/crt0/crt0.o
                                         0x42 (size before relaxing)

.debug_frame    0x0000000000000000      0x6b8
 .debug_frame   0x0000000000000000      0x2ac main.o
 .debug_frame   0x00000000000002ac      0x2c0 engine/graphics.o
 .debug_frame   0x000000000000056c       0x40 engine/input.o
 .debug_frame   0x00000000000005ac       0x4c engine/timerz.o
 .debug_frame   0x00000000000005f8       0xc0 engine/audio.o
