Archive member included to satisfy reference by file (symbol)

../third_party/psyq/lib/libapi.a(a91.o)
                              engine/input.o (ChangeClearPAD)
../third_party/psyq/lib/libapi.a(pad.o)
                              engine/input.o (InitPAD)
../third_party/psyq/lib/libapi.a(patch.o)
                              ../third_party/psyq/lib/libapi.a(pad.o) (_patch_pad)
../third_party/psyq/lib/libapi.a(a18.o)
                              ../third_party/psyq/lib/libapi.a(pad.o) (InitPAD2)
../third_party/psyq/lib/libapi.a(a19.o)
                              ../third_party/psyq/lib/libapi.a(pad.o) (StartPAD2)
../third_party/psyq/lib/libapi.a(a21.o)
                              ../third_party/psyq/lib/libapi.a(pad.o) (PAD_init2)
../third_party/psyq/lib/libapi.a(a36.o)
                              ../third_party/psyq/lib/libapi.a(pad.o) (EnterCriticalSection)
../third_party/psyq/lib/libapi.a(a37.o)
                              ../third_party/psyq/lib/libapi.a(pad.o) (ExitCriticalSection)
../third_party/psyq/lib/libapi.a(c68.o)
                              ../third_party/psyq/lib/libapi.a(patch.o) (FlushCache)
../third_party/psyq/lib/libapi.a(chclrpad.o)
                              ../third_party/psyq/lib/libapi.a(pad.o) (_remove_ChgclrPAD)
../third_party/psyq/lib/libapi.a(l02.o)
                              ../third_party/psyq/lib/libapi.a(pad.o) (SysEnqIntRP)
../third_party/psyq/lib/libapi.a(l03.o)
                              ../third_party/psyq/lib/libapi.a(pad.o) (SysDeqIntRP)
../third_party/psyq/lib/libc.a(c42.o)
                              main.o (memcpy)
../third_party/psyq/lib/libc.a(c47.o)
                              main.o (rand)
../third_party/psyq/lib/libc.a(c48.o)
                              main.o (srand)
../third_party/psyq/lib/libc.a(c63.o)
                              main.o (printf)
../third_party/psyq/lib/libetc.a(vmode.o)
                              engine/graphics.o (GetVideoMode)
../third_party/psyq/lib/libetc.a(vsync.o)
                              engine/graphics.o (VSync)
../third_party/psyq/lib/libetc.a(intr_vb.o)
                              ../third_party/psyq/lib/libetc.a(vsync.o) (Vcount)
../third_party/psyq/lib/libetc.a(intr.o)
                              ../third_party/psyq/lib/libetc.a(intr_vb.o) (InterruptCallback)
../third_party/psyq/lib/libetc.a(intr_dma.o)
                              ../third_party/psyq/lib/libetc.a(intr.o) (startIntrDMA)
../third_party/psyq/lib/libgpu.a(font.o)
                              engine/graphics.o (FntFlush)
../third_party/psyq/lib/libgpu.a(p00.o)
                              engine/graphics.o (GetTPage)
../third_party/psyq/lib/libgpu.a(p06.o)
                              ../third_party/psyq/lib/libgpu.a(font.o) (AddPrim)
../third_party/psyq/lib/libgpu.a(p09.o)
                              ../third_party/psyq/lib/libgpu.a(font.o) (TermPrim)
../third_party/psyq/lib/libgpu.a(p10.o)
                              ../third_party/psyq/lib/libgpu.a(font.o) (SetSemiTrans)
../third_party/psyq/lib/libgpu.a(p20.o)
                              ../third_party/psyq/lib/libgpu.a(font.o) (SetSprt8)
../third_party/psyq/lib/libgpu.a(p26.o)
                              ../third_party/psyq/lib/libgpu.a(font.o) (SetTile)
../third_party/psyq/lib/libgpu.a(p27.o)
                              engine/graphics.o (SetLineF2)
../third_party/psyq/lib/libgpu.a(p41.o)
                              ../third_party/psyq/lib/libgpu.a(font.o) (SetDrawMode)
../third_party/psyq/lib/libgpu.a(sys.o)
                              engine/graphics.o (ClearImage2)
../third_party/psyq/lib/libgpu.a(e00.o)
                              ../third_party/psyq/lib/libgpu.a(font.o) (LoadTPage)
../third_party/psyq/lib/libgpu.a(e02.o)
                              ../third_party/psyq/lib/libgpu.a(font.o) (LoadClut2)
../third_party/psyq/lib/libgpu.a(p01.o)
                              ../third_party/psyq/lib/libgpu.a(e02.o) (GetClut)
../third_party/psyq/lib/libgs.a(2d_sp0.o)
                              engine/graphics.o (GsSortSprite)
../third_party/psyq/lib/libgs.a(global.o)
                              ../third_party/psyq/lib/libgs.a(2d_sp0.o) (GsOUT_PACKET_P)
../third_party/psyq/lib/libgs.a(gs_001.o)
                              ../third_party/psyq/lib/libgs.a(2d_sp0.o) (GsORGOFSY)
../third_party/psyq/lib/libgs.a(gs_0021.o)
                              engine/graphics.o (GsGetActiveBuff)
../third_party/psyq/lib/libgs.a(gs_0022.o)
                              ../third_party/psyq/lib/libgs.a(gs_001.o) (GsSetDrawBuffOffset)
../third_party/psyq/lib/libgs.a(gs_003.o)
                              ../third_party/psyq/lib/libgs.a(gs_001.o) (GsSetDrawBuffClip)
../third_party/psyq/lib/libgs.a(gs_010.o)
                              engine/graphics.o (GsSwapDispBuff)
../third_party/psyq/lib/libgs.a(gs_103.o)
                              engine/graphics.o (GsDefDispBuff)
../third_party/psyq/lib/libgs.a(gs_104.o)
                              ../third_party/psyq/lib/libgs.a(gs_001.o) (HWD0)
../third_party/psyq/lib/libgs.a(gs_107.o)
                              ../third_party/psyq/lib/libgs.a(gs_001.o) (GsLIGHTWSMATRIX)
../third_party/psyq/lib/libgs.a(gs_111.o)
                              engine/graphics.o (GsDrawOt)
../third_party/psyq/lib/libgs.a(gs_113.o)
                              engine/graphics.o (GsClearOt)
../third_party/psyq/lib/libgs.a(gs_121.o)
                              ../third_party/psyq/lib/libgs.a(gs_001.o) (gte_init)
../third_party/psyq/lib/libgs.a(gs_122.o)
                              engine/graphics.o (GsGetTimInfo)
../third_party/psyq/lib/libgs.a(gs_124.o)
                              engine/graphics.o (GsSetWorkBase)
../third_party/psyq/lib/libgs.a(gs_128.o)
                              ../third_party/psyq/lib/libgs.a(2d_sp0.o) (GsIDMATRIX)
../third_party/psyq/lib/libgs.a(2d_com1.o)
                              ../third_party/psyq/lib/libgs.a(2d_sp0.o) (_make_packet)
../third_party/psyq/lib/libgte.a(cmb_00.o)
                              ../third_party/psyq/lib/libgs.a(2d_sp0.o) (RotTransPers4)
../third_party/psyq/lib/libgte.a(fgo_01.o)
                              ../third_party/psyq/lib/libgs.a(2d_sp0.o) (RotMatrix)
../third_party/psyq/lib/libgte.a(msc00.o)
                              ../third_party/psyq/lib/libgs.a(gs_121.o) (InitGeom)
../third_party/psyq/lib/libgte.a(msc01.o)
                              ../third_party/psyq/lib/libgs.a(gs_107.o) (SquareRoot0)
../third_party/psyq/lib/libgte.a(mtx_07.o)
                              ../third_party/psyq/lib/libgs.a(2d_sp0.o) (TransMatrix)
../third_party/psyq/lib/libgte.a(mtx_08.o)
                              ../third_party/psyq/lib/libgs.a(2d_sp0.o) (ScaleMatrix)
../third_party/psyq/lib/libgte.a(mtx_09.o)
                              ../third_party/psyq/lib/libgs.a(2d_sp0.o) (SetRotMatrix)
../third_party/psyq/lib/libgte.a(mtx_11.o)
                              ../third_party/psyq/lib/libgs.a(gs_107.o) (SetColorMatrix)
../third_party/psyq/lib/libgte.a(mtx_12.o)
                              ../third_party/psyq/lib/libgs.a(2d_sp0.o) (SetTransMatrix)
../third_party/psyq/lib/libgte.a(patchgte.o)
                              ../third_party/psyq/lib/libgte.a(msc00.o) (_patch_gte)
../third_party/psyq/lib/libgte.a(reg09.o)
                              ../third_party/psyq/lib/libgs.a(2d_sp0.o) (ReadGeomScreen)
../third_party/psyq/lib/libgte.a(reg11.o)
                              ../third_party/psyq/lib/libgs.a(gs_121.o) (SetFarColor)
../third_party/psyq/lib/libgte.a(reg12.o)
                              ../third_party/psyq/lib/libgs.a(gs_0022.o) (SetGeomOffset)
../third_party/psyq/lib/libgte.a(sqrtbl.o)
                              ../third_party/psyq/lib/libgte.a(msc01.o) (SQRT)
../third_party/psyq/lib/libgte.a(cstbl.o)
                              ../third_party/psyq/lib/libgte.a(fgo_01.o) (rcossin_tbl)
../third_party/psyq/lib/libspu.a(s_i.o)
                              engine/audio.o (SpuInit)
../third_party/psyq/lib/libspu.a(s_ini.o)
                              ../third_party/psyq/lib/libspu.a(s_i.o) (_SpuInit)
../third_party/psyq/lib/libspu.a(s_itc.o)
                              engine/audio.o (SpuIsTransferCompleted)
../third_party/psyq/lib/libspu.a(s_m.o)
                              ../third_party/psyq/lib/libspu.a(s_ini.o) (_spu_memList)
../third_party/psyq/lib/libspu.a(s_m_f.o)
                              engine/audio.o (SpuFree)
../third_party/psyq/lib/libspu.a(s_m_init.o)
                              engine/audio.o (SpuInitMalloc)
../third_party/psyq/lib/libspu.a(s_m_int.o)
                              ../third_party/psyq/lib/libspu.a(s_m_f.o) (_spu_gcSPU)
../third_party/psyq/lib/libspu.a(s_m_m.o)
                              engine/audio.o (SpuMalloc)
../third_party/psyq/lib/libspu.a(s_rmp0.o)
                              ../third_party/psyq/lib/libspu.a(s_ini.o) (_spu_rev_startaddr)
../third_party/psyq/lib/libspu.a(s_sca.o)
                              engine/audio.o (SpuSetCommonAttr)
../third_party/psyq/lib/libspu.a(s_si.o)
                              engine/audio.o (SpuSetIRQ)
../third_party/psyq/lib/libspu.a(s_sk.o)
                              engine/audio.o (SpuSetKey)
../third_party/psyq/lib/libspu.a(s_stm.o)
                              engine/audio.o (SpuSetTransferMode)
../third_party/psyq/lib/libspu.a(s_stsa.o)
                              engine/audio.o (SpuSetTransferStartAddr)
../third_party/psyq/lib/libspu.a(s_sva.o)
                              engine/audio.o (SpuSetVoiceAttr)
../third_party/psyq/lib/libspu.a(s_w.o)
                              engine/audio.o (SpuWrite)
../third_party/psyq/lib/libspu.a(spu.o)
                              ../third_party/psyq/lib/libspu.a(s_stsa.o) (_spu_FsetRXXa)
../third_party/psyq/lib/libspu.a(s_dcb.o)
                              ../third_party/psyq/lib/libspu.a(s_ini.o) (_SpuDataCallback)
../third_party/psyq/lib/libspu.a(s_n2p.o)
                              ../third_party/psyq/lib/libspu.a(s_sva.o) (_spu_note2pitch)
../third_party/psyq/lib/libapi.a(a07.o)
                              ../third_party/psyq/lib/libspu.a(spu.o) (DeliverEvent)
../third_party/psyq/lib/libapi.a(a08.o)
                              ../third_party/psyq/lib/libspu.a(s_ini.o) (OpenEvent)
../third_party/psyq/lib/libapi.a(a11.o)
                              ../third_party/psyq/lib/libspu.a(s_itc.o) (TestEvent)
../third_party/psyq/lib/libapi.a(a12.o)
                              ../third_party/psyq/lib/libspu.a(s_ini.o) (EnableEvent)
../third_party/psyq/lib/libapi.a(a23.o)
                              ../third_party/psyq/lib/libetc.a(intr.o) (ReturnFromException)
../third_party/psyq/lib/libapi.a(a24.o)
                              ../third_party/psyq/lib/libetc.a(intr.o) (ResetEntryInt)
../third_party/psyq/lib/libapi.a(a25.o)
                              ../third_party/psyq/lib/libetc.a(intr.o) (HookEntryInt)
../third_party/psyq/lib/libapi.a(c114.o)
                              ../third_party/psyq/lib/libetc.a(intr.o) (_96_remove)
../third_party/psyq/lib/libapi.a(c73.o)
                              ../third_party/psyq/lib/libgpu.a(sys.o) (GPU_cw)
../third_party/psyq/lib/libapi.a(l10.o)
                              ../third_party/psyq/lib/libetc.a(vsync.o) (ChangeClearRCnt)
../third_party/psyq/lib/libc.a(a63.o)
                              ../third_party/psyq/lib/libetc.a(vsync.o) (puts)
../third_party/psyq/lib/libc.a(c19.o)
                              ../third_party/psyq/lib/libetc.a(intr.o) (setjmp)
../third_party/psyq/lib/libc.a(c27.o)
                              ../third_party/psyq/lib/libgpu.a(font.o) (strlen)
../third_party/psyq/lib/libc.a(c43.o)
                              ../third_party/psyq/lib/libgpu.a(font.o) (memset)

Allocating common symbols
Common symbol       size              file

mainPlayerL         0x140             main.o
g_s_attr            0x40              engine/audio.o
BeeL                0x50              main.o
b                   0x4               main.o
input_pad           0x2               engine/input.o
enemies             0x24              main.o
flowers             0x6c              main.o
l_vag1_spu_addr     0x4               engine/audio.o
input_trig          0x4               engine/input.o
Buzzy               0x24              main.o
clouds1L            0xa0              main.o
pressStartL         0xf0              main.o
mainPlayer          0x24              main.o
BuzzyL              0x50              main.o
rocksL              0xf0              main.o
Bee                 0x24              main.o
SCREEN_WIDTH        0x4               engine/graphics.o
input_binds         0x1c              engine/input.o
mainHealth          0x58              main.o
jamL                0xf0              main.o
GPUOutputPacket     0x1770            engine/graphics.o
l_c_attr            0x28              engine/audio.o
jam                 0x24              main.o
clouds2             0x48              main.o
SCREEN_HEIGHT       0x4               engine/graphics.o
clouds2L            0xa0              main.o
currentBuffer       0x2               engine/graphics.o
input_held          0x4               engine/input.o
hillsL              0x190             main.o
systemBackgroundColor
                    0xc               engine/graphics.o
input_suppress_trig
                    0x1               engine/input.o
hills               0xb4              main.o
enemiesL            0x140             main.o
mainTimer           0x14              main.o
rocks               0x6c              main.o
flowersL            0xf0              main.o
a                   0x4               main.o
groundL             0x370             main.o
barL                0x190             main.o
clouds1             0x48              main.o
orderingTable       0x28              engine/graphics.o
pressStart          0x24              main.o
ground              0x18c             main.o
minorOrderingTable  0x10              engine/graphics.o

Discarded input sections

 .text          0x0000000000000000        0x0 main.o
 .reginfo       0x0000000000000000       0x18 main.o
 .MIPS.abiflags
                0x0000000000000000       0x18 main.o
 .pdr           0x0000000000000000      0x1c0 main.o
 .rodata        0x0000000000000000       0x10 main.o
 .text          0x0000000000000000        0x0 engine/graphics.o
 .data          0x0000000000000000        0x0 engine/graphics.o
 .bss           0x0000000000000000        0x0 engine/graphics.o
 .reginfo       0x0000000000000000       0x18 engine/graphics.o
 .MIPS.abiflags
                0x0000000000000000       0x18 engine/graphics.o
 .pdr           0x0000000000000000      0x2c0 engine/graphics.o
 .text.rotImage
                0x0000000000000000       0x40 engine/graphics.o
 .text.createLine
                0x0000000000000000       0x8c engine/graphics.o
 .text.createBox
                0x0000000000000000      0x12c engine/graphics.o
 .text.moveLine
                0x0000000000000000       0x50 engine/graphics.o
 .text.moveBox  0x0000000000000000      0x1a8 engine/graphics.o
 .text.transposeBox
                0x0000000000000000       0x34 engine/graphics.o
 .text.drawLine
                0x0000000000000000       0x30 engine/graphics.o
 .text.drawBox  0x0000000000000000       0x48 engine/graphics.o
 .text          0x0000000000000000        0x0 engine/input.o
 .data          0x0000000000000000        0x0 engine/input.o
 .reginfo       0x0000000000000000       0x18 engine/input.o
 .MIPS.abiflags
                0x0000000000000000       0x18 engine/input.o
 .pdr           0x0000000000000000       0x40 engine/input.o
 .text          0x0000000000000000        0x0 engine/timerz.o
 .data          0x0000000000000000        0x0 engine/timerz.o
 .bss           0x0000000000000000        0x0 engine/timerz.o
 .reginfo       0x0000000000000000       0x18 engine/timerz.o
 .MIPS.abiflags
                0x0000000000000000       0x18 engine/timerz.o
 .pdr           0x0000000000000000       0x40 engine/timerz.o
 .text          0x0000000000000000        0x0 engine/audio.o
 .data          0x0000000000000000        0x0 engine/audio.o
 .reginfo       0x0000000000000000       0x18 engine/audio.o
 .MIPS.abiflags
                0x0000000000000000       0x18 engine/audio.o
 .pdr           0x0000000000000000       0xc0 engine/audio.o
 .text.audioChannelConfigure
                0x0000000000000000        0x8 engine/audio.o
 .text.audioFree
                0x0000000000000000        0x8 engine/audio.o
 .text          0x0000000000000000        0x0 ../third_party/common/syscalls/printf.o
 .data          0x0000000000000000        0x0 ../third_party/common/syscalls/printf.o
 .bss           0x0000000000000000        0x0 ../third_party/common/syscalls/printf.o
 .reginfo       0x0000000000000000       0x18 ../third_party/common/syscalls/printf.o
 .MIPS.abiflags
                0x0000000000000000       0x18 ../third_party/common/syscalls/printf.o
 .pdr           0x0000000000000000        0x0 ../third_party/common/syscalls/printf.o
 .ramtext       0x0000000000000000        0xc ../third_party/common/syscalls/printf.o
 .debug_line    0x0000000000000000       0x59 ../third_party/common/syscalls/printf.o
 .debug_info    0x0000000000000000       0x26 ../third_party/common/syscalls/printf.o
 .debug_abbrev  0x0000000000000000       0x14 ../third_party/common/syscalls/printf.o
 .debug_aranges
                0x0000000000000000       0x20 ../third_party/common/syscalls/printf.o
 .debug_str     0x0000000000000000       0x48 ../third_party/common/syscalls/printf.o
 .gnu.attributes
                0x0000000000000000       0x10 ../third_party/common/syscalls/printf.o
 .text          0x0000000000000000        0x0 ../third_party/common/crt0/crt0.o
 .data          0x0000000000000000        0x0 ../third_party/common/crt0/crt0.o
 .bss           0x0000000000000000        0x0 ../third_party/common/crt0/crt0.o
 .reginfo       0x0000000000000000       0x18 ../third_party/common/crt0/crt0.o
 .MIPS.abiflags
                0x0000000000000000       0x18 ../third_party/common/crt0/crt0.o
 .text          0x0000000000000000       0x20 ../third_party/psyq/lib/libgpu.a(p27.o)
 .data          0x0000000000000000       0x10 ../third_party/psyq/lib/libgs.a(global.o)
 .data          0x0000000000000000       0x10 ../third_party/psyq/lib/libgs.a(gs_001.o)
 .text          0x0000000000000000       0x80 ../third_party/psyq/lib/libgs.a(gs_104.o)
 .text          0x0000000000000000      0x570 ../third_party/psyq/lib/libgs.a(gs_107.o)
 .text          0x0000000000000000       0x90 ../third_party/psyq/lib/libgte.a(msc01.o)
 .text          0x0000000000000000       0x30 ../third_party/psyq/lib/libgte.a(mtx_11.o)
 .data          0x0000000000000000      0x180 ../third_party/psyq/lib/libgte.a(sqrtbl.o)
 .text          0x0000000000000000       0x80 ../third_party/psyq/lib/libspu.a(s_m_f.o)

Memory Configuration

Name             Origin             Length             Attributes
loader           0x000000008000f800 0x0000000000000800
ram              0x0000000080010000 0x00000000001f0000 xrw
dcache           0x000000001f800000 0x0000000000000400
*default*        0x0000000000000000 0xffffffffffffffff

Linker script and memory map

LOAD main.o
LOAD engine/graphics.o
LOAD engine/input.o
LOAD engine/timerz.o
LOAD engine/audio.o
LOAD ../third_party/common/syscalls/printf.o
LOAD ../third_party/common/crt0/crt0.o
START GROUP
LOAD ../third_party/psyq/lib/libapi.a
LOAD ../third_party/psyq/lib/libc.a
LOAD ../third_party/psyq/lib/libc2.a
LOAD ../third_party/psyq/lib/libcard.a
LOAD ../third_party/psyq/lib/libcomb.a
LOAD ../third_party/psyq/lib/libds.a
LOAD ../third_party/psyq/lib/libetc.a
LOAD ../third_party/psyq/lib/libgpu.a
LOAD ../third_party/psyq/lib/libgs.a
LOAD ../third_party/psyq/lib/libgte.a
LOAD ../third_party/psyq/lib/libgpu.a
LOAD ../third_party/psyq/lib/libgun.a
LOAD ../third_party/psyq/lib/libhmd.a
LOAD ../third_party/psyq/lib/libmath.a
LOAD ../third_party/psyq/lib/libmcrd.a
LOAD ../third_party/psyq/lib/libmcx.a
LOAD ../third_party/psyq/lib/libpad.a
LOAD ../third_party/psyq/lib/libpress.a
LOAD ../third_party/psyq/lib/libsio.a
LOAD ../third_party/psyq/lib/libsnd.a
LOAD ../third_party/psyq/lib/libspu.a
LOAD ../third_party/psyq/lib/libtap.a
END GROUP
                0x0000000080057368                __heap_base = __bss_end
                0x0000000080010000                TLOAD_ADDR = DEFINED (TLOAD_ADDR)?TLOAD_ADDR:0x80010000
                0x0000000080200000                __ram_top = (ORIGIN (ram) + LENGTH (ram))
                0x00000000801fff00                __sp = (__ram_top - 0x100)
                0x000000001f800000                __dcache = ORIGIN (dcache)
                0x000000001f800400                __dcache_top = (ORIGIN (dcache) + LENGTH (dcache))
                0x0000000000008b68                __bss_len = (__bss_end - __bss_start)
                0x000000000000ac00                __ftext_len = (__ftext_end - __ftext_start)
                0x0000000000033c00                __fdata_len = (__fdata_end - __fdata_start)
                0x0000000080200000                __stack_start = (ORIGIN (ram) + LENGTH (ram))

.PSX_EXE_Header
                0x000000008000f800      0x800
                0x000000008000f800        0x1 BYTE 0x50
                0x000000008000f801        0x1 BYTE 0x53
                0x000000008000f802        0x1 BYTE 0x2d
                0x000000008000f803        0x1 BYTE 0x58
                0x000000008000f804        0x1 BYTE 0x20
                0x000000008000f805        0x1 BYTE 0x45
                0x000000008000f806        0x1 BYTE 0x58
                0x000000008000f807        0x1 BYTE 0x45
                0x000000008000f808        0x4 LONG 0x0
                0x000000008000f80c        0x4 LONG 0x0
                0x000000008000f810        0x4 LONG 0x80010000 ABSOLUTE (_start)
                0x000000008000f814        0x4 LONG 0x0
                0x000000008000f818        0x4 LONG 0x80010000 TLOAD_ADDR
                0x000000008000f81c        0x4 LONG 0x3e800 (__ftext_len + __fdata_len)
                0x000000008000f820        0x4 LONG 0x0
                0x000000008000f824        0x4 LONG 0x0
                0x000000008000f828        0x4 LONG 0x0
                0x000000008000f82c        0x4 LONG 0x0
                0x000000008000f830        0x4 LONG 0x801fff00 DEFINED (_sp)?ABSOLUTE (_sp):0x801fff00
                0x000000008000f834        0x4 LONG 0x0
                0x0000000080010000                . = (. + 0x7c8)
 *fill*         0x000000008000f838      0x7c8 
                0x0000000080010000                __ftext_start = ABSOLUTE (.)

.text           0x0000000080010000     0xac00
 *(.start)
 .start         0x0000000080010000       0x64 ../third_party/common/crt0/crt0.o
                0x0000000080010000                _start
 *(.init)
 *(SORT_NONE(.fini))
 *(.text.unlikely .text.*_unlikely .text.unlikely.*)
 *(.text.exit .text.exit.*)
 *(.text.startup .text.startup.*)
 .text.startup.main
                0x0000000080010064      0x194 main.o
                0x0000000080010064                main
 *(.text.hot .text.hot.*)
 *(.text .stub .text.* .gnu.linkonce.t.*)
 .text.checkHit
                0x00000000800101f8       0x98 main.o
                0x00000000800101f8                checkHit
 .text.animate  0x0000000080010290      0x130 main.o
                0x0000000080010290                animate
 .text.gameIntro
                0x00000000800103c0      0x15c main.o
                0x00000000800103c0                gameIntro
 .text.gameMode
                0x000000008001051c      0x5ec main.o
                0x000000008001051c                gameMode
 .text.debugMode
                0x0000000080010b08      0x20c main.o
                0x0000000080010b08                debugMode
 .text.initPlayer
                0x0000000080010d14      0x20c main.o
                0x0000000080010d14                initPlayer
 .text.initEnemies
                0x0000000080010f20       0xf4 main.o
                0x0000000080010f20                initEnemies
 .text.initRocks
                0x0000000080011014      0x214 main.o
                0x0000000080011014                initRocks
 .text.initHills
                0x0000000080011228      0x120 main.o
                0x0000000080011228                initHills
 .text.initGround
                0x0000000080011348      0x11c main.o
                0x0000000080011348                initGround
 .text.initSky  0x0000000080011464      0x29c main.o
                0x0000000080011464                initSky
 .text.initIntro
                0x0000000080011700      0x2a0 main.o
                0x0000000080011700                initIntro
 .text.initialize
                0x00000000800119a0       0xd4 main.o
                0x00000000800119a0                initialize
 .text.setScreenMode.part.0
                0x0000000080011a74       0x64 engine/graphics.o
 .text.createImage
                0x0000000080011ad8       0xf8 engine/graphics.o
                0x0000000080011ad8                createImage
 .text.moveImage
                0x0000000080011bd0       0x44 engine/graphics.o
                0x0000000080011bd0                moveImage
 .text.scaleImage
                0x0000000080011c14       0x74 engine/graphics.o
                0x0000000080011c14                scaleImage
 .text.drawImage
                0x0000000080011c88       0x60 engine/graphics.o
                0x0000000080011c88                drawImage
 .text.createColor
                0x0000000080011ce8       0x14 engine/graphics.o
                0x0000000080011ce8                createColor
 .text.setScreenMode
                0x0000000080011cfc       0x70 engine/graphics.o
                0x0000000080011cfc                setScreenMode
 .text.setBackgroundColor
                0x0000000080011d6c       0x24 engine/graphics.o
                0x0000000080011d6c                setBackgroundColor
 .text.initializeDebugFont
                0x0000000080011d90       0x44 engine/graphics.o
                0x0000000080011d90                initializeDebugFont
 .text.initializeOrderingTable
                0x0000000080011dd4       0x90 engine/graphics.o
                0x0000000080011dd4                initializeOrderingTable
 .text.flushDisplay
                0x0000000080011e64       0x90 engine/graphics.o
                0x0000000080011e64                flushDisplay
 .text.clearDisplay
                0x0000000080011ef4       0x74 engine/graphics.o
                0x0000000080011ef4                clearDisplay
 .text.clearVRAM
                0x0000000080011f68       0x44 engine/graphics.o
                0x0000000080011f68                clearVRAM
 .text.initializeScreen
                0x0000000080011fac       0xa8 engine/graphics.o
                0x0000000080011fac                initializeScreen
 .text.in_init  0x0000000080012054       0x68 engine/input.o
                0x0000000080012054                in_init
 .text.in_update
                0x00000000800120bc       0x50 engine/input.o
                0x00000000800120bc                in_update
 .text.createTimer
                0x000000008001210c       0x48 engine/timerz.o
                0x000000008001210c                createTimer
 .text.incTimer
                0x0000000080012154       0x6c engine/timerz.o
                0x0000000080012154                incTimer
 .text.audioInit
                0x00000000800121c0       0x60 engine/audio.o
                0x00000000800121c0                audioInit
 .text.audioTransferVagToSPU
                0x0000000080012220       0xc0 engine/audio.o
                0x0000000080012220                audioTransferVagToSPU
 .text.setVoiceVolumePitch
                0x00000000800122e0       0x68 engine/audio.o
                0x00000000800122e0                setVoiceVolumePitch
 .text.audioPlay
                0x0000000080012348       0x40 engine/audio.o
                0x0000000080012348                audioPlay
 .text          0x0000000080012388       0x10 ../third_party/psyq/lib/libapi.a(a91.o)
                0x0000000080012388                ChangeClearPAD
 .text          0x0000000080012398      0x290 ../third_party/psyq/lib/libapi.a(pad.o)
                0x0000000080012398                SetInitPadFlag
                0x00000000800123a4                ReadInitPadFlag
                0x00000000800123b4                PAD_init
                0x0000000080012444                InitPAD
                0x00000000800124d4                StartPAD
 .text          0x0000000080012628       0xa0 ../third_party/psyq/lib/libapi.a(patch.o)
                0x0000000080012628                EnablePAD
                0x000000008001263c                DisablePAD
                0x0000000080012650                _patch_pad
 .text          0x00000000800126c8       0x10 ../third_party/psyq/lib/libapi.a(a18.o)
                0x00000000800126c8                InitPAD2
 .text          0x00000000800126d8       0x10 ../third_party/psyq/lib/libapi.a(a19.o)
                0x00000000800126d8                StartPAD2
 .text          0x00000000800126e8       0x10 ../third_party/psyq/lib/libapi.a(a21.o)
                0x00000000800126e8                PAD_init2
 .text          0x00000000800126f8       0x10 ../third_party/psyq/lib/libapi.a(a36.o)
                0x00000000800126f8                EnterCriticalSection
 .text          0x0000000080012708       0x10 ../third_party/psyq/lib/libapi.a(a37.o)
                0x0000000080012708                ExitCriticalSection
 .text          0x0000000080012718       0x10 ../third_party/psyq/lib/libapi.a(c68.o)
                0x0000000080012718                FlushCache
 .text          0x0000000080012728       0x70 ../third_party/psyq/lib/libapi.a(chclrpad.o)
                0x0000000080012728                _remove_ChgclrPAD
 .text          0x0000000080012798       0x10 ../third_party/psyq/lib/libapi.a(l02.o)
                0x0000000080012798                SysEnqIntRP
 .text          0x00000000800127a8       0x10 ../third_party/psyq/lib/libapi.a(l03.o)
                0x00000000800127a8                SysDeqIntRP
 .text          0x00000000800127b8       0x10 ../third_party/psyq/lib/libc.a(c42.o)
                0x00000000800127b8                memcpy
 .text          0x00000000800127c8       0x10 ../third_party/psyq/lib/libc.a(c47.o)
                0x00000000800127c8                rand
 .text          0x00000000800127d8       0x10 ../third_party/psyq/lib/libc.a(c48.o)
                0x00000000800127d8                srand
 .text          0x00000000800127e8       0x10 ../third_party/psyq/lib/libc.a(c63.o)
                0x00000000800127e8                printf
 .text          0x00000000800127f8       0x30 ../third_party/psyq/lib/libetc.a(vmode.o)
                0x00000000800127f8                SetVideoMode
                0x000000008001280c                GetVideoMode
 .text          0x0000000080012828      0x210 ../third_party/psyq/lib/libetc.a(vsync.o)
                0x0000000080012828                VSync
 .text          0x0000000080012a38      0x120 ../third_party/psyq/lib/libetc.a(intr_vb.o)
                0x0000000080012a38                startIntrVSync
 .text          0x0000000080012b58      0x6c0 ../third_party/psyq/lib/libetc.a(intr.o)
                0x0000000080012b58                ResetCallback
                0x0000000080012b88                InterruptCallback
                0x0000000080012bb8                DMACallback
                0x0000000080012be8                VSyncCallback
                0x0000000080012c1c                VSyncCallbacks
                0x0000000080012c4c                StopCallback
                0x0000000080012c7c                RestartCallback
                0x0000000080012cac                CheckCallback
                0x0000000080012cbc                GetIntrMask
                0x0000000080012cd4                SetIntrMask
 .text          0x0000000080013218      0x2a0 ../third_party/psyq/lib/libetc.a(intr_dma.o)
                0x0000000080013218                startIntrDMA
 .text          0x00000000800134b8      0xa80 ../third_party/psyq/lib/libgpu.a(font.o)
                0x00000000800134b8                SetDumpFnt
                0x00000000800134f8                FntLoad
                0x0000000080013598                FntOpen
                0x0000000080013854                FntFlush
                0x0000000080013b70                FntPrint
 .text          0x0000000080013f38       0x40 ../third_party/psyq/lib/libgpu.a(p00.o)
                0x0000000080013f38                GetTPage
 .text          0x0000000080013f78       0x40 ../third_party/psyq/lib/libgpu.a(p06.o)
                0x0000000080013f78                AddPrim
 .text          0x0000000080013fb8       0x20 ../third_party/psyq/lib/libgpu.a(p09.o)
                0x0000000080013fb8                TermPrim
 .text          0x0000000080013fd8       0x30 ../third_party/psyq/lib/libgpu.a(p10.o)
                0x0000000080013fd8                SetSemiTrans
 .text          0x0000000080014008       0x20 ../third_party/psyq/lib/libgpu.a(p20.o)
                0x0000000080014008                SetSprt8
 .text          0x0000000080014028       0x20 ../third_party/psyq/lib/libgpu.a(p26.o)
                0x0000000080014028                SetTile
 .text          0x0000000080014048       0xa0 ../third_party/psyq/lib/libgpu.a(p41.o)
                0x0000000080014048                SetDrawMode
 .text          0x00000000800140e8     0x2f00 ../third_party/psyq/lib/libgpu.a(sys.o)
                0x00000000800140e8                ResetGraph
                0x000000008001425c                SetGraphDebug
                0x00000000800142b8                SetGraphQueue
                0x000000008001435c                GetGraphDebug
                0x000000008001436c                DrawSyncCallback
                0x00000000800143cc                SetDispMask
                0x0000000080014464                DrawSync
                0x00000000800145e8                ClearImage
                0x0000000080014678                ClearImage2
                0x0000000080014710                LoadImage
                0x0000000080014770                StoreImage
                0x00000000800147d0                MoveImage
                0x0000000080014888                ClearOTag
                0x0000000080014950                ClearOTagR
                0x00000000800149fc                DrawPrim
                0x0000000080014a58                DrawOTag
                0x0000000080014ac8                PutDrawEnv
                0x0000000080014b88                DrawOTagEnv
                0x0000000080014c60                GetDrawEnv
                0x0000000080014c94                PutDispEnv
                0x000000008001518c                GetDispEnv
                0x00000000800151c0                GetODE
                0x00000000800151f0                SetDrawArea
                0x0000000080015270                SetDrawOffset
                0x00000000800152b0                SetDrawEnv
                0x0000000080016b80                LoadImage2
                0x0000000080016c6c                StoreImage2
                0x0000000080016d58                MoveImage2
                0x0000000080016e9c                DrawOTag2
                0x0000000080016f98                _GPU_ResetCallback
 .text          0x0000000080016fe8       0xf0 ../third_party/psyq/lib/libgpu.a(e00.o)
                0x0000000080016fe8                LoadTPage
 .text          0x00000000800170d8       0x70 ../third_party/psyq/lib/libgpu.a(e02.o)
                0x00000000800170d8                LoadClut2
 .text          0x0000000080017148       0x20 ../third_party/psyq/lib/libgpu.a(p01.o)
                0x0000000080017148                GetClut
 .text          0x0000000080017168      0x500 ../third_party/psyq/lib/libgs.a(2d_sp0.o)
                0x0000000080017168                GsSortSprite
 .text          0x0000000080017668      0x550 ../third_party/psyq/lib/libgs.a(gs_001.o)
                0x0000000080017668                GsInitGraph
                0x00000000800177f8                GsInitGraph2
                0x0000000080017a80                GsSortClear
 .text          0x0000000080017bb8       0x10 ../third_party/psyq/lib/libgs.a(gs_0021.o)
                0x0000000080017bb8                GsGetActiveBuff
 .text          0x0000000080017bc8      0x110 ../third_party/psyq/lib/libgs.a(gs_0022.o)
                0x0000000080017bc8                GsSetDrawBuffOffset
 .text          0x0000000080017cd8       0x80 ../third_party/psyq/lib/libgs.a(gs_003.o)
                0x0000000080017cd8                GsSetDrawBuffClip
 .text          0x0000000080017d58       0xb0 ../third_party/psyq/lib/libgs.a(gs_010.o)
                0x0000000080017d58                GsSwapDispBuff
 .text          0x0000000080017e08       0xa0 ../third_party/psyq/lib/libgs.a(gs_103.o)
                0x0000000080017e08                GsDefDispBuff
 .text          0x0000000080017ea8       0x30 ../third_party/psyq/lib/libgs.a(gs_111.o)
                0x0000000080017ea8                GsDrawOt
 .text          0x0000000080017ed8       0x60 ../third_party/psyq/lib/libgs.a(gs_113.o)
                0x0000000080017ed8                GsClearOt
 .text          0x0000000080017f38       0x50 ../third_party/psyq/lib/libgs.a(gs_121.o)
                0x0000000080017f38                gte_init
 .text          0x0000000080017f88       0xf0 ../third_party/psyq/lib/libgs.a(gs_122.o)
                0x0000000080017f88                GsGetTimInfo
 .text          0x0000000080018078       0x10 ../third_party/psyq/lib/libgs.a(gs_124.o)
                0x0000000080018078                GsSetWorkBase
 .text          0x0000000080018088       0xa0 ../third_party/psyq/lib/libgs.a(2d_com1.o)
                0x0000000080018088                _make_packet
 .text          0x0000000080018128       0x80 ../third_party/psyq/lib/libgte.a(cmb_00.o)
                0x0000000080018128                RotTransPers4
 .text          0x00000000800181a8      0x290 ../third_party/psyq/lib/libgte.a(fgo_01.o)
                0x00000000800181a8                RotMatrix
 .text          0x0000000080018438       0x90 ../third_party/psyq/lib/libgte.a(msc00.o)
                0x0000000080018440                InitGeom
 .text          0x00000000800184c8       0x30 ../third_party/psyq/lib/libgte.a(mtx_07.o)
                0x00000000800184c8                TransMatrix
 .text          0x00000000800184f8      0x140 ../third_party/psyq/lib/libgte.a(mtx_08.o)
                0x00000000800184f8                ScaleMatrix
 .text          0x0000000080018638       0x30 ../third_party/psyq/lib/libgte.a(mtx_09.o)
                0x0000000080018638                SetRotMatrix
 .text          0x0000000080018668       0x20 ../third_party/psyq/lib/libgte.a(mtx_12.o)
                0x0000000080018668                SetTransMatrix
 .text          0x0000000080018688       0xe0 ../third_party/psyq/lib/libgte.a(patchgte.o)
                0x0000000080018688                _patch_gte
 .text          0x0000000080018768       0x10 ../third_party/psyq/lib/libgte.a(reg09.o)
                0x0000000080018768                ReadGeomScreen
 .text          0x0000000080018778       0x20 ../third_party/psyq/lib/libgte.a(reg11.o)
                0x0000000080018778                SetFarColor
 .text          0x0000000080018798       0x20 ../third_party/psyq/lib/libgte.a(reg12.o)
                0x0000000080018798                SetGeomOffset
 .text          0x00000000800187b8       0x20 ../third_party/psyq/lib/libspu.a(s_i.o)
                0x00000000800187b8                SpuInit
 .text          0x00000000800187d8      0x160 ../third_party/psyq/lib/libspu.a(s_ini.o)
                0x00000000800187d8                _SpuInit
                0x00000000800188c0                SpuStart
 .text          0x0000000080018938       0xb0 ../third_party/psyq/lib/libspu.a(s_itc.o)
                0x0000000080018938                SpuIsTransferCompleted
 .text          0x00000000800189e8       0x60 ../third_party/psyq/lib/libspu.a(s_m_init.o)
                0x00000000800189e8                SpuInitMalloc
 .text          0x0000000080018a48      0x300 ../third_party/psyq/lib/libspu.a(s_m_int.o)
                0x0000000080018a48                _spu_gcSPU
 .text          0x0000000080018d48      0x2d0 ../third_party/psyq/lib/libspu.a(s_m_m.o)
                0x0000000080018d48                SpuMalloc
 .text          0x0000000080019018      0x380 ../third_party/psyq/lib/libspu.a(s_sca.o)
                0x0000000080019018                SpuSetCommonAttr
 .text          0x0000000080019398      0x140 ../third_party/psyq/lib/libspu.a(s_si.o)
                0x0000000080019398                SpuSetIRQ
 .text          0x00000000800194d8      0x1c0 ../third_party/psyq/lib/libspu.a(s_sk.o)
                0x00000000800194d8                SpuSetKey
 .text          0x0000000080019698       0x30 ../third_party/psyq/lib/libspu.a(s_stm.o)
                0x0000000080019698                SpuSetTransferMode
 .text          0x00000000800196c8       0x60 ../third_party/psyq/lib/libspu.a(s_stsa.o)
                0x00000000800196c8                SpuSetTransferStartAddr
 .text          0x0000000080019728      0x600 ../third_party/psyq/lib/libspu.a(s_sva.o)
                0x0000000080019728                SpuSetVoiceAttr
 .text          0x0000000080019d28       0x60 ../third_party/psyq/lib/libspu.a(s_w.o)
                0x0000000080019d28                SpuWrite
 .text          0x0000000080019d88      0xb40 ../third_party/psyq/lib/libspu.a(spu.o)
                0x0000000080019d88                _spu_init
                0x000000008001a1c8                _spu_FiDMA
                0x000000008001a284                _spu_Fr_
                0x000000008001a32c                _spu_t
                0x000000008001a5ac                _spu_Fw
                0x000000008001a630                _spu_Fr
                0x000000008001a694                _spu_FsetRXX
                0x000000008001a6d8                _spu_FsetRXXa
                0x000000008001a77c                _spu_FgetRXXa
                0x000000008001a7b8                _spu_FsetPCR
                0x000000008001a860                _spu_Fw1ts
 .text          0x000000008001a8c8       0x30 ../third_party/psyq/lib/libspu.a(s_dcb.o)
                0x000000008001a8c8                _SpuDataCallback
 .text          0x000000008001a8f8      0x200 ../third_party/psyq/lib/libspu.a(s_n2p.o)
                0x000000008001a8f8                _spu_note2pitch
                0x000000008001a9c8                _spu_pitch2note
 .text          0x000000008001aaf8       0x10 ../third_party/psyq/lib/libapi.a(a07.o)
                0x000000008001aaf8                DeliverEvent
 .text          0x000000008001ab08       0x10 ../third_party/psyq/lib/libapi.a(a08.o)
                0x000000008001ab08                OpenEvent
 .text          0x000000008001ab18       0x10 ../third_party/psyq/lib/libapi.a(a11.o)
                0x000000008001ab18                TestEvent
 .text          0x000000008001ab28       0x10 ../third_party/psyq/lib/libapi.a(a12.o)
                0x000000008001ab28                EnableEvent
 .text          0x000000008001ab38       0x10 ../third_party/psyq/lib/libapi.a(a23.o)
                0x000000008001ab38                ReturnFromException
 .text          0x000000008001ab48       0x10 ../third_party/psyq/lib/libapi.a(a24.o)
                0x000000008001ab48                ResetEntryInt
 .text          0x000000008001ab58       0x10 ../third_party/psyq/lib/libapi.a(a25.o)
                0x000000008001ab58                HookEntryInt
 .text          0x000000008001ab68       0x20 ../third_party/psyq/lib/libapi.a(c114.o)
                0x000000008001ab70                _96_remove
 .text          0x000000008001ab88       0x10 ../third_party/psyq/lib/libapi.a(c73.o)
                0x000000008001ab88                GPU_cw
 .text          0x000000008001ab98       0x10 ../third_party/psyq/lib/libapi.a(l10.o)
                0x000000008001ab98                ChangeClearRCnt
 .text          0x000000008001aba8       0x20 ../third_party/psyq/lib/libc.a(a63.o)
                0x000000008001abb0                puts
 .text          0x000000008001abc8       0x10 ../third_party/psyq/lib/libc.a(c19.o)
                0x000000008001abc8                setjmp
 .text          0x000000008001abd8       0x10 ../third_party/psyq/lib/libc.a(c27.o)
                0x000000008001abd8                strlen
 .text          0x000000008001abe8       0x10 ../third_party/psyq/lib/libc.a(c43.o)
                0x000000008001abe8                memset
                0x000000008001ac00                . = ALIGN (0x10)
 *fill*         0x000000008001abf8        0x8 
 *(.init)
                0x000000008001ac00                . = ALIGN (0x10)
 *(.fini)
                0x000000008001ac00                . = ALIGN (0x10)
                0x000000008001ac00                __text_end = .
                0x000000008001ac00                __ftext_end = ABSOLUTE (.)
                0x000000008001ac00                __fdata_start = ABSOLUTE (.)

.rodata         0x000000008001ac00      0x5a4
 *(.rodata .rodata.* .rdata .rdata.* .gnu.linkonce.r.*)
 .rodata.str1.4
                0x000000008001ac00       0x2c main.o
 .rodata.str1.4
                0x000000008001ac2c       0x80 engine/graphics.o
 *fill*         0x000000008001acac        0x4 
 .rodata        0x000000008001acb0       0x20 engine/input.o
                0x000000008001acb0                input_binds_default
 .rodata        0x000000008001acd0       0x10 ../third_party/common/crt0/crt0.o
 .rdata         0x000000008001ace0       0x10 ../third_party/psyq/lib/libetc.a(vsync.o)
 .rdata         0x000000008001acf0       0x70 ../third_party/psyq/lib/libetc.a(intr.o)
 .rdata         0x000000008001ad60       0x30 ../third_party/psyq/lib/libetc.a(intr_dma.o)
 .rdata         0x000000008001ad90       0xa0 ../third_party/psyq/lib/libgpu.a(font.o)
 .rdata         0x000000008001ae30      0x220 ../third_party/psyq/lib/libgpu.a(sys.o)
 .rdata         0x000000008001b050       0x30 ../third_party/psyq/lib/libgs.a(2d_com1.o)
 .rdata         0x000000008001b080       0x40 ../third_party/psyq/lib/libspu.a(s_sca.o)
 .rdata         0x000000008001b0c0       0x30 ../third_party/psyq/lib/libspu.a(s_si.o)
 .rdata         0x000000008001b0f0       0x40 ../third_party/psyq/lib/libspu.a(s_sva.o)
 .rdata         0x000000008001b130       0x50 ../third_party/psyq/lib/libspu.a(spu.o)
                0x000000008001b180                . = ALIGN (0x10)
                0x000000008001b180                __preinit_array_start = .
 *(.preinit_array)
                0x000000008001b180                __preinit_array_end = .
                0x000000008001b180                . = ALIGN (0x10)
                0x000000008001b180                __init_array_start = .
 *(SORT_BY_NAME(.init_array.*))
 *(.init_array)
                0x000000008001b180                . = ALIGN (0x10)
 *crtbegin.o(.ctors)
 *(EXCLUDE_FILE(*crtend.o) .ctors)
 *(SORT_BY_NAME(.ctors.*))
 *crtend.o(.ctors)
                0x000000008001b180                __init_array_end = .
                0x000000008001b180                . = ALIGN (0x10)
                0x000000008001b180                __fini_array_start = .
 *(.fini_array)
 *(SORT_BY_NAME(.fini_array.*))
 *crtbegin.o(.dtors)
 *(EXCLUDE_FILE(*crtend.o) .dtors)
 *(SORT_BY_NAME(.dtors.*))
 *crtend.o(.dtors)
                0x000000008001b180                __fini_array_end = .
                0x000000008001b180                __build_id = .
 *(.note.gnu.build-id)
 .note.gnu.build-id
                0x000000008001b180       0x24 main.o
                0x000000008001b1a4                __build_id_end = .

.rel.dyn        0x000000008001b1a4        0x0
 .rel.dyn       0x000000008001b1a4        0x0 ../third_party/psyq/lib/libgpu.a(sys.o)

.rodata1
 *(.rodata1)
                0x000000008001b1a4                __data_start = .

.data           0x000000008001b1b0    0x33650
 *(.a0table)
 *(.data .data.* .gnu.linkonce.d.*)
 .data          0x000000008001b1b0    0x2cd40 main.o
                0x000000008001b1b0                menustart
                0x000000008001e2f0                menustart_size
                0x000000008001e2f4                buzz1
                0x000000008001fa04                buzz1_size
                0x000000008001fa08                img_wasp3
                0x00000000800206a8                img_wasp2
                0x0000000080021348                img_wasp1
                0x0000000080021fe8                img_Press_start3
                0x00000000800247c4                img_Press_start2
                0x0000000080026fa0                img_Press_start1
                0x000000008002977c                img_jam_3
                0x000000008002bfb4                img_jam_2
                0x000000008002e7ec                img_jam_1
                0x0000000080031024                img_health
                0x0000000080031254                img_gnd_1
                0x0000000080031b04                img_gnd_0
                0x00000000800321e4                img_flower3
                0x00000000800325d4                img_flower2
                0x0000000080032860                img_flower1
                0x0000000080032b94                img_cloud
                0x00000000800335b4                img_Buzzy
                0x0000000080038f54                img_bee_2
                0x0000000080039300                img_bee_1
                0x00000000800396ac                img_bee_0
                0x0000000080039a58                img_Bee
                0x000000008003da30                img_background1layer33
                0x0000000080040360                img_background1layer2
                0x0000000080042c90                img_background1layer1
                0x00000000800455c0                img_background1
 .data          0x0000000080047ef0       0x10 ../third_party/psyq/lib/libapi.a(pad.o)
 .data          0x0000000080047f00       0x10 ../third_party/psyq/lib/libetc.a(vmode.o)
 .data          0x0000000080047f10       0x20 ../third_party/psyq/lib/libetc.a(vsync.o)
                0x0000000080047f20                Hcount
 .data          0x0000000080047f30       0x30 ../third_party/psyq/lib/libetc.a(intr_vb.o)
                0x0000000080047f50                Vcount
 .data          0x0000000080047f60     0x1100 ../third_party/psyq/lib/libetc.a(intr.o)
 .data          0x0000000080049060       0x30 ../third_party/psyq/lib/libetc.a(intr_dma.o)
 .data          0x0000000080049090      0xb90 ../third_party/psyq/lib/libgpu.a(font.o)
                0x0000000080049090                Font
 .data          0x0000000080049c20      0x1a0 ../third_party/psyq/lib/libgpu.a(sys.o)
                0x0000000080049c6c                GPU_printf
                0x0000000080049c70                GEnv
                0x0000000080049d98                _qin
                0x0000000080049d9c                _qout
 .data          0x0000000080049dc0       0x10 ../third_party/psyq/lib/libgte.a(msc00.o)
 .data          0x0000000080049dd0     0x4000 ../third_party/psyq/lib/libgte.a(cstbl.o)
                0x0000000080049dd0                rcossin_tbl
 .data          0x000000008004ddd0       0x80 ../third_party/psyq/lib/libspu.a(s_ini.o)
                0x000000008004ddd8                _spu_EVdma
                0x000000008004dddc                _spu_keystat
                0x000000008004dde0                _spu_trans_mode
                0x000000008004dde4                _spu_rev_flag
                0x000000008004dde8                _spu_rev_reserve_wa
                0x000000008004ddec                _spu_rev_offsetaddr
                0x000000008004ddf0                _spu_rev_attr
                0x000000008004de04                _spu_RQvoice
                0x000000008004de08                _spu_RQmask
                0x000000008004de0c                _spu_voice_centerNote
                0x000000008004de3c                _spu_env
                0x000000008004de40                _spu_isCalled
 .data          0x000000008004de50       0x10 ../third_party/psyq/lib/libspu.a(s_m.o)
                0x000000008004de50                _spu_AllocBlockNum
                0x000000008004de54                _spu_AllocLastNum
                0x000000008004de58                _spu_memList
 .data          0x000000008004de60       0x30 ../third_party/psyq/lib/libspu.a(s_rmp0.o)
                0x000000008004de60                _spu_rev_startaddr
 .data          0x000000008004de90       0x60 ../third_party/psyq/lib/libspu.a(spu.o)
                0x000000008004de90                _spu_RXX
                0x000000008004dea8                _spu_tsa
                0x000000008004deac                _spu_transMode
                0x000000008004deb0                _spu_addrMode
                0x000000008004deb4                _spu_mem_mode
                0x000000008004deb8                _spu_mem_mode_plus
                0x000000008004debc                _spu_mem_mode_unit
                0x000000008004dec0                _spu_mem_mode_unitM
                0x000000008004dec4                _spu_inTransfer
                0x000000008004dec8                _spu_transferCallback
                0x000000008004decc                _spu_IRQCallback
 .data          0x000000008004def0      0x120 ../third_party/psyq/lib/libspu.a(s_n2p.o)
 *(.data1)
 *(.sdata .sdata.* .gnu.linkonce.s.*)
 *(.sdata2 .sdata2.* .gnu.linkonce.s2.*)
 *(.got.plt)
 *(.got)
                0x000000008004e800                . = ALIGN (0x800)
 *fill*         0x000000008004e010      0x7f0 
                0x000000008004e800                __data_end = .
                0x000000008004e800                __fdata_end = .
                0x000000008004e800                __bss_start = .

.sbss           0x000000008004e800     0x8b68
 *(.dynsbss)
 *(.sbss .sbss.* .gnu.linkonce.sb.*)
 *(.scommon)
 .scommon       0x000000008004e800        0x8 main.o
                0x000000008004e800                b
                0x000000008004e804                a
 .scommon       0x000000008004e808        0xa engine/graphics.o
                0x000000008004e808                SCREEN_WIDTH
                0x000000008004e80c                SCREEN_HEIGHT
                0x000000008004e810                currentBuffer
 *fill*         0x000000008004e812        0x2 
 .scommon       0x000000008004e814        0xd engine/input.o
                0x000000008004e814                input_pad
                0x000000008004e818                input_trig
                0x000000008004e81c                input_held
                0x000000008004e820                input_suppress_trig
 *fill*         0x000000008004e821        0x3 
 .scommon       0x000000008004e824        0x4 engine/audio.o
                0x000000008004e824                l_vag1_spu_addr
 *(.dynbss)
 *(.bss .bss.* .gnu.linkonce.b.*)
 *fill*         0x000000008004e828        0x8 
 .bss           0x000000008004e830       0x10 main.o
                0x000000008004e830                gameState
                0x000000008004e834                c
                0x000000008004e838                hitF
                0x000000008004e83c                hitE
 .bss           0x000000008004e840       0x50 engine/input.o
 .bss           0x000000008004e890       0x60 engine/audio.o
 .bss           0x000000008004e8f0       0x10 ../third_party/psyq/lib/libapi.a(pad.o)
                0x000000008004e8f0                _apiPadPatch
 .bss           0x000000008004e900       0x10 ../third_party/psyq/lib/libapi.a(patch.o)
 .bss           0x000000008004e910       0x10 ../third_party/psyq/lib/libapi.a(chclrpad.o)
 .bss           0x000000008004e920     0x4410 ../third_party/psyq/lib/libgpu.a(font.o)
 .bss           0x0000000080052d30     0x1850 ../third_party/psyq/lib/libgpu.a(sys.o)
                0x0000000080052d80                _que
 .bss           0x0000000080054580       0x54 ../third_party/psyq/lib/libgs.a(global.o)
                0x0000000080054580                GsOUT_PACKET_P
                0x0000000080054588                GsMATE_C
                0x0000000080054590                GsLMODE
                0x0000000080054598                GsLIGNR
                0x00000000800545a0                GsLIOFF
                0x00000000800545a8                GsZOVER
                0x00000000800545b0                GsBACKC
                0x00000000800545b8                GsNDIV
                0x00000000800545c0                GsTRATE
                0x00000000800545c8                GsTON
                0x00000000800545d0                GsDISPON
 *fill*         0x00000000800545d4        0x4 
 .bss           0x00000000800545d8       0xea ../third_party/psyq/lib/libgs.a(gs_001.o)
                0x00000000800545f8                PSDIDX
                0x0000000080054600                GsDRAWENV
                0x0000000080054660                GsDISPENV
                0x0000000080054678                PSDGPU
                0x0000000080054680                PSDBASEX
                0x0000000080054688                PSDBASEY
                0x0000000080054690                POSITION
                0x0000000080054698                CLIP2
                0x00000000800546a0                PSDCNT
                0x00000000800546a8                PSDOFSX
                0x00000000800546b0                PSDOFSY
                0x00000000800546b8                GsORGOFSX
                0x00000000800546c0                GsORGOFSY
 *fill*         0x00000000800546c2        0x6 
 .bss           0x00000000800546c8       0x24 ../third_party/psyq/lib/libgs.a(gs_104.o)
                0x00000000800546c8                HWD0
                0x00000000800546d0                VWD0
                0x00000000800546d8                GsCLIP3near
                0x00000000800546e0                GsLIGHT_MODE
                0x00000000800546e8                GsCLIP3far
 *fill*         0x00000000800546ec        0x4 
 .bss           0x00000000800546f0       0x40 ../third_party/psyq/lib/libgs.a(gs_107.o)
                0x00000000800546f0                GsLIGHTWSMATRIX
                0x0000000080054710                _LC
 .bss           0x0000000080054730       0x40 ../third_party/psyq/lib/libgs.a(gs_128.o)
                0x0000000080054730                GsIDMATRIX
                0x0000000080054750                GsIDMATRIX2
 .bss           0x0000000080054770       0x10 ../third_party/psyq/lib/libgte.a(patchgte.o)
 .bss           0x0000000080054780       0x14 ../third_party/psyq/lib/libspu.a(spu.o)
                0x0000000080054780                _spu_RQ
 *(COMMON)
 COMMON         0x0000000080054794     0x139c main.o
                0x0000000080054794                mainPlayerL
                0x00000000800548d4                BeeL
                0x0000000080054924                enemies
                0x0000000080054948                flowers
                0x00000000800549b4                Buzzy
                0x00000000800549d8                clouds1L
                0x0000000080054a78                pressStartL
                0x0000000080054b68                mainPlayer
                0x0000000080054b8c                BuzzyL
                0x0000000080054bdc                rocksL
                0x0000000080054ccc                Bee
                0x0000000080054cf0                mainHealth
                0x0000000080054d48                jamL
                0x0000000080054e38                jam
                0x0000000080054e5c                clouds2
                0x0000000080054ea4                clouds2L
                0x0000000080054f44                hillsL
                0x00000000800550d4                hills
                0x0000000080055188                enemiesL
                0x00000000800552c8                mainTimer
                0x00000000800552dc                rocks
                0x0000000080055348                flowersL
                0x0000000080055438                groundL
                0x00000000800557a8                barL
                0x0000000080055938                clouds1
                0x0000000080055980                pressStart
                0x00000000800559a4                ground
 COMMON         0x0000000080055b30     0x17b4 engine/graphics.o
                0x0000000080055b30                GPUOutputPacket
                0x00000000800572a0                systemBackgroundColor
                0x00000000800572ac                orderingTable
                0x00000000800572d4                minorOrderingTable
 COMMON         0x00000000800572e4       0x1c engine/input.o
                0x00000000800572e4                input_binds
 COMMON         0x0000000080057300       0x68 engine/audio.o
                0x0000000080057300                g_s_attr
                0x0000000080057340                l_c_attr
                0x0000000080057368                . = ALIGN (0x4)
                0x0000000080057368                __bss_end = .
                0x0000000080057368                __heap_start = __heap_base
                0x000000008000f800                . = (ADDR (.text) - 0x800)
                0x000000008000f800                __end = .

/DISCARD/
 *(.MIPS.abiflags)
 *(.rel.iplt)
 *(.rela.iplt)
 *(.rel.plt)
 *(.rela.plt)
 *(.plt)
 *(.iplt)
 *(.note.GNU-stack)
 *(.gnu_debuglink)
 *(.gnu.lto_*)
OUTPUT(BuzzyBee.elf elf32-tradlittlemips)

.mdebug.abi32   0x0000000000000000        0x0
 .mdebug.abi32  0x0000000000000000        0x0 main.o
 .mdebug.abi32  0x0000000000000000        0x0 engine/graphics.o
 .mdebug.abi32  0x0000000000000000        0x0 engine/input.o
 .mdebug.abi32  0x0000000000000000        0x0 engine/timerz.o
 .mdebug.abi32  0x0000000000000000        0x0 engine/audio.o

.comment        0x0000000000000000       0x2a
 .comment       0x0000000000000000       0x2a main.o
                                         0x2b (size before relaxing)
 .comment       0x000000000000002a       0x2b engine/graphics.o
 .comment       0x000000000000002a       0x2b engine/input.o
 .comment       0x000000000000002a       0x2b engine/timerz.o
 .comment       0x000000000000002a       0x2b engine/audio.o

.gnu.attributes
                0x0000000000000000       0x10
 .gnu.attributes
                0x0000000000000000       0x10 main.o
 .gnu.attributes
                0x0000000000000010       0x10 engine/graphics.o
 .gnu.attributes
                0x0000000000000020       0x10 engine/input.o
 .gnu.attributes
                0x0000000000000030       0x10 engine/timerz.o
 .gnu.attributes
                0x0000000000000040       0x10 engine/audio.o
 .gnu.attributes
                0x0000000000000050       0x10 ../third_party/common/crt0/crt0.o

.pdr            0x0000000000000000        0x0
 .pdr           0x0000000000000000        0x0 ../third_party/common/crt0/crt0.o

.note           0x0000000000000000     0x2cdc
 .note          0x0000000000000000       0x74 ../third_party/psyq/lib/libapi.a(a91.o)
 .note          0x0000000000000074       0x74 ../third_party/psyq/lib/libapi.a(pad.o)
 .note          0x00000000000000e8       0x74 ../third_party/psyq/lib/libapi.a(patch.o)
 .note          0x000000000000015c       0x74 ../third_party/psyq/lib/libapi.a(a18.o)
 .note          0x00000000000001d0       0x74 ../third_party/psyq/lib/libapi.a(a19.o)
 .note          0x0000000000000244       0x74 ../third_party/psyq/lib/libapi.a(a21.o)
 .note          0x00000000000002b8       0x74 ../third_party/psyq/lib/libapi.a(a36.o)
 .note          0x000000000000032c       0x74 ../third_party/psyq/lib/libapi.a(a37.o)
 .note          0x00000000000003a0       0x74 ../third_party/psyq/lib/libapi.a(c68.o)
 .note          0x0000000000000414       0x74 ../third_party/psyq/lib/libapi.a(chclrpad.o)
 .note          0x0000000000000488       0x74 ../third_party/psyq/lib/libapi.a(l02.o)
 .note          0x00000000000004fc       0x74 ../third_party/psyq/lib/libapi.a(l03.o)
 .note          0x0000000000000570       0x74 ../third_party/psyq/lib/libc.a(c42.o)
 .note          0x00000000000005e4       0x74 ../third_party/psyq/lib/libc.a(c47.o)
 .note          0x0000000000000658       0x74 ../third_party/psyq/lib/libc.a(c48.o)
 .note          0x00000000000006cc       0x74 ../third_party/psyq/lib/libc.a(c63.o)
 .note          0x0000000000000740       0x74 ../third_party/psyq/lib/libetc.a(vmode.o)
 .note          0x00000000000007b4       0x74 ../third_party/psyq/lib/libetc.a(vsync.o)
 .note          0x0000000000000828       0x74 ../third_party/psyq/lib/libetc.a(intr_vb.o)
 .note          0x000000000000089c       0x74 ../third_party/psyq/lib/libetc.a(intr.o)
 .note          0x0000000000000910       0x74 ../third_party/psyq/lib/libetc.a(intr_dma.o)
 .note          0x0000000000000984       0x74 ../third_party/psyq/lib/libgpu.a(font.o)
 .note          0x00000000000009f8       0x74 ../third_party/psyq/lib/libgpu.a(p00.o)
 .note          0x0000000000000a6c       0x74 ../third_party/psyq/lib/libgpu.a(p06.o)
 .note          0x0000000000000ae0       0x74 ../third_party/psyq/lib/libgpu.a(p09.o)
 .note          0x0000000000000b54       0x74 ../third_party/psyq/lib/libgpu.a(p10.o)
 .note          0x0000000000000bc8       0x74 ../third_party/psyq/lib/libgpu.a(p20.o)
 .note          0x0000000000000c3c       0x74 ../third_party/psyq/lib/libgpu.a(p26.o)
 .note          0x0000000000000cb0       0x74 ../third_party/psyq/lib/libgpu.a(p27.o)
 .note          0x0000000000000d24       0x74 ../third_party/psyq/lib/libgpu.a(p41.o)
 .note          0x0000000000000d98       0x74 ../third_party/psyq/lib/libgpu.a(sys.o)
 .note          0x0000000000000e0c       0x74 ../third_party/psyq/lib/libgpu.a(e00.o)
 .note          0x0000000000000e80       0x74 ../third_party/psyq/lib/libgpu.a(e02.o)
 .note          0x0000000000000ef4       0x74 ../third_party/psyq/lib/libgpu.a(p01.o)
 .note          0x0000000000000f68       0x74 ../third_party/psyq/lib/libgs.a(2d_sp0.o)
 .note          0x0000000000000fdc       0x74 ../third_party/psyq/lib/libgs.a(global.o)
 .note          0x0000000000001050       0x74 ../third_party/psyq/lib/libgs.a(gs_001.o)
 .note          0x00000000000010c4       0x74 ../third_party/psyq/lib/libgs.a(gs_0021.o)
 .note          0x0000000000001138       0x74 ../third_party/psyq/lib/libgs.a(gs_0022.o)
 .note          0x00000000000011ac       0x74 ../third_party/psyq/lib/libgs.a(gs_003.o)
 .note          0x0000000000001220       0x74 ../third_party/psyq/lib/libgs.a(gs_010.o)
 .note          0x0000000000001294       0x74 ../third_party/psyq/lib/libgs.a(gs_103.o)
 .note          0x0000000000001308       0x74 ../third_party/psyq/lib/libgs.a(gs_104.o)
 .note          0x000000000000137c       0x74 ../third_party/psyq/lib/libgs.a(gs_107.o)
 .note          0x00000000000013f0       0x74 ../third_party/psyq/lib/libgs.a(gs_111.o)
 .note          0x0000000000001464       0x74 ../third_party/psyq/lib/libgs.a(gs_113.o)
 .note          0x00000000000014d8       0x74 ../third_party/psyq/lib/libgs.a(gs_121.o)
 .note          0x000000000000154c       0x74 ../third_party/psyq/lib/libgs.a(gs_122.o)
 .note          0x00000000000015c0       0x74 ../third_party/psyq/lib/libgs.a(gs_124.o)
 .note          0x0000000000001634       0x74 ../third_party/psyq/lib/libgs.a(gs_128.o)
 .note          0x00000000000016a8       0x74 ../third_party/psyq/lib/libgs.a(2d_com1.o)
 .note          0x000000000000171c       0x74 ../third_party/psyq/lib/libgte.a(cmb_00.o)
 .note          0x0000000000001790       0x74 ../third_party/psyq/lib/libgte.a(fgo_01.o)
 .note          0x0000000000001804       0x74 ../third_party/psyq/lib/libgte.a(msc00.o)
 .note          0x0000000000001878       0x74 ../third_party/psyq/lib/libgte.a(msc01.o)
 .note          0x00000000000018ec       0x74 ../third_party/psyq/lib/libgte.a(mtx_07.o)
 .note          0x0000000000001960       0x74 ../third_party/psyq/lib/libgte.a(mtx_08.o)
 .note          0x00000000000019d4       0x74 ../third_party/psyq/lib/libgte.a(mtx_09.o)
 .note          0x0000000000001a48       0x74 ../third_party/psyq/lib/libgte.a(mtx_11.o)
 .note          0x0000000000001abc       0x74 ../third_party/psyq/lib/libgte.a(mtx_12.o)
 .note          0x0000000000001b30       0x74 ../third_party/psyq/lib/libgte.a(patchgte.o)
 .note          0x0000000000001ba4       0x74 ../third_party/psyq/lib/libgte.a(reg09.o)
 .note          0x0000000000001c18       0x74 ../third_party/psyq/lib/libgte.a(reg11.o)
 .note          0x0000000000001c8c       0x74 ../third_party/psyq/lib/libgte.a(reg12.o)
 .note          0x0000000000001d00       0x74 ../third_party/psyq/lib/libgte.a(sqrtbl.o)
 .note          0x0000000000001d74       0x74 ../third_party/psyq/lib/libgte.a(cstbl.o)
 .note          0x0000000000001de8       0x74 ../third_party/psyq/lib/libspu.a(s_i.o)
 .note          0x0000000000001e5c       0x74 ../third_party/psyq/lib/libspu.a(s_ini.o)
 .note          0x0000000000001ed0       0x74 ../third_party/psyq/lib/libspu.a(s_itc.o)
 .note          0x0000000000001f44       0x74 ../third_party/psyq/lib/libspu.a(s_m.o)
 .note          0x0000000000001fb8       0x74 ../third_party/psyq/lib/libspu.a(s_m_f.o)
 .note          0x000000000000202c       0x74 ../third_party/psyq/lib/libspu.a(s_m_init.o)
 .note          0x00000000000020a0       0x74 ../third_party/psyq/lib/libspu.a(s_m_int.o)
 .note          0x0000000000002114       0x74 ../third_party/psyq/lib/libspu.a(s_m_m.o)
 .note          0x0000000000002188       0x74 ../third_party/psyq/lib/libspu.a(s_rmp0.o)
 .note          0x00000000000021fc       0x74 ../third_party/psyq/lib/libspu.a(s_sca.o)
 .note          0x0000000000002270       0x74 ../third_party/psyq/lib/libspu.a(s_si.o)
 .note          0x00000000000022e4       0x74 ../third_party/psyq/lib/libspu.a(s_sk.o)
 .note          0x0000000000002358       0x74 ../third_party/psyq/lib/libspu.a(s_stm.o)
 .note          0x00000000000023cc       0x74 ../third_party/psyq/lib/libspu.a(s_stsa.o)
 .note          0x0000000000002440       0x74 ../third_party/psyq/lib/libspu.a(s_sva.o)
 .note          0x00000000000024b4       0x74 ../third_party/psyq/lib/libspu.a(s_w.o)
 .note          0x0000000000002528       0x74 ../third_party/psyq/lib/libspu.a(spu.o)
 .note          0x000000000000259c       0x74 ../third_party/psyq/lib/libspu.a(s_dcb.o)
 .note          0x0000000000002610       0x74 ../third_party/psyq/lib/libspu.a(s_n2p.o)
 .note          0x0000000000002684       0x74 ../third_party/psyq/lib/libapi.a(a07.o)
 .note          0x00000000000026f8       0x74 ../third_party/psyq/lib/libapi.a(a08.o)
 .note          0x000000000000276c       0x74 ../third_party/psyq/lib/libapi.a(a11.o)
 .note          0x00000000000027e0       0x74 ../third_party/psyq/lib/libapi.a(a12.o)
 .note          0x0000000000002854       0x74 ../third_party/psyq/lib/libapi.a(a23.o)
 .note          0x00000000000028c8       0x74 ../third_party/psyq/lib/libapi.a(a24.o)
 .note          0x000000000000293c       0x74 ../third_party/psyq/lib/libapi.a(a25.o)
 .note          0x00000000000029b0       0x74 ../third_party/psyq/lib/libapi.a(c114.o)
 .note          0x0000000000002a24       0x74 ../third_party/psyq/lib/libapi.a(c73.o)
 .note          0x0000000000002a98       0x74 ../third_party/psyq/lib/libapi.a(l10.o)
 .note          0x0000000000002b0c       0x74 ../third_party/psyq/lib/libc.a(a63.o)
 .note          0x0000000000002b80       0x74 ../third_party/psyq/lib/libc.a(c19.o)
 .note          0x0000000000002bf4       0x74 ../third_party/psyq/lib/libc.a(c27.o)
 .note          0x0000000000002c68       0x74 ../third_party/psyq/lib/libc.a(c43.o)

.debug_info     0x0000000000000000     0x4473
 .debug_info    0x0000000000000000     0x2064 main.o
 .debug_info    0x0000000000002064     0x185b engine/graphics.o
 .debug_info    0x00000000000038bf      0x43c engine/input.o
 .debug_info    0x0000000000003cfb      0x158 engine/timerz.o
 .debug_info    0x0000000000003e53      0x5fa engine/audio.o
 .debug_info    0x000000000000444d       0x26 ../third_party/common/crt0/crt0.o

.debug_abbrev   0x0000000000000000      0xbda
 .debug_abbrev  0x0000000000000000      0x399 main.o
 .debug_abbrev  0x0000000000000399      0x3bc engine/graphics.o
 .debug_abbrev  0x0000000000000755      0x1ba engine/input.o
 .debug_abbrev  0x000000000000090f      0x127 engine/timerz.o
 .debug_abbrev  0x0000000000000a36      0x190 engine/audio.o
 .debug_abbrev  0x0000000000000bc6       0x14 ../third_party/common/crt0/crt0.o

.debug_loc      0x0000000000000000     0x12c0
 .debug_loc     0x0000000000000000      0x614 main.o
 .debug_loc     0x0000000000000614      0x868 engine/graphics.o
 .debug_loc     0x0000000000000e7c      0x1fe engine/timerz.o
 .debug_loc     0x000000000000107a      0x246 engine/audio.o

.debug_aranges  0x0000000000000000      0x208
 .debug_aranges
                0x0000000000000000       0x88 main.o
 .debug_aranges
                0x0000000000000088       0xc8 engine/graphics.o
 .debug_aranges
                0x0000000000000150       0x28 engine/input.o
 .debug_aranges
                0x0000000000000178       0x28 engine/timerz.o
 .debug_aranges
                0x00000000000001a0       0x48 engine/audio.o
 .debug_aranges
                0x00000000000001e8       0x20 ../third_party/common/crt0/crt0.o

.debug_ranges   0x0000000000000000      0x368
 .debug_ranges  0x0000000000000000      0x230 main.o
 .debug_ranges  0x0000000000000230       0xd0 engine/graphics.o
 .debug_ranges  0x0000000000000300       0x18 engine/input.o
 .debug_ranges  0x0000000000000318       0x18 engine/timerz.o
 .debug_ranges  0x0000000000000330       0x38 engine/audio.o

.debug_line     0x0000000000000000     0x1f70
 .debug_line    0x0000000000000000     0x1386 main.o
 .debug_line    0x0000000000001386      0x79c engine/graphics.o
 .debug_line    0x0000000000001b22      0x115 engine/input.o
 .debug_line    0x0000000000001c37      0x10d engine/timerz.o
 .debug_line    0x0000000000001d44      0x1c9 engine/audio.o
 .debug_line    0x0000000000001f0d       0x63 ../third_party/common/crt0/crt0.o

.debug_str      0x0000000000000000      0xf78
 .debug_str     0x0000000000000000      0xa2c main.o
                                        0xa95 (size before relaxing)
 .debug_str     0x0000000000000a2c      0x28f engine/graphics.o
                                        0x6ee (size before relaxing)
 .debug_str     0x0000000000000cbb       0x7a engine/input.o
                                        0x39a (size before relaxing)
 .debug_str     0x0000000000000d35       0x16 engine/timerz.o
                                        0x1e5 (size before relaxing)
 .debug_str     0x0000000000000d4b      0x1ff engine/audio.o
                                        0x3a0 (size before relaxing)
 .debug_str     0x0000000000000f4a       0x2e ../third_party/common/crt0/crt0.o
                                         0x42 (size before relaxing)

.debug_frame    0x0000000000000000      0x698
 .debug_frame   0x0000000000000000      0x28c main.o
 .debug_frame   0x000000000000028c      0x2c0 engine/graphics.o
 .debug_frame   0x000000000000054c       0x40 engine/input.o
 .debug_frame   0x000000000000058c       0x4c engine/timerz.o
 .debug_frame   0x00000000000005d8       0xc0 engine/audio.o
