Archive member included to satisfy reference by file (symbol)

../third_party/psyq/lib/libapi.a(a91.o)
                              engine/input.o (ChangeClearPAD)
../third_party/psyq/lib/libapi.a(pad.o)
                              engine/input.o (InitPAD)
../third_party/psyq/lib/libapi.a(patch.o)
                              ../third_party/psyq/lib/libapi.a(pad.o) (_patch_pad)
../third_party/psyq/lib/libapi.a(a18.o)
                              ../third_party/psyq/lib/libapi.a(pad.o) (InitPAD2)
../third_party/psyq/lib/libapi.a(a19.o)
                              ../third_party/psyq/lib/libapi.a(pad.o) (StartPAD2)
../third_party/psyq/lib/libapi.a(a21.o)
                              ../third_party/psyq/lib/libapi.a(pad.o) (PAD_init2)
../third_party/psyq/lib/libapi.a(a36.o)
                              ../third_party/psyq/lib/libapi.a(pad.o) (EnterCriticalSection)
../third_party/psyq/lib/libapi.a(a37.o)
                              ../third_party/psyq/lib/libapi.a(pad.o) (ExitCriticalSection)
../third_party/psyq/lib/libapi.a(c68.o)
                              ../third_party/psyq/lib/libapi.a(patch.o) (FlushCache)
../third_party/psyq/lib/libapi.a(chclrpad.o)
                              ../third_party/psyq/lib/libapi.a(pad.o) (_remove_ChgclrPAD)
../third_party/psyq/lib/libapi.a(l02.o)
                              ../third_party/psyq/lib/libapi.a(pad.o) (SysEnqIntRP)
../third_party/psyq/lib/libapi.a(l03.o)
                              ../third_party/psyq/lib/libapi.a(pad.o) (SysDeqIntRP)
../third_party/psyq/lib/libc.a(c42.o)
                              main.o (memcpy)
../third_party/psyq/lib/libc.a(c63.o)
                              main.o (printf)
../third_party/psyq/lib/libetc.a(vmode.o)
                              engine/basics.o (GetVideoMode)
../third_party/psyq/lib/libetc.a(vsync.o)
                              engine/basics.o (VSync)
../third_party/psyq/lib/libetc.a(intr_vb.o)
                              ../third_party/psyq/lib/libetc.a(vsync.o) (Vcount)
../third_party/psyq/lib/libetc.a(intr.o)
                              ../third_party/psyq/lib/libetc.a(intr_vb.o) (InterruptCallback)
../third_party/psyq/lib/libetc.a(intr_dma.o)
                              ../third_party/psyq/lib/libetc.a(intr.o) (startIntrDMA)
../third_party/psyq/lib/libgpu.a(font.o)
                              engine/basics.o (FntFlush)
../third_party/psyq/lib/libgpu.a(p00.o)
                              engine/basics.o (GetTPage)
../third_party/psyq/lib/libgpu.a(p06.o)
                              ../third_party/psyq/lib/libgpu.a(font.o) (AddPrim)
../third_party/psyq/lib/libgpu.a(p09.o)
                              ../third_party/psyq/lib/libgpu.a(font.o) (TermPrim)
../third_party/psyq/lib/libgpu.a(p10.o)
                              ../third_party/psyq/lib/libgpu.a(font.o) (SetSemiTrans)
../third_party/psyq/lib/libgpu.a(p20.o)
                              ../third_party/psyq/lib/libgpu.a(font.o) (SetSprt8)
../third_party/psyq/lib/libgpu.a(p26.o)
                              ../third_party/psyq/lib/libgpu.a(font.o) (SetTile)
../third_party/psyq/lib/libgpu.a(p27.o)
                              engine/basics.o (SetLineF2)
../third_party/psyq/lib/libgpu.a(p41.o)
                              ../third_party/psyq/lib/libgpu.a(font.o) (SetDrawMode)
../third_party/psyq/lib/libgpu.a(sys.o)
                              engine/basics.o (ClearImage2)
../third_party/psyq/lib/libgpu.a(e00.o)
                              ../third_party/psyq/lib/libgpu.a(font.o) (LoadTPage)
../third_party/psyq/lib/libgpu.a(e02.o)
                              ../third_party/psyq/lib/libgpu.a(font.o) (LoadClut2)
../third_party/psyq/lib/libgpu.a(p01.o)
                              ../third_party/psyq/lib/libgpu.a(e02.o) (GetClut)
../third_party/psyq/lib/libgs.a(2d_sp0.o)
                              engine/basics.o (GsSortSprite)
../third_party/psyq/lib/libgs.a(global.o)
                              ../third_party/psyq/lib/libgs.a(2d_sp0.o) (GsOUT_PACKET_P)
../third_party/psyq/lib/libgs.a(gs_001.o)
                              ../third_party/psyq/lib/libgs.a(2d_sp0.o) (GsORGOFSY)
../third_party/psyq/lib/libgs.a(gs_0021.o)
                              engine/basics.o (GsGetActiveBuff)
../third_party/psyq/lib/libgs.a(gs_0022.o)
                              ../third_party/psyq/lib/libgs.a(gs_001.o) (GsSetDrawBuffOffset)
../third_party/psyq/lib/libgs.a(gs_003.o)
                              ../third_party/psyq/lib/libgs.a(gs_001.o) (GsSetDrawBuffClip)
../third_party/psyq/lib/libgs.a(gs_010.o)
                              engine/basics.o (GsSwapDispBuff)
../third_party/psyq/lib/libgs.a(gs_103.o)
                              engine/basics.o (GsDefDispBuff)
../third_party/psyq/lib/libgs.a(gs_104.o)
                              ../third_party/psyq/lib/libgs.a(gs_001.o) (HWD0)
../third_party/psyq/lib/libgs.a(gs_107.o)
                              ../third_party/psyq/lib/libgs.a(gs_001.o) (GsLIGHTWSMATRIX)
../third_party/psyq/lib/libgs.a(gs_111.o)
                              engine/basics.o (GsDrawOt)
../third_party/psyq/lib/libgs.a(gs_113.o)
                              engine/basics.o (GsClearOt)
../third_party/psyq/lib/libgs.a(gs_121.o)
                              ../third_party/psyq/lib/libgs.a(gs_001.o) (gte_init)
../third_party/psyq/lib/libgs.a(gs_122.o)
                              engine/basics.o (GsGetTimInfo)
../third_party/psyq/lib/libgs.a(gs_124.o)
                              engine/basics.o (GsSetWorkBase)
../third_party/psyq/lib/libgs.a(gs_128.o)
                              ../third_party/psyq/lib/libgs.a(2d_sp0.o) (GsIDMATRIX)
../third_party/psyq/lib/libgs.a(2d_com1.o)
                              ../third_party/psyq/lib/libgs.a(2d_sp0.o) (_make_packet)
../third_party/psyq/lib/libgte.a(cmb_00.o)
                              ../third_party/psyq/lib/libgs.a(2d_sp0.o) (RotTransPers4)
../third_party/psyq/lib/libgte.a(fgo_01.o)
                              ../third_party/psyq/lib/libgs.a(2d_sp0.o) (RotMatrix)
../third_party/psyq/lib/libgte.a(msc00.o)
                              ../third_party/psyq/lib/libgs.a(gs_121.o) (InitGeom)
../third_party/psyq/lib/libgte.a(msc01.o)
                              ../third_party/psyq/lib/libgs.a(gs_107.o) (SquareRoot0)
../third_party/psyq/lib/libgte.a(mtx_07.o)
                              ../third_party/psyq/lib/libgs.a(2d_sp0.o) (TransMatrix)
../third_party/psyq/lib/libgte.a(mtx_08.o)
                              ../third_party/psyq/lib/libgs.a(2d_sp0.o) (ScaleMatrix)
../third_party/psyq/lib/libgte.a(mtx_09.o)
                              ../third_party/psyq/lib/libgs.a(2d_sp0.o) (SetRotMatrix)
../third_party/psyq/lib/libgte.a(mtx_11.o)
                              ../third_party/psyq/lib/libgs.a(gs_107.o) (SetColorMatrix)
../third_party/psyq/lib/libgte.a(mtx_12.o)
                              ../third_party/psyq/lib/libgs.a(2d_sp0.o) (SetTransMatrix)
../third_party/psyq/lib/libgte.a(patchgte.o)
                              ../third_party/psyq/lib/libgte.a(msc00.o) (_patch_gte)
../third_party/psyq/lib/libgte.a(reg09.o)
                              ../third_party/psyq/lib/libgs.a(2d_sp0.o) (ReadGeomScreen)
../third_party/psyq/lib/libgte.a(reg11.o)
                              ../third_party/psyq/lib/libgs.a(gs_121.o) (SetFarColor)
../third_party/psyq/lib/libgte.a(reg12.o)
                              ../third_party/psyq/lib/libgs.a(gs_0022.o) (SetGeomOffset)
../third_party/psyq/lib/libgte.a(sqrtbl.o)
                              ../third_party/psyq/lib/libgte.a(msc01.o) (SQRT)
../third_party/psyq/lib/libgte.a(cstbl.o)
                              ../third_party/psyq/lib/libgte.a(fgo_01.o) (rcossin_tbl)
../third_party/psyq/lib/libspu.a(s_i.o)
                              engine/audio.o (SpuInit)
../third_party/psyq/lib/libspu.a(s_ini.o)
                              ../third_party/psyq/lib/libspu.a(s_i.o) (_SpuInit)
../third_party/psyq/lib/libspu.a(s_itc.o)
                              engine/audio.o (SpuIsTransferCompleted)
../third_party/psyq/lib/libspu.a(s_m.o)
                              ../third_party/psyq/lib/libspu.a(s_ini.o) (_spu_memList)
../third_party/psyq/lib/libspu.a(s_m_f.o)
                              engine/audio.o (SpuFree)
../third_party/psyq/lib/libspu.a(s_m_init.o)
                              engine/audio.o (SpuInitMalloc)
../third_party/psyq/lib/libspu.a(s_m_int.o)
                              ../third_party/psyq/lib/libspu.a(s_m_f.o) (_spu_gcSPU)
../third_party/psyq/lib/libspu.a(s_m_m.o)
                              engine/audio.o (SpuMalloc)
../third_party/psyq/lib/libspu.a(s_rmp0.o)
                              ../third_party/psyq/lib/libspu.a(s_ini.o) (_spu_rev_startaddr)
../third_party/psyq/lib/libspu.a(s_sca.o)
                              engine/audio.o (SpuSetCommonAttr)
../third_party/psyq/lib/libspu.a(s_sk.o)
                              engine/audio.o (SpuSetKey)
../third_party/psyq/lib/libspu.a(s_stm.o)
                              engine/audio.o (SpuSetTransferMode)
../third_party/psyq/lib/libspu.a(s_stsa.o)
                              engine/audio.o (SpuSetTransferStartAddr)
../third_party/psyq/lib/libspu.a(s_sva.o)
                              engine/audio.o (SpuSetVoiceAttr)
../third_party/psyq/lib/libspu.a(s_w.o)
                              engine/audio.o (SpuWrite)
../third_party/psyq/lib/libspu.a(spu.o)
                              ../third_party/psyq/lib/libspu.a(s_stsa.o) (_spu_FsetRXXa)
../third_party/psyq/lib/libspu.a(s_dcb.o)
                              ../third_party/psyq/lib/libspu.a(s_ini.o) (_SpuDataCallback)
../third_party/psyq/lib/libspu.a(s_n2p.o)
                              ../third_party/psyq/lib/libspu.a(s_sva.o) (_spu_note2pitch)
../third_party/psyq/lib/libapi.a(a07.o)
                              ../third_party/psyq/lib/libspu.a(spu.o) (DeliverEvent)
../third_party/psyq/lib/libapi.a(a08.o)
                              ../third_party/psyq/lib/libspu.a(s_ini.o) (OpenEvent)
../third_party/psyq/lib/libapi.a(a11.o)
                              ../third_party/psyq/lib/libspu.a(s_itc.o) (TestEvent)
../third_party/psyq/lib/libapi.a(a12.o)
                              ../third_party/psyq/lib/libspu.a(s_ini.o) (EnableEvent)
../third_party/psyq/lib/libapi.a(a23.o)
                              ../third_party/psyq/lib/libetc.a(intr.o) (ReturnFromException)
../third_party/psyq/lib/libapi.a(a24.o)
                              ../third_party/psyq/lib/libetc.a(intr.o) (ResetEntryInt)
../third_party/psyq/lib/libapi.a(a25.o)
                              ../third_party/psyq/lib/libetc.a(intr.o) (HookEntryInt)
../third_party/psyq/lib/libapi.a(c114.o)
                              ../third_party/psyq/lib/libetc.a(intr.o) (_96_remove)
../third_party/psyq/lib/libapi.a(c73.o)
                              ../third_party/psyq/lib/libgpu.a(sys.o) (GPU_cw)
../third_party/psyq/lib/libapi.a(l10.o)
                              ../third_party/psyq/lib/libetc.a(vsync.o) (ChangeClearRCnt)
../third_party/psyq/lib/libc.a(a63.o)
                              ../third_party/psyq/lib/libetc.a(vsync.o) (puts)
../third_party/psyq/lib/libc.a(c19.o)
                              ../third_party/psyq/lib/libetc.a(intr.o) (setjmp)
../third_party/psyq/lib/libc.a(c27.o)
                              ../third_party/psyq/lib/libgpu.a(font.o) (strlen)
../third_party/psyq/lib/libc.a(c43.o)
                              ../third_party/psyq/lib/libgpu.a(font.o) (memset)

Allocating common symbols
Common symbol       size              file

g_s_attr            0x40              engine/audio.o
input_pad           0x2               engine/input.o
playerSprite        0x50              main.o
l_vag1_spu_addr     0x4               engine/audio.o
input_trig          0x4               engine/input.o
mainPlayer          0x6c              main.o
SCREEN_WIDTH        0x4               engine/basics.o
input_binds         0x1c              engine/input.o
GPUOutputPacket     0x258             engine/basics.o
l_c_attr            0x28              engine/audio.o
SCREEN_HEIGHT       0x4               engine/basics.o
currentBuffer       0x2               engine/basics.o
input_held          0x4               engine/input.o
systemBackgroundColor
                    0xc               engine/basics.o
input_suppress_trig
                    0x1               engine/input.o
mainTimer           0x10              main.o
orderingTable       0x28              engine/basics.o
minorOrderingTable  0x10              engine/basics.o

Discarded input sections

 .text          0x0000000000000000        0x0 main.o
 .bss           0x0000000000000000       0x10 main.o
 .reginfo       0x0000000000000000       0x18 main.o
 .MIPS.abiflags
                0x0000000000000000       0x18 main.o
 .pdr           0x0000000000000000       0xa0 main.o
 .text.gameScreen
                0x0000000000000000        0x8 main.o
 .text          0x0000000000000000        0x0 engine/basics.o
 .data          0x0000000000000000        0x0 engine/basics.o
 .bss           0x0000000000000000        0x0 engine/basics.o
 .reginfo       0x0000000000000000       0x18 engine/basics.o
 .MIPS.abiflags
                0x0000000000000000       0x18 engine/basics.o
 .pdr           0x0000000000000000      0x2c0 engine/basics.o
 .text.scaleImage
                0x0000000000000000       0x74 engine/basics.o
 .text.rotImage
                0x0000000000000000       0x40 engine/basics.o
 .text.moveLine
                0x0000000000000000       0x50 engine/basics.o
 .text.moveBox  0x0000000000000000      0x1a8 engine/basics.o
 .text.transposeBox
                0x0000000000000000       0x34 engine/basics.o
 .text.drawLine
                0x0000000000000000       0x30 engine/basics.o
 .text          0x0000000000000000        0x0 engine/input.o
 .data          0x0000000000000000        0x0 engine/input.o
 .reginfo       0x0000000000000000       0x18 engine/input.o
 .MIPS.abiflags
                0x0000000000000000       0x18 engine/input.o
 .pdr           0x0000000000000000       0x40 engine/input.o
 .text          0x0000000000000000        0x0 engine/timerz.o
 .data          0x0000000000000000        0x0 engine/timerz.o
 .bss           0x0000000000000000        0x0 engine/timerz.o
 .reginfo       0x0000000000000000       0x18 engine/timerz.o
 .MIPS.abiflags
                0x0000000000000000       0x18 engine/timerz.o
 .pdr           0x0000000000000000       0x40 engine/timerz.o
 .text          0x0000000000000000        0x0 engine/audio.o
 .data          0x0000000000000000        0x0 engine/audio.o
 .bss           0x0000000000000000        0x0 engine/audio.o
 .reginfo       0x0000000000000000       0x18 engine/audio.o
 .MIPS.abiflags
                0x0000000000000000       0x18 engine/audio.o
 .pdr           0x0000000000000000       0xa0 engine/audio.o
 .text.audioChannelConfigure
                0x0000000000000000        0x8 engine/audio.o
 .text.audioFree
                0x0000000000000000        0x8 engine/audio.o
 .text          0x0000000000000000        0x0 ../third_party/common/syscalls/printf.o
 .data          0x0000000000000000        0x0 ../third_party/common/syscalls/printf.o
 .bss           0x0000000000000000        0x0 ../third_party/common/syscalls/printf.o
 .reginfo       0x0000000000000000       0x18 ../third_party/common/syscalls/printf.o
 .MIPS.abiflags
                0x0000000000000000       0x18 ../third_party/common/syscalls/printf.o
 .pdr           0x0000000000000000        0x0 ../third_party/common/syscalls/printf.o
 .ramtext       0x0000000000000000        0xc ../third_party/common/syscalls/printf.o
 .debug_line    0x0000000000000000       0x59 ../third_party/common/syscalls/printf.o
 .debug_info    0x0000000000000000       0x26 ../third_party/common/syscalls/printf.o
 .debug_abbrev  0x0000000000000000       0x14 ../third_party/common/syscalls/printf.o
 .debug_aranges
                0x0000000000000000       0x20 ../third_party/common/syscalls/printf.o
 .debug_str     0x0000000000000000       0x48 ../third_party/common/syscalls/printf.o
 .gnu.attributes
                0x0000000000000000       0x10 ../third_party/common/syscalls/printf.o
 .text          0x0000000000000000        0x0 ../third_party/common/crt0/crt0.o
 .data          0x0000000000000000        0x0 ../third_party/common/crt0/crt0.o
 .bss           0x0000000000000000        0x0 ../third_party/common/crt0/crt0.o
 .reginfo       0x0000000000000000       0x18 ../third_party/common/crt0/crt0.o
 .MIPS.abiflags
                0x0000000000000000       0x18 ../third_party/common/crt0/crt0.o
 .data          0x0000000000000000       0x10 ../third_party/psyq/lib/libgs.a(global.o)
 .data          0x0000000000000000       0x10 ../third_party/psyq/lib/libgs.a(gs_001.o)
 .text          0x0000000000000000       0x80 ../third_party/psyq/lib/libgs.a(gs_104.o)
 .text          0x0000000000000000      0x570 ../third_party/psyq/lib/libgs.a(gs_107.o)
 .text          0x0000000000000000       0x90 ../third_party/psyq/lib/libgte.a(msc01.o)
 .text          0x0000000000000000       0x30 ../third_party/psyq/lib/libgte.a(mtx_11.o)
 .data          0x0000000000000000      0x180 ../third_party/psyq/lib/libgte.a(sqrtbl.o)
 .text          0x0000000000000000       0x80 ../third_party/psyq/lib/libspu.a(s_m_f.o)

Memory Configuration

Name             Origin             Length             Attributes
loader           0x000000008000f800 0x0000000000000800
ram              0x0000000080010000 0x00000000001f0000 xrw
dcache           0x000000001f800000 0x0000000000000400
*default*        0x0000000000000000 0xffffffffffffffff

Linker script and memory map

LOAD main.o
LOAD engine/basics.o
LOAD engine/input.o
LOAD engine/timerz.o
LOAD engine/audio.o
LOAD ../third_party/common/syscalls/printf.o
LOAD ../third_party/common/crt0/crt0.o
START GROUP
LOAD ../third_party/psyq/lib/libapi.a
LOAD ../third_party/psyq/lib/libc.a
LOAD ../third_party/psyq/lib/libc2.a
LOAD ../third_party/psyq/lib/libcard.a
LOAD ../third_party/psyq/lib/libcomb.a
LOAD ../third_party/psyq/lib/libds.a
LOAD ../third_party/psyq/lib/libetc.a
LOAD ../third_party/psyq/lib/libgpu.a
LOAD ../third_party/psyq/lib/libgs.a
LOAD ../third_party/psyq/lib/libgte.a
LOAD ../third_party/psyq/lib/libgpu.a
LOAD ../third_party/psyq/lib/libgun.a
LOAD ../third_party/psyq/lib/libhmd.a
LOAD ../third_party/psyq/lib/libmath.a
LOAD ../third_party/psyq/lib/libmcrd.a
LOAD ../third_party/psyq/lib/libmcx.a
LOAD ../third_party/psyq/lib/libpad.a
LOAD ../third_party/psyq/lib/libpress.a
LOAD ../third_party/psyq/lib/libsio.a
LOAD ../third_party/psyq/lib/libsnd.a
LOAD ../third_party/psyq/lib/libspu.a
LOAD ../third_party/psyq/lib/libtap.a
END GROUP
                0x0000000080028300                __heap_base = __bss_end
                0x0000000080010000                TLOAD_ADDR = DEFINED (TLOAD_ADDR)?TLOAD_ADDR:0x80010000
                0x0000000080200000                __ram_top = (ORIGIN (ram) + LENGTH (ram))
                0x00000000801fff00                __sp = (__ram_top - 0x100)
                0x000000001f800000                __dcache = ORIGIN (dcache)
                0x000000001f800400                __dcache_top = (ORIGIN (dcache) + LENGTH (dcache))
                0x0000000000006300                __bss_len = (__bss_end - __bss_start)
                0x0000000000009620                __ftext_len = (__ftext_end - __ftext_start)
                0x00000000000089e0                __fdata_len = (__fdata_end - __fdata_start)
                0x0000000080200000                __stack_start = (ORIGIN (ram) + LENGTH (ram))

.PSX_EXE_Header
                0x000000008000f800      0x800
                0x000000008000f800        0x1 BYTE 0x50
                0x000000008000f801        0x1 BYTE 0x53
                0x000000008000f802        0x1 BYTE 0x2d
                0x000000008000f803        0x1 BYTE 0x58
                0x000000008000f804        0x1 BYTE 0x20
                0x000000008000f805        0x1 BYTE 0x45
                0x000000008000f806        0x1 BYTE 0x58
                0x000000008000f807        0x1 BYTE 0x45
                0x000000008000f808        0x4 LONG 0x0
                0x000000008000f80c        0x4 LONG 0x0
                0x000000008000f810        0x4 LONG 0x80010000 ABSOLUTE (_start)
                0x000000008000f814        0x4 LONG 0x0
                0x000000008000f818        0x4 LONG 0x80010000 TLOAD_ADDR
                0x000000008000f81c        0x4 LONG 0x12000 (__ftext_len + __fdata_len)
                0x000000008000f820        0x4 LONG 0x0
                0x000000008000f824        0x4 LONG 0x0
                0x000000008000f828        0x4 LONG 0x0
                0x000000008000f82c        0x4 LONG 0x0
                0x000000008000f830        0x4 LONG 0x801fff00 DEFINED (_sp)?ABSOLUTE (_sp):0x801fff00
                0x000000008000f834        0x4 LONG 0x0
                0x0000000080010000                . = (. + 0x7c8)
 *fill*         0x000000008000f838      0x7c8 
                0x0000000080010000                __ftext_start = ABSOLUTE (.)

.text           0x0000000080010000     0x9620
 *(.start)
 .start         0x0000000080010000       0x64 ../third_party/common/crt0/crt0.o
                0x0000000080010000                _start
 *(.init)
 *(SORT_NONE(.fini))
 *(.text.unlikely .text.*_unlikely .text.unlikely.*)
 *(.text.exit .text.exit.*)
 *(.text.startup .text.startup.*)
 .text.startup.main
                0x0000000080010064      0x17c main.o
                0x0000000080010064                main
 *(.text.hot .text.hot.*)
 *(.text .stub .text.* .gnu.linkonce.t.*)
 .text.initialize
                0x00000000800101e0       0x70 main.o
                0x00000000800101e0                initialize
 .text.updateAnimation
                0x0000000080010250      0x1e0 main.o
                0x0000000080010250                updateAnimation
 .text.initPlayer
                0x0000000080010430       0x80 main.o
                0x0000000080010430                initPlayer
 .text.setScreenMode.part.0
                0x00000000800104b0       0x64 engine/basics.o
 .text.createImage
                0x0000000080010514      0x10c engine/basics.o
                0x0000000080010514                createImage
 .text.moveImage
                0x0000000080010620       0x44 engine/basics.o
                0x0000000080010620                moveImage
 .text.drawImage
                0x0000000080010664       0x60 engine/basics.o
                0x0000000080010664                drawImage
 .text.createColor
                0x00000000800106c4       0x14 engine/basics.o
                0x00000000800106c4                createColor
 .text.createLine
                0x00000000800106d8       0x8c engine/basics.o
                0x00000000800106d8                createLine
 .text.createBox
                0x0000000080010764      0x12c engine/basics.o
                0x0000000080010764                createBox
 .text.drawBox  0x0000000080010890       0x48 engine/basics.o
                0x0000000080010890                drawBox
 .text.setScreenMode
                0x00000000800108d8       0x70 engine/basics.o
                0x00000000800108d8                setScreenMode
 .text.setBackgroundColor
                0x0000000080010948       0x24 engine/basics.o
                0x0000000080010948                setBackgroundColor
 .text.initializeDebugFont
                0x000000008001096c       0x44 engine/basics.o
                0x000000008001096c                initializeDebugFont
 .text.initializeOrderingTable
                0x00000000800109b0       0x90 engine/basics.o
                0x00000000800109b0                initializeOrderingTable
 .text.flushDisplay
                0x0000000080010a40       0x90 engine/basics.o
                0x0000000080010a40                flushDisplay
 .text.clearDisplay
                0x0000000080010ad0       0x74 engine/basics.o
                0x0000000080010ad0                clearDisplay
 .text.clearVRAM
                0x0000000080010b44       0x44 engine/basics.o
                0x0000000080010b44                clearVRAM
 .text.initializeScreen
                0x0000000080010b88       0xac engine/basics.o
                0x0000000080010b88                initializeScreen
 .text.in_init  0x0000000080010c34       0x68 engine/input.o
                0x0000000080010c34                in_init
 .text.in_update
                0x0000000080010c9c       0x90 engine/input.o
                0x0000000080010c9c                in_update
 .text.createTimer
                0x0000000080010d2c       0x44 engine/timerz.o
                0x0000000080010d2c                createTimer
 .text.incTimer
                0x0000000080010d70       0x5c engine/timerz.o
                0x0000000080010d70                incTimer
 .text.audioInit
                0x0000000080010dcc       0x44 engine/audio.o
                0x0000000080010dcc                audioInit
 .text.audioTransferVagToSPU
                0x0000000080010e10       0xc8 engine/audio.o
                0x0000000080010e10                audioTransferVagToSPU
 .text.audioPlay
                0x0000000080010ed8        0xc engine/audio.o
                0x0000000080010ed8                audioPlay
 *fill*         0x0000000080010ee4        0x4 
 .text          0x0000000080010ee8       0x10 ../third_party/psyq/lib/libapi.a(a91.o)
                0x0000000080010ee8                ChangeClearPAD
 .text          0x0000000080010ef8      0x290 ../third_party/psyq/lib/libapi.a(pad.o)
                0x0000000080010ef8                SetInitPadFlag
                0x0000000080010f04                ReadInitPadFlag
                0x0000000080010f14                PAD_init
                0x0000000080010fa4                InitPAD
                0x0000000080011034                StartPAD
 .text          0x0000000080011188       0xa0 ../third_party/psyq/lib/libapi.a(patch.o)
                0x0000000080011188                EnablePAD
                0x000000008001119c                DisablePAD
                0x00000000800111b0                _patch_pad
 .text          0x0000000080011228       0x10 ../third_party/psyq/lib/libapi.a(a18.o)
                0x0000000080011228                InitPAD2
 .text          0x0000000080011238       0x10 ../third_party/psyq/lib/libapi.a(a19.o)
                0x0000000080011238                StartPAD2
 .text          0x0000000080011248       0x10 ../third_party/psyq/lib/libapi.a(a21.o)
                0x0000000080011248                PAD_init2
 .text          0x0000000080011258       0x10 ../third_party/psyq/lib/libapi.a(a36.o)
                0x0000000080011258                EnterCriticalSection
 .text          0x0000000080011268       0x10 ../third_party/psyq/lib/libapi.a(a37.o)
                0x0000000080011268                ExitCriticalSection
 .text          0x0000000080011278       0x10 ../third_party/psyq/lib/libapi.a(c68.o)
                0x0000000080011278                FlushCache
 .text          0x0000000080011288       0x70 ../third_party/psyq/lib/libapi.a(chclrpad.o)
                0x0000000080011288                _remove_ChgclrPAD
 .text          0x00000000800112f8       0x10 ../third_party/psyq/lib/libapi.a(l02.o)
                0x00000000800112f8                SysEnqIntRP
 .text          0x0000000080011308       0x10 ../third_party/psyq/lib/libapi.a(l03.o)
                0x0000000080011308                SysDeqIntRP
 .text          0x0000000080011318       0x10 ../third_party/psyq/lib/libc.a(c42.o)
                0x0000000080011318                memcpy
 .text          0x0000000080011328       0x10 ../third_party/psyq/lib/libc.a(c63.o)
                0x0000000080011328                printf
 .text          0x0000000080011338       0x30 ../third_party/psyq/lib/libetc.a(vmode.o)
                0x0000000080011338                SetVideoMode
                0x000000008001134c                GetVideoMode
 .text          0x0000000080011368      0x210 ../third_party/psyq/lib/libetc.a(vsync.o)
                0x0000000080011368                VSync
 .text          0x0000000080011578      0x120 ../third_party/psyq/lib/libetc.a(intr_vb.o)
                0x0000000080011578                startIntrVSync
 .text          0x0000000080011698      0x6c0 ../third_party/psyq/lib/libetc.a(intr.o)
                0x0000000080011698                ResetCallback
                0x00000000800116c8                InterruptCallback
                0x00000000800116f8                DMACallback
                0x0000000080011728                VSyncCallback
                0x000000008001175c                VSyncCallbacks
                0x000000008001178c                StopCallback
                0x00000000800117bc                RestartCallback
                0x00000000800117ec                CheckCallback
                0x00000000800117fc                GetIntrMask
                0x0000000080011814                SetIntrMask
 .text          0x0000000080011d58      0x2a0 ../third_party/psyq/lib/libetc.a(intr_dma.o)
                0x0000000080011d58                startIntrDMA
 .text          0x0000000080011ff8      0xa80 ../third_party/psyq/lib/libgpu.a(font.o)
                0x0000000080011ff8                SetDumpFnt
                0x0000000080012038                FntLoad
                0x00000000800120d8                FntOpen
                0x0000000080012394                FntFlush
                0x00000000800126b0                FntPrint
 .text          0x0000000080012a78       0x40 ../third_party/psyq/lib/libgpu.a(p00.o)
                0x0000000080012a78                GetTPage
 .text          0x0000000080012ab8       0x40 ../third_party/psyq/lib/libgpu.a(p06.o)
                0x0000000080012ab8                AddPrim
 .text          0x0000000080012af8       0x20 ../third_party/psyq/lib/libgpu.a(p09.o)
                0x0000000080012af8                TermPrim
 .text          0x0000000080012b18       0x30 ../third_party/psyq/lib/libgpu.a(p10.o)
                0x0000000080012b18                SetSemiTrans
 .text          0x0000000080012b48       0x20 ../third_party/psyq/lib/libgpu.a(p20.o)
                0x0000000080012b48                SetSprt8
 .text          0x0000000080012b68       0x20 ../third_party/psyq/lib/libgpu.a(p26.o)
                0x0000000080012b68                SetTile
 .text          0x0000000080012b88       0x20 ../third_party/psyq/lib/libgpu.a(p27.o)
                0x0000000080012b88                SetLineF2
 .text          0x0000000080012ba8       0xa0 ../third_party/psyq/lib/libgpu.a(p41.o)
                0x0000000080012ba8                SetDrawMode
 .text          0x0000000080012c48     0x2f00 ../third_party/psyq/lib/libgpu.a(sys.o)
                0x0000000080012c48                ResetGraph
                0x0000000080012dbc                SetGraphDebug
                0x0000000080012e18                SetGraphQueue
                0x0000000080012ebc                GetGraphDebug
                0x0000000080012ecc                DrawSyncCallback
                0x0000000080012f2c                SetDispMask
                0x0000000080012fc4                DrawSync
                0x0000000080013148                ClearImage
                0x00000000800131d8                ClearImage2
                0x0000000080013270                LoadImage
                0x00000000800132d0                StoreImage
                0x0000000080013330                MoveImage
                0x00000000800133e8                ClearOTag
                0x00000000800134b0                ClearOTagR
                0x000000008001355c                DrawPrim
                0x00000000800135b8                DrawOTag
                0x0000000080013628                PutDrawEnv
                0x00000000800136e8                DrawOTagEnv
                0x00000000800137c0                GetDrawEnv
                0x00000000800137f4                PutDispEnv
                0x0000000080013cec                GetDispEnv
                0x0000000080013d20                GetODE
                0x0000000080013d50                SetDrawArea
                0x0000000080013dd0                SetDrawOffset
                0x0000000080013e10                SetDrawEnv
                0x00000000800156e0                LoadImage2
                0x00000000800157cc                StoreImage2
                0x00000000800158b8                MoveImage2
                0x00000000800159fc                DrawOTag2
                0x0000000080015af8                _GPU_ResetCallback
 .text          0x0000000080015b48       0xf0 ../third_party/psyq/lib/libgpu.a(e00.o)
                0x0000000080015b48                LoadTPage
 .text          0x0000000080015c38       0x70 ../third_party/psyq/lib/libgpu.a(e02.o)
                0x0000000080015c38                LoadClut2
 .text          0x0000000080015ca8       0x20 ../third_party/psyq/lib/libgpu.a(p01.o)
                0x0000000080015ca8                GetClut
 .text          0x0000000080015cc8      0x500 ../third_party/psyq/lib/libgs.a(2d_sp0.o)
                0x0000000080015cc8                GsSortSprite
 .text          0x00000000800161c8      0x550 ../third_party/psyq/lib/libgs.a(gs_001.o)
                0x00000000800161c8                GsInitGraph
                0x0000000080016358                GsInitGraph2
                0x00000000800165e0                GsSortClear
 .text          0x0000000080016718       0x10 ../third_party/psyq/lib/libgs.a(gs_0021.o)
                0x0000000080016718                GsGetActiveBuff
 .text          0x0000000080016728      0x110 ../third_party/psyq/lib/libgs.a(gs_0022.o)
                0x0000000080016728                GsSetDrawBuffOffset
 .text          0x0000000080016838       0x80 ../third_party/psyq/lib/libgs.a(gs_003.o)
                0x0000000080016838                GsSetDrawBuffClip
 .text          0x00000000800168b8       0xb0 ../third_party/psyq/lib/libgs.a(gs_010.o)
                0x00000000800168b8                GsSwapDispBuff
 .text          0x0000000080016968       0xa0 ../third_party/psyq/lib/libgs.a(gs_103.o)
                0x0000000080016968                GsDefDispBuff
 .text          0x0000000080016a08       0x30 ../third_party/psyq/lib/libgs.a(gs_111.o)
                0x0000000080016a08                GsDrawOt
 .text          0x0000000080016a38       0x60 ../third_party/psyq/lib/libgs.a(gs_113.o)
                0x0000000080016a38                GsClearOt
 .text          0x0000000080016a98       0x50 ../third_party/psyq/lib/libgs.a(gs_121.o)
                0x0000000080016a98                gte_init
 .text          0x0000000080016ae8       0xf0 ../third_party/psyq/lib/libgs.a(gs_122.o)
                0x0000000080016ae8                GsGetTimInfo
 .text          0x0000000080016bd8       0x10 ../third_party/psyq/lib/libgs.a(gs_124.o)
                0x0000000080016bd8                GsSetWorkBase
 .text          0x0000000080016be8       0xa0 ../third_party/psyq/lib/libgs.a(2d_com1.o)
                0x0000000080016be8                _make_packet
 .text          0x0000000080016c88       0x80 ../third_party/psyq/lib/libgte.a(cmb_00.o)
                0x0000000080016c88                RotTransPers4
 .text          0x0000000080016d08      0x290 ../third_party/psyq/lib/libgte.a(fgo_01.o)
                0x0000000080016d08                RotMatrix
 .text          0x0000000080016f98       0x90 ../third_party/psyq/lib/libgte.a(msc00.o)
                0x0000000080016fa0                InitGeom
 .text          0x0000000080017028       0x30 ../third_party/psyq/lib/libgte.a(mtx_07.o)
                0x0000000080017028                TransMatrix
 .text          0x0000000080017058      0x140 ../third_party/psyq/lib/libgte.a(mtx_08.o)
                0x0000000080017058                ScaleMatrix
 .text          0x0000000080017198       0x30 ../third_party/psyq/lib/libgte.a(mtx_09.o)
                0x0000000080017198                SetRotMatrix
 .text          0x00000000800171c8       0x20 ../third_party/psyq/lib/libgte.a(mtx_12.o)
                0x00000000800171c8                SetTransMatrix
 .text          0x00000000800171e8       0xe0 ../third_party/psyq/lib/libgte.a(patchgte.o)
                0x00000000800171e8                _patch_gte
 .text          0x00000000800172c8       0x10 ../third_party/psyq/lib/libgte.a(reg09.o)
                0x00000000800172c8                ReadGeomScreen
 .text          0x00000000800172d8       0x20 ../third_party/psyq/lib/libgte.a(reg11.o)
                0x00000000800172d8                SetFarColor
 .text          0x00000000800172f8       0x20 ../third_party/psyq/lib/libgte.a(reg12.o)
                0x00000000800172f8                SetGeomOffset
 .text          0x0000000080017318       0x20 ../third_party/psyq/lib/libspu.a(s_i.o)
                0x0000000080017318                SpuInit
 .text          0x0000000080017338      0x160 ../third_party/psyq/lib/libspu.a(s_ini.o)
                0x0000000080017338                _SpuInit
                0x0000000080017420                SpuStart
 .text          0x0000000080017498       0xb0 ../third_party/psyq/lib/libspu.a(s_itc.o)
                0x0000000080017498                SpuIsTransferCompleted
 .text          0x0000000080017548       0x60 ../third_party/psyq/lib/libspu.a(s_m_init.o)
                0x0000000080017548                SpuInitMalloc
 .text          0x00000000800175a8      0x300 ../third_party/psyq/lib/libspu.a(s_m_int.o)
                0x00000000800175a8                _spu_gcSPU
 .text          0x00000000800178a8      0x2d0 ../third_party/psyq/lib/libspu.a(s_m_m.o)
                0x00000000800178a8                SpuMalloc
 .text          0x0000000080017b78      0x380 ../third_party/psyq/lib/libspu.a(s_sca.o)
                0x0000000080017b78                SpuSetCommonAttr
 .text          0x0000000080017ef8      0x1c0 ../third_party/psyq/lib/libspu.a(s_sk.o)
                0x0000000080017ef8                SpuSetKey
 .text          0x00000000800180b8       0x30 ../third_party/psyq/lib/libspu.a(s_stm.o)
                0x00000000800180b8                SpuSetTransferMode
 .text          0x00000000800180e8       0x60 ../third_party/psyq/lib/libspu.a(s_stsa.o)
                0x00000000800180e8                SpuSetTransferStartAddr
 .text          0x0000000080018148      0x600 ../third_party/psyq/lib/libspu.a(s_sva.o)
                0x0000000080018148                SpuSetVoiceAttr
 .text          0x0000000080018748       0x60 ../third_party/psyq/lib/libspu.a(s_w.o)
                0x0000000080018748                SpuWrite
 .text          0x00000000800187a8      0xb40 ../third_party/psyq/lib/libspu.a(spu.o)
                0x00000000800187a8                _spu_init
                0x0000000080018be8                _spu_FiDMA
                0x0000000080018ca4                _spu_Fr_
                0x0000000080018d4c                _spu_t
                0x0000000080018fcc                _spu_Fw
                0x0000000080019050                _spu_Fr
                0x00000000800190b4                _spu_FsetRXX
                0x00000000800190f8                _spu_FsetRXXa
                0x000000008001919c                _spu_FgetRXXa
                0x00000000800191d8                _spu_FsetPCR
                0x0000000080019280                _spu_Fw1ts
 .text          0x00000000800192e8       0x30 ../third_party/psyq/lib/libspu.a(s_dcb.o)
                0x00000000800192e8                _SpuDataCallback
 .text          0x0000000080019318      0x200 ../third_party/psyq/lib/libspu.a(s_n2p.o)
                0x0000000080019318                _spu_note2pitch
                0x00000000800193e8                _spu_pitch2note
 .text          0x0000000080019518       0x10 ../third_party/psyq/lib/libapi.a(a07.o)
                0x0000000080019518                DeliverEvent
 .text          0x0000000080019528       0x10 ../third_party/psyq/lib/libapi.a(a08.o)
                0x0000000080019528                OpenEvent
 .text          0x0000000080019538       0x10 ../third_party/psyq/lib/libapi.a(a11.o)
                0x0000000080019538                TestEvent
 .text          0x0000000080019548       0x10 ../third_party/psyq/lib/libapi.a(a12.o)
                0x0000000080019548                EnableEvent
 .text          0x0000000080019558       0x10 ../third_party/psyq/lib/libapi.a(a23.o)
                0x0000000080019558                ReturnFromException
 .text          0x0000000080019568       0x10 ../third_party/psyq/lib/libapi.a(a24.o)
                0x0000000080019568                ResetEntryInt
 .text          0x0000000080019578       0x10 ../third_party/psyq/lib/libapi.a(a25.o)
                0x0000000080019578                HookEntryInt
 .text          0x0000000080019588       0x20 ../third_party/psyq/lib/libapi.a(c114.o)
                0x0000000080019590                _96_remove
 .text          0x00000000800195a8       0x10 ../third_party/psyq/lib/libapi.a(c73.o)
                0x00000000800195a8                GPU_cw
 .text          0x00000000800195b8       0x10 ../third_party/psyq/lib/libapi.a(l10.o)
                0x00000000800195b8                ChangeClearRCnt
 .text          0x00000000800195c8       0x20 ../third_party/psyq/lib/libc.a(a63.o)
                0x00000000800195d0                puts
 .text          0x00000000800195e8       0x10 ../third_party/psyq/lib/libc.a(c19.o)
                0x00000000800195e8                setjmp
 .text          0x00000000800195f8       0x10 ../third_party/psyq/lib/libc.a(c27.o)
                0x00000000800195f8                strlen
 .text          0x0000000080019608       0x10 ../third_party/psyq/lib/libc.a(c43.o)
                0x0000000080019608                memset
                0x0000000080019620                . = ALIGN (0x10)
 *fill*         0x0000000080019618        0x8 
 *(.init)
                0x0000000080019620                . = ALIGN (0x10)
 *(.fini)
                0x0000000080019620                . = ALIGN (0x10)
                0x0000000080019620                __text_end = .
                0x0000000080019620                __ftext_end = ABSOLUTE (.)
                0x0000000080019620                __fdata_start = ABSOLUTE (.)

.rodata         0x0000000080019620      0x554
 *(.rodata .rodata.* .rdata .rdata.* .gnu.linkonce.r.*)
 .rodata.str1.4
                0x0000000080019620        0xf main.o
                                         0x10 (size before relaxing)
 *fill*         0x000000008001962f        0x1 
 .rodata.str1.4
                0x0000000080019630       0x80 engine/basics.o
 .rodata        0x00000000800196b0       0x20 engine/input.o
                0x00000000800196b0                input_binds_default
 .rodata        0x00000000800196d0       0x10 ../third_party/common/crt0/crt0.o
 .rdata         0x00000000800196e0       0x10 ../third_party/psyq/lib/libetc.a(vsync.o)
 .rdata         0x00000000800196f0       0x70 ../third_party/psyq/lib/libetc.a(intr.o)
 .rdata         0x0000000080019760       0x30 ../third_party/psyq/lib/libetc.a(intr_dma.o)
 .rdata         0x0000000080019790       0xa0 ../third_party/psyq/lib/libgpu.a(font.o)
 .rdata         0x0000000080019830      0x220 ../third_party/psyq/lib/libgpu.a(sys.o)
 .rdata         0x0000000080019a50       0x30 ../third_party/psyq/lib/libgs.a(2d_com1.o)
 .rdata         0x0000000080019a80       0x40 ../third_party/psyq/lib/libspu.a(s_sca.o)
 .rdata         0x0000000080019ac0       0x40 ../third_party/psyq/lib/libspu.a(s_sva.o)
 .rdata         0x0000000080019b00       0x50 ../third_party/psyq/lib/libspu.a(spu.o)
                0x0000000080019b50                . = ALIGN (0x10)
                0x0000000080019b50                __preinit_array_start = .
 *(.preinit_array)
                0x0000000080019b50                __preinit_array_end = .
                0x0000000080019b50                . = ALIGN (0x10)
                0x0000000080019b50                __init_array_start = .
 *(SORT_BY_NAME(.init_array.*))
 *(.init_array)
                0x0000000080019b50                . = ALIGN (0x10)
 *crtbegin.o(.ctors)
 *(EXCLUDE_FILE(*crtend.o) .ctors)
 *(SORT_BY_NAME(.ctors.*))
 *crtend.o(.ctors)
                0x0000000080019b50                __init_array_end = .
                0x0000000080019b50                . = ALIGN (0x10)
                0x0000000080019b50                __fini_array_start = .
 *(.fini_array)
 *(SORT_BY_NAME(.fini_array.*))
 *crtbegin.o(.dtors)
 *(EXCLUDE_FILE(*crtend.o) .dtors)
 *(SORT_BY_NAME(.dtors.*))
 *crtend.o(.dtors)
                0x0000000080019b50                __fini_array_end = .
                0x0000000080019b50                __build_id = .
 *(.note.gnu.build-id)
 .note.gnu.build-id
                0x0000000080019b50       0x24 main.o
                0x0000000080019b74                __build_id_end = .

.rel.dyn        0x0000000080019b74        0x0
 .rel.dyn       0x0000000080019b74        0x0 main.o

.rodata1
 *(.rodata1)
                0x0000000080019b74                __data_start = .

.data           0x0000000080019b80     0x8480
 *(.a0table)
 *(.data .data.* .gnu.linkonce.d.*)
 .data          0x0000000080019b80     0x2240 main.o
                0x0000000080019b80                img_beepsrites
                0x0000000080019b90                buzz1
                0x000000008001b2a0                buzz1_size
                0x000000008001b2a4                img_bee_2
                0x000000008001b650                img_bee_1
                0x000000008001b9fc                img_bee_0
                0x000000008001bda8                img_bee_2_height
                0x000000008001bdaa                img_bee_2_width
                0x000000008001bdac                img_bee_1_height
                0x000000008001bdae                img_bee_1_width
                0x000000008001bdb0                img_bee_0_height
                0x000000008001bdb2                img_bee_0_width
                0x000000008001bdb4                img_bee_2_gpu_x
                0x000000008001bdb6                img_bee_1_gpu_x
                0x000000008001bdb8                img_bee_0_gpu_x
 .data          0x000000008001bdc0       0x10 ../third_party/psyq/lib/libapi.a(pad.o)
 .data          0x000000008001bdd0       0x10 ../third_party/psyq/lib/libetc.a(vmode.o)
 .data          0x000000008001bde0       0x20 ../third_party/psyq/lib/libetc.a(vsync.o)
                0x000000008001bdf0                Hcount
 .data          0x000000008001be00       0x30 ../third_party/psyq/lib/libetc.a(intr_vb.o)
                0x000000008001be20                Vcount
 .data          0x000000008001be30     0x1100 ../third_party/psyq/lib/libetc.a(intr.o)
 .data          0x000000008001cf30       0x30 ../third_party/psyq/lib/libetc.a(intr_dma.o)
 .data          0x000000008001cf60      0xb90 ../third_party/psyq/lib/libgpu.a(font.o)
                0x000000008001cf60                Font
 .data          0x000000008001daf0      0x1a0 ../third_party/psyq/lib/libgpu.a(sys.o)
                0x000000008001db3c                GPU_printf
                0x000000008001db40                GEnv
                0x000000008001dc68                _qin
                0x000000008001dc6c                _qout
 .data          0x000000008001dc90       0x10 ../third_party/psyq/lib/libgte.a(msc00.o)
 .data          0x000000008001dca0     0x4000 ../third_party/psyq/lib/libgte.a(cstbl.o)
                0x000000008001dca0                rcossin_tbl
 .data          0x0000000080021ca0       0x80 ../third_party/psyq/lib/libspu.a(s_ini.o)
                0x0000000080021ca8                _spu_EVdma
                0x0000000080021cac                _spu_keystat
                0x0000000080021cb0                _spu_trans_mode
                0x0000000080021cb4                _spu_rev_flag
                0x0000000080021cb8                _spu_rev_reserve_wa
                0x0000000080021cbc                _spu_rev_offsetaddr
                0x0000000080021cc0                _spu_rev_attr
                0x0000000080021cd4                _spu_RQvoice
                0x0000000080021cd8                _spu_RQmask
                0x0000000080021cdc                _spu_voice_centerNote
                0x0000000080021d0c                _spu_env
                0x0000000080021d10                _spu_isCalled
 .data          0x0000000080021d20       0x10 ../third_party/psyq/lib/libspu.a(s_m.o)
                0x0000000080021d20                _spu_AllocBlockNum
                0x0000000080021d24                _spu_AllocLastNum
                0x0000000080021d28                _spu_memList
 .data          0x0000000080021d30       0x30 ../third_party/psyq/lib/libspu.a(s_rmp0.o)
                0x0000000080021d30                _spu_rev_startaddr
 .data          0x0000000080021d60       0x60 ../third_party/psyq/lib/libspu.a(spu.o)
                0x0000000080021d60                _spu_RXX
                0x0000000080021d78                _spu_tsa
                0x0000000080021d7c                _spu_transMode
                0x0000000080021d80                _spu_addrMode
                0x0000000080021d84                _spu_mem_mode
                0x0000000080021d88                _spu_mem_mode_plus
                0x0000000080021d8c                _spu_mem_mode_unit
                0x0000000080021d90                _spu_mem_mode_unitM
                0x0000000080021d94                _spu_inTransfer
                0x0000000080021d98                _spu_transferCallback
                0x0000000080021d9c                _spu_IRQCallback
 .data          0x0000000080021dc0      0x120 ../third_party/psyq/lib/libspu.a(s_n2p.o)
 *(.data1)
 *(.sdata .sdata.* .gnu.linkonce.s.*)
 *(.sdata2 .sdata2.* .gnu.linkonce.s2.*)
 *(.got.plt)
 *(.got)
                0x0000000080022000                . = ALIGN (0x800)
 *fill*         0x0000000080021ee0      0x120 
                0x0000000080022000                __data_end = .
                0x0000000080022000                __fdata_end = .
                0x0000000080022000                __bss_start = .

.sbss           0x0000000080022000     0x6300
 *(.dynsbss)
 *(.sbss .sbss.* .gnu.linkonce.sb.*)
 *(.scommon)
 .scommon       0x0000000080022000        0xa engine/basics.o
                0x0000000080022000                SCREEN_WIDTH
                0x0000000080022004                SCREEN_HEIGHT
                0x0000000080022008                currentBuffer
 *fill*         0x000000008002200a        0x2 
 .scommon       0x000000008002200c        0xd engine/input.o
                0x000000008002200c                input_pad
                0x0000000080022010                input_trig
                0x0000000080022014                input_held
                0x0000000080022018                input_suppress_trig
 *fill*         0x0000000080022019        0x3 
 .scommon       0x000000008002201c        0x4 engine/audio.o
                0x000000008002201c                l_vag1_spu_addr
 *(.dynbss)
 *(.bss .bss.* .gnu.linkonce.b.*)
 .bss           0x0000000080022020       0x50 engine/input.o
 .bss           0x0000000080022070       0x10 ../third_party/psyq/lib/libapi.a(pad.o)
                0x0000000080022070                _apiPadPatch
 .bss           0x0000000080022080       0x10 ../third_party/psyq/lib/libapi.a(patch.o)
 .bss           0x0000000080022090       0x10 ../third_party/psyq/lib/libapi.a(chclrpad.o)
 .bss           0x00000000800220a0     0x4410 ../third_party/psyq/lib/libgpu.a(font.o)
 .bss           0x00000000800264b0     0x1850 ../third_party/psyq/lib/libgpu.a(sys.o)
                0x0000000080026500                _que
 .bss           0x0000000080027d00       0x54 ../third_party/psyq/lib/libgs.a(global.o)
                0x0000000080027d00                GsOUT_PACKET_P
                0x0000000080027d08                GsMATE_C
                0x0000000080027d10                GsLMODE
                0x0000000080027d18                GsLIGNR
                0x0000000080027d20                GsLIOFF
                0x0000000080027d28                GsZOVER
                0x0000000080027d30                GsBACKC
                0x0000000080027d38                GsNDIV
                0x0000000080027d40                GsTRATE
                0x0000000080027d48                GsTON
                0x0000000080027d50                GsDISPON
 *fill*         0x0000000080027d54        0x4 
 .bss           0x0000000080027d58       0xea ../third_party/psyq/lib/libgs.a(gs_001.o)
                0x0000000080027d78                PSDIDX
                0x0000000080027d80                GsDRAWENV
                0x0000000080027de0                GsDISPENV
                0x0000000080027df8                PSDGPU
                0x0000000080027e00                PSDBASEX
                0x0000000080027e08                PSDBASEY
                0x0000000080027e10                POSITION
                0x0000000080027e18                CLIP2
                0x0000000080027e20                PSDCNT
                0x0000000080027e28                PSDOFSX
                0x0000000080027e30                PSDOFSY
                0x0000000080027e38                GsORGOFSX
                0x0000000080027e40                GsORGOFSY
 *fill*         0x0000000080027e42        0x6 
 .bss           0x0000000080027e48       0x24 ../third_party/psyq/lib/libgs.a(gs_104.o)
                0x0000000080027e48                HWD0
                0x0000000080027e50                VWD0
                0x0000000080027e58                GsCLIP3near
                0x0000000080027e60                GsLIGHT_MODE
                0x0000000080027e68                GsCLIP3far
 *fill*         0x0000000080027e6c        0x4 
 .bss           0x0000000080027e70       0x40 ../third_party/psyq/lib/libgs.a(gs_107.o)
                0x0000000080027e70                GsLIGHTWSMATRIX
                0x0000000080027e90                _LC
 .bss           0x0000000080027eb0       0x40 ../third_party/psyq/lib/libgs.a(gs_128.o)
                0x0000000080027eb0                GsIDMATRIX
                0x0000000080027ed0                GsIDMATRIX2
 .bss           0x0000000080027ef0       0x10 ../third_party/psyq/lib/libgte.a(patchgte.o)
 .bss           0x0000000080027f00       0x14 ../third_party/psyq/lib/libspu.a(spu.o)
                0x0000000080027f00                _spu_RQ
 *(COMMON)
 COMMON         0x0000000080027f14       0xcc main.o
                0x0000000080027f14                playerSprite
                0x0000000080027f64                mainPlayer
                0x0000000080027fd0                mainTimer
 COMMON         0x0000000080027fe0      0x29c engine/basics.o
                0x0000000080027fe0                GPUOutputPacket
                0x0000000080028238                systemBackgroundColor
                0x0000000080028244                orderingTable
                0x000000008002826c                minorOrderingTable
 COMMON         0x000000008002827c       0x1c engine/input.o
                0x000000008002827c                input_binds
 COMMON         0x0000000080028298       0x68 engine/audio.o
                0x0000000080028298                g_s_attr
                0x00000000800282d8                l_c_attr
                0x0000000080028300                . = ALIGN (0x4)
                0x0000000080028300                __bss_end = .
                0x0000000080028300                __heap_start = __heap_base
                0x000000008000f800                . = (ADDR (.text) - 0x800)
                0x000000008000f800                __end = .

/DISCARD/
 *(.MIPS.abiflags)
 *(.rel.iplt)
 *(.rela.iplt)
 *(.rel.plt)
 *(.rela.plt)
 *(.plt)
 *(.iplt)
 *(.note.GNU-stack)
 *(.gnu_debuglink)
 *(.gnu.lto_*)
OUTPUT(BuzzyBee.elf elf32-tradlittlemips)

.mdebug.abi32   0x0000000000000000        0x0
 .mdebug.abi32  0x0000000000000000        0x0 main.o
 .mdebug.abi32  0x0000000000000000        0x0 engine/basics.o
 .mdebug.abi32  0x0000000000000000        0x0 engine/input.o
 .mdebug.abi32  0x0000000000000000        0x0 engine/timerz.o
 .mdebug.abi32  0x0000000000000000        0x0 engine/audio.o

.comment        0x0000000000000000       0x2a
 .comment       0x0000000000000000       0x2a main.o
                                         0x2b (size before relaxing)
 .comment       0x000000000000002a       0x2b engine/basics.o
 .comment       0x000000000000002a       0x2b engine/input.o
 .comment       0x000000000000002a       0x2b engine/timerz.o
 .comment       0x000000000000002a       0x2b engine/audio.o

.gnu.attributes
                0x0000000000000000       0x10
 .gnu.attributes
                0x0000000000000000       0x10 main.o
 .gnu.attributes
                0x0000000000000010       0x10 engine/basics.o
 .gnu.attributes
                0x0000000000000020       0x10 engine/input.o
 .gnu.attributes
                0x0000000000000030       0x10 engine/timerz.o
 .gnu.attributes
                0x0000000000000040       0x10 engine/audio.o
 .gnu.attributes
                0x0000000000000050       0x10 ../third_party/common/crt0/crt0.o

.pdr            0x0000000000000000        0x0
 .pdr           0x0000000000000000        0x0 ../third_party/common/crt0/crt0.o

.note           0x0000000000000000     0x2b80
 .note          0x0000000000000000       0x74 ../third_party/psyq/lib/libapi.a(a91.o)
 .note          0x0000000000000074       0x74 ../third_party/psyq/lib/libapi.a(pad.o)
 .note          0x00000000000000e8       0x74 ../third_party/psyq/lib/libapi.a(patch.o)
 .note          0x000000000000015c       0x74 ../third_party/psyq/lib/libapi.a(a18.o)
 .note          0x00000000000001d0       0x74 ../third_party/psyq/lib/libapi.a(a19.o)
 .note          0x0000000000000244       0x74 ../third_party/psyq/lib/libapi.a(a21.o)
 .note          0x00000000000002b8       0x74 ../third_party/psyq/lib/libapi.a(a36.o)
 .note          0x000000000000032c       0x74 ../third_party/psyq/lib/libapi.a(a37.o)
 .note          0x00000000000003a0       0x74 ../third_party/psyq/lib/libapi.a(c68.o)
 .note          0x0000000000000414       0x74 ../third_party/psyq/lib/libapi.a(chclrpad.o)
 .note          0x0000000000000488       0x74 ../third_party/psyq/lib/libapi.a(l02.o)
 .note          0x00000000000004fc       0x74 ../third_party/psyq/lib/libapi.a(l03.o)
 .note          0x0000000000000570       0x74 ../third_party/psyq/lib/libc.a(c42.o)
 .note          0x00000000000005e4       0x74 ../third_party/psyq/lib/libc.a(c63.o)
 .note          0x0000000000000658       0x74 ../third_party/psyq/lib/libetc.a(vmode.o)
 .note          0x00000000000006cc       0x74 ../third_party/psyq/lib/libetc.a(vsync.o)
 .note          0x0000000000000740       0x74 ../third_party/psyq/lib/libetc.a(intr_vb.o)
 .note          0x00000000000007b4       0x74 ../third_party/psyq/lib/libetc.a(intr.o)
 .note          0x0000000000000828       0x74 ../third_party/psyq/lib/libetc.a(intr_dma.o)
 .note          0x000000000000089c       0x74 ../third_party/psyq/lib/libgpu.a(font.o)
 .note          0x0000000000000910       0x74 ../third_party/psyq/lib/libgpu.a(p00.o)
 .note          0x0000000000000984       0x74 ../third_party/psyq/lib/libgpu.a(p06.o)
 .note          0x00000000000009f8       0x74 ../third_party/psyq/lib/libgpu.a(p09.o)
 .note          0x0000000000000a6c       0x74 ../third_party/psyq/lib/libgpu.a(p10.o)
 .note          0x0000000000000ae0       0x74 ../third_party/psyq/lib/libgpu.a(p20.o)
 .note          0x0000000000000b54       0x74 ../third_party/psyq/lib/libgpu.a(p26.o)
 .note          0x0000000000000bc8       0x74 ../third_party/psyq/lib/libgpu.a(p27.o)
 .note          0x0000000000000c3c       0x74 ../third_party/psyq/lib/libgpu.a(p41.o)
 .note          0x0000000000000cb0       0x74 ../third_party/psyq/lib/libgpu.a(sys.o)
 .note          0x0000000000000d24       0x74 ../third_party/psyq/lib/libgpu.a(e00.o)
 .note          0x0000000000000d98       0x74 ../third_party/psyq/lib/libgpu.a(e02.o)
 .note          0x0000000000000e0c       0x74 ../third_party/psyq/lib/libgpu.a(p01.o)
 .note          0x0000000000000e80       0x74 ../third_party/psyq/lib/libgs.a(2d_sp0.o)
 .note          0x0000000000000ef4       0x74 ../third_party/psyq/lib/libgs.a(global.o)
 .note          0x0000000000000f68       0x74 ../third_party/psyq/lib/libgs.a(gs_001.o)
 .note          0x0000000000000fdc       0x74 ../third_party/psyq/lib/libgs.a(gs_0021.o)
 .note          0x0000000000001050       0x74 ../third_party/psyq/lib/libgs.a(gs_0022.o)
 .note          0x00000000000010c4       0x74 ../third_party/psyq/lib/libgs.a(gs_003.o)
 .note          0x0000000000001138       0x74 ../third_party/psyq/lib/libgs.a(gs_010.o)
 .note          0x00000000000011ac       0x74 ../third_party/psyq/lib/libgs.a(gs_103.o)
 .note          0x0000000000001220       0x74 ../third_party/psyq/lib/libgs.a(gs_104.o)
 .note          0x0000000000001294       0x74 ../third_party/psyq/lib/libgs.a(gs_107.o)
 .note          0x0000000000001308       0x74 ../third_party/psyq/lib/libgs.a(gs_111.o)
 .note          0x000000000000137c       0x74 ../third_party/psyq/lib/libgs.a(gs_113.o)
 .note          0x00000000000013f0       0x74 ../third_party/psyq/lib/libgs.a(gs_121.o)
 .note          0x0000000000001464       0x74 ../third_party/psyq/lib/libgs.a(gs_122.o)
 .note          0x00000000000014d8       0x74 ../third_party/psyq/lib/libgs.a(gs_124.o)
 .note          0x000000000000154c       0x74 ../third_party/psyq/lib/libgs.a(gs_128.o)
 .note          0x00000000000015c0       0x74 ../third_party/psyq/lib/libgs.a(2d_com1.o)
 .note          0x0000000000001634       0x74 ../third_party/psyq/lib/libgte.a(cmb_00.o)
 .note          0x00000000000016a8       0x74 ../third_party/psyq/lib/libgte.a(fgo_01.o)
 .note          0x000000000000171c       0x74 ../third_party/psyq/lib/libgte.a(msc00.o)
 .note          0x0000000000001790       0x74 ../third_party/psyq/lib/libgte.a(msc01.o)
 .note          0x0000000000001804       0x74 ../third_party/psyq/lib/libgte.a(mtx_07.o)
 .note          0x0000000000001878       0x74 ../third_party/psyq/lib/libgte.a(mtx_08.o)
 .note          0x00000000000018ec       0x74 ../third_party/psyq/lib/libgte.a(mtx_09.o)
 .note          0x0000000000001960       0x74 ../third_party/psyq/lib/libgte.a(mtx_11.o)
 .note          0x00000000000019d4       0x74 ../third_party/psyq/lib/libgte.a(mtx_12.o)
 .note          0x0000000000001a48       0x74 ../third_party/psyq/lib/libgte.a(patchgte.o)
 .note          0x0000000000001abc       0x74 ../third_party/psyq/lib/libgte.a(reg09.o)
 .note          0x0000000000001b30       0x74 ../third_party/psyq/lib/libgte.a(reg11.o)
 .note          0x0000000000001ba4       0x74 ../third_party/psyq/lib/libgte.a(reg12.o)
 .note          0x0000000000001c18       0x74 ../third_party/psyq/lib/libgte.a(sqrtbl.o)
 .note          0x0000000000001c8c       0x74 ../third_party/psyq/lib/libgte.a(cstbl.o)
 .note          0x0000000000001d00       0x74 ../third_party/psyq/lib/libspu.a(s_i.o)
 .note          0x0000000000001d74       0x74 ../third_party/psyq/lib/libspu.a(s_ini.o)
 .note          0x0000000000001de8       0x74 ../third_party/psyq/lib/libspu.a(s_itc.o)
 .note          0x0000000000001e5c       0x74 ../third_party/psyq/lib/libspu.a(s_m.o)
 .note          0x0000000000001ed0       0x74 ../third_party/psyq/lib/libspu.a(s_m_f.o)
 .note          0x0000000000001f44       0x74 ../third_party/psyq/lib/libspu.a(s_m_init.o)
 .note          0x0000000000001fb8       0x74 ../third_party/psyq/lib/libspu.a(s_m_int.o)
 .note          0x000000000000202c       0x74 ../third_party/psyq/lib/libspu.a(s_m_m.o)
 .note          0x00000000000020a0       0x74 ../third_party/psyq/lib/libspu.a(s_rmp0.o)
 .note          0x0000000000002114       0x74 ../third_party/psyq/lib/libspu.a(s_sca.o)
 .note          0x0000000000002188       0x74 ../third_party/psyq/lib/libspu.a(s_sk.o)
 .note          0x00000000000021fc       0x74 ../third_party/psyq/lib/libspu.a(s_stm.o)
 .note          0x0000000000002270       0x74 ../third_party/psyq/lib/libspu.a(s_stsa.o)
 .note          0x00000000000022e4       0x74 ../third_party/psyq/lib/libspu.a(s_sva.o)
 .note          0x0000000000002358       0x74 ../third_party/psyq/lib/libspu.a(s_w.o)
 .note          0x00000000000023cc       0x74 ../third_party/psyq/lib/libspu.a(spu.o)
 .note          0x0000000000002440       0x74 ../third_party/psyq/lib/libspu.a(s_dcb.o)
 .note          0x00000000000024b4       0x74 ../third_party/psyq/lib/libspu.a(s_n2p.o)
 .note          0x0000000000002528       0x74 ../third_party/psyq/lib/libapi.a(a07.o)
 .note          0x000000000000259c       0x74 ../third_party/psyq/lib/libapi.a(a08.o)
 .note          0x0000000000002610       0x74 ../third_party/psyq/lib/libapi.a(a11.o)
 .note          0x0000000000002684       0x74 ../third_party/psyq/lib/libapi.a(a12.o)
 .note          0x00000000000026f8       0x74 ../third_party/psyq/lib/libapi.a(a23.o)
 .note          0x000000000000276c       0x74 ../third_party/psyq/lib/libapi.a(a24.o)
 .note          0x00000000000027e0       0x74 ../third_party/psyq/lib/libapi.a(a25.o)
 .note          0x0000000000002854       0x74 ../third_party/psyq/lib/libapi.a(c114.o)
 .note          0x00000000000028c8       0x74 ../third_party/psyq/lib/libapi.a(c73.o)
 .note          0x000000000000293c       0x74 ../third_party/psyq/lib/libapi.a(l10.o)
 .note          0x00000000000029b0       0x74 ../third_party/psyq/lib/libc.a(a63.o)
 .note          0x0000000000002a24       0x74 ../third_party/psyq/lib/libc.a(c19.o)
 .note          0x0000000000002a98       0x74 ../third_party/psyq/lib/libc.a(c27.o)
 .note          0x0000000000002b0c       0x74 ../third_party/psyq/lib/libc.a(c43.o)

.debug_info     0x0000000000000000     0x3271
 .debug_info    0x0000000000000000      0xf23 main.o
 .debug_info    0x0000000000000f23     0x1861 engine/basics.o
 .debug_info    0x0000000000002784      0x4bd engine/input.o
 .debug_info    0x0000000000002c41      0x14b engine/timerz.o
 .debug_info    0x0000000000002d8c      0x4bf engine/audio.o
 .debug_info    0x000000000000324b       0x26 ../third_party/common/crt0/crt0.o

.debug_abbrev   0x0000000000000000      0xaca
 .debug_abbrev  0x0000000000000000      0x23d main.o
 .debug_abbrev  0x000000000000023d      0x3bc engine/basics.o
 .debug_abbrev  0x00000000000005f9      0x229 engine/input.o
 .debug_abbrev  0x0000000000000822      0x127 engine/timerz.o
 .debug_abbrev  0x0000000000000949      0x16d engine/audio.o
 .debug_abbrev  0x0000000000000ab6       0x14 ../third_party/common/crt0/crt0.o

.debug_aranges  0x0000000000000000      0x1b8
 .debug_aranges
                0x0000000000000000       0x40 main.o
 .debug_aranges
                0x0000000000000040       0xc8 engine/basics.o
 .debug_aranges
                0x0000000000000108       0x28 engine/input.o
 .debug_aranges
                0x0000000000000130       0x28 engine/timerz.o
 .debug_aranges
                0x0000000000000158       0x40 engine/audio.o
 .debug_aranges
                0x0000000000000198       0x20 ../third_party/common/crt0/crt0.o

.debug_ranges   0x0000000000000000      0x178
 .debug_ranges  0x0000000000000000       0x30 main.o
 .debug_ranges  0x0000000000000030       0xd0 engine/basics.o
 .debug_ranges  0x0000000000000100       0x30 engine/input.o
 .debug_ranges  0x0000000000000130       0x18 engine/timerz.o
 .debug_ranges  0x0000000000000148       0x30 engine/audio.o

.debug_line     0x0000000000000000      0xeb4
 .debug_line    0x0000000000000000      0x325 main.o
 .debug_line    0x0000000000000325      0x79c engine/basics.o
 .debug_line    0x0000000000000ac1      0x14b engine/input.o
 .debug_line    0x0000000000000c0c       0xfd engine/timerz.o
 .debug_line    0x0000000000000d09      0x148 engine/audio.o
 .debug_line    0x0000000000000e51       0x63 ../third_party/common/crt0/crt0.o

.debug_str      0x0000000000000000      0xcbf
 .debug_str     0x0000000000000000      0x7c1 main.o
                                        0x824 (size before relaxing)
 .debug_str     0x00000000000007c1      0x274 engine/basics.o
                                        0x6ec (size before relaxing)
 .debug_str     0x0000000000000a35       0x83 engine/input.o
                                        0x3a8 (size before relaxing)
 .debug_str     0x0000000000000ab8       0x16 engine/timerz.o
                                        0x1dc (size before relaxing)
 .debug_str     0x0000000000000ace      0x1c3 engine/audio.o
                                        0x364 (size before relaxing)
 .debug_str     0x0000000000000c91       0x2e ../third_party/common/crt0/crt0.o
                                         0x42 (size before relaxing)

.debug_frame    0x0000000000000000      0x478
 .debug_frame   0x0000000000000000       0xa4 main.o
 .debug_frame   0x00000000000000a4      0x2c0 engine/basics.o
 .debug_frame   0x0000000000000364       0x40 engine/input.o
 .debug_frame   0x00000000000003a4       0x4c engine/timerz.o
 .debug_frame   0x00000000000003f0       0x88 engine/audio.o

.debug_loc      0x0000000000000000      0xb37
 .debug_loc     0x0000000000000000      0x868 engine/basics.o
 .debug_loc     0x0000000000000868       0x61 engine/input.o
 .debug_loc     0x00000000000008c9      0x170 engine/timerz.o
 .debug_loc     0x0000000000000a39       0xfe engine/audio.o
