Archive member included to satisfy reference by file (symbol)

../third_party/psyq/lib/libapi.a(a91.o)
                              engine/input.o (ChangeClearPAD)
../third_party/psyq/lib/libapi.a(pad.o)
                              engine/input.o (InitPAD)
../third_party/psyq/lib/libapi.a(patch.o)
                              ../third_party/psyq/lib/libapi.a(pad.o) (_patch_pad)
../third_party/psyq/lib/libapi.a(a18.o)
                              ../third_party/psyq/lib/libapi.a(pad.o) (InitPAD2)
../third_party/psyq/lib/libapi.a(a19.o)
                              ../third_party/psyq/lib/libapi.a(pad.o) (StartPAD2)
../third_party/psyq/lib/libapi.a(a21.o)
                              ../third_party/psyq/lib/libapi.a(pad.o) (PAD_init2)
../third_party/psyq/lib/libapi.a(a36.o)
                              ../third_party/psyq/lib/libapi.a(pad.o) (EnterCriticalSection)
../third_party/psyq/lib/libapi.a(a37.o)
                              ../third_party/psyq/lib/libapi.a(pad.o) (ExitCriticalSection)
../third_party/psyq/lib/libapi.a(c68.o)
                              ../third_party/psyq/lib/libapi.a(patch.o) (FlushCache)
../third_party/psyq/lib/libapi.a(chclrpad.o)
                              ../third_party/psyq/lib/libapi.a(pad.o) (_remove_ChgclrPAD)
../third_party/psyq/lib/libapi.a(l02.o)
                              ../third_party/psyq/lib/libapi.a(pad.o) (SysEnqIntRP)
../third_party/psyq/lib/libapi.a(l03.o)
                              ../third_party/psyq/lib/libapi.a(pad.o) (SysDeqIntRP)
../third_party/psyq/lib/libc.a(c42.o)
                              main.o (memcpy)
../third_party/psyq/lib/libc.a(c63.o)
                              main.o (printf)
../third_party/psyq/lib/libetc.a(vmode.o)
                              engine/basics.o (GetVideoMode)
../third_party/psyq/lib/libetc.a(vsync.o)
                              engine/basics.o (VSync)
../third_party/psyq/lib/libetc.a(intr_vb.o)
                              ../third_party/psyq/lib/libetc.a(vsync.o) (Vcount)
../third_party/psyq/lib/libetc.a(intr.o)
                              ../third_party/psyq/lib/libetc.a(intr_vb.o) (InterruptCallback)
../third_party/psyq/lib/libetc.a(intr_dma.o)
                              ../third_party/psyq/lib/libetc.a(intr.o) (startIntrDMA)
../third_party/psyq/lib/libgpu.a(font.o)
                              engine/basics.o (FntFlush)
../third_party/psyq/lib/libgpu.a(p00.o)
                              engine/basics.o (GetTPage)
../third_party/psyq/lib/libgpu.a(p06.o)
                              ../third_party/psyq/lib/libgpu.a(font.o) (AddPrim)
../third_party/psyq/lib/libgpu.a(p09.o)
                              ../third_party/psyq/lib/libgpu.a(font.o) (TermPrim)
../third_party/psyq/lib/libgpu.a(p10.o)
                              ../third_party/psyq/lib/libgpu.a(font.o) (SetSemiTrans)
../third_party/psyq/lib/libgpu.a(p20.o)
                              ../third_party/psyq/lib/libgpu.a(font.o) (SetSprt8)
../third_party/psyq/lib/libgpu.a(p26.o)
                              ../third_party/psyq/lib/libgpu.a(font.o) (SetTile)
../third_party/psyq/lib/libgpu.a(p27.o)
                              engine/basics.o (SetLineF2)
../third_party/psyq/lib/libgpu.a(p41.o)
                              ../third_party/psyq/lib/libgpu.a(font.o) (SetDrawMode)
../third_party/psyq/lib/libgpu.a(sys.o)
                              engine/basics.o (ClearImage2)
../third_party/psyq/lib/libgpu.a(e00.o)
                              ../third_party/psyq/lib/libgpu.a(font.o) (LoadTPage)
../third_party/psyq/lib/libgpu.a(e02.o)
                              ../third_party/psyq/lib/libgpu.a(font.o) (LoadClut2)
../third_party/psyq/lib/libgpu.a(p01.o)
                              ../third_party/psyq/lib/libgpu.a(e02.o) (GetClut)
../third_party/psyq/lib/libgs.a(2d_sp0.o)
                              engine/basics.o (GsSortSprite)
../third_party/psyq/lib/libgs.a(global.o)
                              ../third_party/psyq/lib/libgs.a(2d_sp0.o) (GsOUT_PACKET_P)
../third_party/psyq/lib/libgs.a(gs_001.o)
                              ../third_party/psyq/lib/libgs.a(2d_sp0.o) (GsORGOFSY)
../third_party/psyq/lib/libgs.a(gs_0021.o)
                              engine/basics.o (GsGetActiveBuff)
../third_party/psyq/lib/libgs.a(gs_0022.o)
                              ../third_party/psyq/lib/libgs.a(gs_001.o) (GsSetDrawBuffOffset)
../third_party/psyq/lib/libgs.a(gs_003.o)
                              ../third_party/psyq/lib/libgs.a(gs_001.o) (GsSetDrawBuffClip)
../third_party/psyq/lib/libgs.a(gs_010.o)
                              engine/basics.o (GsSwapDispBuff)
../third_party/psyq/lib/libgs.a(gs_103.o)
                              engine/basics.o (GsDefDispBuff)
../third_party/psyq/lib/libgs.a(gs_104.o)
                              ../third_party/psyq/lib/libgs.a(gs_001.o) (HWD0)
../third_party/psyq/lib/libgs.a(gs_107.o)
                              ../third_party/psyq/lib/libgs.a(gs_001.o) (GsLIGHTWSMATRIX)
../third_party/psyq/lib/libgs.a(gs_111.o)
                              engine/basics.o (GsDrawOt)
../third_party/psyq/lib/libgs.a(gs_113.o)
                              engine/basics.o (GsClearOt)
../third_party/psyq/lib/libgs.a(gs_121.o)
                              ../third_party/psyq/lib/libgs.a(gs_001.o) (gte_init)
../third_party/psyq/lib/libgs.a(gs_122.o)
                              engine/basics.o (GsGetTimInfo)
../third_party/psyq/lib/libgs.a(gs_124.o)
                              engine/basics.o (GsSetWorkBase)
../third_party/psyq/lib/libgs.a(gs_128.o)
                              ../third_party/psyq/lib/libgs.a(2d_sp0.o) (GsIDMATRIX)
../third_party/psyq/lib/libgs.a(2d_com1.o)
                              ../third_party/psyq/lib/libgs.a(2d_sp0.o) (_make_packet)
../third_party/psyq/lib/libgte.a(cmb_00.o)
                              ../third_party/psyq/lib/libgs.a(2d_sp0.o) (RotTransPers4)
../third_party/psyq/lib/libgte.a(fgo_01.o)
                              ../third_party/psyq/lib/libgs.a(2d_sp0.o) (RotMatrix)
../third_party/psyq/lib/libgte.a(msc00.o)
                              ../third_party/psyq/lib/libgs.a(gs_121.o) (InitGeom)
../third_party/psyq/lib/libgte.a(msc01.o)
                              ../third_party/psyq/lib/libgs.a(gs_107.o) (SquareRoot0)
../third_party/psyq/lib/libgte.a(mtx_07.o)
                              ../third_party/psyq/lib/libgs.a(2d_sp0.o) (TransMatrix)
../third_party/psyq/lib/libgte.a(mtx_08.o)
                              ../third_party/psyq/lib/libgs.a(2d_sp0.o) (ScaleMatrix)
../third_party/psyq/lib/libgte.a(mtx_09.o)
                              ../third_party/psyq/lib/libgs.a(2d_sp0.o) (SetRotMatrix)
../third_party/psyq/lib/libgte.a(mtx_11.o)
                              ../third_party/psyq/lib/libgs.a(gs_107.o) (SetColorMatrix)
../third_party/psyq/lib/libgte.a(mtx_12.o)
                              ../third_party/psyq/lib/libgs.a(2d_sp0.o) (SetTransMatrix)
../third_party/psyq/lib/libgte.a(patchgte.o)
                              ../third_party/psyq/lib/libgte.a(msc00.o) (_patch_gte)
../third_party/psyq/lib/libgte.a(reg09.o)
                              ../third_party/psyq/lib/libgs.a(2d_sp0.o) (ReadGeomScreen)
../third_party/psyq/lib/libgte.a(reg11.o)
                              ../third_party/psyq/lib/libgs.a(gs_121.o) (SetFarColor)
../third_party/psyq/lib/libgte.a(reg12.o)
                              ../third_party/psyq/lib/libgs.a(gs_0022.o) (SetGeomOffset)
../third_party/psyq/lib/libgte.a(sqrtbl.o)
                              ../third_party/psyq/lib/libgte.a(msc01.o) (SQRT)
../third_party/psyq/lib/libgte.a(cstbl.o)
                              ../third_party/psyq/lib/libgte.a(fgo_01.o) (rcossin_tbl)
../third_party/psyq/lib/libapi.a(a23.o)
                              ../third_party/psyq/lib/libetc.a(intr.o) (ReturnFromException)
../third_party/psyq/lib/libapi.a(a24.o)
                              ../third_party/psyq/lib/libetc.a(intr.o) (ResetEntryInt)
../third_party/psyq/lib/libapi.a(a25.o)
                              ../third_party/psyq/lib/libetc.a(intr.o) (HookEntryInt)
../third_party/psyq/lib/libapi.a(c114.o)
                              ../third_party/psyq/lib/libetc.a(intr.o) (_96_remove)
../third_party/psyq/lib/libapi.a(c73.o)
                              ../third_party/psyq/lib/libgpu.a(sys.o) (GPU_cw)
../third_party/psyq/lib/libapi.a(l10.o)
                              ../third_party/psyq/lib/libetc.a(vsync.o) (ChangeClearRCnt)
../third_party/psyq/lib/libc.a(a63.o)
                              ../third_party/psyq/lib/libetc.a(vsync.o) (puts)
../third_party/psyq/lib/libc.a(c19.o)
                              ../third_party/psyq/lib/libetc.a(intr.o) (setjmp)
../third_party/psyq/lib/libc.a(c27.o)
                              ../third_party/psyq/lib/libgpu.a(font.o) (strlen)
../third_party/psyq/lib/libc.a(c43.o)
                              ../third_party/psyq/lib/libgpu.a(font.o) (memset)

Allocating common symbols
Common symbol       size              file

input_pad           0x2               engine/input.o
playerSprite        0x50              main.o
input_trig          0x4               engine/input.o
mainPlayer          0x60              main.o
SCREEN_WIDTH        0x4               engine/basics.o
input_binds         0x1c              engine/input.o
GPUOutputPacket     0x258             engine/basics.o
SCREEN_HEIGHT       0x4               engine/basics.o
currentBuffer       0x2               engine/basics.o
input_held          0x4               engine/input.o
systemBackgroundColor
                    0xc               engine/basics.o
input_suppress_trig
                    0x1               engine/input.o
mainTimer           0x10              main.o
orderingTable       0x28              engine/basics.o
minorOrderingTable  0x10              engine/basics.o

Discarded input sections

 .text          0x0000000000000000        0x0 main.o
 .bss           0x0000000000000000       0x10 main.o
 .reginfo       0x0000000000000000       0x18 main.o
 .MIPS.abiflags
                0x0000000000000000       0x18 main.o
 .pdr           0x0000000000000000       0x80 main.o
 .text.gameScreen
                0x0000000000000000        0x8 main.o
 .text          0x0000000000000000        0x0 engine/basics.o
 .data          0x0000000000000000        0x0 engine/basics.o
 .bss           0x0000000000000000        0x0 engine/basics.o
 .reginfo       0x0000000000000000       0x18 engine/basics.o
 .MIPS.abiflags
                0x0000000000000000       0x18 engine/basics.o
 .pdr           0x0000000000000000      0x2c0 engine/basics.o
 .text.scaleImage
                0x0000000000000000       0x74 engine/basics.o
 .text.rotImage
                0x0000000000000000       0x40 engine/basics.o
 .text.moveLine
                0x0000000000000000       0x50 engine/basics.o
 .text.moveBox  0x0000000000000000      0x1a8 engine/basics.o
 .text.transposeBox
                0x0000000000000000       0x34 engine/basics.o
 .text.drawLine
                0x0000000000000000       0x30 engine/basics.o
 .text          0x0000000000000000        0x0 engine/input.o
 .data          0x0000000000000000        0x0 engine/input.o
 .reginfo       0x0000000000000000       0x18 engine/input.o
 .MIPS.abiflags
                0x0000000000000000       0x18 engine/input.o
 .pdr           0x0000000000000000       0x40 engine/input.o
 .text          0x0000000000000000        0x0 engine/timerz.o
 .data          0x0000000000000000        0x0 engine/timerz.o
 .bss           0x0000000000000000        0x0 engine/timerz.o
 .reginfo       0x0000000000000000       0x18 engine/timerz.o
 .MIPS.abiflags
                0x0000000000000000       0x18 engine/timerz.o
 .pdr           0x0000000000000000       0x40 engine/timerz.o
 .text          0x0000000000000000        0x0 ../third_party/common/syscalls/printf.o
 .data          0x0000000000000000        0x0 ../third_party/common/syscalls/printf.o
 .bss           0x0000000000000000        0x0 ../third_party/common/syscalls/printf.o
 .reginfo       0x0000000000000000       0x18 ../third_party/common/syscalls/printf.o
 .MIPS.abiflags
                0x0000000000000000       0x18 ../third_party/common/syscalls/printf.o
 .pdr           0x0000000000000000        0x0 ../third_party/common/syscalls/printf.o
 .ramtext       0x0000000000000000        0xc ../third_party/common/syscalls/printf.o
 .debug_line    0x0000000000000000       0x59 ../third_party/common/syscalls/printf.o
 .debug_info    0x0000000000000000       0x26 ../third_party/common/syscalls/printf.o
 .debug_abbrev  0x0000000000000000       0x14 ../third_party/common/syscalls/printf.o
 .debug_aranges
                0x0000000000000000       0x20 ../third_party/common/syscalls/printf.o
 .debug_str     0x0000000000000000       0x48 ../third_party/common/syscalls/printf.o
 .gnu.attributes
                0x0000000000000000       0x10 ../third_party/common/syscalls/printf.o
 .text          0x0000000000000000        0x0 ../third_party/common/crt0/crt0.o
 .data          0x0000000000000000        0x0 ../third_party/common/crt0/crt0.o
 .bss           0x0000000000000000        0x0 ../third_party/common/crt0/crt0.o
 .reginfo       0x0000000000000000       0x18 ../third_party/common/crt0/crt0.o
 .MIPS.abiflags
                0x0000000000000000       0x18 ../third_party/common/crt0/crt0.o
 .data          0x0000000000000000       0x10 ../third_party/psyq/lib/libgs.a(global.o)
 .data          0x0000000000000000       0x10 ../third_party/psyq/lib/libgs.a(gs_001.o)
 .text          0x0000000000000000       0x80 ../third_party/psyq/lib/libgs.a(gs_104.o)
 .text          0x0000000000000000      0x570 ../third_party/psyq/lib/libgs.a(gs_107.o)
 .text          0x0000000000000000       0x90 ../third_party/psyq/lib/libgte.a(msc01.o)
 .text          0x0000000000000000       0x30 ../third_party/psyq/lib/libgte.a(mtx_11.o)
 .data          0x0000000000000000      0x180 ../third_party/psyq/lib/libgte.a(sqrtbl.o)

Memory Configuration

Name             Origin             Length             Attributes
loader           0x000000008000f800 0x0000000000000800
ram              0x0000000080010000 0x00000000001f0000 xrw
dcache           0x000000001f800000 0x0000000000000400
*default*        0x0000000000000000 0xffffffffffffffff

Linker script and memory map

LOAD main.o
LOAD engine/basics.o
LOAD engine/input.o
LOAD engine/timerz.o
LOAD ../third_party/common/syscalls/printf.o
LOAD ../third_party/common/crt0/crt0.o
START GROUP
LOAD ../third_party/psyq/lib/libapi.a
LOAD ../third_party/psyq/lib/libc.a
LOAD ../third_party/psyq/lib/libc2.a
LOAD ../third_party/psyq/lib/libcard.a
LOAD ../third_party/psyq/lib/libcomb.a
LOAD ../third_party/psyq/lib/libds.a
LOAD ../third_party/psyq/lib/libetc.a
LOAD ../third_party/psyq/lib/libgpu.a
LOAD ../third_party/psyq/lib/libgs.a
LOAD ../third_party/psyq/lib/libgte.a
LOAD ../third_party/psyq/lib/libgpu.a
LOAD ../third_party/psyq/lib/libgun.a
LOAD ../third_party/psyq/lib/libhmd.a
LOAD ../third_party/psyq/lib/libmath.a
LOAD ../third_party/psyq/lib/libmcrd.a
LOAD ../third_party/psyq/lib/libmcx.a
LOAD ../third_party/psyq/lib/libpad.a
LOAD ../third_party/psyq/lib/libpress.a
LOAD ../third_party/psyq/lib/libsio.a
LOAD ../third_party/psyq/lib/libsnd.a
LOAD ../third_party/psyq/lib/libspu.a
LOAD ../third_party/psyq/lib/libtap.a
END GROUP
                0x0000000080024a78                __heap_base = __bss_end
                0x0000000080010000                TLOAD_ADDR = DEFINED (TLOAD_ADDR)?TLOAD_ADDR:0x80010000
                0x0000000080200000                __ram_top = (ORIGIN (ram) + LENGTH (ram))
                0x00000000801fff00                __sp = (__ram_top - 0x100)
                0x000000001f800000                __dcache = ORIGIN (dcache)
                0x000000001f800400                __dcache_top = (ORIGIN (dcache) + LENGTH (dcache))
                0x0000000000006278                __bss_len = (__bss_end - __bss_start)
                0x0000000000007260                __ftext_len = (__ftext_end - __ftext_start)
                0x00000000000075a0                __fdata_len = (__fdata_end - __fdata_start)
                0x0000000080200000                __stack_start = (ORIGIN (ram) + LENGTH (ram))

.PSX_EXE_Header
                0x000000008000f800      0x800
                0x000000008000f800        0x1 BYTE 0x50
                0x000000008000f801        0x1 BYTE 0x53
                0x000000008000f802        0x1 BYTE 0x2d
                0x000000008000f803        0x1 BYTE 0x58
                0x000000008000f804        0x1 BYTE 0x20
                0x000000008000f805        0x1 BYTE 0x45
                0x000000008000f806        0x1 BYTE 0x58
                0x000000008000f807        0x1 BYTE 0x45
                0x000000008000f808        0x4 LONG 0x0
                0x000000008000f80c        0x4 LONG 0x0
                0x000000008000f810        0x4 LONG 0x80010000 ABSOLUTE (_start)
                0x000000008000f814        0x4 LONG 0x0
                0x000000008000f818        0x4 LONG 0x80010000 TLOAD_ADDR
                0x000000008000f81c        0x4 LONG 0xe800 (__ftext_len + __fdata_len)
                0x000000008000f820        0x4 LONG 0x0
                0x000000008000f824        0x4 LONG 0x0
                0x000000008000f828        0x4 LONG 0x0
                0x000000008000f82c        0x4 LONG 0x0
                0x000000008000f830        0x4 LONG 0x801fff00 DEFINED (_sp)?ABSOLUTE (_sp):0x801fff00
                0x000000008000f834        0x4 LONG 0x0
                0x0000000080010000                . = (. + 0x7c8)
 *fill*         0x000000008000f838      0x7c8 
                0x0000000080010000                __ftext_start = ABSOLUTE (.)

.text           0x0000000080010000     0x7260
 *(.start)
 .start         0x0000000080010000       0x64 ../third_party/common/crt0/crt0.o
                0x0000000080010000                _start
 *(.init)
 *(SORT_NONE(.fini))
 *(.text.unlikely .text.*_unlikely .text.unlikely.*)
 *(.text.exit .text.exit.*)
 *(.text.startup .text.startup.*)
 .text.startup.main
                0x0000000080010064      0x22c main.o
                0x0000000080010064                main
 *(.text.hot .text.hot.*)
 *(.text .stub .text.* .gnu.linkonce.t.*)
 .text.initialize
                0x0000000080010290       0x4c main.o
                0x0000000080010290                initialize
 .text.updateAnimation
                0x00000000800102dc      0x170 main.o
                0x00000000800102dc                updateAnimation
 .text.setScreenMode.part.0
                0x000000008001044c       0x64 engine/basics.o
 .text.createImage
                0x00000000800104b0      0x10c engine/basics.o
                0x00000000800104b0                createImage
 .text.moveImage
                0x00000000800105bc       0x44 engine/basics.o
                0x00000000800105bc                moveImage
 .text.drawImage
                0x0000000080010600       0x60 engine/basics.o
                0x0000000080010600                drawImage
 .text.createColor
                0x0000000080010660       0x14 engine/basics.o
                0x0000000080010660                createColor
 .text.createLine
                0x0000000080010674       0x8c engine/basics.o
                0x0000000080010674                createLine
 .text.createBox
                0x0000000080010700      0x12c engine/basics.o
                0x0000000080010700                createBox
 .text.drawBox  0x000000008001082c       0x48 engine/basics.o
                0x000000008001082c                drawBox
 .text.setScreenMode
                0x0000000080010874       0x70 engine/basics.o
                0x0000000080010874                setScreenMode
 .text.setBackgroundColor
                0x00000000800108e4       0x24 engine/basics.o
                0x00000000800108e4                setBackgroundColor
 .text.initializeDebugFont
                0x0000000080010908       0x44 engine/basics.o
                0x0000000080010908                initializeDebugFont
 .text.initializeOrderingTable
                0x000000008001094c       0x90 engine/basics.o
                0x000000008001094c                initializeOrderingTable
 .text.flushDisplay
                0x00000000800109dc       0x90 engine/basics.o
                0x00000000800109dc                flushDisplay
 .text.clearDisplay
                0x0000000080010a6c       0x74 engine/basics.o
                0x0000000080010a6c                clearDisplay
 .text.clearVRAM
                0x0000000080010ae0       0x44 engine/basics.o
                0x0000000080010ae0                clearVRAM
 .text.initializeScreen
                0x0000000080010b24       0xac engine/basics.o
                0x0000000080010b24                initializeScreen
 .text.in_init  0x0000000080010bd0       0x68 engine/input.o
                0x0000000080010bd0                in_init
 .text.in_update
                0x0000000080010c38       0x90 engine/input.o
                0x0000000080010c38                in_update
 .text.createTimer
                0x0000000080010cc8       0x44 engine/timerz.o
                0x0000000080010cc8                createTimer
 .text.incTimer
                0x0000000080010d0c       0x5c engine/timerz.o
                0x0000000080010d0c                incTimer
 .text          0x0000000080010d68       0x10 ../third_party/psyq/lib/libapi.a(a91.o)
                0x0000000080010d68                ChangeClearPAD
 .text          0x0000000080010d78      0x290 ../third_party/psyq/lib/libapi.a(pad.o)
                0x0000000080010d78                SetInitPadFlag
                0x0000000080010d84                ReadInitPadFlag
                0x0000000080010d94                PAD_init
                0x0000000080010e24                InitPAD
                0x0000000080010eb4                StartPAD
 .text          0x0000000080011008       0xa0 ../third_party/psyq/lib/libapi.a(patch.o)
                0x0000000080011008                EnablePAD
                0x000000008001101c                DisablePAD
                0x0000000080011030                _patch_pad
 .text          0x00000000800110a8       0x10 ../third_party/psyq/lib/libapi.a(a18.o)
                0x00000000800110a8                InitPAD2
 .text          0x00000000800110b8       0x10 ../third_party/psyq/lib/libapi.a(a19.o)
                0x00000000800110b8                StartPAD2
 .text          0x00000000800110c8       0x10 ../third_party/psyq/lib/libapi.a(a21.o)
                0x00000000800110c8                PAD_init2
 .text          0x00000000800110d8       0x10 ../third_party/psyq/lib/libapi.a(a36.o)
                0x00000000800110d8                EnterCriticalSection
 .text          0x00000000800110e8       0x10 ../third_party/psyq/lib/libapi.a(a37.o)
                0x00000000800110e8                ExitCriticalSection
 .text          0x00000000800110f8       0x10 ../third_party/psyq/lib/libapi.a(c68.o)
                0x00000000800110f8                FlushCache
 .text          0x0000000080011108       0x70 ../third_party/psyq/lib/libapi.a(chclrpad.o)
                0x0000000080011108                _remove_ChgclrPAD
 .text          0x0000000080011178       0x10 ../third_party/psyq/lib/libapi.a(l02.o)
                0x0000000080011178                SysEnqIntRP
 .text          0x0000000080011188       0x10 ../third_party/psyq/lib/libapi.a(l03.o)
                0x0000000080011188                SysDeqIntRP
 .text          0x0000000080011198       0x10 ../third_party/psyq/lib/libc.a(c42.o)
                0x0000000080011198                memcpy
 .text          0x00000000800111a8       0x10 ../third_party/psyq/lib/libc.a(c63.o)
                0x00000000800111a8                printf
 .text          0x00000000800111b8       0x30 ../third_party/psyq/lib/libetc.a(vmode.o)
                0x00000000800111b8                SetVideoMode
                0x00000000800111cc                GetVideoMode
 .text          0x00000000800111e8      0x210 ../third_party/psyq/lib/libetc.a(vsync.o)
                0x00000000800111e8                VSync
 .text          0x00000000800113f8      0x120 ../third_party/psyq/lib/libetc.a(intr_vb.o)
                0x00000000800113f8                startIntrVSync
 .text          0x0000000080011518      0x6c0 ../third_party/psyq/lib/libetc.a(intr.o)
                0x0000000080011518                ResetCallback
                0x0000000080011548                InterruptCallback
                0x0000000080011578                DMACallback
                0x00000000800115a8                VSyncCallback
                0x00000000800115dc                VSyncCallbacks
                0x000000008001160c                StopCallback
                0x000000008001163c                RestartCallback
                0x000000008001166c                CheckCallback
                0x000000008001167c                GetIntrMask
                0x0000000080011694                SetIntrMask
 .text          0x0000000080011bd8      0x2a0 ../third_party/psyq/lib/libetc.a(intr_dma.o)
                0x0000000080011bd8                startIntrDMA
 .text          0x0000000080011e78      0xa80 ../third_party/psyq/lib/libgpu.a(font.o)
                0x0000000080011e78                SetDumpFnt
                0x0000000080011eb8                FntLoad
                0x0000000080011f58                FntOpen
                0x0000000080012214                FntFlush
                0x0000000080012530                FntPrint
 .text          0x00000000800128f8       0x40 ../third_party/psyq/lib/libgpu.a(p00.o)
                0x00000000800128f8                GetTPage
 .text          0x0000000080012938       0x40 ../third_party/psyq/lib/libgpu.a(p06.o)
                0x0000000080012938                AddPrim
 .text          0x0000000080012978       0x20 ../third_party/psyq/lib/libgpu.a(p09.o)
                0x0000000080012978                TermPrim
 .text          0x0000000080012998       0x30 ../third_party/psyq/lib/libgpu.a(p10.o)
                0x0000000080012998                SetSemiTrans
 .text          0x00000000800129c8       0x20 ../third_party/psyq/lib/libgpu.a(p20.o)
                0x00000000800129c8                SetSprt8
 .text          0x00000000800129e8       0x20 ../third_party/psyq/lib/libgpu.a(p26.o)
                0x00000000800129e8                SetTile
 .text          0x0000000080012a08       0x20 ../third_party/psyq/lib/libgpu.a(p27.o)
                0x0000000080012a08                SetLineF2
 .text          0x0000000080012a28       0xa0 ../third_party/psyq/lib/libgpu.a(p41.o)
                0x0000000080012a28                SetDrawMode
 .text          0x0000000080012ac8     0x2f00 ../third_party/psyq/lib/libgpu.a(sys.o)
                0x0000000080012ac8                ResetGraph
                0x0000000080012c3c                SetGraphDebug
                0x0000000080012c98                SetGraphQueue
                0x0000000080012d3c                GetGraphDebug
                0x0000000080012d4c                DrawSyncCallback
                0x0000000080012dac                SetDispMask
                0x0000000080012e44                DrawSync
                0x0000000080012fc8                ClearImage
                0x0000000080013058                ClearImage2
                0x00000000800130f0                LoadImage
                0x0000000080013150                StoreImage
                0x00000000800131b0                MoveImage
                0x0000000080013268                ClearOTag
                0x0000000080013330                ClearOTagR
                0x00000000800133dc                DrawPrim
                0x0000000080013438                DrawOTag
                0x00000000800134a8                PutDrawEnv
                0x0000000080013568                DrawOTagEnv
                0x0000000080013640                GetDrawEnv
                0x0000000080013674                PutDispEnv
                0x0000000080013b6c                GetDispEnv
                0x0000000080013ba0                GetODE
                0x0000000080013bd0                SetDrawArea
                0x0000000080013c50                SetDrawOffset
                0x0000000080013c90                SetDrawEnv
                0x0000000080015560                LoadImage2
                0x000000008001564c                StoreImage2
                0x0000000080015738                MoveImage2
                0x000000008001587c                DrawOTag2
                0x0000000080015978                _GPU_ResetCallback
 .text          0x00000000800159c8       0xf0 ../third_party/psyq/lib/libgpu.a(e00.o)
                0x00000000800159c8                LoadTPage
 .text          0x0000000080015ab8       0x70 ../third_party/psyq/lib/libgpu.a(e02.o)
                0x0000000080015ab8                LoadClut2
 .text          0x0000000080015b28       0x20 ../third_party/psyq/lib/libgpu.a(p01.o)
                0x0000000080015b28                GetClut
 .text          0x0000000080015b48      0x500 ../third_party/psyq/lib/libgs.a(2d_sp0.o)
                0x0000000080015b48                GsSortSprite
 .text          0x0000000080016048      0x550 ../third_party/psyq/lib/libgs.a(gs_001.o)
                0x0000000080016048                GsInitGraph
                0x00000000800161d8                GsInitGraph2
                0x0000000080016460                GsSortClear
 .text          0x0000000080016598       0x10 ../third_party/psyq/lib/libgs.a(gs_0021.o)
                0x0000000080016598                GsGetActiveBuff
 .text          0x00000000800165a8      0x110 ../third_party/psyq/lib/libgs.a(gs_0022.o)
                0x00000000800165a8                GsSetDrawBuffOffset
 .text          0x00000000800166b8       0x80 ../third_party/psyq/lib/libgs.a(gs_003.o)
                0x00000000800166b8                GsSetDrawBuffClip
 .text          0x0000000080016738       0xb0 ../third_party/psyq/lib/libgs.a(gs_010.o)
                0x0000000080016738                GsSwapDispBuff
 .text          0x00000000800167e8       0xa0 ../third_party/psyq/lib/libgs.a(gs_103.o)
                0x00000000800167e8                GsDefDispBuff
 .text          0x0000000080016888       0x30 ../third_party/psyq/lib/libgs.a(gs_111.o)
                0x0000000080016888                GsDrawOt
 .text          0x00000000800168b8       0x60 ../third_party/psyq/lib/libgs.a(gs_113.o)
                0x00000000800168b8                GsClearOt
 .text          0x0000000080016918       0x50 ../third_party/psyq/lib/libgs.a(gs_121.o)
                0x0000000080016918                gte_init
 .text          0x0000000080016968       0xf0 ../third_party/psyq/lib/libgs.a(gs_122.o)
                0x0000000080016968                GsGetTimInfo
 .text          0x0000000080016a58       0x10 ../third_party/psyq/lib/libgs.a(gs_124.o)
                0x0000000080016a58                GsSetWorkBase
 .text          0x0000000080016a68       0xa0 ../third_party/psyq/lib/libgs.a(2d_com1.o)
                0x0000000080016a68                _make_packet
 .text          0x0000000080016b08       0x80 ../third_party/psyq/lib/libgte.a(cmb_00.o)
                0x0000000080016b08                RotTransPers4
 .text          0x0000000080016b88      0x290 ../third_party/psyq/lib/libgte.a(fgo_01.o)
                0x0000000080016b88                RotMatrix
 .text          0x0000000080016e18       0x90 ../third_party/psyq/lib/libgte.a(msc00.o)
                0x0000000080016e20                InitGeom
 .text          0x0000000080016ea8       0x30 ../third_party/psyq/lib/libgte.a(mtx_07.o)
                0x0000000080016ea8                TransMatrix
 .text          0x0000000080016ed8      0x140 ../third_party/psyq/lib/libgte.a(mtx_08.o)
                0x0000000080016ed8                ScaleMatrix
 .text          0x0000000080017018       0x30 ../third_party/psyq/lib/libgte.a(mtx_09.o)
                0x0000000080017018                SetRotMatrix
 .text          0x0000000080017048       0x20 ../third_party/psyq/lib/libgte.a(mtx_12.o)
                0x0000000080017048                SetTransMatrix
 .text          0x0000000080017068       0xe0 ../third_party/psyq/lib/libgte.a(patchgte.o)
                0x0000000080017068                _patch_gte
 .text          0x0000000080017148       0x10 ../third_party/psyq/lib/libgte.a(reg09.o)
                0x0000000080017148                ReadGeomScreen
 .text          0x0000000080017158       0x20 ../third_party/psyq/lib/libgte.a(reg11.o)
                0x0000000080017158                SetFarColor
 .text          0x0000000080017178       0x20 ../third_party/psyq/lib/libgte.a(reg12.o)
                0x0000000080017178                SetGeomOffset
 .text          0x0000000080017198       0x10 ../third_party/psyq/lib/libapi.a(a23.o)
                0x0000000080017198                ReturnFromException
 .text          0x00000000800171a8       0x10 ../third_party/psyq/lib/libapi.a(a24.o)
                0x00000000800171a8                ResetEntryInt
 .text          0x00000000800171b8       0x10 ../third_party/psyq/lib/libapi.a(a25.o)
                0x00000000800171b8                HookEntryInt
 .text          0x00000000800171c8       0x20 ../third_party/psyq/lib/libapi.a(c114.o)
                0x00000000800171d0                _96_remove
 .text          0x00000000800171e8       0x10 ../third_party/psyq/lib/libapi.a(c73.o)
                0x00000000800171e8                GPU_cw
 .text          0x00000000800171f8       0x10 ../third_party/psyq/lib/libapi.a(l10.o)
                0x00000000800171f8                ChangeClearRCnt
 .text          0x0000000080017208       0x20 ../third_party/psyq/lib/libc.a(a63.o)
                0x0000000080017210                puts
 .text          0x0000000080017228       0x10 ../third_party/psyq/lib/libc.a(c19.o)
                0x0000000080017228                setjmp
 .text          0x0000000080017238       0x10 ../third_party/psyq/lib/libc.a(c27.o)
                0x0000000080017238                strlen
 .text          0x0000000080017248       0x10 ../third_party/psyq/lib/libc.a(c43.o)
                0x0000000080017248                memset
                0x0000000080017260                . = ALIGN (0x10)
 *fill*         0x0000000080017258        0x8 
 *(.init)
                0x0000000080017260                . = ALIGN (0x10)
 *(.fini)
                0x0000000080017260                . = ALIGN (0x10)
                0x0000000080017260                __text_end = .
                0x0000000080017260                __ftext_end = ABSOLUTE (.)
                0x0000000080017260                __fdata_start = ABSOLUTE (.)

.rodata         0x0000000080017260      0x484
 *(.rodata .rodata.* .rdata .rdata.* .gnu.linkonce.r.*)
 .rodata.str1.4
                0x0000000080017260        0xa main.o
                                          0xc (size before relaxing)
 *fill*         0x000000008001726a        0x2 
 .rodata.str1.4
                0x000000008001726c       0x80 engine/basics.o
 *fill*         0x00000000800172ec        0x4 
 .rodata        0x00000000800172f0       0x20 engine/input.o
                0x00000000800172f0                input_binds_default
 .rodata        0x0000000080017310       0x10 ../third_party/common/crt0/crt0.o
 .rdata         0x0000000080017320       0x10 ../third_party/psyq/lib/libetc.a(vsync.o)
 .rdata         0x0000000080017330       0x70 ../third_party/psyq/lib/libetc.a(intr.o)
 .rdata         0x00000000800173a0       0x30 ../third_party/psyq/lib/libetc.a(intr_dma.o)
 .rdata         0x00000000800173d0       0xa0 ../third_party/psyq/lib/libgpu.a(font.o)
 .rdata         0x0000000080017470      0x220 ../third_party/psyq/lib/libgpu.a(sys.o)
 .rdata         0x0000000080017690       0x30 ../third_party/psyq/lib/libgs.a(2d_com1.o)
                0x00000000800176c0                . = ALIGN (0x10)
                0x00000000800176c0                __preinit_array_start = .
 *(.preinit_array)
                0x00000000800176c0                __preinit_array_end = .
                0x00000000800176c0                . = ALIGN (0x10)
                0x00000000800176c0                __init_array_start = .
 *(SORT_BY_NAME(.init_array.*))
 *(.init_array)
                0x00000000800176c0                . = ALIGN (0x10)
 *crtbegin.o(.ctors)
 *(EXCLUDE_FILE(*crtend.o) .ctors)
 *(SORT_BY_NAME(.ctors.*))
 *crtend.o(.ctors)
                0x00000000800176c0                __init_array_end = .
                0x00000000800176c0                . = ALIGN (0x10)
                0x00000000800176c0                __fini_array_start = .
 *(.fini_array)
 *(SORT_BY_NAME(.fini_array.*))
 *crtbegin.o(.dtors)
 *(EXCLUDE_FILE(*crtend.o) .dtors)
 *(SORT_BY_NAME(.dtors.*))
 *crtend.o(.dtors)
                0x00000000800176c0                __fini_array_end = .
                0x00000000800176c0                __build_id = .
 *(.note.gnu.build-id)
 .note.gnu.build-id
                0x00000000800176c0       0x24 main.o
                0x00000000800176e4                __build_id_end = .

.rel.dyn        0x00000000800176e4        0x0
 .rel.dyn       0x00000000800176e4        0x0 ../third_party/psyq/lib/libgpu.a(sys.o)

.rodata1
 *(.rodata1)
                0x00000000800176e4                __data_start = .

.data           0x00000000800176f0     0x7110
 *(.a0table)
 *(.data .data.* .gnu.linkonce.d.*)
 .data          0x00000000800176f0      0xc50 main.o
                0x00000000800176f0                img_beesprite1
                0x0000000080017d10                img_beesprite0
                0x0000000080018330                img_beesprite1_height
                0x0000000080018332                img_beesprite1_width
                0x0000000080018334                img_beesprite0_height
                0x0000000080018336                img_beesprite0_width
                0x0000000080018338                img_beesprite1_gpu_x
                0x000000008001833a                img_beesprite0_gpu_x
 .data          0x0000000080018340       0x10 ../third_party/psyq/lib/libapi.a(pad.o)
 .data          0x0000000080018350       0x10 ../third_party/psyq/lib/libetc.a(vmode.o)
 .data          0x0000000080018360       0x20 ../third_party/psyq/lib/libetc.a(vsync.o)
                0x0000000080018370                Hcount
 .data          0x0000000080018380       0x30 ../third_party/psyq/lib/libetc.a(intr_vb.o)
                0x00000000800183a0                Vcount
 .data          0x00000000800183b0     0x1100 ../third_party/psyq/lib/libetc.a(intr.o)
 .data          0x00000000800194b0       0x30 ../third_party/psyq/lib/libetc.a(intr_dma.o)
 .data          0x00000000800194e0      0xb90 ../third_party/psyq/lib/libgpu.a(font.o)
                0x00000000800194e0                Font
 .data          0x000000008001a070      0x1a0 ../third_party/psyq/lib/libgpu.a(sys.o)
                0x000000008001a0bc                GPU_printf
                0x000000008001a0c0                GEnv
                0x000000008001a1e8                _qin
                0x000000008001a1ec                _qout
 .data          0x000000008001a210       0x10 ../third_party/psyq/lib/libgte.a(msc00.o)
 .data          0x000000008001a220     0x4000 ../third_party/psyq/lib/libgte.a(cstbl.o)
                0x000000008001a220                rcossin_tbl
 *(.data1)
 *(.sdata .sdata.* .gnu.linkonce.s.*)
 *(.sdata2 .sdata2.* .gnu.linkonce.s2.*)
 *(.got.plt)
 *(.got)
                0x000000008001e800                . = ALIGN (0x800)
 *fill*         0x000000008001e220      0x5e0 
                0x000000008001e800                __data_end = .
                0x000000008001e800                __fdata_end = .
                0x000000008001e800                __bss_start = .

.sbss           0x000000008001e800     0x6278
 *(.dynsbss)
 *(.sbss .sbss.* .gnu.linkonce.sb.*)
 *(.scommon)
 .scommon       0x000000008001e800        0xa engine/basics.o
                0x000000008001e800                SCREEN_WIDTH
                0x000000008001e804                SCREEN_HEIGHT
                0x000000008001e808                currentBuffer
 *fill*         0x000000008001e80a        0x2 
 .scommon       0x000000008001e80c        0xd engine/input.o
                0x000000008001e80c                input_pad
                0x000000008001e810                input_trig
                0x000000008001e814                input_held
                0x000000008001e818                input_suppress_trig
 *(.dynbss)
 *(.bss .bss.* .gnu.linkonce.b.*)
 *fill*         0x000000008001e819        0x7 
 .bss           0x000000008001e820       0x50 engine/input.o
 .bss           0x000000008001e870       0x10 ../third_party/psyq/lib/libapi.a(pad.o)
                0x000000008001e870                _apiPadPatch
 .bss           0x000000008001e880       0x10 ../third_party/psyq/lib/libapi.a(patch.o)
 .bss           0x000000008001e890       0x10 ../third_party/psyq/lib/libapi.a(chclrpad.o)
 .bss           0x000000008001e8a0     0x4410 ../third_party/psyq/lib/libgpu.a(font.o)
 .bss           0x0000000080022cb0     0x1850 ../third_party/psyq/lib/libgpu.a(sys.o)
                0x0000000080022d00                _que
 .bss           0x0000000080024500       0x54 ../third_party/psyq/lib/libgs.a(global.o)
                0x0000000080024500                GsOUT_PACKET_P
                0x0000000080024508                GsMATE_C
                0x0000000080024510                GsLMODE
                0x0000000080024518                GsLIGNR
                0x0000000080024520                GsLIOFF
                0x0000000080024528                GsZOVER
                0x0000000080024530                GsBACKC
                0x0000000080024538                GsNDIV
                0x0000000080024540                GsTRATE
                0x0000000080024548                GsTON
                0x0000000080024550                GsDISPON
 *fill*         0x0000000080024554        0x4 
 .bss           0x0000000080024558       0xea ../third_party/psyq/lib/libgs.a(gs_001.o)
                0x0000000080024578                PSDIDX
                0x0000000080024580                GsDRAWENV
                0x00000000800245e0                GsDISPENV
                0x00000000800245f8                PSDGPU
                0x0000000080024600                PSDBASEX
                0x0000000080024608                PSDBASEY
                0x0000000080024610                POSITION
                0x0000000080024618                CLIP2
                0x0000000080024620                PSDCNT
                0x0000000080024628                PSDOFSX
                0x0000000080024630                PSDOFSY
                0x0000000080024638                GsORGOFSX
                0x0000000080024640                GsORGOFSY
 *fill*         0x0000000080024642        0x6 
 .bss           0x0000000080024648       0x24 ../third_party/psyq/lib/libgs.a(gs_104.o)
                0x0000000080024648                HWD0
                0x0000000080024650                VWD0
                0x0000000080024658                GsCLIP3near
                0x0000000080024660                GsLIGHT_MODE
                0x0000000080024668                GsCLIP3far
 *fill*         0x000000008002466c        0x4 
 .bss           0x0000000080024670       0x40 ../third_party/psyq/lib/libgs.a(gs_107.o)
                0x0000000080024670                GsLIGHTWSMATRIX
                0x0000000080024690                _LC
 .bss           0x00000000800246b0       0x40 ../third_party/psyq/lib/libgs.a(gs_128.o)
                0x00000000800246b0                GsIDMATRIX
                0x00000000800246d0                GsIDMATRIX2
 .bss           0x00000000800246f0       0x10 ../third_party/psyq/lib/libgte.a(patchgte.o)
 *(COMMON)
 COMMON         0x0000000080024700       0xc0 main.o
                0x0000000080024700                playerSprite
                0x0000000080024750                mainPlayer
                0x00000000800247b0                mainTimer
 COMMON         0x00000000800247c0      0x29c engine/basics.o
                0x00000000800247c0                GPUOutputPacket
                0x0000000080024a18                systemBackgroundColor
                0x0000000080024a24                orderingTable
                0x0000000080024a4c                minorOrderingTable
 COMMON         0x0000000080024a5c       0x1c engine/input.o
                0x0000000080024a5c                input_binds
                0x0000000080024a78                . = ALIGN (0x4)
                0x0000000080024a78                __bss_end = .
                0x0000000080024a78                __heap_start = __heap_base
                0x000000008000f800                . = (ADDR (.text) - 0x800)
                0x000000008000f800                __end = .

/DISCARD/
 *(.MIPS.abiflags)
 *(.rel.iplt)
 *(.rela.iplt)
 *(.rel.plt)
 *(.rela.plt)
 *(.plt)
 *(.iplt)
 *(.note.GNU-stack)
 *(.gnu_debuglink)
 *(.gnu.lto_*)
OUTPUT(BuzzyBee.elf elf32-tradlittlemips)

.mdebug.abi32   0x0000000000000000        0x0
 .mdebug.abi32  0x0000000000000000        0x0 main.o
 .mdebug.abi32  0x0000000000000000        0x0 engine/basics.o
 .mdebug.abi32  0x0000000000000000        0x0 engine/input.o
 .mdebug.abi32  0x0000000000000000        0x0 engine/timerz.o

.comment        0x0000000000000000       0x2a
 .comment       0x0000000000000000       0x2a main.o
                                         0x2b (size before relaxing)
 .comment       0x000000000000002a       0x2b engine/basics.o
 .comment       0x000000000000002a       0x2b engine/input.o
 .comment       0x000000000000002a       0x2b engine/timerz.o

.gnu.attributes
                0x0000000000000000       0x10
 .gnu.attributes
                0x0000000000000000       0x10 main.o
 .gnu.attributes
                0x0000000000000010       0x10 engine/basics.o
 .gnu.attributes
                0x0000000000000020       0x10 engine/input.o
 .gnu.attributes
                0x0000000000000030       0x10 engine/timerz.o
 .gnu.attributes
                0x0000000000000040       0x10 ../third_party/common/crt0/crt0.o

.pdr            0x0000000000000000        0x0
 .pdr           0x0000000000000000        0x0 ../third_party/common/crt0/crt0.o

.note           0x0000000000000000     0x2188
 .note          0x0000000000000000       0x74 ../third_party/psyq/lib/libapi.a(a91.o)
 .note          0x0000000000000074       0x74 ../third_party/psyq/lib/libapi.a(pad.o)
 .note          0x00000000000000e8       0x74 ../third_party/psyq/lib/libapi.a(patch.o)
 .note          0x000000000000015c       0x74 ../third_party/psyq/lib/libapi.a(a18.o)
 .note          0x00000000000001d0       0x74 ../third_party/psyq/lib/libapi.a(a19.o)
 .note          0x0000000000000244       0x74 ../third_party/psyq/lib/libapi.a(a21.o)
 .note          0x00000000000002b8       0x74 ../third_party/psyq/lib/libapi.a(a36.o)
 .note          0x000000000000032c       0x74 ../third_party/psyq/lib/libapi.a(a37.o)
 .note          0x00000000000003a0       0x74 ../third_party/psyq/lib/libapi.a(c68.o)
 .note          0x0000000000000414       0x74 ../third_party/psyq/lib/libapi.a(chclrpad.o)
 .note          0x0000000000000488       0x74 ../third_party/psyq/lib/libapi.a(l02.o)
 .note          0x00000000000004fc       0x74 ../third_party/psyq/lib/libapi.a(l03.o)
 .note          0x0000000000000570       0x74 ../third_party/psyq/lib/libc.a(c42.o)
 .note          0x00000000000005e4       0x74 ../third_party/psyq/lib/libc.a(c63.o)
 .note          0x0000000000000658       0x74 ../third_party/psyq/lib/libetc.a(vmode.o)
 .note          0x00000000000006cc       0x74 ../third_party/psyq/lib/libetc.a(vsync.o)
 .note          0x0000000000000740       0x74 ../third_party/psyq/lib/libetc.a(intr_vb.o)
 .note          0x00000000000007b4       0x74 ../third_party/psyq/lib/libetc.a(intr.o)
 .note          0x0000000000000828       0x74 ../third_party/psyq/lib/libetc.a(intr_dma.o)
 .note          0x000000000000089c       0x74 ../third_party/psyq/lib/libgpu.a(font.o)
 .note          0x0000000000000910       0x74 ../third_party/psyq/lib/libgpu.a(p00.o)
 .note          0x0000000000000984       0x74 ../third_party/psyq/lib/libgpu.a(p06.o)
 .note          0x00000000000009f8       0x74 ../third_party/psyq/lib/libgpu.a(p09.o)
 .note          0x0000000000000a6c       0x74 ../third_party/psyq/lib/libgpu.a(p10.o)
 .note          0x0000000000000ae0       0x74 ../third_party/psyq/lib/libgpu.a(p20.o)
 .note          0x0000000000000b54       0x74 ../third_party/psyq/lib/libgpu.a(p26.o)
 .note          0x0000000000000bc8       0x74 ../third_party/psyq/lib/libgpu.a(p27.o)
 .note          0x0000000000000c3c       0x74 ../third_party/psyq/lib/libgpu.a(p41.o)
 .note          0x0000000000000cb0       0x74 ../third_party/psyq/lib/libgpu.a(sys.o)
 .note          0x0000000000000d24       0x74 ../third_party/psyq/lib/libgpu.a(e00.o)
 .note          0x0000000000000d98       0x74 ../third_party/psyq/lib/libgpu.a(e02.o)
 .note          0x0000000000000e0c       0x74 ../third_party/psyq/lib/libgpu.a(p01.o)
 .note          0x0000000000000e80       0x74 ../third_party/psyq/lib/libgs.a(2d_sp0.o)
 .note          0x0000000000000ef4       0x74 ../third_party/psyq/lib/libgs.a(global.o)
 .note          0x0000000000000f68       0x74 ../third_party/psyq/lib/libgs.a(gs_001.o)
 .note          0x0000000000000fdc       0x74 ../third_party/psyq/lib/libgs.a(gs_0021.o)
 .note          0x0000000000001050       0x74 ../third_party/psyq/lib/libgs.a(gs_0022.o)
 .note          0x00000000000010c4       0x74 ../third_party/psyq/lib/libgs.a(gs_003.o)
 .note          0x0000000000001138       0x74 ../third_party/psyq/lib/libgs.a(gs_010.o)
 .note          0x00000000000011ac       0x74 ../third_party/psyq/lib/libgs.a(gs_103.o)
 .note          0x0000000000001220       0x74 ../third_party/psyq/lib/libgs.a(gs_104.o)
 .note          0x0000000000001294       0x74 ../third_party/psyq/lib/libgs.a(gs_107.o)
 .note          0x0000000000001308       0x74 ../third_party/psyq/lib/libgs.a(gs_111.o)
 .note          0x000000000000137c       0x74 ../third_party/psyq/lib/libgs.a(gs_113.o)
 .note          0x00000000000013f0       0x74 ../third_party/psyq/lib/libgs.a(gs_121.o)
 .note          0x0000000000001464       0x74 ../third_party/psyq/lib/libgs.a(gs_122.o)
 .note          0x00000000000014d8       0x74 ../third_party/psyq/lib/libgs.a(gs_124.o)
 .note          0x000000000000154c       0x74 ../third_party/psyq/lib/libgs.a(gs_128.o)
 .note          0x00000000000015c0       0x74 ../third_party/psyq/lib/libgs.a(2d_com1.o)
 .note          0x0000000000001634       0x74 ../third_party/psyq/lib/libgte.a(cmb_00.o)
 .note          0x00000000000016a8       0x74 ../third_party/psyq/lib/libgte.a(fgo_01.o)
 .note          0x000000000000171c       0x74 ../third_party/psyq/lib/libgte.a(msc00.o)
 .note          0x0000000000001790       0x74 ../third_party/psyq/lib/libgte.a(msc01.o)
 .note          0x0000000000001804       0x74 ../third_party/psyq/lib/libgte.a(mtx_07.o)
 .note          0x0000000000001878       0x74 ../third_party/psyq/lib/libgte.a(mtx_08.o)
 .note          0x00000000000018ec       0x74 ../third_party/psyq/lib/libgte.a(mtx_09.o)
 .note          0x0000000000001960       0x74 ../third_party/psyq/lib/libgte.a(mtx_11.o)
 .note          0x00000000000019d4       0x74 ../third_party/psyq/lib/libgte.a(mtx_12.o)
 .note          0x0000000000001a48       0x74 ../third_party/psyq/lib/libgte.a(patchgte.o)
 .note          0x0000000000001abc       0x74 ../third_party/psyq/lib/libgte.a(reg09.o)
 .note          0x0000000000001b30       0x74 ../third_party/psyq/lib/libgte.a(reg11.o)
 .note          0x0000000000001ba4       0x74 ../third_party/psyq/lib/libgte.a(reg12.o)
 .note          0x0000000000001c18       0x74 ../third_party/psyq/lib/libgte.a(sqrtbl.o)
 .note          0x0000000000001c8c       0x74 ../third_party/psyq/lib/libgte.a(cstbl.o)
 .note          0x0000000000001d00       0x74 ../third_party/psyq/lib/libapi.a(a23.o)
 .note          0x0000000000001d74       0x74 ../third_party/psyq/lib/libapi.a(a24.o)
 .note          0x0000000000001de8       0x74 ../third_party/psyq/lib/libapi.a(a25.o)
 .note          0x0000000000001e5c       0x74 ../third_party/psyq/lib/libapi.a(c114.o)
 .note          0x0000000000001ed0       0x74 ../third_party/psyq/lib/libapi.a(c73.o)
 .note          0x0000000000001f44       0x74 ../third_party/psyq/lib/libapi.a(l10.o)
 .note          0x0000000000001fb8       0x74 ../third_party/psyq/lib/libc.a(a63.o)
 .note          0x000000000000202c       0x74 ../third_party/psyq/lib/libc.a(c19.o)
 .note          0x00000000000020a0       0x74 ../third_party/psyq/lib/libc.a(c27.o)
 .note          0x0000000000002114       0x74 ../third_party/psyq/lib/libc.a(c43.o)

.debug_info     0x0000000000000000     0x2c7d
 .debug_info    0x0000000000000000      0xdee main.o
 .debug_info    0x0000000000000dee     0x1861 engine/basics.o
 .debug_info    0x000000000000264f      0x4bd engine/input.o
 .debug_info    0x0000000000002b0c      0x14b engine/timerz.o
 .debug_info    0x0000000000002c57       0x26 ../third_party/common/crt0/crt0.o

.debug_abbrev   0x0000000000000000      0x996
 .debug_abbrev  0x0000000000000000      0x276 main.o
 .debug_abbrev  0x0000000000000276      0x3bc engine/basics.o
 .debug_abbrev  0x0000000000000632      0x229 engine/input.o
 .debug_abbrev  0x000000000000085b      0x127 engine/timerz.o
 .debug_abbrev  0x0000000000000982       0x14 ../third_party/common/crt0/crt0.o

.debug_aranges  0x0000000000000000      0x170
 .debug_aranges
                0x0000000000000000       0x38 main.o
 .debug_aranges
                0x0000000000000038       0xc8 engine/basics.o
 .debug_aranges
                0x0000000000000100       0x28 engine/input.o
 .debug_aranges
                0x0000000000000128       0x28 engine/timerz.o
 .debug_aranges
                0x0000000000000150       0x20 ../third_party/common/crt0/crt0.o

.debug_ranges   0x0000000000000000      0x168
 .debug_ranges  0x0000000000000000       0x50 main.o
 .debug_ranges  0x0000000000000050       0xd0 engine/basics.o
 .debug_ranges  0x0000000000000120       0x30 engine/input.o
 .debug_ranges  0x0000000000000150       0x18 engine/timerz.o

.debug_line     0x0000000000000000      0xd16
 .debug_line    0x0000000000000000      0x2cf main.o
 .debug_line    0x00000000000002cf      0x79c engine/basics.o
 .debug_line    0x0000000000000a6b      0x14b engine/input.o
 .debug_line    0x0000000000000bb6       0xfd engine/timerz.o
 .debug_line    0x0000000000000cb3       0x63 ../third_party/common/crt0/crt0.o

.debug_str      0x0000000000000000      0xa7d
 .debug_str     0x0000000000000000      0x73d main.o
                                        0x7a0 (size before relaxing)
 .debug_str     0x000000000000073d      0x274 engine/basics.o
                                        0x6ec (size before relaxing)
 .debug_str     0x00000000000009b1       0x88 engine/input.o
                                        0x3a8 (size before relaxing)
 .debug_str     0x0000000000000a39       0x16 engine/timerz.o
                                        0x1dc (size before relaxing)
 .debug_str     0x0000000000000a4f       0x2e ../third_party/common/crt0/crt0.o
                                         0x42 (size before relaxing)

.debug_frame    0x0000000000000000      0x3d4
 .debug_frame   0x0000000000000000       0x88 main.o
 .debug_frame   0x0000000000000088      0x2c0 engine/basics.o
 .debug_frame   0x0000000000000348       0x40 engine/input.o
 .debug_frame   0x0000000000000388       0x4c engine/timerz.o

.debug_loc      0x0000000000000000      0xa39
 .debug_loc     0x0000000000000000      0x868 engine/basics.o
 .debug_loc     0x0000000000000868       0x61 engine/input.o
 .debug_loc     0x00000000000008c9      0x170 engine/timerz.o
