Archive member included to satisfy reference by file (symbol)

../third_party/psyq/lib/libapi.a(a91.o)
                              engine/input.o (ChangeClearPAD)
../third_party/psyq/lib/libapi.a(pad.o)
                              engine/input.o (InitPAD)
../third_party/psyq/lib/libapi.a(patch.o)
                              ../third_party/psyq/lib/libapi.a(pad.o) (_patch_pad)
../third_party/psyq/lib/libapi.a(a18.o)
                              ../third_party/psyq/lib/libapi.a(pad.o) (InitPAD2)
../third_party/psyq/lib/libapi.a(a19.o)
                              ../third_party/psyq/lib/libapi.a(pad.o) (StartPAD2)
../third_party/psyq/lib/libapi.a(a21.o)
                              ../third_party/psyq/lib/libapi.a(pad.o) (PAD_init2)
../third_party/psyq/lib/libapi.a(a36.o)
                              ../third_party/psyq/lib/libapi.a(pad.o) (EnterCriticalSection)
../third_party/psyq/lib/libapi.a(a37.o)
                              ../third_party/psyq/lib/libapi.a(pad.o) (ExitCriticalSection)
../third_party/psyq/lib/libapi.a(c68.o)
                              ../third_party/psyq/lib/libapi.a(patch.o) (FlushCache)
../third_party/psyq/lib/libapi.a(chclrpad.o)
                              ../third_party/psyq/lib/libapi.a(pad.o) (_remove_ChgclrPAD)
../third_party/psyq/lib/libapi.a(l02.o)
                              ../third_party/psyq/lib/libapi.a(pad.o) (SysEnqIntRP)
../third_party/psyq/lib/libapi.a(l03.o)
                              ../third_party/psyq/lib/libapi.a(pad.o) (SysDeqIntRP)
../third_party/psyq/lib/libc.a(c42.o)
                              main.o (memcpy)
../third_party/psyq/lib/libc.a(c63.o)
                              main.o (printf)
../third_party/psyq/lib/libetc.a(vmode.o)
                              engine/graphics.o (GetVideoMode)
../third_party/psyq/lib/libetc.a(vsync.o)
                              engine/graphics.o (VSync)
../third_party/psyq/lib/libetc.a(intr_vb.o)
                              ../third_party/psyq/lib/libetc.a(vsync.o) (Vcount)
../third_party/psyq/lib/libetc.a(intr.o)
                              ../third_party/psyq/lib/libetc.a(intr_vb.o) (InterruptCallback)
../third_party/psyq/lib/libetc.a(intr_dma.o)
                              ../third_party/psyq/lib/libetc.a(intr.o) (startIntrDMA)
../third_party/psyq/lib/libgpu.a(font.o)
                              engine/graphics.o (FntFlush)
../third_party/psyq/lib/libgpu.a(p00.o)
                              engine/graphics.o (GetTPage)
../third_party/psyq/lib/libgpu.a(p06.o)
                              ../third_party/psyq/lib/libgpu.a(font.o) (AddPrim)
../third_party/psyq/lib/libgpu.a(p09.o)
                              ../third_party/psyq/lib/libgpu.a(font.o) (TermPrim)
../third_party/psyq/lib/libgpu.a(p10.o)
                              ../third_party/psyq/lib/libgpu.a(font.o) (SetSemiTrans)
../third_party/psyq/lib/libgpu.a(p20.o)
                              ../third_party/psyq/lib/libgpu.a(font.o) (SetSprt8)
../third_party/psyq/lib/libgpu.a(p26.o)
                              ../third_party/psyq/lib/libgpu.a(font.o) (SetTile)
../third_party/psyq/lib/libgpu.a(p27.o)
                              engine/graphics.o (SetLineF2)
../third_party/psyq/lib/libgpu.a(p41.o)
                              ../third_party/psyq/lib/libgpu.a(font.o) (SetDrawMode)
../third_party/psyq/lib/libgpu.a(sys.o)
                              engine/graphics.o (ClearImage2)
../third_party/psyq/lib/libgpu.a(e00.o)
                              ../third_party/psyq/lib/libgpu.a(font.o) (LoadTPage)
../third_party/psyq/lib/libgpu.a(e02.o)
                              ../third_party/psyq/lib/libgpu.a(font.o) (LoadClut2)
../third_party/psyq/lib/libgpu.a(p01.o)
                              ../third_party/psyq/lib/libgpu.a(e02.o) (GetClut)
../third_party/psyq/lib/libgs.a(2d_sp0.o)
                              engine/graphics.o (GsSortSprite)
../third_party/psyq/lib/libgs.a(global.o)
                              ../third_party/psyq/lib/libgs.a(2d_sp0.o) (GsOUT_PACKET_P)
../third_party/psyq/lib/libgs.a(gs_001.o)
                              ../third_party/psyq/lib/libgs.a(2d_sp0.o) (GsORGOFSY)
../third_party/psyq/lib/libgs.a(gs_0021.o)
                              engine/graphics.o (GsGetActiveBuff)
../third_party/psyq/lib/libgs.a(gs_0022.o)
                              ../third_party/psyq/lib/libgs.a(gs_001.o) (GsSetDrawBuffOffset)
../third_party/psyq/lib/libgs.a(gs_003.o)
                              ../third_party/psyq/lib/libgs.a(gs_001.o) (GsSetDrawBuffClip)
../third_party/psyq/lib/libgs.a(gs_010.o)
                              engine/graphics.o (GsSwapDispBuff)
../third_party/psyq/lib/libgs.a(gs_103.o)
                              engine/graphics.o (GsDefDispBuff)
../third_party/psyq/lib/libgs.a(gs_104.o)
                              ../third_party/psyq/lib/libgs.a(gs_001.o) (HWD0)
../third_party/psyq/lib/libgs.a(gs_107.o)
                              ../third_party/psyq/lib/libgs.a(gs_001.o) (GsLIGHTWSMATRIX)
../third_party/psyq/lib/libgs.a(gs_111.o)
                              engine/graphics.o (GsDrawOt)
../third_party/psyq/lib/libgs.a(gs_113.o)
                              engine/graphics.o (GsClearOt)
../third_party/psyq/lib/libgs.a(gs_121.o)
                              ../third_party/psyq/lib/libgs.a(gs_001.o) (gte_init)
../third_party/psyq/lib/libgs.a(gs_122.o)
                              engine/graphics.o (GsGetTimInfo)
../third_party/psyq/lib/libgs.a(gs_124.o)
                              engine/graphics.o (GsSetWorkBase)
../third_party/psyq/lib/libgs.a(gs_128.o)
                              ../third_party/psyq/lib/libgs.a(2d_sp0.o) (GsIDMATRIX)
../third_party/psyq/lib/libgs.a(2d_com1.o)
                              ../third_party/psyq/lib/libgs.a(2d_sp0.o) (_make_packet)
../third_party/psyq/lib/libgte.a(cmb_00.o)
                              ../third_party/psyq/lib/libgs.a(2d_sp0.o) (RotTransPers4)
../third_party/psyq/lib/libgte.a(fgo_01.o)
                              ../third_party/psyq/lib/libgs.a(2d_sp0.o) (RotMatrix)
../third_party/psyq/lib/libgte.a(msc00.o)
                              ../third_party/psyq/lib/libgs.a(gs_121.o) (InitGeom)
../third_party/psyq/lib/libgte.a(msc01.o)
                              ../third_party/psyq/lib/libgs.a(gs_107.o) (SquareRoot0)
../third_party/psyq/lib/libgte.a(mtx_07.o)
                              ../third_party/psyq/lib/libgs.a(2d_sp0.o) (TransMatrix)
../third_party/psyq/lib/libgte.a(mtx_08.o)
                              ../third_party/psyq/lib/libgs.a(2d_sp0.o) (ScaleMatrix)
../third_party/psyq/lib/libgte.a(mtx_09.o)
                              ../third_party/psyq/lib/libgs.a(2d_sp0.o) (SetRotMatrix)
../third_party/psyq/lib/libgte.a(mtx_11.o)
                              ../third_party/psyq/lib/libgs.a(gs_107.o) (SetColorMatrix)
../third_party/psyq/lib/libgte.a(mtx_12.o)
                              ../third_party/psyq/lib/libgs.a(2d_sp0.o) (SetTransMatrix)
../third_party/psyq/lib/libgte.a(patchgte.o)
                              ../third_party/psyq/lib/libgte.a(msc00.o) (_patch_gte)
../third_party/psyq/lib/libgte.a(reg09.o)
                              ../third_party/psyq/lib/libgs.a(2d_sp0.o) (ReadGeomScreen)
../third_party/psyq/lib/libgte.a(reg11.o)
                              ../third_party/psyq/lib/libgs.a(gs_121.o) (SetFarColor)
../third_party/psyq/lib/libgte.a(reg12.o)
                              ../third_party/psyq/lib/libgs.a(gs_0022.o) (SetGeomOffset)
../third_party/psyq/lib/libgte.a(sqrtbl.o)
                              ../third_party/psyq/lib/libgte.a(msc01.o) (SQRT)
../third_party/psyq/lib/libgte.a(cstbl.o)
                              ../third_party/psyq/lib/libgte.a(fgo_01.o) (rcossin_tbl)
../third_party/psyq/lib/libspu.a(s_i.o)
                              engine/audio.o (SpuInit)
../third_party/psyq/lib/libspu.a(s_ini.o)
                              ../third_party/psyq/lib/libspu.a(s_i.o) (_SpuInit)
../third_party/psyq/lib/libspu.a(s_itc.o)
                              engine/audio.o (SpuIsTransferCompleted)
../third_party/psyq/lib/libspu.a(s_m.o)
                              ../third_party/psyq/lib/libspu.a(s_ini.o) (_spu_memList)
../third_party/psyq/lib/libspu.a(s_m_f.o)
                              engine/audio.o (SpuFree)
../third_party/psyq/lib/libspu.a(s_m_init.o)
                              engine/audio.o (SpuInitMalloc)
../third_party/psyq/lib/libspu.a(s_m_int.o)
                              ../third_party/psyq/lib/libspu.a(s_m_f.o) (_spu_gcSPU)
../third_party/psyq/lib/libspu.a(s_m_m.o)
                              engine/audio.o (SpuMalloc)
../third_party/psyq/lib/libspu.a(s_rmp0.o)
                              ../third_party/psyq/lib/libspu.a(s_ini.o) (_spu_rev_startaddr)
../third_party/psyq/lib/libspu.a(s_sca.o)
                              engine/audio.o (SpuSetCommonAttr)
../third_party/psyq/lib/libspu.a(s_si.o)
                              engine/audio.o (SpuSetIRQ)
../third_party/psyq/lib/libspu.a(s_sk.o)
                              engine/audio.o (SpuSetKey)
../third_party/psyq/lib/libspu.a(s_stm.o)
                              engine/audio.o (SpuSetTransferMode)
../third_party/psyq/lib/libspu.a(s_stsa.o)
                              engine/audio.o (SpuSetTransferStartAddr)
../third_party/psyq/lib/libspu.a(s_sva.o)
                              engine/audio.o (SpuSetVoiceAttr)
../third_party/psyq/lib/libspu.a(s_w.o)
                              engine/audio.o (SpuWrite)
../third_party/psyq/lib/libspu.a(spu.o)
                              ../third_party/psyq/lib/libspu.a(s_stsa.o) (_spu_FsetRXXa)
../third_party/psyq/lib/libspu.a(s_dcb.o)
                              ../third_party/psyq/lib/libspu.a(s_ini.o) (_SpuDataCallback)
../third_party/psyq/lib/libspu.a(s_n2p.o)
                              ../third_party/psyq/lib/libspu.a(s_sva.o) (_spu_note2pitch)
../third_party/psyq/lib/libapi.a(a07.o)
                              ../third_party/psyq/lib/libspu.a(spu.o) (DeliverEvent)
../third_party/psyq/lib/libapi.a(a08.o)
                              ../third_party/psyq/lib/libspu.a(s_ini.o) (OpenEvent)
../third_party/psyq/lib/libapi.a(a11.o)
                              ../third_party/psyq/lib/libspu.a(s_itc.o) (TestEvent)
../third_party/psyq/lib/libapi.a(a12.o)
                              ../third_party/psyq/lib/libspu.a(s_ini.o) (EnableEvent)
../third_party/psyq/lib/libapi.a(a23.o)
                              ../third_party/psyq/lib/libetc.a(intr.o) (ReturnFromException)
../third_party/psyq/lib/libapi.a(a24.o)
                              ../third_party/psyq/lib/libetc.a(intr.o) (ResetEntryInt)
../third_party/psyq/lib/libapi.a(a25.o)
                              ../third_party/psyq/lib/libetc.a(intr.o) (HookEntryInt)
../third_party/psyq/lib/libapi.a(c114.o)
                              ../third_party/psyq/lib/libetc.a(intr.o) (_96_remove)
../third_party/psyq/lib/libapi.a(c73.o)
                              ../third_party/psyq/lib/libgpu.a(sys.o) (GPU_cw)
../third_party/psyq/lib/libapi.a(l10.o)
                              ../third_party/psyq/lib/libetc.a(vsync.o) (ChangeClearRCnt)
../third_party/psyq/lib/libc.a(a63.o)
                              ../third_party/psyq/lib/libetc.a(vsync.o) (puts)
../third_party/psyq/lib/libc.a(c19.o)
                              ../third_party/psyq/lib/libetc.a(intr.o) (setjmp)
../third_party/psyq/lib/libc.a(c27.o)
                              ../third_party/psyq/lib/libgpu.a(font.o) (strlen)
../third_party/psyq/lib/libc.a(c43.o)
                              ../third_party/psyq/lib/libgpu.a(font.o) (memset)

Allocating common symbols
Common symbol       size              file

g_s_attr            0x40              engine/audio.o
input_pad           0x2               engine/input.o
playerSprite        0x50              main.o
l_vag1_spu_addr     0x4               engine/audio.o
input_trig          0x4               engine/input.o
mainPlayer          0x6c              main.o
SCREEN_WIDTH        0x4               engine/graphics.o
input_binds         0x1c              engine/input.o
GPUOutputPacket     0x258             engine/graphics.o
l_c_attr            0x28              engine/audio.o
SCREEN_HEIGHT       0x4               engine/graphics.o
currentBuffer       0x2               engine/graphics.o
input_held          0x4               engine/input.o
systemBackgroundColor
                    0xc               engine/graphics.o
input_suppress_trig
                    0x1               engine/input.o
mainTimer           0x10              main.o
orderingTable       0x28              engine/graphics.o
minorOrderingTable  0x10              engine/graphics.o

Discarded input sections

 .text          0x0000000000000000        0x0 main.o
 .bss           0x0000000000000000       0x10 main.o
 .reginfo       0x0000000000000000       0x18 main.o
 .MIPS.abiflags
                0x0000000000000000       0x18 main.o
 .pdr           0x0000000000000000       0xa0 main.o
 .text.gameScreen
                0x0000000000000000        0x8 main.o
 .text          0x0000000000000000        0x0 engine/graphics.o
 .data          0x0000000000000000        0x0 engine/graphics.o
 .bss           0x0000000000000000        0x0 engine/graphics.o
 .reginfo       0x0000000000000000       0x18 engine/graphics.o
 .MIPS.abiflags
                0x0000000000000000       0x18 engine/graphics.o
 .pdr           0x0000000000000000      0x2c0 engine/graphics.o
 .text.scaleImage
                0x0000000000000000       0x74 engine/graphics.o
 .text.rotImage
                0x0000000000000000       0x40 engine/graphics.o
 .text.moveLine
                0x0000000000000000       0x50 engine/graphics.o
 .text.moveBox  0x0000000000000000      0x1a8 engine/graphics.o
 .text.transposeBox
                0x0000000000000000       0x34 engine/graphics.o
 .text.drawLine
                0x0000000000000000       0x30 engine/graphics.o
 .text.initializeDebugFont
                0x0000000000000000       0x44 engine/graphics.o
 .text          0x0000000000000000        0x0 engine/input.o
 .data          0x0000000000000000        0x0 engine/input.o
 .reginfo       0x0000000000000000       0x18 engine/input.o
 .MIPS.abiflags
                0x0000000000000000       0x18 engine/input.o
 .pdr           0x0000000000000000       0x40 engine/input.o
 .text          0x0000000000000000        0x0 engine/timerz.o
 .data          0x0000000000000000        0x0 engine/timerz.o
 .bss           0x0000000000000000        0x0 engine/timerz.o
 .reginfo       0x0000000000000000       0x18 engine/timerz.o
 .MIPS.abiflags
                0x0000000000000000       0x18 engine/timerz.o
 .pdr           0x0000000000000000       0x40 engine/timerz.o
 .text          0x0000000000000000        0x0 engine/audio.o
 .data          0x0000000000000000        0x0 engine/audio.o
 .reginfo       0x0000000000000000       0x18 engine/audio.o
 .MIPS.abiflags
                0x0000000000000000       0x18 engine/audio.o
 .pdr           0x0000000000000000       0xc0 engine/audio.o
 .text.audioChannelConfigure
                0x0000000000000000        0x8 engine/audio.o
 .text.audioFree
                0x0000000000000000        0x8 engine/audio.o
 .text          0x0000000000000000        0x0 ../third_party/common/syscalls/printf.o
 .data          0x0000000000000000        0x0 ../third_party/common/syscalls/printf.o
 .bss           0x0000000000000000        0x0 ../third_party/common/syscalls/printf.o
 .reginfo       0x0000000000000000       0x18 ../third_party/common/syscalls/printf.o
 .MIPS.abiflags
                0x0000000000000000       0x18 ../third_party/common/syscalls/printf.o
 .pdr           0x0000000000000000        0x0 ../third_party/common/syscalls/printf.o
 .ramtext       0x0000000000000000        0xc ../third_party/common/syscalls/printf.o
 .debug_line    0x0000000000000000       0x59 ../third_party/common/syscalls/printf.o
 .debug_info    0x0000000000000000       0x26 ../third_party/common/syscalls/printf.o
 .debug_abbrev  0x0000000000000000       0x14 ../third_party/common/syscalls/printf.o
 .debug_aranges
                0x0000000000000000       0x20 ../third_party/common/syscalls/printf.o
 .debug_str     0x0000000000000000       0x48 ../third_party/common/syscalls/printf.o
 .gnu.attributes
                0x0000000000000000       0x10 ../third_party/common/syscalls/printf.o
 .text          0x0000000000000000        0x0 ../third_party/common/crt0/crt0.o
 .data          0x0000000000000000        0x0 ../third_party/common/crt0/crt0.o
 .bss           0x0000000000000000        0x0 ../third_party/common/crt0/crt0.o
 .reginfo       0x0000000000000000       0x18 ../third_party/common/crt0/crt0.o
 .MIPS.abiflags
                0x0000000000000000       0x18 ../third_party/common/crt0/crt0.o
 .data          0x0000000000000000       0x10 ../third_party/psyq/lib/libgs.a(global.o)
 .data          0x0000000000000000       0x10 ../third_party/psyq/lib/libgs.a(gs_001.o)
 .text          0x0000000000000000       0x80 ../third_party/psyq/lib/libgs.a(gs_104.o)
 .text          0x0000000000000000      0x570 ../third_party/psyq/lib/libgs.a(gs_107.o)
 .text          0x0000000000000000       0x90 ../third_party/psyq/lib/libgte.a(msc01.o)
 .text          0x0000000000000000       0x30 ../third_party/psyq/lib/libgte.a(mtx_11.o)
 .data          0x0000000000000000      0x180 ../third_party/psyq/lib/libgte.a(sqrtbl.o)
 .text          0x0000000000000000       0x80 ../third_party/psyq/lib/libspu.a(s_m_f.o)

Memory Configuration

Name             Origin             Length             Attributes
loader           0x000000008000f800 0x0000000000000800
ram              0x0000000080010000 0x00000000001f0000 xrw
dcache           0x000000001f800000 0x0000000000000400
*default*        0x0000000000000000 0xffffffffffffffff

Linker script and memory map

LOAD main.o
LOAD engine/graphics.o
LOAD engine/input.o
LOAD engine/timerz.o
LOAD engine/audio.o
LOAD ../third_party/common/syscalls/printf.o
LOAD ../third_party/common/crt0/crt0.o
START GROUP
LOAD ../third_party/psyq/lib/libapi.a
LOAD ../third_party/psyq/lib/libc.a
LOAD ../third_party/psyq/lib/libc2.a
LOAD ../third_party/psyq/lib/libcard.a
LOAD ../third_party/psyq/lib/libcomb.a
LOAD ../third_party/psyq/lib/libds.a
LOAD ../third_party/psyq/lib/libetc.a
LOAD ../third_party/psyq/lib/libgpu.a
LOAD ../third_party/psyq/lib/libgs.a
LOAD ../third_party/psyq/lib/libgte.a
LOAD ../third_party/psyq/lib/libgpu.a
LOAD ../third_party/psyq/lib/libgun.a
LOAD ../third_party/psyq/lib/libhmd.a
LOAD ../third_party/psyq/lib/libmath.a
LOAD ../third_party/psyq/lib/libmcrd.a
LOAD ../third_party/psyq/lib/libmcx.a
LOAD ../third_party/psyq/lib/libpad.a
LOAD ../third_party/psyq/lib/libpress.a
LOAD ../third_party/psyq/lib/libsio.a
LOAD ../third_party/psyq/lib/libsnd.a
LOAD ../third_party/psyq/lib/libspu.a
LOAD ../third_party/psyq/lib/libtap.a
END GROUP
                0x0000000080028b60                __heap_base = __bss_end
                0x0000000080010000                TLOAD_ADDR = DEFINED (TLOAD_ADDR)?TLOAD_ADDR:0x80010000
                0x0000000080200000                __ram_top = (ORIGIN (ram) + LENGTH (ram))
                0x00000000801fff00                __sp = (__ram_top - 0x100)
                0x000000001f800000                __dcache = ORIGIN (dcache)
                0x000000001f800400                __dcache_top = (ORIGIN (dcache) + LENGTH (dcache))
                0x0000000000006360                __bss_len = (__bss_end - __bss_start)
                0x0000000000009890                __ftext_len = (__ftext_end - __ftext_start)
                0x0000000000008f70                __fdata_len = (__fdata_end - __fdata_start)
                0x0000000080200000                __stack_start = (ORIGIN (ram) + LENGTH (ram))

.PSX_EXE_Header
                0x000000008000f800      0x800
                0x000000008000f800        0x1 BYTE 0x50
                0x000000008000f801        0x1 BYTE 0x53
                0x000000008000f802        0x1 BYTE 0x2d
                0x000000008000f803        0x1 BYTE 0x58
                0x000000008000f804        0x1 BYTE 0x20
                0x000000008000f805        0x1 BYTE 0x45
                0x000000008000f806        0x1 BYTE 0x58
                0x000000008000f807        0x1 BYTE 0x45
                0x000000008000f808        0x4 LONG 0x0
                0x000000008000f80c        0x4 LONG 0x0
                0x000000008000f810        0x4 LONG 0x80010000 ABSOLUTE (_start)
                0x000000008000f814        0x4 LONG 0x0
                0x000000008000f818        0x4 LONG 0x80010000 TLOAD_ADDR
                0x000000008000f81c        0x4 LONG 0x12800 (__ftext_len + __fdata_len)
                0x000000008000f820        0x4 LONG 0x0
                0x000000008000f824        0x4 LONG 0x0
                0x000000008000f828        0x4 LONG 0x0
                0x000000008000f82c        0x4 LONG 0x0
                0x000000008000f830        0x4 LONG 0x801fff00 DEFINED (_sp)?ABSOLUTE (_sp):0x801fff00
                0x000000008000f834        0x4 LONG 0x0
                0x0000000080010000                . = (. + 0x7c8)
 *fill*         0x000000008000f838      0x7c8 
                0x0000000080010000                __ftext_start = ABSOLUTE (.)

.text           0x0000000080010000     0x9890
 *(.start)
 .start         0x0000000080010000       0x64 ../third_party/common/crt0/crt0.o
                0x0000000080010000                _start
 *(.init)
 *(SORT_NONE(.fini))
 *(.text.unlikely .text.*_unlikely .text.unlikely.*)
 *(.text.exit .text.exit.*)
 *(.text.startup .text.startup.*)
 .text.startup.main
                0x0000000080010064      0x178 main.o
                0x0000000080010064                main
 *(.text.hot .text.hot.*)
 *(.text .stub .text.* .gnu.linkonce.t.*)
 .text.updateAnimation
                0x00000000800101dc      0x1ec main.o
                0x00000000800101dc                updateAnimation
 .text.initPlayer
                0x00000000800103c8       0x8c main.o
                0x00000000800103c8                initPlayer
 .text.initialize
                0x0000000080010454       0x94 main.o
                0x0000000080010454                initialize
 .text.setScreenMode.part.0
                0x00000000800104e8       0x64 engine/graphics.o
 .text.createImage
                0x000000008001054c      0x10c engine/graphics.o
                0x000000008001054c                createImage
 .text.moveImage
                0x0000000080010658       0x44 engine/graphics.o
                0x0000000080010658                moveImage
 .text.drawImage
                0x000000008001069c       0x60 engine/graphics.o
                0x000000008001069c                drawImage
 .text.createColor
                0x00000000800106fc       0x14 engine/graphics.o
                0x00000000800106fc                createColor
 .text.createLine
                0x0000000080010710       0x8c engine/graphics.o
                0x0000000080010710                createLine
 .text.createBox
                0x000000008001079c      0x12c engine/graphics.o
                0x000000008001079c                createBox
 .text.drawBox  0x00000000800108c8       0x48 engine/graphics.o
                0x00000000800108c8                drawBox
 .text.setScreenMode
                0x0000000080010910       0x70 engine/graphics.o
                0x0000000080010910                setScreenMode
 .text.setBackgroundColor
                0x0000000080010980       0x24 engine/graphics.o
                0x0000000080010980                setBackgroundColor
 .text.initializeOrderingTable
                0x00000000800109a4       0x90 engine/graphics.o
                0x00000000800109a4                initializeOrderingTable
 .text.flushDisplay
                0x0000000080010a34       0x90 engine/graphics.o
                0x0000000080010a34                flushDisplay
 .text.clearDisplay
                0x0000000080010ac4       0x74 engine/graphics.o
                0x0000000080010ac4                clearDisplay
 .text.clearVRAM
                0x0000000080010b38       0x44 engine/graphics.o
                0x0000000080010b38                clearVRAM
 .text.initializeScreen
                0x0000000080010b7c       0xac engine/graphics.o
                0x0000000080010b7c                initializeScreen
 .text.in_init  0x0000000080010c28       0x68 engine/input.o
                0x0000000080010c28                in_init
 .text.in_update
                0x0000000080010c90       0x90 engine/input.o
                0x0000000080010c90                in_update
 .text.createTimer
                0x0000000080010d20       0x44 engine/timerz.o
                0x0000000080010d20                createTimer
 .text.incTimer
                0x0000000080010d64       0x5c engine/timerz.o
                0x0000000080010d64                incTimer
 .text.audioInit
                0x0000000080010dc0       0xd4 engine/audio.o
                0x0000000080010dc0                audioInit
 .text.audioTransferVagToSPU
                0x0000000080010e94       0xc8 engine/audio.o
                0x0000000080010e94                audioTransferVagToSPU
 .text.audioPlay
                0x0000000080010f5c        0xc engine/audio.o
                0x0000000080010f5c                audioPlay
 .text.audioSilence
                0x0000000080010f68       0xb0 engine/audio.o
                0x0000000080010f68                audioSilence
 .text          0x0000000080011018       0x10 ../third_party/psyq/lib/libapi.a(a91.o)
                0x0000000080011018                ChangeClearPAD
 .text          0x0000000080011028      0x290 ../third_party/psyq/lib/libapi.a(pad.o)
                0x0000000080011028                SetInitPadFlag
                0x0000000080011034                ReadInitPadFlag
                0x0000000080011044                PAD_init
                0x00000000800110d4                InitPAD
                0x0000000080011164                StartPAD
 .text          0x00000000800112b8       0xa0 ../third_party/psyq/lib/libapi.a(patch.o)
                0x00000000800112b8                EnablePAD
                0x00000000800112cc                DisablePAD
                0x00000000800112e0                _patch_pad
 .text          0x0000000080011358       0x10 ../third_party/psyq/lib/libapi.a(a18.o)
                0x0000000080011358                InitPAD2
 .text          0x0000000080011368       0x10 ../third_party/psyq/lib/libapi.a(a19.o)
                0x0000000080011368                StartPAD2
 .text          0x0000000080011378       0x10 ../third_party/psyq/lib/libapi.a(a21.o)
                0x0000000080011378                PAD_init2
 .text          0x0000000080011388       0x10 ../third_party/psyq/lib/libapi.a(a36.o)
                0x0000000080011388                EnterCriticalSection
 .text          0x0000000080011398       0x10 ../third_party/psyq/lib/libapi.a(a37.o)
                0x0000000080011398                ExitCriticalSection
 .text          0x00000000800113a8       0x10 ../third_party/psyq/lib/libapi.a(c68.o)
                0x00000000800113a8                FlushCache
 .text          0x00000000800113b8       0x70 ../third_party/psyq/lib/libapi.a(chclrpad.o)
                0x00000000800113b8                _remove_ChgclrPAD
 .text          0x0000000080011428       0x10 ../third_party/psyq/lib/libapi.a(l02.o)
                0x0000000080011428                SysEnqIntRP
 .text          0x0000000080011438       0x10 ../third_party/psyq/lib/libapi.a(l03.o)
                0x0000000080011438                SysDeqIntRP
 .text          0x0000000080011448       0x10 ../third_party/psyq/lib/libc.a(c42.o)
                0x0000000080011448                memcpy
 .text          0x0000000080011458       0x10 ../third_party/psyq/lib/libc.a(c63.o)
                0x0000000080011458                printf
 .text          0x0000000080011468       0x30 ../third_party/psyq/lib/libetc.a(vmode.o)
                0x0000000080011468                SetVideoMode
                0x000000008001147c                GetVideoMode
 .text          0x0000000080011498      0x210 ../third_party/psyq/lib/libetc.a(vsync.o)
                0x0000000080011498                VSync
 .text          0x00000000800116a8      0x120 ../third_party/psyq/lib/libetc.a(intr_vb.o)
                0x00000000800116a8                startIntrVSync
 .text          0x00000000800117c8      0x6c0 ../third_party/psyq/lib/libetc.a(intr.o)
                0x00000000800117c8                ResetCallback
                0x00000000800117f8                InterruptCallback
                0x0000000080011828                DMACallback
                0x0000000080011858                VSyncCallback
                0x000000008001188c                VSyncCallbacks
                0x00000000800118bc                StopCallback
                0x00000000800118ec                RestartCallback
                0x000000008001191c                CheckCallback
                0x000000008001192c                GetIntrMask
                0x0000000080011944                SetIntrMask
 .text          0x0000000080011e88      0x2a0 ../third_party/psyq/lib/libetc.a(intr_dma.o)
                0x0000000080011e88                startIntrDMA
 .text          0x0000000080012128      0xa80 ../third_party/psyq/lib/libgpu.a(font.o)
                0x0000000080012128                SetDumpFnt
                0x0000000080012168                FntLoad
                0x0000000080012208                FntOpen
                0x00000000800124c4                FntFlush
                0x00000000800127e0                FntPrint
 .text          0x0000000080012ba8       0x40 ../third_party/psyq/lib/libgpu.a(p00.o)
                0x0000000080012ba8                GetTPage
 .text          0x0000000080012be8       0x40 ../third_party/psyq/lib/libgpu.a(p06.o)
                0x0000000080012be8                AddPrim
 .text          0x0000000080012c28       0x20 ../third_party/psyq/lib/libgpu.a(p09.o)
                0x0000000080012c28                TermPrim
 .text          0x0000000080012c48       0x30 ../third_party/psyq/lib/libgpu.a(p10.o)
                0x0000000080012c48                SetSemiTrans
 .text          0x0000000080012c78       0x20 ../third_party/psyq/lib/libgpu.a(p20.o)
                0x0000000080012c78                SetSprt8
 .text          0x0000000080012c98       0x20 ../third_party/psyq/lib/libgpu.a(p26.o)
                0x0000000080012c98                SetTile
 .text          0x0000000080012cb8       0x20 ../third_party/psyq/lib/libgpu.a(p27.o)
                0x0000000080012cb8                SetLineF2
 .text          0x0000000080012cd8       0xa0 ../third_party/psyq/lib/libgpu.a(p41.o)
                0x0000000080012cd8                SetDrawMode
 .text          0x0000000080012d78     0x2f00 ../third_party/psyq/lib/libgpu.a(sys.o)
                0x0000000080012d78                ResetGraph
                0x0000000080012eec                SetGraphDebug
                0x0000000080012f48                SetGraphQueue
                0x0000000080012fec                GetGraphDebug
                0x0000000080012ffc                DrawSyncCallback
                0x000000008001305c                SetDispMask
                0x00000000800130f4                DrawSync
                0x0000000080013278                ClearImage
                0x0000000080013308                ClearImage2
                0x00000000800133a0                LoadImage
                0x0000000080013400                StoreImage
                0x0000000080013460                MoveImage
                0x0000000080013518                ClearOTag
                0x00000000800135e0                ClearOTagR
                0x000000008001368c                DrawPrim
                0x00000000800136e8                DrawOTag
                0x0000000080013758                PutDrawEnv
                0x0000000080013818                DrawOTagEnv
                0x00000000800138f0                GetDrawEnv
                0x0000000080013924                PutDispEnv
                0x0000000080013e1c                GetDispEnv
                0x0000000080013e50                GetODE
                0x0000000080013e80                SetDrawArea
                0x0000000080013f00                SetDrawOffset
                0x0000000080013f40                SetDrawEnv
                0x0000000080015810                LoadImage2
                0x00000000800158fc                StoreImage2
                0x00000000800159e8                MoveImage2
                0x0000000080015b2c                DrawOTag2
                0x0000000080015c28                _GPU_ResetCallback
 .text          0x0000000080015c78       0xf0 ../third_party/psyq/lib/libgpu.a(e00.o)
                0x0000000080015c78                LoadTPage
 .text          0x0000000080015d68       0x70 ../third_party/psyq/lib/libgpu.a(e02.o)
                0x0000000080015d68                LoadClut2
 .text          0x0000000080015dd8       0x20 ../third_party/psyq/lib/libgpu.a(p01.o)
                0x0000000080015dd8                GetClut
 .text          0x0000000080015df8      0x500 ../third_party/psyq/lib/libgs.a(2d_sp0.o)
                0x0000000080015df8                GsSortSprite
 .text          0x00000000800162f8      0x550 ../third_party/psyq/lib/libgs.a(gs_001.o)
                0x00000000800162f8                GsInitGraph
                0x0000000080016488                GsInitGraph2
                0x0000000080016710                GsSortClear
 .text          0x0000000080016848       0x10 ../third_party/psyq/lib/libgs.a(gs_0021.o)
                0x0000000080016848                GsGetActiveBuff
 .text          0x0000000080016858      0x110 ../third_party/psyq/lib/libgs.a(gs_0022.o)
                0x0000000080016858                GsSetDrawBuffOffset
 .text          0x0000000080016968       0x80 ../third_party/psyq/lib/libgs.a(gs_003.o)
                0x0000000080016968                GsSetDrawBuffClip
 .text          0x00000000800169e8       0xb0 ../third_party/psyq/lib/libgs.a(gs_010.o)
                0x00000000800169e8                GsSwapDispBuff
 .text          0x0000000080016a98       0xa0 ../third_party/psyq/lib/libgs.a(gs_103.o)
                0x0000000080016a98                GsDefDispBuff
 .text          0x0000000080016b38       0x30 ../third_party/psyq/lib/libgs.a(gs_111.o)
                0x0000000080016b38                GsDrawOt
 .text          0x0000000080016b68       0x60 ../third_party/psyq/lib/libgs.a(gs_113.o)
                0x0000000080016b68                GsClearOt
 .text          0x0000000080016bc8       0x50 ../third_party/psyq/lib/libgs.a(gs_121.o)
                0x0000000080016bc8                gte_init
 .text          0x0000000080016c18       0xf0 ../third_party/psyq/lib/libgs.a(gs_122.o)
                0x0000000080016c18                GsGetTimInfo
 .text          0x0000000080016d08       0x10 ../third_party/psyq/lib/libgs.a(gs_124.o)
                0x0000000080016d08                GsSetWorkBase
 .text          0x0000000080016d18       0xa0 ../third_party/psyq/lib/libgs.a(2d_com1.o)
                0x0000000080016d18                _make_packet
 .text          0x0000000080016db8       0x80 ../third_party/psyq/lib/libgte.a(cmb_00.o)
                0x0000000080016db8                RotTransPers4
 .text          0x0000000080016e38      0x290 ../third_party/psyq/lib/libgte.a(fgo_01.o)
                0x0000000080016e38                RotMatrix
 .text          0x00000000800170c8       0x90 ../third_party/psyq/lib/libgte.a(msc00.o)
                0x00000000800170d0                InitGeom
 .text          0x0000000080017158       0x30 ../third_party/psyq/lib/libgte.a(mtx_07.o)
                0x0000000080017158                TransMatrix
 .text          0x0000000080017188      0x140 ../third_party/psyq/lib/libgte.a(mtx_08.o)
                0x0000000080017188                ScaleMatrix
 .text          0x00000000800172c8       0x30 ../third_party/psyq/lib/libgte.a(mtx_09.o)
                0x00000000800172c8                SetRotMatrix
 .text          0x00000000800172f8       0x20 ../third_party/psyq/lib/libgte.a(mtx_12.o)
                0x00000000800172f8                SetTransMatrix
 .text          0x0000000080017318       0xe0 ../third_party/psyq/lib/libgte.a(patchgte.o)
                0x0000000080017318                _patch_gte
 .text          0x00000000800173f8       0x10 ../third_party/psyq/lib/libgte.a(reg09.o)
                0x00000000800173f8                ReadGeomScreen
 .text          0x0000000080017408       0x20 ../third_party/psyq/lib/libgte.a(reg11.o)
                0x0000000080017408                SetFarColor
 .text          0x0000000080017428       0x20 ../third_party/psyq/lib/libgte.a(reg12.o)
                0x0000000080017428                SetGeomOffset
 .text          0x0000000080017448       0x20 ../third_party/psyq/lib/libspu.a(s_i.o)
                0x0000000080017448                SpuInit
 .text          0x0000000080017468      0x160 ../third_party/psyq/lib/libspu.a(s_ini.o)
                0x0000000080017468                _SpuInit
                0x0000000080017550                SpuStart
 .text          0x00000000800175c8       0xb0 ../third_party/psyq/lib/libspu.a(s_itc.o)
                0x00000000800175c8                SpuIsTransferCompleted
 .text          0x0000000080017678       0x60 ../third_party/psyq/lib/libspu.a(s_m_init.o)
                0x0000000080017678                SpuInitMalloc
 .text          0x00000000800176d8      0x300 ../third_party/psyq/lib/libspu.a(s_m_int.o)
                0x00000000800176d8                _spu_gcSPU
 .text          0x00000000800179d8      0x2d0 ../third_party/psyq/lib/libspu.a(s_m_m.o)
                0x00000000800179d8                SpuMalloc
 .text          0x0000000080017ca8      0x380 ../third_party/psyq/lib/libspu.a(s_sca.o)
                0x0000000080017ca8                SpuSetCommonAttr
 .text          0x0000000080018028      0x140 ../third_party/psyq/lib/libspu.a(s_si.o)
                0x0000000080018028                SpuSetIRQ
 .text          0x0000000080018168      0x1c0 ../third_party/psyq/lib/libspu.a(s_sk.o)
                0x0000000080018168                SpuSetKey
 .text          0x0000000080018328       0x30 ../third_party/psyq/lib/libspu.a(s_stm.o)
                0x0000000080018328                SpuSetTransferMode
 .text          0x0000000080018358       0x60 ../third_party/psyq/lib/libspu.a(s_stsa.o)
                0x0000000080018358                SpuSetTransferStartAddr
 .text          0x00000000800183b8      0x600 ../third_party/psyq/lib/libspu.a(s_sva.o)
                0x00000000800183b8                SpuSetVoiceAttr
 .text          0x00000000800189b8       0x60 ../third_party/psyq/lib/libspu.a(s_w.o)
                0x00000000800189b8                SpuWrite
 .text          0x0000000080018a18      0xb40 ../third_party/psyq/lib/libspu.a(spu.o)
                0x0000000080018a18                _spu_init
                0x0000000080018e58                _spu_FiDMA
                0x0000000080018f14                _spu_Fr_
                0x0000000080018fbc                _spu_t
                0x000000008001923c                _spu_Fw
                0x00000000800192c0                _spu_Fr
                0x0000000080019324                _spu_FsetRXX
                0x0000000080019368                _spu_FsetRXXa
                0x000000008001940c                _spu_FgetRXXa
                0x0000000080019448                _spu_FsetPCR
                0x00000000800194f0                _spu_Fw1ts
 .text          0x0000000080019558       0x30 ../third_party/psyq/lib/libspu.a(s_dcb.o)
                0x0000000080019558                _SpuDataCallback
 .text          0x0000000080019588      0x200 ../third_party/psyq/lib/libspu.a(s_n2p.o)
                0x0000000080019588                _spu_note2pitch
                0x0000000080019658                _spu_pitch2note
 .text          0x0000000080019788       0x10 ../third_party/psyq/lib/libapi.a(a07.o)
                0x0000000080019788                DeliverEvent
 .text          0x0000000080019798       0x10 ../third_party/psyq/lib/libapi.a(a08.o)
                0x0000000080019798                OpenEvent
 .text          0x00000000800197a8       0x10 ../third_party/psyq/lib/libapi.a(a11.o)
                0x00000000800197a8                TestEvent
 .text          0x00000000800197b8       0x10 ../third_party/psyq/lib/libapi.a(a12.o)
                0x00000000800197b8                EnableEvent
 .text          0x00000000800197c8       0x10 ../third_party/psyq/lib/libapi.a(a23.o)
                0x00000000800197c8                ReturnFromException
 .text          0x00000000800197d8       0x10 ../third_party/psyq/lib/libapi.a(a24.o)
                0x00000000800197d8                ResetEntryInt
 .text          0x00000000800197e8       0x10 ../third_party/psyq/lib/libapi.a(a25.o)
                0x00000000800197e8                HookEntryInt
 .text          0x00000000800197f8       0x20 ../third_party/psyq/lib/libapi.a(c114.o)
                0x0000000080019800                _96_remove
 .text          0x0000000080019818       0x10 ../third_party/psyq/lib/libapi.a(c73.o)
                0x0000000080019818                GPU_cw
 .text          0x0000000080019828       0x10 ../third_party/psyq/lib/libapi.a(l10.o)
                0x0000000080019828                ChangeClearRCnt
 .text          0x0000000080019838       0x20 ../third_party/psyq/lib/libc.a(a63.o)
                0x0000000080019840                puts
 .text          0x0000000080019858       0x10 ../third_party/psyq/lib/libc.a(c19.o)
                0x0000000080019858                setjmp
 .text          0x0000000080019868       0x10 ../third_party/psyq/lib/libc.a(c27.o)
                0x0000000080019868                strlen
 .text          0x0000000080019878       0x10 ../third_party/psyq/lib/libc.a(c43.o)
                0x0000000080019878                memset
                0x0000000080019890                . = ALIGN (0x10)
 *fill*         0x0000000080019888        0x8 
 *(.init)
                0x0000000080019890                . = ALIGN (0x10)
 *(.fini)
                0x0000000080019890                . = ALIGN (0x10)
                0x0000000080019890                __text_end = .
                0x0000000080019890                __ftext_end = ABSOLUTE (.)
                0x0000000080019890                __fdata_start = ABSOLUTE (.)

.rodata         0x0000000080019890      0x594
 *(.rodata .rodata.* .rdata .rdata.* .gnu.linkonce.r.*)
 .rodata.str1.4
                0x0000000080019890       0x1c main.o
 .rodata.str1.4
                0x00000000800198ac       0x80 engine/graphics.o
 *fill*         0x000000008001992c        0x4 
 .rodata        0x0000000080019930       0x20 engine/input.o
                0x0000000080019930                input_binds_default
 .rodata        0x0000000080019950       0x10 ../third_party/common/crt0/crt0.o
 .rdata         0x0000000080019960       0x10 ../third_party/psyq/lib/libetc.a(vsync.o)
 .rdata         0x0000000080019970       0x70 ../third_party/psyq/lib/libetc.a(intr.o)
 .rdata         0x00000000800199e0       0x30 ../third_party/psyq/lib/libetc.a(intr_dma.o)
 .rdata         0x0000000080019a10       0xa0 ../third_party/psyq/lib/libgpu.a(font.o)
 .rdata         0x0000000080019ab0      0x220 ../third_party/psyq/lib/libgpu.a(sys.o)
 .rdata         0x0000000080019cd0       0x30 ../third_party/psyq/lib/libgs.a(2d_com1.o)
 .rdata         0x0000000080019d00       0x40 ../third_party/psyq/lib/libspu.a(s_sca.o)
 .rdata         0x0000000080019d40       0x30 ../third_party/psyq/lib/libspu.a(s_si.o)
 .rdata         0x0000000080019d70       0x40 ../third_party/psyq/lib/libspu.a(s_sva.o)
 .rdata         0x0000000080019db0       0x50 ../third_party/psyq/lib/libspu.a(spu.o)
                0x0000000080019e00                . = ALIGN (0x10)
                0x0000000080019e00                __preinit_array_start = .
 *(.preinit_array)
                0x0000000080019e00                __preinit_array_end = .
                0x0000000080019e00                . = ALIGN (0x10)
                0x0000000080019e00                __init_array_start = .
 *(SORT_BY_NAME(.init_array.*))
 *(.init_array)
                0x0000000080019e00                . = ALIGN (0x10)
 *crtbegin.o(.ctors)
 *(EXCLUDE_FILE(*crtend.o) .ctors)
 *(SORT_BY_NAME(.ctors.*))
 *crtend.o(.ctors)
                0x0000000080019e00                __init_array_end = .
                0x0000000080019e00                . = ALIGN (0x10)
                0x0000000080019e00                __fini_array_start = .
 *(.fini_array)
 *(SORT_BY_NAME(.fini_array.*))
 *crtbegin.o(.dtors)
 *(EXCLUDE_FILE(*crtend.o) .dtors)
 *(SORT_BY_NAME(.dtors.*))
 *crtend.o(.dtors)
                0x0000000080019e00                __fini_array_end = .
                0x0000000080019e00                __build_id = .
 *(.note.gnu.build-id)
 .note.gnu.build-id
                0x0000000080019e00       0x24 main.o
                0x0000000080019e24                __build_id_end = .

.rel.dyn        0x0000000080019e24        0x0
 .rel.dyn       0x0000000080019e24        0x0 main.o

.rodata1
 *(.rodata1)
                0x0000000080019e24                __data_start = .

.data           0x0000000080019e30     0x89d0
 *(.a0table)
 *(.data .data.* .gnu.linkonce.d.*)
 .data          0x0000000080019e30     0x2240 main.o
                0x0000000080019e30                img_beepsrites
                0x0000000080019e40                buzz1
                0x000000008001b550                buzz1_size
                0x000000008001b554                img_bee_2
                0x000000008001b900                img_bee_1
                0x000000008001bcac                img_bee_0
                0x000000008001c058                img_bee_2_height
                0x000000008001c05a                img_bee_2_width
                0x000000008001c05c                img_bee_1_height
                0x000000008001c05e                img_bee_1_width
                0x000000008001c060                img_bee_0_height
                0x000000008001c062                img_bee_0_width
                0x000000008001c064                img_bee_2_gpu_x
                0x000000008001c066                img_bee_1_gpu_x
                0x000000008001c068                img_bee_0_gpu_x
 .data          0x000000008001c070       0x10 ../third_party/psyq/lib/libapi.a(pad.o)
 .data          0x000000008001c080       0x10 ../third_party/psyq/lib/libetc.a(vmode.o)
 .data          0x000000008001c090       0x20 ../third_party/psyq/lib/libetc.a(vsync.o)
                0x000000008001c0a0                Hcount
 .data          0x000000008001c0b0       0x30 ../third_party/psyq/lib/libetc.a(intr_vb.o)
                0x000000008001c0d0                Vcount
 .data          0x000000008001c0e0     0x1100 ../third_party/psyq/lib/libetc.a(intr.o)
 .data          0x000000008001d1e0       0x30 ../third_party/psyq/lib/libetc.a(intr_dma.o)
 .data          0x000000008001d210      0xb90 ../third_party/psyq/lib/libgpu.a(font.o)
                0x000000008001d210                Font
 .data          0x000000008001dda0      0x1a0 ../third_party/psyq/lib/libgpu.a(sys.o)
                0x000000008001ddec                GPU_printf
                0x000000008001ddf0                GEnv
                0x000000008001df18                _qin
                0x000000008001df1c                _qout
 .data          0x000000008001df40       0x10 ../third_party/psyq/lib/libgte.a(msc00.o)
 .data          0x000000008001df50     0x4000 ../third_party/psyq/lib/libgte.a(cstbl.o)
                0x000000008001df50                rcossin_tbl
 .data          0x0000000080021f50       0x80 ../third_party/psyq/lib/libspu.a(s_ini.o)
                0x0000000080021f58                _spu_EVdma
                0x0000000080021f5c                _spu_keystat
                0x0000000080021f60                _spu_trans_mode
                0x0000000080021f64                _spu_rev_flag
                0x0000000080021f68                _spu_rev_reserve_wa
                0x0000000080021f6c                _spu_rev_offsetaddr
                0x0000000080021f70                _spu_rev_attr
                0x0000000080021f84                _spu_RQvoice
                0x0000000080021f88                _spu_RQmask
                0x0000000080021f8c                _spu_voice_centerNote
                0x0000000080021fbc                _spu_env
                0x0000000080021fc0                _spu_isCalled
 .data          0x0000000080021fd0       0x10 ../third_party/psyq/lib/libspu.a(s_m.o)
                0x0000000080021fd0                _spu_AllocBlockNum
                0x0000000080021fd4                _spu_AllocLastNum
                0x0000000080021fd8                _spu_memList
 .data          0x0000000080021fe0       0x30 ../third_party/psyq/lib/libspu.a(s_rmp0.o)
                0x0000000080021fe0                _spu_rev_startaddr
 .data          0x0000000080022010       0x60 ../third_party/psyq/lib/libspu.a(spu.o)
                0x0000000080022010                _spu_RXX
                0x0000000080022028                _spu_tsa
                0x000000008002202c                _spu_transMode
                0x0000000080022030                _spu_addrMode
                0x0000000080022034                _spu_mem_mode
                0x0000000080022038                _spu_mem_mode_plus
                0x000000008002203c                _spu_mem_mode_unit
                0x0000000080022040                _spu_mem_mode_unitM
                0x0000000080022044                _spu_inTransfer
                0x0000000080022048                _spu_transferCallback
                0x000000008002204c                _spu_IRQCallback
 .data          0x0000000080022070      0x120 ../third_party/psyq/lib/libspu.a(s_n2p.o)
 *(.data1)
 *(.sdata .sdata.* .gnu.linkonce.s.*)
 *(.sdata2 .sdata2.* .gnu.linkonce.s2.*)
 *(.got.plt)
 *(.got)
                0x0000000080022800                . = ALIGN (0x800)
 *fill*         0x0000000080022190      0x670 
                0x0000000080022800                __data_end = .
                0x0000000080022800                __fdata_end = .
                0x0000000080022800                __bss_start = .

.sbss           0x0000000080022800     0x6360
 *(.dynsbss)
 *(.sbss .sbss.* .gnu.linkonce.sb.*)
 *(.scommon)
 .scommon       0x0000000080022800        0xa engine/graphics.o
                0x0000000080022800                SCREEN_WIDTH
                0x0000000080022804                SCREEN_HEIGHT
                0x0000000080022808                currentBuffer
 *fill*         0x000000008002280a        0x2 
 .scommon       0x000000008002280c        0xd engine/input.o
                0x000000008002280c                input_pad
                0x0000000080022810                input_trig
                0x0000000080022814                input_held
                0x0000000080022818                input_suppress_trig
 *fill*         0x0000000080022819        0x3 
 .scommon       0x000000008002281c        0x4 engine/audio.o
                0x000000008002281c                l_vag1_spu_addr
 *(.dynbss)
 *(.bss .bss.* .gnu.linkonce.b.*)
 .bss           0x0000000080022820       0x50 engine/input.o
 .bss           0x0000000080022870       0x60 engine/audio.o
 .bss           0x00000000800228d0       0x10 ../third_party/psyq/lib/libapi.a(pad.o)
                0x00000000800228d0                _apiPadPatch
 .bss           0x00000000800228e0       0x10 ../third_party/psyq/lib/libapi.a(patch.o)
 .bss           0x00000000800228f0       0x10 ../third_party/psyq/lib/libapi.a(chclrpad.o)
 .bss           0x0000000080022900     0x4410 ../third_party/psyq/lib/libgpu.a(font.o)
 .bss           0x0000000080026d10     0x1850 ../third_party/psyq/lib/libgpu.a(sys.o)
                0x0000000080026d60                _que
 .bss           0x0000000080028560       0x54 ../third_party/psyq/lib/libgs.a(global.o)
                0x0000000080028560                GsOUT_PACKET_P
                0x0000000080028568                GsMATE_C
                0x0000000080028570                GsLMODE
                0x0000000080028578                GsLIGNR
                0x0000000080028580                GsLIOFF
                0x0000000080028588                GsZOVER
                0x0000000080028590                GsBACKC
                0x0000000080028598                GsNDIV
                0x00000000800285a0                GsTRATE
                0x00000000800285a8                GsTON
                0x00000000800285b0                GsDISPON
 *fill*         0x00000000800285b4        0x4 
 .bss           0x00000000800285b8       0xea ../third_party/psyq/lib/libgs.a(gs_001.o)
                0x00000000800285d8                PSDIDX
                0x00000000800285e0                GsDRAWENV
                0x0000000080028640                GsDISPENV
                0x0000000080028658                PSDGPU
                0x0000000080028660                PSDBASEX
                0x0000000080028668                PSDBASEY
                0x0000000080028670                POSITION
                0x0000000080028678                CLIP2
                0x0000000080028680                PSDCNT
                0x0000000080028688                PSDOFSX
                0x0000000080028690                PSDOFSY
                0x0000000080028698                GsORGOFSX
                0x00000000800286a0                GsORGOFSY
 *fill*         0x00000000800286a2        0x6 
 .bss           0x00000000800286a8       0x24 ../third_party/psyq/lib/libgs.a(gs_104.o)
                0x00000000800286a8                HWD0
                0x00000000800286b0                VWD0
                0x00000000800286b8                GsCLIP3near
                0x00000000800286c0                GsLIGHT_MODE
                0x00000000800286c8                GsCLIP3far
 *fill*         0x00000000800286cc        0x4 
 .bss           0x00000000800286d0       0x40 ../third_party/psyq/lib/libgs.a(gs_107.o)
                0x00000000800286d0                GsLIGHTWSMATRIX
                0x00000000800286f0                _LC
 .bss           0x0000000080028710       0x40 ../third_party/psyq/lib/libgs.a(gs_128.o)
                0x0000000080028710                GsIDMATRIX
                0x0000000080028730                GsIDMATRIX2
 .bss           0x0000000080028750       0x10 ../third_party/psyq/lib/libgte.a(patchgte.o)
 .bss           0x0000000080028760       0x14 ../third_party/psyq/lib/libspu.a(spu.o)
                0x0000000080028760                _spu_RQ
 *(COMMON)
 COMMON         0x0000000080028774       0xcc main.o
                0x0000000080028774                playerSprite
                0x00000000800287c4                mainPlayer
                0x0000000080028830                mainTimer
 COMMON         0x0000000080028840      0x29c engine/graphics.o
                0x0000000080028840                GPUOutputPacket
                0x0000000080028a98                systemBackgroundColor
                0x0000000080028aa4                orderingTable
                0x0000000080028acc                minorOrderingTable
 COMMON         0x0000000080028adc       0x1c engine/input.o
                0x0000000080028adc                input_binds
 COMMON         0x0000000080028af8       0x68 engine/audio.o
                0x0000000080028af8                g_s_attr
                0x0000000080028b38                l_c_attr
                0x0000000080028b60                . = ALIGN (0x4)
                0x0000000080028b60                __bss_end = .
                0x0000000080028b60                __heap_start = __heap_base
                0x000000008000f800                . = (ADDR (.text) - 0x800)
                0x000000008000f800                __end = .

/DISCARD/
 *(.MIPS.abiflags)
 *(.rel.iplt)
 *(.rela.iplt)
 *(.rel.plt)
 *(.rela.plt)
 *(.plt)
 *(.iplt)
 *(.note.GNU-stack)
 *(.gnu_debuglink)
 *(.gnu.lto_*)
OUTPUT(BuzzyBee.elf elf32-tradlittlemips)

.mdebug.abi32   0x0000000000000000        0x0
 .mdebug.abi32  0x0000000000000000        0x0 main.o
 .mdebug.abi32  0x0000000000000000        0x0 engine/graphics.o
 .mdebug.abi32  0x0000000000000000        0x0 engine/input.o
 .mdebug.abi32  0x0000000000000000        0x0 engine/timerz.o
 .mdebug.abi32  0x0000000000000000        0x0 engine/audio.o

.comment        0x0000000000000000       0x2a
 .comment       0x0000000000000000       0x2a main.o
                                         0x2b (size before relaxing)
 .comment       0x000000000000002a       0x2b engine/graphics.o
 .comment       0x000000000000002a       0x2b engine/input.o
 .comment       0x000000000000002a       0x2b engine/timerz.o
 .comment       0x000000000000002a       0x2b engine/audio.o

.gnu.attributes
                0x0000000000000000       0x10
 .gnu.attributes
                0x0000000000000000       0x10 main.o
 .gnu.attributes
                0x0000000000000010       0x10 engine/graphics.o
 .gnu.attributes
                0x0000000000000020       0x10 engine/input.o
 .gnu.attributes
                0x0000000000000030       0x10 engine/timerz.o
 .gnu.attributes
                0x0000000000000040       0x10 engine/audio.o
 .gnu.attributes
                0x0000000000000050       0x10 ../third_party/common/crt0/crt0.o

.pdr            0x0000000000000000        0x0
 .pdr           0x0000000000000000        0x0 ../third_party/common/crt0/crt0.o

.note           0x0000000000000000     0x2bf4
 .note          0x0000000000000000       0x74 ../third_party/psyq/lib/libapi.a(a91.o)
 .note          0x0000000000000074       0x74 ../third_party/psyq/lib/libapi.a(pad.o)
 .note          0x00000000000000e8       0x74 ../third_party/psyq/lib/libapi.a(patch.o)
 .note          0x000000000000015c       0x74 ../third_party/psyq/lib/libapi.a(a18.o)
 .note          0x00000000000001d0       0x74 ../third_party/psyq/lib/libapi.a(a19.o)
 .note          0x0000000000000244       0x74 ../third_party/psyq/lib/libapi.a(a21.o)
 .note          0x00000000000002b8       0x74 ../third_party/psyq/lib/libapi.a(a36.o)
 .note          0x000000000000032c       0x74 ../third_party/psyq/lib/libapi.a(a37.o)
 .note          0x00000000000003a0       0x74 ../third_party/psyq/lib/libapi.a(c68.o)
 .note          0x0000000000000414       0x74 ../third_party/psyq/lib/libapi.a(chclrpad.o)
 .note          0x0000000000000488       0x74 ../third_party/psyq/lib/libapi.a(l02.o)
 .note          0x00000000000004fc       0x74 ../third_party/psyq/lib/libapi.a(l03.o)
 .note          0x0000000000000570       0x74 ../third_party/psyq/lib/libc.a(c42.o)
 .note          0x00000000000005e4       0x74 ../third_party/psyq/lib/libc.a(c63.o)
 .note          0x0000000000000658       0x74 ../third_party/psyq/lib/libetc.a(vmode.o)
 .note          0x00000000000006cc       0x74 ../third_party/psyq/lib/libetc.a(vsync.o)
 .note          0x0000000000000740       0x74 ../third_party/psyq/lib/libetc.a(intr_vb.o)
 .note          0x00000000000007b4       0x74 ../third_party/psyq/lib/libetc.a(intr.o)
 .note          0x0000000000000828       0x74 ../third_party/psyq/lib/libetc.a(intr_dma.o)
 .note          0x000000000000089c       0x74 ../third_party/psyq/lib/libgpu.a(font.o)
 .note          0x0000000000000910       0x74 ../third_party/psyq/lib/libgpu.a(p00.o)
 .note          0x0000000000000984       0x74 ../third_party/psyq/lib/libgpu.a(p06.o)
 .note          0x00000000000009f8       0x74 ../third_party/psyq/lib/libgpu.a(p09.o)
 .note          0x0000000000000a6c       0x74 ../third_party/psyq/lib/libgpu.a(p10.o)
 .note          0x0000000000000ae0       0x74 ../third_party/psyq/lib/libgpu.a(p20.o)
 .note          0x0000000000000b54       0x74 ../third_party/psyq/lib/libgpu.a(p26.o)
 .note          0x0000000000000bc8       0x74 ../third_party/psyq/lib/libgpu.a(p27.o)
 .note          0x0000000000000c3c       0x74 ../third_party/psyq/lib/libgpu.a(p41.o)
 .note          0x0000000000000cb0       0x74 ../third_party/psyq/lib/libgpu.a(sys.o)
 .note          0x0000000000000d24       0x74 ../third_party/psyq/lib/libgpu.a(e00.o)
 .note          0x0000000000000d98       0x74 ../third_party/psyq/lib/libgpu.a(e02.o)
 .note          0x0000000000000e0c       0x74 ../third_party/psyq/lib/libgpu.a(p01.o)
 .note          0x0000000000000e80       0x74 ../third_party/psyq/lib/libgs.a(2d_sp0.o)
 .note          0x0000000000000ef4       0x74 ../third_party/psyq/lib/libgs.a(global.o)
 .note          0x0000000000000f68       0x74 ../third_party/psyq/lib/libgs.a(gs_001.o)
 .note          0x0000000000000fdc       0x74 ../third_party/psyq/lib/libgs.a(gs_0021.o)
 .note          0x0000000000001050       0x74 ../third_party/psyq/lib/libgs.a(gs_0022.o)
 .note          0x00000000000010c4       0x74 ../third_party/psyq/lib/libgs.a(gs_003.o)
 .note          0x0000000000001138       0x74 ../third_party/psyq/lib/libgs.a(gs_010.o)
 .note          0x00000000000011ac       0x74 ../third_party/psyq/lib/libgs.a(gs_103.o)
 .note          0x0000000000001220       0x74 ../third_party/psyq/lib/libgs.a(gs_104.o)
 .note          0x0000000000001294       0x74 ../third_party/psyq/lib/libgs.a(gs_107.o)
 .note          0x0000000000001308       0x74 ../third_party/psyq/lib/libgs.a(gs_111.o)
 .note          0x000000000000137c       0x74 ../third_party/psyq/lib/libgs.a(gs_113.o)
 .note          0x00000000000013f0       0x74 ../third_party/psyq/lib/libgs.a(gs_121.o)
 .note          0x0000000000001464       0x74 ../third_party/psyq/lib/libgs.a(gs_122.o)
 .note          0x00000000000014d8       0x74 ../third_party/psyq/lib/libgs.a(gs_124.o)
 .note          0x000000000000154c       0x74 ../third_party/psyq/lib/libgs.a(gs_128.o)
 .note          0x00000000000015c0       0x74 ../third_party/psyq/lib/libgs.a(2d_com1.o)
 .note          0x0000000000001634       0x74 ../third_party/psyq/lib/libgte.a(cmb_00.o)
 .note          0x00000000000016a8       0x74 ../third_party/psyq/lib/libgte.a(fgo_01.o)
 .note          0x000000000000171c       0x74 ../third_party/psyq/lib/libgte.a(msc00.o)
 .note          0x0000000000001790       0x74 ../third_party/psyq/lib/libgte.a(msc01.o)
 .note          0x0000000000001804       0x74 ../third_party/psyq/lib/libgte.a(mtx_07.o)
 .note          0x0000000000001878       0x74 ../third_party/psyq/lib/libgte.a(mtx_08.o)
 .note          0x00000000000018ec       0x74 ../third_party/psyq/lib/libgte.a(mtx_09.o)
 .note          0x0000000000001960       0x74 ../third_party/psyq/lib/libgte.a(mtx_11.o)
 .note          0x00000000000019d4       0x74 ../third_party/psyq/lib/libgte.a(mtx_12.o)
 .note          0x0000000000001a48       0x74 ../third_party/psyq/lib/libgte.a(patchgte.o)
 .note          0x0000000000001abc       0x74 ../third_party/psyq/lib/libgte.a(reg09.o)
 .note          0x0000000000001b30       0x74 ../third_party/psyq/lib/libgte.a(reg11.o)
 .note          0x0000000000001ba4       0x74 ../third_party/psyq/lib/libgte.a(reg12.o)
 .note          0x0000000000001c18       0x74 ../third_party/psyq/lib/libgte.a(sqrtbl.o)
 .note          0x0000000000001c8c       0x74 ../third_party/psyq/lib/libgte.a(cstbl.o)
 .note          0x0000000000001d00       0x74 ../third_party/psyq/lib/libspu.a(s_i.o)
 .note          0x0000000000001d74       0x74 ../third_party/psyq/lib/libspu.a(s_ini.o)
 .note          0x0000000000001de8       0x74 ../third_party/psyq/lib/libspu.a(s_itc.o)
 .note          0x0000000000001e5c       0x74 ../third_party/psyq/lib/libspu.a(s_m.o)
 .note          0x0000000000001ed0       0x74 ../third_party/psyq/lib/libspu.a(s_m_f.o)
 .note          0x0000000000001f44       0x74 ../third_party/psyq/lib/libspu.a(s_m_init.o)
 .note          0x0000000000001fb8       0x74 ../third_party/psyq/lib/libspu.a(s_m_int.o)
 .note          0x000000000000202c       0x74 ../third_party/psyq/lib/libspu.a(s_m_m.o)
 .note          0x00000000000020a0       0x74 ../third_party/psyq/lib/libspu.a(s_rmp0.o)
 .note          0x0000000000002114       0x74 ../third_party/psyq/lib/libspu.a(s_sca.o)
 .note          0x0000000000002188       0x74 ../third_party/psyq/lib/libspu.a(s_si.o)
 .note          0x00000000000021fc       0x74 ../third_party/psyq/lib/libspu.a(s_sk.o)
 .note          0x0000000000002270       0x74 ../third_party/psyq/lib/libspu.a(s_stm.o)
 .note          0x00000000000022e4       0x74 ../third_party/psyq/lib/libspu.a(s_stsa.o)
 .note          0x0000000000002358       0x74 ../third_party/psyq/lib/libspu.a(s_sva.o)
 .note          0x00000000000023cc       0x74 ../third_party/psyq/lib/libspu.a(s_w.o)
 .note          0x0000000000002440       0x74 ../third_party/psyq/lib/libspu.a(spu.o)
 .note          0x00000000000024b4       0x74 ../third_party/psyq/lib/libspu.a(s_dcb.o)
 .note          0x0000000000002528       0x74 ../third_party/psyq/lib/libspu.a(s_n2p.o)
 .note          0x000000000000259c       0x74 ../third_party/psyq/lib/libapi.a(a07.o)
 .note          0x0000000000002610       0x74 ../third_party/psyq/lib/libapi.a(a08.o)
 .note          0x0000000000002684       0x74 ../third_party/psyq/lib/libapi.a(a11.o)
 .note          0x00000000000026f8       0x74 ../third_party/psyq/lib/libapi.a(a12.o)
 .note          0x000000000000276c       0x74 ../third_party/psyq/lib/libapi.a(a23.o)
 .note          0x00000000000027e0       0x74 ../third_party/psyq/lib/libapi.a(a24.o)
 .note          0x0000000000002854       0x74 ../third_party/psyq/lib/libapi.a(a25.o)
 .note          0x00000000000028c8       0x74 ../third_party/psyq/lib/libapi.a(c114.o)
 .note          0x000000000000293c       0x74 ../third_party/psyq/lib/libapi.a(c73.o)
 .note          0x00000000000029b0       0x74 ../third_party/psyq/lib/libapi.a(l10.o)
 .note          0x0000000000002a24       0x74 ../third_party/psyq/lib/libc.a(a63.o)
 .note          0x0000000000002a98       0x74 ../third_party/psyq/lib/libc.a(c19.o)
 .note          0x0000000000002b0c       0x74 ../third_party/psyq/lib/libc.a(c27.o)
 .note          0x0000000000002b80       0x74 ../third_party/psyq/lib/libc.a(c43.o)

.debug_info     0x0000000000000000     0x345f
 .debug_info    0x0000000000000000      0xfa6 main.o
 .debug_info    0x0000000000000fa6     0x1861 engine/graphics.o
 .debug_info    0x0000000000002807      0x4bd engine/input.o
 .debug_info    0x0000000000002cc4      0x14b engine/timerz.o
 .debug_info    0x0000000000002e0f      0x62a engine/audio.o
 .debug_info    0x0000000000003439       0x26 ../third_party/common/crt0/crt0.o

.debug_abbrev   0x0000000000000000      0xba4
 .debug_abbrev  0x0000000000000000      0x25b main.o
 .debug_abbrev  0x000000000000025b      0x3bc engine/graphics.o
 .debug_abbrev  0x0000000000000617      0x229 engine/input.o
 .debug_abbrev  0x0000000000000840      0x127 engine/timerz.o
 .debug_abbrev  0x0000000000000967      0x229 engine/audio.o
 .debug_abbrev  0x0000000000000b90       0x14 ../third_party/common/crt0/crt0.o

.debug_aranges  0x0000000000000000      0x1c0
 .debug_aranges
                0x0000000000000000       0x40 main.o
 .debug_aranges
                0x0000000000000040       0xc8 engine/graphics.o
 .debug_aranges
                0x0000000000000108       0x28 engine/input.o
 .debug_aranges
                0x0000000000000130       0x28 engine/timerz.o
 .debug_aranges
                0x0000000000000158       0x48 engine/audio.o
 .debug_aranges
                0x00000000000001a0       0x20 ../third_party/common/crt0/crt0.o

.debug_ranges   0x0000000000000000      0x1d8
 .debug_ranges  0x0000000000000000       0x30 main.o
 .debug_ranges  0x0000000000000030       0xd0 engine/graphics.o
 .debug_ranges  0x0000000000000100       0x30 engine/input.o
 .debug_ranges  0x0000000000000130       0x18 engine/timerz.o
 .debug_ranges  0x0000000000000148       0x90 engine/audio.o

.debug_line     0x0000000000000000     0x118b
 .debug_line    0x0000000000000000      0x382 main.o
 .debug_line    0x0000000000000382      0x7a0 engine/graphics.o
 .debug_line    0x0000000000000b22      0x14b engine/input.o
 .debug_line    0x0000000000000c6d       0xfd engine/timerz.o
 .debug_line    0x0000000000000d6a      0x3be engine/audio.o
 .debug_line    0x0000000000001128       0x63 ../third_party/common/crt0/crt0.o

.debug_str      0x0000000000000000      0xdc6
 .debug_str     0x0000000000000000      0x77e main.o
                                        0x804 (size before relaxing)
 .debug_str     0x000000000000077e      0x28a engine/graphics.o
                                        0x6ee (size before relaxing)
 .debug_str     0x0000000000000a08      0x11e engine/input.o
                                        0x3a8 (size before relaxing)
 .debug_str     0x0000000000000b26       0x16 engine/timerz.o
                                        0x1dc (size before relaxing)
 .debug_str     0x0000000000000b3c      0x25c engine/audio.o
                                        0x452 (size before relaxing)
 .debug_str     0x0000000000000d98       0x2e ../third_party/common/crt0/crt0.o
                                         0x42 (size before relaxing)

.debug_frame    0x0000000000000000      0x484
 .debug_frame   0x0000000000000000       0xa4 main.o
 .debug_frame   0x00000000000000a4      0x2c0 engine/graphics.o
 .debug_frame   0x0000000000000364       0x40 engine/input.o
 .debug_frame   0x00000000000003a4       0x4c engine/timerz.o
 .debug_frame   0x00000000000003f0       0x94 engine/audio.o

.debug_loc      0x0000000000000000      0xb3d
 .debug_loc     0x0000000000000000      0x868 engine/graphics.o
 .debug_loc     0x0000000000000868       0x61 engine/input.o
 .debug_loc     0x00000000000008c9      0x170 engine/timerz.o
 .debug_loc     0x0000000000000a39      0x104 engine/audio.o
