Archive member included to satisfy reference by file (symbol)

../third_party/psyq/lib/libapi.a(a91.o)
                              engine/input.o (ChangeClearPAD)
../third_party/psyq/lib/libapi.a(pad.o)
                              engine/input.o (InitPAD)
../third_party/psyq/lib/libapi.a(patch.o)
                              ../third_party/psyq/lib/libapi.a(pad.o) (_patch_pad)
../third_party/psyq/lib/libapi.a(a18.o)
                              ../third_party/psyq/lib/libapi.a(pad.o) (InitPAD2)
../third_party/psyq/lib/libapi.a(a19.o)
                              ../third_party/psyq/lib/libapi.a(pad.o) (StartPAD2)
../third_party/psyq/lib/libapi.a(a21.o)
                              ../third_party/psyq/lib/libapi.a(pad.o) (PAD_init2)
../third_party/psyq/lib/libapi.a(a36.o)
                              ../third_party/psyq/lib/libapi.a(pad.o) (EnterCriticalSection)
../third_party/psyq/lib/libapi.a(a37.o)
                              ../third_party/psyq/lib/libapi.a(pad.o) (ExitCriticalSection)
../third_party/psyq/lib/libapi.a(c68.o)
                              ../third_party/psyq/lib/libapi.a(patch.o) (FlushCache)
../third_party/psyq/lib/libapi.a(chclrpad.o)
                              ../third_party/psyq/lib/libapi.a(pad.o) (_remove_ChgclrPAD)
../third_party/psyq/lib/libapi.a(l02.o)
                              ../third_party/psyq/lib/libapi.a(pad.o) (SysEnqIntRP)
../third_party/psyq/lib/libapi.a(l03.o)
                              ../third_party/psyq/lib/libapi.a(pad.o) (SysDeqIntRP)
../third_party/psyq/lib/libc.a(c42.o)
                              main.o (memcpy)
../third_party/psyq/lib/libc.a(c63.o)
                              main.o (printf)
../third_party/psyq/lib/libetc.a(vmode.o)
                              engine/basics.o (GetVideoMode)
../third_party/psyq/lib/libetc.a(vsync.o)
                              engine/basics.o (VSync)
../third_party/psyq/lib/libetc.a(intr_vb.o)
                              ../third_party/psyq/lib/libetc.a(vsync.o) (Vcount)
../third_party/psyq/lib/libetc.a(intr.o)
                              ../third_party/psyq/lib/libetc.a(intr_vb.o) (InterruptCallback)
../third_party/psyq/lib/libetc.a(intr_dma.o)
                              ../third_party/psyq/lib/libetc.a(intr.o) (startIntrDMA)
../third_party/psyq/lib/libgpu.a(font.o)
                              engine/basics.o (FntFlush)
../third_party/psyq/lib/libgpu.a(p00.o)
                              engine/basics.o (GetTPage)
../third_party/psyq/lib/libgpu.a(p06.o)
                              ../third_party/psyq/lib/libgpu.a(font.o) (AddPrim)
../third_party/psyq/lib/libgpu.a(p09.o)
                              ../third_party/psyq/lib/libgpu.a(font.o) (TermPrim)
../third_party/psyq/lib/libgpu.a(p10.o)
                              ../third_party/psyq/lib/libgpu.a(font.o) (SetSemiTrans)
../third_party/psyq/lib/libgpu.a(p20.o)
                              ../third_party/psyq/lib/libgpu.a(font.o) (SetSprt8)
../third_party/psyq/lib/libgpu.a(p26.o)
                              ../third_party/psyq/lib/libgpu.a(font.o) (SetTile)
../third_party/psyq/lib/libgpu.a(p27.o)
                              engine/basics.o (SetLineF2)
../third_party/psyq/lib/libgpu.a(p41.o)
                              ../third_party/psyq/lib/libgpu.a(font.o) (SetDrawMode)
../third_party/psyq/lib/libgpu.a(sys.o)
                              engine/basics.o (ClearImage2)
../third_party/psyq/lib/libgpu.a(e00.o)
                              ../third_party/psyq/lib/libgpu.a(font.o) (LoadTPage)
../third_party/psyq/lib/libgpu.a(e02.o)
                              ../third_party/psyq/lib/libgpu.a(font.o) (LoadClut2)
../third_party/psyq/lib/libgpu.a(p01.o)
                              ../third_party/psyq/lib/libgpu.a(e02.o) (GetClut)
../third_party/psyq/lib/libgs.a(2d_sp0.o)
                              engine/basics.o (GsSortSprite)
../third_party/psyq/lib/libgs.a(global.o)
                              ../third_party/psyq/lib/libgs.a(2d_sp0.o) (GsOUT_PACKET_P)
../third_party/psyq/lib/libgs.a(gs_001.o)
                              ../third_party/psyq/lib/libgs.a(2d_sp0.o) (GsORGOFSY)
../third_party/psyq/lib/libgs.a(gs_0021.o)
                              engine/basics.o (GsGetActiveBuff)
../third_party/psyq/lib/libgs.a(gs_0022.o)
                              ../third_party/psyq/lib/libgs.a(gs_001.o) (GsSetDrawBuffOffset)
../third_party/psyq/lib/libgs.a(gs_003.o)
                              ../third_party/psyq/lib/libgs.a(gs_001.o) (GsSetDrawBuffClip)
../third_party/psyq/lib/libgs.a(gs_010.o)
                              engine/basics.o (GsSwapDispBuff)
../third_party/psyq/lib/libgs.a(gs_103.o)
                              engine/basics.o (GsDefDispBuff)
../third_party/psyq/lib/libgs.a(gs_104.o)
                              ../third_party/psyq/lib/libgs.a(gs_001.o) (HWD0)
../third_party/psyq/lib/libgs.a(gs_107.o)
                              ../third_party/psyq/lib/libgs.a(gs_001.o) (GsLIGHTWSMATRIX)
../third_party/psyq/lib/libgs.a(gs_111.o)
                              engine/basics.o (GsDrawOt)
../third_party/psyq/lib/libgs.a(gs_113.o)
                              engine/basics.o (GsClearOt)
../third_party/psyq/lib/libgs.a(gs_121.o)
                              ../third_party/psyq/lib/libgs.a(gs_001.o) (gte_init)
../third_party/psyq/lib/libgs.a(gs_122.o)
                              engine/basics.o (GsGetTimInfo)
../third_party/psyq/lib/libgs.a(gs_124.o)
                              engine/basics.o (GsSetWorkBase)
../third_party/psyq/lib/libgs.a(gs_128.o)
                              ../third_party/psyq/lib/libgs.a(2d_sp0.o) (GsIDMATRIX)
../third_party/psyq/lib/libgs.a(2d_com1.o)
                              ../third_party/psyq/lib/libgs.a(2d_sp0.o) (_make_packet)
../third_party/psyq/lib/libgte.a(cmb_00.o)
                              ../third_party/psyq/lib/libgs.a(2d_sp0.o) (RotTransPers4)
../third_party/psyq/lib/libgte.a(fgo_01.o)
                              ../third_party/psyq/lib/libgs.a(2d_sp0.o) (RotMatrix)
../third_party/psyq/lib/libgte.a(msc00.o)
                              ../third_party/psyq/lib/libgs.a(gs_121.o) (InitGeom)
../third_party/psyq/lib/libgte.a(msc01.o)
                              ../third_party/psyq/lib/libgs.a(gs_107.o) (SquareRoot0)
../third_party/psyq/lib/libgte.a(mtx_07.o)
                              ../third_party/psyq/lib/libgs.a(2d_sp0.o) (TransMatrix)
../third_party/psyq/lib/libgte.a(mtx_08.o)
                              ../third_party/psyq/lib/libgs.a(2d_sp0.o) (ScaleMatrix)
../third_party/psyq/lib/libgte.a(mtx_09.o)
                              ../third_party/psyq/lib/libgs.a(2d_sp0.o) (SetRotMatrix)
../third_party/psyq/lib/libgte.a(mtx_11.o)
                              ../third_party/psyq/lib/libgs.a(gs_107.o) (SetColorMatrix)
../third_party/psyq/lib/libgte.a(mtx_12.o)
                              ../third_party/psyq/lib/libgs.a(2d_sp0.o) (SetTransMatrix)
../third_party/psyq/lib/libgte.a(patchgte.o)
                              ../third_party/psyq/lib/libgte.a(msc00.o) (_patch_gte)
../third_party/psyq/lib/libgte.a(reg09.o)
                              ../third_party/psyq/lib/libgs.a(2d_sp0.o) (ReadGeomScreen)
../third_party/psyq/lib/libgte.a(reg11.o)
                              ../third_party/psyq/lib/libgs.a(gs_121.o) (SetFarColor)
../third_party/psyq/lib/libgte.a(reg12.o)
                              ../third_party/psyq/lib/libgs.a(gs_0022.o) (SetGeomOffset)
../third_party/psyq/lib/libgte.a(sqrtbl.o)
                              ../third_party/psyq/lib/libgte.a(msc01.o) (SQRT)
../third_party/psyq/lib/libgte.a(cstbl.o)
                              ../third_party/psyq/lib/libgte.a(fgo_01.o) (rcossin_tbl)
../third_party/psyq/lib/libapi.a(a23.o)
                              ../third_party/psyq/lib/libetc.a(intr.o) (ReturnFromException)
../third_party/psyq/lib/libapi.a(a24.o)
                              ../third_party/psyq/lib/libetc.a(intr.o) (ResetEntryInt)
../third_party/psyq/lib/libapi.a(a25.o)
                              ../third_party/psyq/lib/libetc.a(intr.o) (HookEntryInt)
../third_party/psyq/lib/libapi.a(c114.o)
                              ../third_party/psyq/lib/libetc.a(intr.o) (_96_remove)
../third_party/psyq/lib/libapi.a(c73.o)
                              ../third_party/psyq/lib/libgpu.a(sys.o) (GPU_cw)
../third_party/psyq/lib/libapi.a(l10.o)
                              ../third_party/psyq/lib/libetc.a(vsync.o) (ChangeClearRCnt)
../third_party/psyq/lib/libc.a(a63.o)
                              ../third_party/psyq/lib/libetc.a(vsync.o) (puts)
../third_party/psyq/lib/libc.a(c19.o)
                              ../third_party/psyq/lib/libetc.a(intr.o) (setjmp)
../third_party/psyq/lib/libc.a(c27.o)
                              ../third_party/psyq/lib/libgpu.a(font.o) (strlen)
../third_party/psyq/lib/libc.a(c43.o)
                              ../third_party/psyq/lib/libgpu.a(font.o) (memset)

Allocating common symbols
Common symbol       size              file

input_pad           0x2               engine/input.o
playerSprite        0x50              main.o
input_trig          0x4               engine/input.o
mainPlayer          0x68              main.o
SCREEN_WIDTH        0x4               engine/basics.o
input_binds         0x1c              engine/input.o
GPUOutputPacket     0x258             engine/basics.o
SCREEN_HEIGHT       0x4               engine/basics.o
currentBuffer       0x2               engine/basics.o
input_held          0x4               engine/input.o
systemBackgroundColor
                    0xc               engine/basics.o
input_suppress_trig
                    0x1               engine/input.o
mainTimer           0x10              main.o
orderingTable       0x28              engine/basics.o
minorOrderingTable  0x10              engine/basics.o

Discarded input sections

 .text          0x0000000000000000        0x0 main.o
 .bss           0x0000000000000000       0x10 main.o
 .reginfo       0x0000000000000000       0x18 main.o
 .MIPS.abiflags
                0x0000000000000000       0x18 main.o
 .pdr           0x0000000000000000       0x80 main.o
 .text.gameScreen
                0x0000000000000000        0x8 main.o
 .text          0x0000000000000000        0x0 engine/basics.o
 .data          0x0000000000000000        0x0 engine/basics.o
 .bss           0x0000000000000000        0x0 engine/basics.o
 .reginfo       0x0000000000000000       0x18 engine/basics.o
 .MIPS.abiflags
                0x0000000000000000       0x18 engine/basics.o
 .pdr           0x0000000000000000      0x2c0 engine/basics.o
 .text.scaleImage
                0x0000000000000000       0x74 engine/basics.o
 .text.rotImage
                0x0000000000000000       0x40 engine/basics.o
 .text.moveLine
                0x0000000000000000       0x50 engine/basics.o
 .text.moveBox  0x0000000000000000      0x1a8 engine/basics.o
 .text.transposeBox
                0x0000000000000000       0x34 engine/basics.o
 .text.drawLine
                0x0000000000000000       0x30 engine/basics.o
 .text          0x0000000000000000        0x0 engine/input.o
 .data          0x0000000000000000        0x0 engine/input.o
 .reginfo       0x0000000000000000       0x18 engine/input.o
 .MIPS.abiflags
                0x0000000000000000       0x18 engine/input.o
 .pdr           0x0000000000000000       0x40 engine/input.o
 .text          0x0000000000000000        0x0 engine/timerz.o
 .data          0x0000000000000000        0x0 engine/timerz.o
 .bss           0x0000000000000000        0x0 engine/timerz.o
 .reginfo       0x0000000000000000       0x18 engine/timerz.o
 .MIPS.abiflags
                0x0000000000000000       0x18 engine/timerz.o
 .pdr           0x0000000000000000       0x40 engine/timerz.o
 .text          0x0000000000000000        0x0 ../third_party/common/syscalls/printf.o
 .data          0x0000000000000000        0x0 ../third_party/common/syscalls/printf.o
 .bss           0x0000000000000000        0x0 ../third_party/common/syscalls/printf.o
 .reginfo       0x0000000000000000       0x18 ../third_party/common/syscalls/printf.o
 .MIPS.abiflags
                0x0000000000000000       0x18 ../third_party/common/syscalls/printf.o
 .pdr           0x0000000000000000        0x0 ../third_party/common/syscalls/printf.o
 .ramtext       0x0000000000000000        0xc ../third_party/common/syscalls/printf.o
 .debug_line    0x0000000000000000       0x59 ../third_party/common/syscalls/printf.o
 .debug_info    0x0000000000000000       0x26 ../third_party/common/syscalls/printf.o
 .debug_abbrev  0x0000000000000000       0x14 ../third_party/common/syscalls/printf.o
 .debug_aranges
                0x0000000000000000       0x20 ../third_party/common/syscalls/printf.o
 .debug_str     0x0000000000000000       0x48 ../third_party/common/syscalls/printf.o
 .gnu.attributes
                0x0000000000000000       0x10 ../third_party/common/syscalls/printf.o
 .text          0x0000000000000000        0x0 ../third_party/common/crt0/crt0.o
 .data          0x0000000000000000        0x0 ../third_party/common/crt0/crt0.o
 .bss           0x0000000000000000        0x0 ../third_party/common/crt0/crt0.o
 .reginfo       0x0000000000000000       0x18 ../third_party/common/crt0/crt0.o
 .MIPS.abiflags
                0x0000000000000000       0x18 ../third_party/common/crt0/crt0.o
 .data          0x0000000000000000       0x10 ../third_party/psyq/lib/libgs.a(global.o)
 .data          0x0000000000000000       0x10 ../third_party/psyq/lib/libgs.a(gs_001.o)
 .text          0x0000000000000000       0x80 ../third_party/psyq/lib/libgs.a(gs_104.o)
 .text          0x0000000000000000      0x570 ../third_party/psyq/lib/libgs.a(gs_107.o)
 .text          0x0000000000000000       0x90 ../third_party/psyq/lib/libgte.a(msc01.o)
 .text          0x0000000000000000       0x30 ../third_party/psyq/lib/libgte.a(mtx_11.o)
 .data          0x0000000000000000      0x180 ../third_party/psyq/lib/libgte.a(sqrtbl.o)

Memory Configuration

Name             Origin             Length             Attributes
loader           0x000000008000f800 0x0000000000000800
ram              0x0000000080010000 0x00000000001f0000 xrw
dcache           0x000000001f800000 0x0000000000000400
*default*        0x0000000000000000 0xffffffffffffffff

Linker script and memory map

LOAD main.o
LOAD engine/basics.o
LOAD engine/input.o
LOAD engine/timerz.o
LOAD ../third_party/common/syscalls/printf.o
LOAD ../third_party/common/crt0/crt0.o
START GROUP
LOAD ../third_party/psyq/lib/libapi.a
LOAD ../third_party/psyq/lib/libc.a
LOAD ../third_party/psyq/lib/libc2.a
LOAD ../third_party/psyq/lib/libcard.a
LOAD ../third_party/psyq/lib/libcomb.a
LOAD ../third_party/psyq/lib/libds.a
LOAD ../third_party/psyq/lib/libetc.a
LOAD ../third_party/psyq/lib/libgpu.a
LOAD ../third_party/psyq/lib/libgs.a
LOAD ../third_party/psyq/lib/libgte.a
LOAD ../third_party/psyq/lib/libgpu.a
LOAD ../third_party/psyq/lib/libgun.a
LOAD ../third_party/psyq/lib/libhmd.a
LOAD ../third_party/psyq/lib/libmath.a
LOAD ../third_party/psyq/lib/libmcrd.a
LOAD ../third_party/psyq/lib/libmcx.a
LOAD ../third_party/psyq/lib/libpad.a
LOAD ../third_party/psyq/lib/libpress.a
LOAD ../third_party/psyq/lib/libsio.a
LOAD ../third_party/psyq/lib/libsnd.a
LOAD ../third_party/psyq/lib/libspu.a
LOAD ../third_party/psyq/lib/libtap.a
END GROUP
                0x0000000080024a80                __heap_base = __bss_end
                0x0000000080010000                TLOAD_ADDR = DEFINED (TLOAD_ADDR)?TLOAD_ADDR:0x80010000
                0x0000000080200000                __ram_top = (ORIGIN (ram) + LENGTH (ram))
                0x00000000801fff00                __sp = (__ram_top - 0x100)
                0x000000001f800000                __dcache = ORIGIN (dcache)
                0x000000001f800400                __dcache_top = (ORIGIN (dcache) + LENGTH (dcache))
                0x0000000000006280                __bss_len = (__bss_end - __bss_start)
                0x00000000000072b0                __ftext_len = (__ftext_end - __ftext_start)
                0x0000000000007550                __fdata_len = (__fdata_end - __fdata_start)
                0x0000000080200000                __stack_start = (ORIGIN (ram) + LENGTH (ram))

.PSX_EXE_Header
                0x000000008000f800      0x800
                0x000000008000f800        0x1 BYTE 0x50
                0x000000008000f801        0x1 BYTE 0x53
                0x000000008000f802        0x1 BYTE 0x2d
                0x000000008000f803        0x1 BYTE 0x58
                0x000000008000f804        0x1 BYTE 0x20
                0x000000008000f805        0x1 BYTE 0x45
                0x000000008000f806        0x1 BYTE 0x58
                0x000000008000f807        0x1 BYTE 0x45
                0x000000008000f808        0x4 LONG 0x0
                0x000000008000f80c        0x4 LONG 0x0
                0x000000008000f810        0x4 LONG 0x80010000 ABSOLUTE (_start)
                0x000000008000f814        0x4 LONG 0x0
                0x000000008000f818        0x4 LONG 0x80010000 TLOAD_ADDR
                0x000000008000f81c        0x4 LONG 0xe800 (__ftext_len + __fdata_len)
                0x000000008000f820        0x4 LONG 0x0
                0x000000008000f824        0x4 LONG 0x0
                0x000000008000f828        0x4 LONG 0x0
                0x000000008000f82c        0x4 LONG 0x0
                0x000000008000f830        0x4 LONG 0x801fff00 DEFINED (_sp)?ABSOLUTE (_sp):0x801fff00
                0x000000008000f834        0x4 LONG 0x0
                0x0000000080010000                . = (. + 0x7c8)
 *fill*         0x000000008000f838      0x7c8 
                0x0000000080010000                __ftext_start = ABSOLUTE (.)

.text           0x0000000080010000     0x72b0
 *(.start)
 .start         0x0000000080010000       0x64 ../third_party/common/crt0/crt0.o
                0x0000000080010000                _start
 *(.init)
 *(SORT_NONE(.fini))
 *(.text.unlikely .text.*_unlikely .text.unlikely.*)
 *(.text.exit .text.exit.*)
 *(.text.startup .text.startup.*)
 .text.startup.main
                0x0000000080010064      0x230 main.o
                0x0000000080010064                main
 *(.text.hot .text.hot.*)
 *(.text .stub .text.* .gnu.linkonce.t.*)
 .text.initialize
                0x0000000080010294       0x4c main.o
                0x0000000080010294                initialize
 .text.updateAnimation
                0x00000000800102e0      0x1bc main.o
                0x00000000800102e0                updateAnimation
 .text.setScreenMode.part.0
                0x000000008001049c       0x64 engine/basics.o
 .text.createImage
                0x0000000080010500      0x10c engine/basics.o
                0x0000000080010500                createImage
 .text.moveImage
                0x000000008001060c       0x44 engine/basics.o
                0x000000008001060c                moveImage
 .text.drawImage
                0x0000000080010650       0x60 engine/basics.o
                0x0000000080010650                drawImage
 .text.createColor
                0x00000000800106b0       0x14 engine/basics.o
                0x00000000800106b0                createColor
 .text.createLine
                0x00000000800106c4       0x8c engine/basics.o
                0x00000000800106c4                createLine
 .text.createBox
                0x0000000080010750      0x12c engine/basics.o
                0x0000000080010750                createBox
 .text.drawBox  0x000000008001087c       0x48 engine/basics.o
                0x000000008001087c                drawBox
 .text.setScreenMode
                0x00000000800108c4       0x70 engine/basics.o
                0x00000000800108c4                setScreenMode
 .text.setBackgroundColor
                0x0000000080010934       0x24 engine/basics.o
                0x0000000080010934                setBackgroundColor
 .text.initializeDebugFont
                0x0000000080010958       0x44 engine/basics.o
                0x0000000080010958                initializeDebugFont
 .text.initializeOrderingTable
                0x000000008001099c       0x90 engine/basics.o
                0x000000008001099c                initializeOrderingTable
 .text.flushDisplay
                0x0000000080010a2c       0x90 engine/basics.o
                0x0000000080010a2c                flushDisplay
 .text.clearDisplay
                0x0000000080010abc       0x74 engine/basics.o
                0x0000000080010abc                clearDisplay
 .text.clearVRAM
                0x0000000080010b30       0x44 engine/basics.o
                0x0000000080010b30                clearVRAM
 .text.initializeScreen
                0x0000000080010b74       0xac engine/basics.o
                0x0000000080010b74                initializeScreen
 .text.in_init  0x0000000080010c20       0x68 engine/input.o
                0x0000000080010c20                in_init
 .text.in_update
                0x0000000080010c88       0x90 engine/input.o
                0x0000000080010c88                in_update
 .text.createTimer
                0x0000000080010d18       0x44 engine/timerz.o
                0x0000000080010d18                createTimer
 .text.incTimer
                0x0000000080010d5c       0x5c engine/timerz.o
                0x0000000080010d5c                incTimer
 .text          0x0000000080010db8       0x10 ../third_party/psyq/lib/libapi.a(a91.o)
                0x0000000080010db8                ChangeClearPAD
 .text          0x0000000080010dc8      0x290 ../third_party/psyq/lib/libapi.a(pad.o)
                0x0000000080010dc8                SetInitPadFlag
                0x0000000080010dd4                ReadInitPadFlag
                0x0000000080010de4                PAD_init
                0x0000000080010e74                InitPAD
                0x0000000080010f04                StartPAD
 .text          0x0000000080011058       0xa0 ../third_party/psyq/lib/libapi.a(patch.o)
                0x0000000080011058                EnablePAD
                0x000000008001106c                DisablePAD
                0x0000000080011080                _patch_pad
 .text          0x00000000800110f8       0x10 ../third_party/psyq/lib/libapi.a(a18.o)
                0x00000000800110f8                InitPAD2
 .text          0x0000000080011108       0x10 ../third_party/psyq/lib/libapi.a(a19.o)
                0x0000000080011108                StartPAD2
 .text          0x0000000080011118       0x10 ../third_party/psyq/lib/libapi.a(a21.o)
                0x0000000080011118                PAD_init2
 .text          0x0000000080011128       0x10 ../third_party/psyq/lib/libapi.a(a36.o)
                0x0000000080011128                EnterCriticalSection
 .text          0x0000000080011138       0x10 ../third_party/psyq/lib/libapi.a(a37.o)
                0x0000000080011138                ExitCriticalSection
 .text          0x0000000080011148       0x10 ../third_party/psyq/lib/libapi.a(c68.o)
                0x0000000080011148                FlushCache
 .text          0x0000000080011158       0x70 ../third_party/psyq/lib/libapi.a(chclrpad.o)
                0x0000000080011158                _remove_ChgclrPAD
 .text          0x00000000800111c8       0x10 ../third_party/psyq/lib/libapi.a(l02.o)
                0x00000000800111c8                SysEnqIntRP
 .text          0x00000000800111d8       0x10 ../third_party/psyq/lib/libapi.a(l03.o)
                0x00000000800111d8                SysDeqIntRP
 .text          0x00000000800111e8       0x10 ../third_party/psyq/lib/libc.a(c42.o)
                0x00000000800111e8                memcpy
 .text          0x00000000800111f8       0x10 ../third_party/psyq/lib/libc.a(c63.o)
                0x00000000800111f8                printf
 .text          0x0000000080011208       0x30 ../third_party/psyq/lib/libetc.a(vmode.o)
                0x0000000080011208                SetVideoMode
                0x000000008001121c                GetVideoMode
 .text          0x0000000080011238      0x210 ../third_party/psyq/lib/libetc.a(vsync.o)
                0x0000000080011238                VSync
 .text          0x0000000080011448      0x120 ../third_party/psyq/lib/libetc.a(intr_vb.o)
                0x0000000080011448                startIntrVSync
 .text          0x0000000080011568      0x6c0 ../third_party/psyq/lib/libetc.a(intr.o)
                0x0000000080011568                ResetCallback
                0x0000000080011598                InterruptCallback
                0x00000000800115c8                DMACallback
                0x00000000800115f8                VSyncCallback
                0x000000008001162c                VSyncCallbacks
                0x000000008001165c                StopCallback
                0x000000008001168c                RestartCallback
                0x00000000800116bc                CheckCallback
                0x00000000800116cc                GetIntrMask
                0x00000000800116e4                SetIntrMask
 .text          0x0000000080011c28      0x2a0 ../third_party/psyq/lib/libetc.a(intr_dma.o)
                0x0000000080011c28                startIntrDMA
 .text          0x0000000080011ec8      0xa80 ../third_party/psyq/lib/libgpu.a(font.o)
                0x0000000080011ec8                SetDumpFnt
                0x0000000080011f08                FntLoad
                0x0000000080011fa8                FntOpen
                0x0000000080012264                FntFlush
                0x0000000080012580                FntPrint
 .text          0x0000000080012948       0x40 ../third_party/psyq/lib/libgpu.a(p00.o)
                0x0000000080012948                GetTPage
 .text          0x0000000080012988       0x40 ../third_party/psyq/lib/libgpu.a(p06.o)
                0x0000000080012988                AddPrim
 .text          0x00000000800129c8       0x20 ../third_party/psyq/lib/libgpu.a(p09.o)
                0x00000000800129c8                TermPrim
 .text          0x00000000800129e8       0x30 ../third_party/psyq/lib/libgpu.a(p10.o)
                0x00000000800129e8                SetSemiTrans
 .text          0x0000000080012a18       0x20 ../third_party/psyq/lib/libgpu.a(p20.o)
                0x0000000080012a18                SetSprt8
 .text          0x0000000080012a38       0x20 ../third_party/psyq/lib/libgpu.a(p26.o)
                0x0000000080012a38                SetTile
 .text          0x0000000080012a58       0x20 ../third_party/psyq/lib/libgpu.a(p27.o)
                0x0000000080012a58                SetLineF2
 .text          0x0000000080012a78       0xa0 ../third_party/psyq/lib/libgpu.a(p41.o)
                0x0000000080012a78                SetDrawMode
 .text          0x0000000080012b18     0x2f00 ../third_party/psyq/lib/libgpu.a(sys.o)
                0x0000000080012b18                ResetGraph
                0x0000000080012c8c                SetGraphDebug
                0x0000000080012ce8                SetGraphQueue
                0x0000000080012d8c                GetGraphDebug
                0x0000000080012d9c                DrawSyncCallback
                0x0000000080012dfc                SetDispMask
                0x0000000080012e94                DrawSync
                0x0000000080013018                ClearImage
                0x00000000800130a8                ClearImage2
                0x0000000080013140                LoadImage
                0x00000000800131a0                StoreImage
                0x0000000080013200                MoveImage
                0x00000000800132b8                ClearOTag
                0x0000000080013380                ClearOTagR
                0x000000008001342c                DrawPrim
                0x0000000080013488                DrawOTag
                0x00000000800134f8                PutDrawEnv
                0x00000000800135b8                DrawOTagEnv
                0x0000000080013690                GetDrawEnv
                0x00000000800136c4                PutDispEnv
                0x0000000080013bbc                GetDispEnv
                0x0000000080013bf0                GetODE
                0x0000000080013c20                SetDrawArea
                0x0000000080013ca0                SetDrawOffset
                0x0000000080013ce0                SetDrawEnv
                0x00000000800155b0                LoadImage2
                0x000000008001569c                StoreImage2
                0x0000000080015788                MoveImage2
                0x00000000800158cc                DrawOTag2
                0x00000000800159c8                _GPU_ResetCallback
 .text          0x0000000080015a18       0xf0 ../third_party/psyq/lib/libgpu.a(e00.o)
                0x0000000080015a18                LoadTPage
 .text          0x0000000080015b08       0x70 ../third_party/psyq/lib/libgpu.a(e02.o)
                0x0000000080015b08                LoadClut2
 .text          0x0000000080015b78       0x20 ../third_party/psyq/lib/libgpu.a(p01.o)
                0x0000000080015b78                GetClut
 .text          0x0000000080015b98      0x500 ../third_party/psyq/lib/libgs.a(2d_sp0.o)
                0x0000000080015b98                GsSortSprite
 .text          0x0000000080016098      0x550 ../third_party/psyq/lib/libgs.a(gs_001.o)
                0x0000000080016098                GsInitGraph
                0x0000000080016228                GsInitGraph2
                0x00000000800164b0                GsSortClear
 .text          0x00000000800165e8       0x10 ../third_party/psyq/lib/libgs.a(gs_0021.o)
                0x00000000800165e8                GsGetActiveBuff
 .text          0x00000000800165f8      0x110 ../third_party/psyq/lib/libgs.a(gs_0022.o)
                0x00000000800165f8                GsSetDrawBuffOffset
 .text          0x0000000080016708       0x80 ../third_party/psyq/lib/libgs.a(gs_003.o)
                0x0000000080016708                GsSetDrawBuffClip
 .text          0x0000000080016788       0xb0 ../third_party/psyq/lib/libgs.a(gs_010.o)
                0x0000000080016788                GsSwapDispBuff
 .text          0x0000000080016838       0xa0 ../third_party/psyq/lib/libgs.a(gs_103.o)
                0x0000000080016838                GsDefDispBuff
 .text          0x00000000800168d8       0x30 ../third_party/psyq/lib/libgs.a(gs_111.o)
                0x00000000800168d8                GsDrawOt
 .text          0x0000000080016908       0x60 ../third_party/psyq/lib/libgs.a(gs_113.o)
                0x0000000080016908                GsClearOt
 .text          0x0000000080016968       0x50 ../third_party/psyq/lib/libgs.a(gs_121.o)
                0x0000000080016968                gte_init
 .text          0x00000000800169b8       0xf0 ../third_party/psyq/lib/libgs.a(gs_122.o)
                0x00000000800169b8                GsGetTimInfo
 .text          0x0000000080016aa8       0x10 ../third_party/psyq/lib/libgs.a(gs_124.o)
                0x0000000080016aa8                GsSetWorkBase
 .text          0x0000000080016ab8       0xa0 ../third_party/psyq/lib/libgs.a(2d_com1.o)
                0x0000000080016ab8                _make_packet
 .text          0x0000000080016b58       0x80 ../third_party/psyq/lib/libgte.a(cmb_00.o)
                0x0000000080016b58                RotTransPers4
 .text          0x0000000080016bd8      0x290 ../third_party/psyq/lib/libgte.a(fgo_01.o)
                0x0000000080016bd8                RotMatrix
 .text          0x0000000080016e68       0x90 ../third_party/psyq/lib/libgte.a(msc00.o)
                0x0000000080016e70                InitGeom
 .text          0x0000000080016ef8       0x30 ../third_party/psyq/lib/libgte.a(mtx_07.o)
                0x0000000080016ef8                TransMatrix
 .text          0x0000000080016f28      0x140 ../third_party/psyq/lib/libgte.a(mtx_08.o)
                0x0000000080016f28                ScaleMatrix
 .text          0x0000000080017068       0x30 ../third_party/psyq/lib/libgte.a(mtx_09.o)
                0x0000000080017068                SetRotMatrix
 .text          0x0000000080017098       0x20 ../third_party/psyq/lib/libgte.a(mtx_12.o)
                0x0000000080017098                SetTransMatrix
 .text          0x00000000800170b8       0xe0 ../third_party/psyq/lib/libgte.a(patchgte.o)
                0x00000000800170b8                _patch_gte
 .text          0x0000000080017198       0x10 ../third_party/psyq/lib/libgte.a(reg09.o)
                0x0000000080017198                ReadGeomScreen
 .text          0x00000000800171a8       0x20 ../third_party/psyq/lib/libgte.a(reg11.o)
                0x00000000800171a8                SetFarColor
 .text          0x00000000800171c8       0x20 ../third_party/psyq/lib/libgte.a(reg12.o)
                0x00000000800171c8                SetGeomOffset
 .text          0x00000000800171e8       0x10 ../third_party/psyq/lib/libapi.a(a23.o)
                0x00000000800171e8                ReturnFromException
 .text          0x00000000800171f8       0x10 ../third_party/psyq/lib/libapi.a(a24.o)
                0x00000000800171f8                ResetEntryInt
 .text          0x0000000080017208       0x10 ../third_party/psyq/lib/libapi.a(a25.o)
                0x0000000080017208                HookEntryInt
 .text          0x0000000080017218       0x20 ../third_party/psyq/lib/libapi.a(c114.o)
                0x0000000080017220                _96_remove
 .text          0x0000000080017238       0x10 ../third_party/psyq/lib/libapi.a(c73.o)
                0x0000000080017238                GPU_cw
 .text          0x0000000080017248       0x10 ../third_party/psyq/lib/libapi.a(l10.o)
                0x0000000080017248                ChangeClearRCnt
 .text          0x0000000080017258       0x20 ../third_party/psyq/lib/libc.a(a63.o)
                0x0000000080017260                puts
 .text          0x0000000080017278       0x10 ../third_party/psyq/lib/libc.a(c19.o)
                0x0000000080017278                setjmp
 .text          0x0000000080017288       0x10 ../third_party/psyq/lib/libc.a(c27.o)
                0x0000000080017288                strlen
 .text          0x0000000080017298       0x10 ../third_party/psyq/lib/libc.a(c43.o)
                0x0000000080017298                memset
                0x00000000800172b0                . = ALIGN (0x10)
 *fill*         0x00000000800172a8        0x8 
 *(.init)
                0x00000000800172b0                . = ALIGN (0x10)
 *(.fini)
                0x00000000800172b0                . = ALIGN (0x10)
                0x00000000800172b0                __text_end = .
                0x00000000800172b0                __ftext_end = ABSOLUTE (.)
                0x00000000800172b0                __fdata_start = ABSOLUTE (.)

.rodata         0x00000000800172b0      0x484
 *(.rodata .rodata.* .rdata .rdata.* .gnu.linkonce.r.*)
 .rodata.str1.4
                0x00000000800172b0        0xf main.o
                                         0x10 (size before relaxing)
 *fill*         0x00000000800172bf        0x1 
 .rodata.str1.4
                0x00000000800172c0       0x80 engine/basics.o
 .rodata        0x0000000080017340       0x20 engine/input.o
                0x0000000080017340                input_binds_default
 .rodata        0x0000000080017360       0x10 ../third_party/common/crt0/crt0.o
 .rdata         0x0000000080017370       0x10 ../third_party/psyq/lib/libetc.a(vsync.o)
 .rdata         0x0000000080017380       0x70 ../third_party/psyq/lib/libetc.a(intr.o)
 .rdata         0x00000000800173f0       0x30 ../third_party/psyq/lib/libetc.a(intr_dma.o)
 .rdata         0x0000000080017420       0xa0 ../third_party/psyq/lib/libgpu.a(font.o)
 .rdata         0x00000000800174c0      0x220 ../third_party/psyq/lib/libgpu.a(sys.o)
 .rdata         0x00000000800176e0       0x30 ../third_party/psyq/lib/libgs.a(2d_com1.o)
                0x0000000080017710                . = ALIGN (0x10)
                0x0000000080017710                __preinit_array_start = .
 *(.preinit_array)
                0x0000000080017710                __preinit_array_end = .
                0x0000000080017710                . = ALIGN (0x10)
                0x0000000080017710                __init_array_start = .
 *(SORT_BY_NAME(.init_array.*))
 *(.init_array)
                0x0000000080017710                . = ALIGN (0x10)
 *crtbegin.o(.ctors)
 *(EXCLUDE_FILE(*crtend.o) .ctors)
 *(SORT_BY_NAME(.ctors.*))
 *crtend.o(.ctors)
                0x0000000080017710                __init_array_end = .
                0x0000000080017710                . = ALIGN (0x10)
                0x0000000080017710                __fini_array_start = .
 *(.fini_array)
 *(SORT_BY_NAME(.fini_array.*))
 *crtbegin.o(.dtors)
 *(EXCLUDE_FILE(*crtend.o) .dtors)
 *(SORT_BY_NAME(.dtors.*))
 *crtend.o(.dtors)
                0x0000000080017710                __fini_array_end = .
                0x0000000080017710                __build_id = .
 *(.note.gnu.build-id)
 .note.gnu.build-id
                0x0000000080017710       0x24 main.o
                0x0000000080017734                __build_id_end = .

.rel.dyn        0x0000000080017734        0x0
 .rel.dyn       0x0000000080017734        0x0 main.o

.rodata1
 *(.rodata1)
                0x0000000080017734                __data_start = .

.data           0x0000000080017740     0x70c0
 *(.a0table)
 *(.data .data.* .gnu.linkonce.d.*)
 .data          0x0000000080017740      0xb30 main.o
                0x0000000080017740                img_beepsrites
                0x0000000080017750                img_bee_2
                0x0000000080017afc                img_bee_1
                0x0000000080017ea8                img_bee_0
                0x0000000080018254                img_bee_2_height
                0x0000000080018256                img_bee_2_width
                0x0000000080018258                img_bee_1_height
                0x000000008001825a                img_bee_1_width
                0x000000008001825c                img_bee_0_height
                0x000000008001825e                img_bee_0_width
                0x0000000080018260                img_bee_2_gpu_x
                0x0000000080018262                img_bee_1_gpu_x
                0x0000000080018264                img_bee_0_gpu_x
 .data          0x0000000080018270       0x10 ../third_party/psyq/lib/libapi.a(pad.o)
 .data          0x0000000080018280       0x10 ../third_party/psyq/lib/libetc.a(vmode.o)
 .data          0x0000000080018290       0x20 ../third_party/psyq/lib/libetc.a(vsync.o)
                0x00000000800182a0                Hcount
 .data          0x00000000800182b0       0x30 ../third_party/psyq/lib/libetc.a(intr_vb.o)
                0x00000000800182d0                Vcount
 .data          0x00000000800182e0     0x1100 ../third_party/psyq/lib/libetc.a(intr.o)
 .data          0x00000000800193e0       0x30 ../third_party/psyq/lib/libetc.a(intr_dma.o)
 .data          0x0000000080019410      0xb90 ../third_party/psyq/lib/libgpu.a(font.o)
                0x0000000080019410                Font
 .data          0x0000000080019fa0      0x1a0 ../third_party/psyq/lib/libgpu.a(sys.o)
                0x0000000080019fec                GPU_printf
                0x0000000080019ff0                GEnv
                0x000000008001a118                _qin
                0x000000008001a11c                _qout
 .data          0x000000008001a140       0x10 ../third_party/psyq/lib/libgte.a(msc00.o)
 .data          0x000000008001a150     0x4000 ../third_party/psyq/lib/libgte.a(cstbl.o)
                0x000000008001a150                rcossin_tbl
 *(.data1)
 *(.sdata .sdata.* .gnu.linkonce.s.*)
 *(.sdata2 .sdata2.* .gnu.linkonce.s2.*)
 *(.got.plt)
 *(.got)
                0x000000008001e800                . = ALIGN (0x800)
 *fill*         0x000000008001e150      0x6b0 
                0x000000008001e800                __data_end = .
                0x000000008001e800                __fdata_end = .
                0x000000008001e800                __bss_start = .

.sbss           0x000000008001e800     0x6280
 *(.dynsbss)
 *(.sbss .sbss.* .gnu.linkonce.sb.*)
 *(.scommon)
 .scommon       0x000000008001e800        0xa engine/basics.o
                0x000000008001e800                SCREEN_WIDTH
                0x000000008001e804                SCREEN_HEIGHT
                0x000000008001e808                currentBuffer
 *fill*         0x000000008001e80a        0x2 
 .scommon       0x000000008001e80c        0xd engine/input.o
                0x000000008001e80c                input_pad
                0x000000008001e810                input_trig
                0x000000008001e814                input_held
                0x000000008001e818                input_suppress_trig
 *(.dynbss)
 *(.bss .bss.* .gnu.linkonce.b.*)
 *fill*         0x000000008001e819        0x7 
 .bss           0x000000008001e820       0x50 engine/input.o
 .bss           0x000000008001e870       0x10 ../third_party/psyq/lib/libapi.a(pad.o)
                0x000000008001e870                _apiPadPatch
 .bss           0x000000008001e880       0x10 ../third_party/psyq/lib/libapi.a(patch.o)
 .bss           0x000000008001e890       0x10 ../third_party/psyq/lib/libapi.a(chclrpad.o)
 .bss           0x000000008001e8a0     0x4410 ../third_party/psyq/lib/libgpu.a(font.o)
 .bss           0x0000000080022cb0     0x1850 ../third_party/psyq/lib/libgpu.a(sys.o)
                0x0000000080022d00                _que
 .bss           0x0000000080024500       0x54 ../third_party/psyq/lib/libgs.a(global.o)
                0x0000000080024500                GsOUT_PACKET_P
                0x0000000080024508                GsMATE_C
                0x0000000080024510                GsLMODE
                0x0000000080024518                GsLIGNR
                0x0000000080024520                GsLIOFF
                0x0000000080024528                GsZOVER
                0x0000000080024530                GsBACKC
                0x0000000080024538                GsNDIV
                0x0000000080024540                GsTRATE
                0x0000000080024548                GsTON
                0x0000000080024550                GsDISPON
 *fill*         0x0000000080024554        0x4 
 .bss           0x0000000080024558       0xea ../third_party/psyq/lib/libgs.a(gs_001.o)
                0x0000000080024578                PSDIDX
                0x0000000080024580                GsDRAWENV
                0x00000000800245e0                GsDISPENV
                0x00000000800245f8                PSDGPU
                0x0000000080024600                PSDBASEX
                0x0000000080024608                PSDBASEY
                0x0000000080024610                POSITION
                0x0000000080024618                CLIP2
                0x0000000080024620                PSDCNT
                0x0000000080024628                PSDOFSX
                0x0000000080024630                PSDOFSY
                0x0000000080024638                GsORGOFSX
                0x0000000080024640                GsORGOFSY
 *fill*         0x0000000080024642        0x6 
 .bss           0x0000000080024648       0x24 ../third_party/psyq/lib/libgs.a(gs_104.o)
                0x0000000080024648                HWD0
                0x0000000080024650                VWD0
                0x0000000080024658                GsCLIP3near
                0x0000000080024660                GsLIGHT_MODE
                0x0000000080024668                GsCLIP3far
 *fill*         0x000000008002466c        0x4 
 .bss           0x0000000080024670       0x40 ../third_party/psyq/lib/libgs.a(gs_107.o)
                0x0000000080024670                GsLIGHTWSMATRIX
                0x0000000080024690                _LC
 .bss           0x00000000800246b0       0x40 ../third_party/psyq/lib/libgs.a(gs_128.o)
                0x00000000800246b0                GsIDMATRIX
                0x00000000800246d0                GsIDMATRIX2
 .bss           0x00000000800246f0       0x10 ../third_party/psyq/lib/libgte.a(patchgte.o)
 *(COMMON)
 COMMON         0x0000000080024700       0xc8 main.o
                0x0000000080024700                playerSprite
                0x0000000080024750                mainPlayer
                0x00000000800247b8                mainTimer
 COMMON         0x00000000800247c8      0x29c engine/basics.o
                0x00000000800247c8                GPUOutputPacket
                0x0000000080024a20                systemBackgroundColor
                0x0000000080024a2c                orderingTable
                0x0000000080024a54                minorOrderingTable
 COMMON         0x0000000080024a64       0x1c engine/input.o
                0x0000000080024a64                input_binds
                0x0000000080024a80                . = ALIGN (0x4)
                0x0000000080024a80                __bss_end = .
                0x0000000080024a80                __heap_start = __heap_base
                0x000000008000f800                . = (ADDR (.text) - 0x800)
                0x000000008000f800                __end = .

/DISCARD/
 *(.MIPS.abiflags)
 *(.rel.iplt)
 *(.rela.iplt)
 *(.rel.plt)
 *(.rela.plt)
 *(.plt)
 *(.iplt)
 *(.note.GNU-stack)
 *(.gnu_debuglink)
 *(.gnu.lto_*)
OUTPUT(BuzzyBee.elf elf32-tradlittlemips)

.mdebug.abi32   0x0000000000000000        0x0
 .mdebug.abi32  0x0000000000000000        0x0 main.o
 .mdebug.abi32  0x0000000000000000        0x0 engine/basics.o
 .mdebug.abi32  0x0000000000000000        0x0 engine/input.o
 .mdebug.abi32  0x0000000000000000        0x0 engine/timerz.o

.comment        0x0000000000000000       0x2a
 .comment       0x0000000000000000       0x2a main.o
                                         0x2b (size before relaxing)
 .comment       0x000000000000002a       0x2b engine/basics.o
 .comment       0x000000000000002a       0x2b engine/input.o
 .comment       0x000000000000002a       0x2b engine/timerz.o

.gnu.attributes
                0x0000000000000000       0x10
 .gnu.attributes
                0x0000000000000000       0x10 main.o
 .gnu.attributes
                0x0000000000000010       0x10 engine/basics.o
 .gnu.attributes
                0x0000000000000020       0x10 engine/input.o
 .gnu.attributes
                0x0000000000000030       0x10 engine/timerz.o
 .gnu.attributes
                0x0000000000000040       0x10 ../third_party/common/crt0/crt0.o

.pdr            0x0000000000000000        0x0
 .pdr           0x0000000000000000        0x0 ../third_party/common/crt0/crt0.o

.note           0x0000000000000000     0x2188
 .note          0x0000000000000000       0x74 ../third_party/psyq/lib/libapi.a(a91.o)
 .note          0x0000000000000074       0x74 ../third_party/psyq/lib/libapi.a(pad.o)
 .note          0x00000000000000e8       0x74 ../third_party/psyq/lib/libapi.a(patch.o)
 .note          0x000000000000015c       0x74 ../third_party/psyq/lib/libapi.a(a18.o)
 .note          0x00000000000001d0       0x74 ../third_party/psyq/lib/libapi.a(a19.o)
 .note          0x0000000000000244       0x74 ../third_party/psyq/lib/libapi.a(a21.o)
 .note          0x00000000000002b8       0x74 ../third_party/psyq/lib/libapi.a(a36.o)
 .note          0x000000000000032c       0x74 ../third_party/psyq/lib/libapi.a(a37.o)
 .note          0x00000000000003a0       0x74 ../third_party/psyq/lib/libapi.a(c68.o)
 .note          0x0000000000000414       0x74 ../third_party/psyq/lib/libapi.a(chclrpad.o)
 .note          0x0000000000000488       0x74 ../third_party/psyq/lib/libapi.a(l02.o)
 .note          0x00000000000004fc       0x74 ../third_party/psyq/lib/libapi.a(l03.o)
 .note          0x0000000000000570       0x74 ../third_party/psyq/lib/libc.a(c42.o)
 .note          0x00000000000005e4       0x74 ../third_party/psyq/lib/libc.a(c63.o)
 .note          0x0000000000000658       0x74 ../third_party/psyq/lib/libetc.a(vmode.o)
 .note          0x00000000000006cc       0x74 ../third_party/psyq/lib/libetc.a(vsync.o)
 .note          0x0000000000000740       0x74 ../third_party/psyq/lib/libetc.a(intr_vb.o)
 .note          0x00000000000007b4       0x74 ../third_party/psyq/lib/libetc.a(intr.o)
 .note          0x0000000000000828       0x74 ../third_party/psyq/lib/libetc.a(intr_dma.o)
 .note          0x000000000000089c       0x74 ../third_party/psyq/lib/libgpu.a(font.o)
 .note          0x0000000000000910       0x74 ../third_party/psyq/lib/libgpu.a(p00.o)
 .note          0x0000000000000984       0x74 ../third_party/psyq/lib/libgpu.a(p06.o)
 .note          0x00000000000009f8       0x74 ../third_party/psyq/lib/libgpu.a(p09.o)
 .note          0x0000000000000a6c       0x74 ../third_party/psyq/lib/libgpu.a(p10.o)
 .note          0x0000000000000ae0       0x74 ../third_party/psyq/lib/libgpu.a(p20.o)
 .note          0x0000000000000b54       0x74 ../third_party/psyq/lib/libgpu.a(p26.o)
 .note          0x0000000000000bc8       0x74 ../third_party/psyq/lib/libgpu.a(p27.o)
 .note          0x0000000000000c3c       0x74 ../third_party/psyq/lib/libgpu.a(p41.o)
 .note          0x0000000000000cb0       0x74 ../third_party/psyq/lib/libgpu.a(sys.o)
 .note          0x0000000000000d24       0x74 ../third_party/psyq/lib/libgpu.a(e00.o)
 .note          0x0000000000000d98       0x74 ../third_party/psyq/lib/libgpu.a(e02.o)
 .note          0x0000000000000e0c       0x74 ../third_party/psyq/lib/libgpu.a(p01.o)
 .note          0x0000000000000e80       0x74 ../third_party/psyq/lib/libgs.a(2d_sp0.o)
 .note          0x0000000000000ef4       0x74 ../third_party/psyq/lib/libgs.a(global.o)
 .note          0x0000000000000f68       0x74 ../third_party/psyq/lib/libgs.a(gs_001.o)
 .note          0x0000000000000fdc       0x74 ../third_party/psyq/lib/libgs.a(gs_0021.o)
 .note          0x0000000000001050       0x74 ../third_party/psyq/lib/libgs.a(gs_0022.o)
 .note          0x00000000000010c4       0x74 ../third_party/psyq/lib/libgs.a(gs_003.o)
 .note          0x0000000000001138       0x74 ../third_party/psyq/lib/libgs.a(gs_010.o)
 .note          0x00000000000011ac       0x74 ../third_party/psyq/lib/libgs.a(gs_103.o)
 .note          0x0000000000001220       0x74 ../third_party/psyq/lib/libgs.a(gs_104.o)
 .note          0x0000000000001294       0x74 ../third_party/psyq/lib/libgs.a(gs_107.o)
 .note          0x0000000000001308       0x74 ../third_party/psyq/lib/libgs.a(gs_111.o)
 .note          0x000000000000137c       0x74 ../third_party/psyq/lib/libgs.a(gs_113.o)
 .note          0x00000000000013f0       0x74 ../third_party/psyq/lib/libgs.a(gs_121.o)
 .note          0x0000000000001464       0x74 ../third_party/psyq/lib/libgs.a(gs_122.o)
 .note          0x00000000000014d8       0x74 ../third_party/psyq/lib/libgs.a(gs_124.o)
 .note          0x000000000000154c       0x74 ../third_party/psyq/lib/libgs.a(gs_128.o)
 .note          0x00000000000015c0       0x74 ../third_party/psyq/lib/libgs.a(2d_com1.o)
 .note          0x0000000000001634       0x74 ../third_party/psyq/lib/libgte.a(cmb_00.o)
 .note          0x00000000000016a8       0x74 ../third_party/psyq/lib/libgte.a(fgo_01.o)
 .note          0x000000000000171c       0x74 ../third_party/psyq/lib/libgte.a(msc00.o)
 .note          0x0000000000001790       0x74 ../third_party/psyq/lib/libgte.a(msc01.o)
 .note          0x0000000000001804       0x74 ../third_party/psyq/lib/libgte.a(mtx_07.o)
 .note          0x0000000000001878       0x74 ../third_party/psyq/lib/libgte.a(mtx_08.o)
 .note          0x00000000000018ec       0x74 ../third_party/psyq/lib/libgte.a(mtx_09.o)
 .note          0x0000000000001960       0x74 ../third_party/psyq/lib/libgte.a(mtx_11.o)
 .note          0x00000000000019d4       0x74 ../third_party/psyq/lib/libgte.a(mtx_12.o)
 .note          0x0000000000001a48       0x74 ../third_party/psyq/lib/libgte.a(patchgte.o)
 .note          0x0000000000001abc       0x74 ../third_party/psyq/lib/libgte.a(reg09.o)
 .note          0x0000000000001b30       0x74 ../third_party/psyq/lib/libgte.a(reg11.o)
 .note          0x0000000000001ba4       0x74 ../third_party/psyq/lib/libgte.a(reg12.o)
 .note          0x0000000000001c18       0x74 ../third_party/psyq/lib/libgte.a(sqrtbl.o)
 .note          0x0000000000001c8c       0x74 ../third_party/psyq/lib/libgte.a(cstbl.o)
 .note          0x0000000000001d00       0x74 ../third_party/psyq/lib/libapi.a(a23.o)
 .note          0x0000000000001d74       0x74 ../third_party/psyq/lib/libapi.a(a24.o)
 .note          0x0000000000001de8       0x74 ../third_party/psyq/lib/libapi.a(a25.o)
 .note          0x0000000000001e5c       0x74 ../third_party/psyq/lib/libapi.a(c114.o)
 .note          0x0000000000001ed0       0x74 ../third_party/psyq/lib/libapi.a(c73.o)
 .note          0x0000000000001f44       0x74 ../third_party/psyq/lib/libapi.a(l10.o)
 .note          0x0000000000001fb8       0x74 ../third_party/psyq/lib/libc.a(a63.o)
 .note          0x000000000000202c       0x74 ../third_party/psyq/lib/libc.a(c19.o)
 .note          0x00000000000020a0       0x74 ../third_party/psyq/lib/libc.a(c27.o)
 .note          0x0000000000002114       0x74 ../third_party/psyq/lib/libc.a(c43.o)

.debug_info     0x0000000000000000     0x2d53
 .debug_info    0x0000000000000000      0xec4 main.o
 .debug_info    0x0000000000000ec4     0x1861 engine/basics.o
 .debug_info    0x0000000000002725      0x4bd engine/input.o
 .debug_info    0x0000000000002be2      0x14b engine/timerz.o
 .debug_info    0x0000000000002d2d       0x26 ../third_party/common/crt0/crt0.o

.debug_abbrev   0x0000000000000000      0x96e
 .debug_abbrev  0x0000000000000000      0x24e main.o
 .debug_abbrev  0x000000000000024e      0x3bc engine/basics.o
 .debug_abbrev  0x000000000000060a      0x229 engine/input.o
 .debug_abbrev  0x0000000000000833      0x127 engine/timerz.o
 .debug_abbrev  0x000000000000095a       0x14 ../third_party/common/crt0/crt0.o

.debug_aranges  0x0000000000000000      0x170
 .debug_aranges
                0x0000000000000000       0x38 main.o
 .debug_aranges
                0x0000000000000038       0xc8 engine/basics.o
 .debug_aranges
                0x0000000000000100       0x28 engine/input.o
 .debug_aranges
                0x0000000000000128       0x28 engine/timerz.o
 .debug_aranges
                0x0000000000000150       0x20 ../third_party/common/crt0/crt0.o

.debug_ranges   0x0000000000000000      0x140
 .debug_ranges  0x0000000000000000       0x28 main.o
 .debug_ranges  0x0000000000000028       0xd0 engine/basics.o
 .debug_ranges  0x00000000000000f8       0x30 engine/input.o
 .debug_ranges  0x0000000000000128       0x18 engine/timerz.o

.debug_line     0x0000000000000000      0xd42
 .debug_line    0x0000000000000000      0x2fb main.o
 .debug_line    0x00000000000002fb      0x79c engine/basics.o
 .debug_line    0x0000000000000a97      0x14b engine/input.o
 .debug_line    0x0000000000000be2       0xfd engine/timerz.o
 .debug_line    0x0000000000000cdf       0x63 ../third_party/common/crt0/crt0.o

.debug_str      0x0000000000000000      0xab8
 .debug_str     0x0000000000000000      0x778 main.o
                                        0x7db (size before relaxing)
 .debug_str     0x0000000000000778      0x274 engine/basics.o
                                        0x6ec (size before relaxing)
 .debug_str     0x00000000000009ec       0x88 engine/input.o
                                        0x3a8 (size before relaxing)
 .debug_str     0x0000000000000a74       0x16 engine/timerz.o
                                        0x1dc (size before relaxing)
 .debug_str     0x0000000000000a8a       0x2e ../third_party/common/crt0/crt0.o
                                         0x42 (size before relaxing)

.debug_frame    0x0000000000000000      0x3d8
 .debug_frame   0x0000000000000000       0x8c main.o
 .debug_frame   0x000000000000008c      0x2c0 engine/basics.o
 .debug_frame   0x000000000000034c       0x40 engine/input.o
 .debug_frame   0x000000000000038c       0x4c engine/timerz.o

.debug_loc      0x0000000000000000      0xa39
 .debug_loc     0x0000000000000000      0x868 engine/basics.o
 .debug_loc     0x0000000000000868       0x61 engine/input.o
 .debug_loc     0x00000000000008c9      0x170 engine/timerz.o
