Archive member included to satisfy reference by file (symbol)

../third_party/psyq/lib/libapi.a(a91.o)
                              engine/input.o (ChangeClearPAD)
../third_party/psyq/lib/libapi.a(pad.o)
                              engine/input.o (InitPAD)
../third_party/psyq/lib/libapi.a(patch.o)
                              ../third_party/psyq/lib/libapi.a(pad.o) (_patch_pad)
../third_party/psyq/lib/libapi.a(a18.o)
                              ../third_party/psyq/lib/libapi.a(pad.o) (InitPAD2)
../third_party/psyq/lib/libapi.a(a19.o)
                              ../third_party/psyq/lib/libapi.a(pad.o) (StartPAD2)
../third_party/psyq/lib/libapi.a(a21.o)
                              ../third_party/psyq/lib/libapi.a(pad.o) (PAD_init2)
../third_party/psyq/lib/libapi.a(a36.o)
                              ../third_party/psyq/lib/libapi.a(pad.o) (EnterCriticalSection)
../third_party/psyq/lib/libapi.a(a37.o)
                              ../third_party/psyq/lib/libapi.a(pad.o) (ExitCriticalSection)
../third_party/psyq/lib/libapi.a(c68.o)
                              ../third_party/psyq/lib/libapi.a(patch.o) (FlushCache)
../third_party/psyq/lib/libapi.a(chclrpad.o)
                              ../third_party/psyq/lib/libapi.a(pad.o) (_remove_ChgclrPAD)
../third_party/psyq/lib/libapi.a(l02.o)
                              ../third_party/psyq/lib/libapi.a(pad.o) (SysEnqIntRP)
../third_party/psyq/lib/libapi.a(l03.o)
                              ../third_party/psyq/lib/libapi.a(pad.o) (SysDeqIntRP)
../third_party/psyq/lib/libc.a(c42.o)
                              main.o (memcpy)
../third_party/psyq/lib/libc.a(c63.o)
                              main.o (printf)
../third_party/psyq/lib/libetc.a(vmode.o)
                              engine/graphics.o (GetVideoMode)
../third_party/psyq/lib/libetc.a(vsync.o)
                              engine/graphics.o (VSync)
../third_party/psyq/lib/libetc.a(intr_vb.o)
                              ../third_party/psyq/lib/libetc.a(vsync.o) (Vcount)
../third_party/psyq/lib/libetc.a(intr.o)
                              ../third_party/psyq/lib/libetc.a(intr_vb.o) (InterruptCallback)
../third_party/psyq/lib/libetc.a(intr_dma.o)
                              ../third_party/psyq/lib/libetc.a(intr.o) (startIntrDMA)
../third_party/psyq/lib/libgpu.a(font.o)
                              engine/graphics.o (FntFlush)
../third_party/psyq/lib/libgpu.a(p00.o)
                              engine/graphics.o (GetTPage)
../third_party/psyq/lib/libgpu.a(p06.o)
                              ../third_party/psyq/lib/libgpu.a(font.o) (AddPrim)
../third_party/psyq/lib/libgpu.a(p09.o)
                              ../third_party/psyq/lib/libgpu.a(font.o) (TermPrim)
../third_party/psyq/lib/libgpu.a(p10.o)
                              ../third_party/psyq/lib/libgpu.a(font.o) (SetSemiTrans)
../third_party/psyq/lib/libgpu.a(p20.o)
                              ../third_party/psyq/lib/libgpu.a(font.o) (SetSprt8)
../third_party/psyq/lib/libgpu.a(p26.o)
                              ../third_party/psyq/lib/libgpu.a(font.o) (SetTile)
../third_party/psyq/lib/libgpu.a(p27.o)
                              engine/graphics.o (SetLineF2)
../third_party/psyq/lib/libgpu.a(p41.o)
                              ../third_party/psyq/lib/libgpu.a(font.o) (SetDrawMode)
../third_party/psyq/lib/libgpu.a(sys.o)
                              engine/graphics.o (ClearImage2)
../third_party/psyq/lib/libgpu.a(e00.o)
                              ../third_party/psyq/lib/libgpu.a(font.o) (LoadTPage)
../third_party/psyq/lib/libgpu.a(e02.o)
                              ../third_party/psyq/lib/libgpu.a(font.o) (LoadClut2)
../third_party/psyq/lib/libgpu.a(p01.o)
                              ../third_party/psyq/lib/libgpu.a(e02.o) (GetClut)
../third_party/psyq/lib/libgs.a(2d_sp0.o)
                              engine/graphics.o (GsSortSprite)
../third_party/psyq/lib/libgs.a(global.o)
                              ../third_party/psyq/lib/libgs.a(2d_sp0.o) (GsOUT_PACKET_P)
../third_party/psyq/lib/libgs.a(gs_001.o)
                              ../third_party/psyq/lib/libgs.a(2d_sp0.o) (GsORGOFSY)
../third_party/psyq/lib/libgs.a(gs_0021.o)
                              engine/graphics.o (GsGetActiveBuff)
../third_party/psyq/lib/libgs.a(gs_0022.o)
                              ../third_party/psyq/lib/libgs.a(gs_001.o) (GsSetDrawBuffOffset)
../third_party/psyq/lib/libgs.a(gs_003.o)
                              ../third_party/psyq/lib/libgs.a(gs_001.o) (GsSetDrawBuffClip)
../third_party/psyq/lib/libgs.a(gs_010.o)
                              engine/graphics.o (GsSwapDispBuff)
../third_party/psyq/lib/libgs.a(gs_103.o)
                              engine/graphics.o (GsDefDispBuff)
../third_party/psyq/lib/libgs.a(gs_104.o)
                              ../third_party/psyq/lib/libgs.a(gs_001.o) (HWD0)
../third_party/psyq/lib/libgs.a(gs_107.o)
                              ../third_party/psyq/lib/libgs.a(gs_001.o) (GsLIGHTWSMATRIX)
../third_party/psyq/lib/libgs.a(gs_111.o)
                              engine/graphics.o (GsDrawOt)
../third_party/psyq/lib/libgs.a(gs_113.o)
                              engine/graphics.o (GsClearOt)
../third_party/psyq/lib/libgs.a(gs_121.o)
                              ../third_party/psyq/lib/libgs.a(gs_001.o) (gte_init)
../third_party/psyq/lib/libgs.a(gs_122.o)
                              engine/graphics.o (GsGetTimInfo)
../third_party/psyq/lib/libgs.a(gs_124.o)
                              engine/graphics.o (GsSetWorkBase)
../third_party/psyq/lib/libgs.a(gs_128.o)
                              ../third_party/psyq/lib/libgs.a(2d_sp0.o) (GsIDMATRIX)
../third_party/psyq/lib/libgs.a(2d_com1.o)
                              ../third_party/psyq/lib/libgs.a(2d_sp0.o) (_make_packet)
../third_party/psyq/lib/libgte.a(cmb_00.o)
                              ../third_party/psyq/lib/libgs.a(2d_sp0.o) (RotTransPers4)
../third_party/psyq/lib/libgte.a(fgo_01.o)
                              ../third_party/psyq/lib/libgs.a(2d_sp0.o) (RotMatrix)
../third_party/psyq/lib/libgte.a(msc00.o)
                              ../third_party/psyq/lib/libgs.a(gs_121.o) (InitGeom)
../third_party/psyq/lib/libgte.a(msc01.o)
                              ../third_party/psyq/lib/libgs.a(gs_107.o) (SquareRoot0)
../third_party/psyq/lib/libgte.a(mtx_07.o)
                              ../third_party/psyq/lib/libgs.a(2d_sp0.o) (TransMatrix)
../third_party/psyq/lib/libgte.a(mtx_08.o)
                              ../third_party/psyq/lib/libgs.a(2d_sp0.o) (ScaleMatrix)
../third_party/psyq/lib/libgte.a(mtx_09.o)
                              ../third_party/psyq/lib/libgs.a(2d_sp0.o) (SetRotMatrix)
../third_party/psyq/lib/libgte.a(mtx_11.o)
                              ../third_party/psyq/lib/libgs.a(gs_107.o) (SetColorMatrix)
../third_party/psyq/lib/libgte.a(mtx_12.o)
                              ../third_party/psyq/lib/libgs.a(2d_sp0.o) (SetTransMatrix)
../third_party/psyq/lib/libgte.a(patchgte.o)
                              ../third_party/psyq/lib/libgte.a(msc00.o) (_patch_gte)
../third_party/psyq/lib/libgte.a(reg09.o)
                              ../third_party/psyq/lib/libgs.a(2d_sp0.o) (ReadGeomScreen)
../third_party/psyq/lib/libgte.a(reg11.o)
                              ../third_party/psyq/lib/libgs.a(gs_121.o) (SetFarColor)
../third_party/psyq/lib/libgte.a(reg12.o)
                              ../third_party/psyq/lib/libgs.a(gs_0022.o) (SetGeomOffset)
../third_party/psyq/lib/libgte.a(sqrtbl.o)
                              ../third_party/psyq/lib/libgte.a(msc01.o) (SQRT)
../third_party/psyq/lib/libgte.a(cstbl.o)
                              ../third_party/psyq/lib/libgte.a(fgo_01.o) (rcossin_tbl)
../third_party/psyq/lib/libspu.a(s_i.o)
                              engine/audio.o (SpuInit)
../third_party/psyq/lib/libspu.a(s_ini.o)
                              ../third_party/psyq/lib/libspu.a(s_i.o) (_SpuInit)
../third_party/psyq/lib/libspu.a(s_itc.o)
                              engine/audio.o (SpuIsTransferCompleted)
../third_party/psyq/lib/libspu.a(s_m.o)
                              ../third_party/psyq/lib/libspu.a(s_ini.o) (_spu_memList)
../third_party/psyq/lib/libspu.a(s_m_f.o)
                              engine/audio.o (SpuFree)
../third_party/psyq/lib/libspu.a(s_m_init.o)
                              engine/audio.o (SpuInitMalloc)
../third_party/psyq/lib/libspu.a(s_m_int.o)
                              ../third_party/psyq/lib/libspu.a(s_m_f.o) (_spu_gcSPU)
../third_party/psyq/lib/libspu.a(s_m_m.o)
                              engine/audio.o (SpuMalloc)
../third_party/psyq/lib/libspu.a(s_rmp0.o)
                              ../third_party/psyq/lib/libspu.a(s_ini.o) (_spu_rev_startaddr)
../third_party/psyq/lib/libspu.a(s_sca.o)
                              engine/audio.o (SpuSetCommonAttr)
../third_party/psyq/lib/libspu.a(s_si.o)
                              engine/audio.o (SpuSetIRQ)
../third_party/psyq/lib/libspu.a(s_sk.o)
                              engine/audio.o (SpuSetKey)
../third_party/psyq/lib/libspu.a(s_stm.o)
                              engine/audio.o (SpuSetTransferMode)
../third_party/psyq/lib/libspu.a(s_stsa.o)
                              engine/audio.o (SpuSetTransferStartAddr)
../third_party/psyq/lib/libspu.a(s_sva.o)
                              engine/audio.o (SpuSetVoiceAttr)
../third_party/psyq/lib/libspu.a(s_w.o)
                              engine/audio.o (SpuWrite)
../third_party/psyq/lib/libspu.a(spu.o)
                              ../third_party/psyq/lib/libspu.a(s_stsa.o) (_spu_FsetRXXa)
../third_party/psyq/lib/libspu.a(s_dcb.o)
                              ../third_party/psyq/lib/libspu.a(s_ini.o) (_SpuDataCallback)
../third_party/psyq/lib/libspu.a(s_n2p.o)
                              ../third_party/psyq/lib/libspu.a(s_sva.o) (_spu_note2pitch)
../third_party/psyq/lib/libapi.a(a07.o)
                              ../third_party/psyq/lib/libspu.a(spu.o) (DeliverEvent)
../third_party/psyq/lib/libapi.a(a08.o)
                              ../third_party/psyq/lib/libspu.a(s_ini.o) (OpenEvent)
../third_party/psyq/lib/libapi.a(a11.o)
                              ../third_party/psyq/lib/libspu.a(s_itc.o) (TestEvent)
../third_party/psyq/lib/libapi.a(a12.o)
                              ../third_party/psyq/lib/libspu.a(s_ini.o) (EnableEvent)
../third_party/psyq/lib/libapi.a(a23.o)
                              ../third_party/psyq/lib/libetc.a(intr.o) (ReturnFromException)
../third_party/psyq/lib/libapi.a(a24.o)
                              ../third_party/psyq/lib/libetc.a(intr.o) (ResetEntryInt)
../third_party/psyq/lib/libapi.a(a25.o)
                              ../third_party/psyq/lib/libetc.a(intr.o) (HookEntryInt)
../third_party/psyq/lib/libapi.a(c114.o)
                              ../third_party/psyq/lib/libetc.a(intr.o) (_96_remove)
../third_party/psyq/lib/libapi.a(c73.o)
                              ../third_party/psyq/lib/libgpu.a(sys.o) (GPU_cw)
../third_party/psyq/lib/libapi.a(l10.o)
                              ../third_party/psyq/lib/libetc.a(vsync.o) (ChangeClearRCnt)
../third_party/psyq/lib/libc.a(a63.o)
                              ../third_party/psyq/lib/libetc.a(vsync.o) (puts)
../third_party/psyq/lib/libc.a(c19.o)
                              ../third_party/psyq/lib/libetc.a(intr.o) (setjmp)
../third_party/psyq/lib/libc.a(c27.o)
                              ../third_party/psyq/lib/libgpu.a(font.o) (strlen)
../third_party/psyq/lib/libc.a(c43.o)
                              ../third_party/psyq/lib/libgpu.a(font.o) (memset)

Allocating common symbols
Common symbol       size              file

g_s_attr            0x40              engine/audio.o
input_pad           0x2               engine/input.o
playerSprite        0x50              main.o
l_vag1_spu_addr     0x4               engine/audio.o
input_trig          0x4               engine/input.o
mainPlayer          0x6c              main.o
SCREEN_WIDTH        0x4               engine/graphics.o
input_binds         0x1c              engine/input.o
GPUOutputPacket     0x258             engine/graphics.o
l_c_attr            0x28              engine/audio.o
SCREEN_HEIGHT       0x4               engine/graphics.o
currentBuffer       0x2               engine/graphics.o
input_held          0x4               engine/input.o
systemBackgroundColor
                    0xc               engine/graphics.o
input_suppress_trig
                    0x1               engine/input.o
mainTimer           0x10              main.o
orderingTable       0x28              engine/graphics.o
minorOrderingTable  0x10              engine/graphics.o

Discarded input sections

 .text          0x0000000000000000        0x0 main.o
 .bss           0x0000000000000000       0x10 main.o
 .reginfo       0x0000000000000000       0x18 main.o
 .MIPS.abiflags
                0x0000000000000000       0x18 main.o
 .pdr           0x0000000000000000       0xa0 main.o
 .text.gameScreen
                0x0000000000000000        0x8 main.o
 .text          0x0000000000000000        0x0 engine/graphics.o
 .data          0x0000000000000000        0x0 engine/graphics.o
 .bss           0x0000000000000000        0x0 engine/graphics.o
 .reginfo       0x0000000000000000       0x18 engine/graphics.o
 .MIPS.abiflags
                0x0000000000000000       0x18 engine/graphics.o
 .pdr           0x0000000000000000      0x2c0 engine/graphics.o
 .text.scaleImage
                0x0000000000000000       0x74 engine/graphics.o
 .text.rotImage
                0x0000000000000000       0x40 engine/graphics.o
 .text.moveLine
                0x0000000000000000       0x50 engine/graphics.o
 .text.moveBox  0x0000000000000000      0x1a8 engine/graphics.o
 .text.transposeBox
                0x0000000000000000       0x34 engine/graphics.o
 .text.drawLine
                0x0000000000000000       0x30 engine/graphics.o
 .text.initializeDebugFont
                0x0000000000000000       0x44 engine/graphics.o
 .text          0x0000000000000000        0x0 engine/input.o
 .data          0x0000000000000000        0x0 engine/input.o
 .reginfo       0x0000000000000000       0x18 engine/input.o
 .MIPS.abiflags
                0x0000000000000000       0x18 engine/input.o
 .pdr           0x0000000000000000       0x40 engine/input.o
 .text          0x0000000000000000        0x0 engine/timerz.o
 .data          0x0000000000000000        0x0 engine/timerz.o
 .bss           0x0000000000000000        0x0 engine/timerz.o
 .reginfo       0x0000000000000000       0x18 engine/timerz.o
 .MIPS.abiflags
                0x0000000000000000       0x18 engine/timerz.o
 .pdr           0x0000000000000000       0x40 engine/timerz.o
 .text          0x0000000000000000        0x0 engine/audio.o
 .data          0x0000000000000000        0x0 engine/audio.o
 .reginfo       0x0000000000000000       0x18 engine/audio.o
 .MIPS.abiflags
                0x0000000000000000       0x18 engine/audio.o
 .pdr           0x0000000000000000       0xc0 engine/audio.o
 .text.audioChannelConfigure
                0x0000000000000000        0x8 engine/audio.o
 .text.audioFree
                0x0000000000000000        0x8 engine/audio.o
 .text.setVoiceVolume
                0x0000000000000000       0x20 engine/audio.o
 .text          0x0000000000000000        0x0 ../third_party/common/syscalls/printf.o
 .data          0x0000000000000000        0x0 ../third_party/common/syscalls/printf.o
 .bss           0x0000000000000000        0x0 ../third_party/common/syscalls/printf.o
 .reginfo       0x0000000000000000       0x18 ../third_party/common/syscalls/printf.o
 .MIPS.abiflags
                0x0000000000000000       0x18 ../third_party/common/syscalls/printf.o
 .pdr           0x0000000000000000        0x0 ../third_party/common/syscalls/printf.o
 .ramtext       0x0000000000000000        0xc ../third_party/common/syscalls/printf.o
 .debug_line    0x0000000000000000       0x59 ../third_party/common/syscalls/printf.o
 .debug_info    0x0000000000000000       0x26 ../third_party/common/syscalls/printf.o
 .debug_abbrev  0x0000000000000000       0x14 ../third_party/common/syscalls/printf.o
 .debug_aranges
                0x0000000000000000       0x20 ../third_party/common/syscalls/printf.o
 .debug_str     0x0000000000000000       0x48 ../third_party/common/syscalls/printf.o
 .gnu.attributes
                0x0000000000000000       0x10 ../third_party/common/syscalls/printf.o
 .text          0x0000000000000000        0x0 ../third_party/common/crt0/crt0.o
 .data          0x0000000000000000        0x0 ../third_party/common/crt0/crt0.o
 .bss           0x0000000000000000        0x0 ../third_party/common/crt0/crt0.o
 .reginfo       0x0000000000000000       0x18 ../third_party/common/crt0/crt0.o
 .MIPS.abiflags
                0x0000000000000000       0x18 ../third_party/common/crt0/crt0.o
 .data          0x0000000000000000       0x10 ../third_party/psyq/lib/libgs.a(global.o)
 .data          0x0000000000000000       0x10 ../third_party/psyq/lib/libgs.a(gs_001.o)
 .text          0x0000000000000000       0x80 ../third_party/psyq/lib/libgs.a(gs_104.o)
 .text          0x0000000000000000      0x570 ../third_party/psyq/lib/libgs.a(gs_107.o)
 .text          0x0000000000000000       0x90 ../third_party/psyq/lib/libgte.a(msc01.o)
 .text          0x0000000000000000       0x30 ../third_party/psyq/lib/libgte.a(mtx_11.o)
 .data          0x0000000000000000      0x180 ../third_party/psyq/lib/libgte.a(sqrtbl.o)
 .text          0x0000000000000000       0x80 ../third_party/psyq/lib/libspu.a(s_m_f.o)

Memory Configuration

Name             Origin             Length             Attributes
loader           0x000000008000f800 0x0000000000000800
ram              0x0000000080010000 0x00000000001f0000 xrw
dcache           0x000000001f800000 0x0000000000000400
*default*        0x0000000000000000 0xffffffffffffffff

Linker script and memory map

LOAD main.o
LOAD engine/graphics.o
LOAD engine/input.o
LOAD engine/timerz.o
LOAD engine/audio.o
LOAD ../third_party/common/syscalls/printf.o
LOAD ../third_party/common/crt0/crt0.o
START GROUP
LOAD ../third_party/psyq/lib/libapi.a
LOAD ../third_party/psyq/lib/libc.a
LOAD ../third_party/psyq/lib/libc2.a
LOAD ../third_party/psyq/lib/libcard.a
LOAD ../third_party/psyq/lib/libcomb.a
LOAD ../third_party/psyq/lib/libds.a
LOAD ../third_party/psyq/lib/libetc.a
LOAD ../third_party/psyq/lib/libgpu.a
LOAD ../third_party/psyq/lib/libgs.a
LOAD ../third_party/psyq/lib/libgte.a
LOAD ../third_party/psyq/lib/libgpu.a
LOAD ../third_party/psyq/lib/libgun.a
LOAD ../third_party/psyq/lib/libhmd.a
LOAD ../third_party/psyq/lib/libmath.a
LOAD ../third_party/psyq/lib/libmcrd.a
LOAD ../third_party/psyq/lib/libmcx.a
LOAD ../third_party/psyq/lib/libpad.a
LOAD ../third_party/psyq/lib/libpress.a
LOAD ../third_party/psyq/lib/libsio.a
LOAD ../third_party/psyq/lib/libsnd.a
LOAD ../third_party/psyq/lib/libspu.a
LOAD ../third_party/psyq/lib/libtap.a
END GROUP
                0x0000000080028b60                __heap_base = __bss_end
                0x0000000080010000                TLOAD_ADDR = DEFINED (TLOAD_ADDR)?TLOAD_ADDR:0x80010000
                0x0000000080200000                __ram_top = (ORIGIN (ram) + LENGTH (ram))
                0x00000000801fff00                __sp = (__ram_top - 0x100)
                0x000000001f800000                __dcache = ORIGIN (dcache)
                0x000000001f800400                __dcache_top = (ORIGIN (dcache) + LENGTH (dcache))
                0x0000000000006360                __bss_len = (__bss_end - __bss_start)
                0x0000000000009730                __ftext_len = (__ftext_end - __ftext_start)
                0x00000000000090d0                __fdata_len = (__fdata_end - __fdata_start)
                0x0000000080200000                __stack_start = (ORIGIN (ram) + LENGTH (ram))

.PSX_EXE_Header
                0x000000008000f800      0x800
                0x000000008000f800        0x1 BYTE 0x50
                0x000000008000f801        0x1 BYTE 0x53
                0x000000008000f802        0x1 BYTE 0x2d
                0x000000008000f803        0x1 BYTE 0x58
                0x000000008000f804        0x1 BYTE 0x20
                0x000000008000f805        0x1 BYTE 0x45
                0x000000008000f806        0x1 BYTE 0x58
                0x000000008000f807        0x1 BYTE 0x45
                0x000000008000f808        0x4 LONG 0x0
                0x000000008000f80c        0x4 LONG 0x0
                0x000000008000f810        0x4 LONG 0x80010000 ABSOLUTE (_start)
                0x000000008000f814        0x4 LONG 0x0
                0x000000008000f818        0x4 LONG 0x80010000 TLOAD_ADDR
                0x000000008000f81c        0x4 LONG 0x12800 (__ftext_len + __fdata_len)
                0x000000008000f820        0x4 LONG 0x0
                0x000000008000f824        0x4 LONG 0x0
                0x000000008000f828        0x4 LONG 0x0
                0x000000008000f82c        0x4 LONG 0x0
                0x000000008000f830        0x4 LONG 0x801fff00 DEFINED (_sp)?ABSOLUTE (_sp):0x801fff00
                0x000000008000f834        0x4 LONG 0x0
                0x0000000080010000                . = (. + 0x7c8)
 *fill*         0x000000008000f838      0x7c8 
                0x0000000080010000                __ftext_start = ABSOLUTE (.)

.text           0x0000000080010000     0x9730
 *(.start)
 .start         0x0000000080010000       0x64 ../third_party/common/crt0/crt0.o
                0x0000000080010000                _start
 *(.init)
 *(SORT_NONE(.fini))
 *(.text.unlikely .text.*_unlikely .text.unlikely.*)
 *(.text.exit .text.exit.*)
 *(.text.startup .text.startup.*)
 .text.startup.main
                0x0000000080010064      0x178 main.o
                0x0000000080010064                main
 *(.text.hot .text.hot.*)
 *(.text .stub .text.* .gnu.linkonce.t.*)
 .text.updateAnimation
                0x00000000800101dc      0x1e0 main.o
                0x00000000800101dc                updateAnimation
 .text.initPlayer
                0x00000000800103bc       0x80 main.o
                0x00000000800103bc                initPlayer
 .text.initialize
                0x000000008001043c       0x74 main.o
                0x000000008001043c                initialize
 .text.setScreenMode.part.0
                0x00000000800104b0       0x64 engine/graphics.o
 .text.createImage
                0x0000000080010514      0x10c engine/graphics.o
                0x0000000080010514                createImage
 .text.moveImage
                0x0000000080010620       0x44 engine/graphics.o
                0x0000000080010620                moveImage
 .text.drawImage
                0x0000000080010664       0x60 engine/graphics.o
                0x0000000080010664                drawImage
 .text.createColor
                0x00000000800106c4       0x14 engine/graphics.o
                0x00000000800106c4                createColor
 .text.createLine
                0x00000000800106d8       0x8c engine/graphics.o
                0x00000000800106d8                createLine
 .text.createBox
                0x0000000080010764      0x12c engine/graphics.o
                0x0000000080010764                createBox
 .text.drawBox  0x0000000080010890       0x48 engine/graphics.o
                0x0000000080010890                drawBox
 .text.setScreenMode
                0x00000000800108d8       0x70 engine/graphics.o
                0x00000000800108d8                setScreenMode
 .text.setBackgroundColor
                0x0000000080010948       0x24 engine/graphics.o
                0x0000000080010948                setBackgroundColor
 .text.initializeOrderingTable
                0x000000008001096c       0x90 engine/graphics.o
                0x000000008001096c                initializeOrderingTable
 .text.flushDisplay
                0x00000000800109fc       0x90 engine/graphics.o
                0x00000000800109fc                flushDisplay
 .text.clearDisplay
                0x0000000080010a8c       0x74 engine/graphics.o
                0x0000000080010a8c                clearDisplay
 .text.clearVRAM
                0x0000000080010b00       0x44 engine/graphics.o
                0x0000000080010b00                clearVRAM
 .text.initializeScreen
                0x0000000080010b44       0xac engine/graphics.o
                0x0000000080010b44                initializeScreen
 .text.in_init  0x0000000080010bf0       0x68 engine/input.o
                0x0000000080010bf0                in_init
 .text.in_update
                0x0000000080010c58       0x50 engine/input.o
                0x0000000080010c58                in_update
 .text.createTimer
                0x0000000080010ca8       0x44 engine/timerz.o
                0x0000000080010ca8                createTimer
 .text.incTimer
                0x0000000080010cec       0x5c engine/timerz.o
                0x0000000080010cec                incTimer
 .text.audioInit
                0x0000000080010d48       0x60 engine/audio.o
                0x0000000080010d48                audioInit
 .text.audioTransferVagToSPU
                0x0000000080010da8       0xc0 engine/audio.o
                0x0000000080010da8                audioTransferVagToSPU
 .text.audioPlay
                0x0000000080010e68       0x4c engine/audio.o
                0x0000000080010e68                audioPlay
 *fill*         0x0000000080010eb4        0x4 
 .text          0x0000000080010eb8       0x10 ../third_party/psyq/lib/libapi.a(a91.o)
                0x0000000080010eb8                ChangeClearPAD
 .text          0x0000000080010ec8      0x290 ../third_party/psyq/lib/libapi.a(pad.o)
                0x0000000080010ec8                SetInitPadFlag
                0x0000000080010ed4                ReadInitPadFlag
                0x0000000080010ee4                PAD_init
                0x0000000080010f74                InitPAD
                0x0000000080011004                StartPAD
 .text          0x0000000080011158       0xa0 ../third_party/psyq/lib/libapi.a(patch.o)
                0x0000000080011158                EnablePAD
                0x000000008001116c                DisablePAD
                0x0000000080011180                _patch_pad
 .text          0x00000000800111f8       0x10 ../third_party/psyq/lib/libapi.a(a18.o)
                0x00000000800111f8                InitPAD2
 .text          0x0000000080011208       0x10 ../third_party/psyq/lib/libapi.a(a19.o)
                0x0000000080011208                StartPAD2
 .text          0x0000000080011218       0x10 ../third_party/psyq/lib/libapi.a(a21.o)
                0x0000000080011218                PAD_init2
 .text          0x0000000080011228       0x10 ../third_party/psyq/lib/libapi.a(a36.o)
                0x0000000080011228                EnterCriticalSection
 .text          0x0000000080011238       0x10 ../third_party/psyq/lib/libapi.a(a37.o)
                0x0000000080011238                ExitCriticalSection
 .text          0x0000000080011248       0x10 ../third_party/psyq/lib/libapi.a(c68.o)
                0x0000000080011248                FlushCache
 .text          0x0000000080011258       0x70 ../third_party/psyq/lib/libapi.a(chclrpad.o)
                0x0000000080011258                _remove_ChgclrPAD
 .text          0x00000000800112c8       0x10 ../third_party/psyq/lib/libapi.a(l02.o)
                0x00000000800112c8                SysEnqIntRP
 .text          0x00000000800112d8       0x10 ../third_party/psyq/lib/libapi.a(l03.o)
                0x00000000800112d8                SysDeqIntRP
 .text          0x00000000800112e8       0x10 ../third_party/psyq/lib/libc.a(c42.o)
                0x00000000800112e8                memcpy
 .text          0x00000000800112f8       0x10 ../third_party/psyq/lib/libc.a(c63.o)
                0x00000000800112f8                printf
 .text          0x0000000080011308       0x30 ../third_party/psyq/lib/libetc.a(vmode.o)
                0x0000000080011308                SetVideoMode
                0x000000008001131c                GetVideoMode
 .text          0x0000000080011338      0x210 ../third_party/psyq/lib/libetc.a(vsync.o)
                0x0000000080011338                VSync
 .text          0x0000000080011548      0x120 ../third_party/psyq/lib/libetc.a(intr_vb.o)
                0x0000000080011548                startIntrVSync
 .text          0x0000000080011668      0x6c0 ../third_party/psyq/lib/libetc.a(intr.o)
                0x0000000080011668                ResetCallback
                0x0000000080011698                InterruptCallback
                0x00000000800116c8                DMACallback
                0x00000000800116f8                VSyncCallback
                0x000000008001172c                VSyncCallbacks
                0x000000008001175c                StopCallback
                0x000000008001178c                RestartCallback
                0x00000000800117bc                CheckCallback
                0x00000000800117cc                GetIntrMask
                0x00000000800117e4                SetIntrMask
 .text          0x0000000080011d28      0x2a0 ../third_party/psyq/lib/libetc.a(intr_dma.o)
                0x0000000080011d28                startIntrDMA
 .text          0x0000000080011fc8      0xa80 ../third_party/psyq/lib/libgpu.a(font.o)
                0x0000000080011fc8                SetDumpFnt
                0x0000000080012008                FntLoad
                0x00000000800120a8                FntOpen
                0x0000000080012364                FntFlush
                0x0000000080012680                FntPrint
 .text          0x0000000080012a48       0x40 ../third_party/psyq/lib/libgpu.a(p00.o)
                0x0000000080012a48                GetTPage
 .text          0x0000000080012a88       0x40 ../third_party/psyq/lib/libgpu.a(p06.o)
                0x0000000080012a88                AddPrim
 .text          0x0000000080012ac8       0x20 ../third_party/psyq/lib/libgpu.a(p09.o)
                0x0000000080012ac8                TermPrim
 .text          0x0000000080012ae8       0x30 ../third_party/psyq/lib/libgpu.a(p10.o)
                0x0000000080012ae8                SetSemiTrans
 .text          0x0000000080012b18       0x20 ../third_party/psyq/lib/libgpu.a(p20.o)
                0x0000000080012b18                SetSprt8
 .text          0x0000000080012b38       0x20 ../third_party/psyq/lib/libgpu.a(p26.o)
                0x0000000080012b38                SetTile
 .text          0x0000000080012b58       0x20 ../third_party/psyq/lib/libgpu.a(p27.o)
                0x0000000080012b58                SetLineF2
 .text          0x0000000080012b78       0xa0 ../third_party/psyq/lib/libgpu.a(p41.o)
                0x0000000080012b78                SetDrawMode
 .text          0x0000000080012c18     0x2f00 ../third_party/psyq/lib/libgpu.a(sys.o)
                0x0000000080012c18                ResetGraph
                0x0000000080012d8c                SetGraphDebug
                0x0000000080012de8                SetGraphQueue
                0x0000000080012e8c                GetGraphDebug
                0x0000000080012e9c                DrawSyncCallback
                0x0000000080012efc                SetDispMask
                0x0000000080012f94                DrawSync
                0x0000000080013118                ClearImage
                0x00000000800131a8                ClearImage2
                0x0000000080013240                LoadImage
                0x00000000800132a0                StoreImage
                0x0000000080013300                MoveImage
                0x00000000800133b8                ClearOTag
                0x0000000080013480                ClearOTagR
                0x000000008001352c                DrawPrim
                0x0000000080013588                DrawOTag
                0x00000000800135f8                PutDrawEnv
                0x00000000800136b8                DrawOTagEnv
                0x0000000080013790                GetDrawEnv
                0x00000000800137c4                PutDispEnv
                0x0000000080013cbc                GetDispEnv
                0x0000000080013cf0                GetODE
                0x0000000080013d20                SetDrawArea
                0x0000000080013da0                SetDrawOffset
                0x0000000080013de0                SetDrawEnv
                0x00000000800156b0                LoadImage2
                0x000000008001579c                StoreImage2
                0x0000000080015888                MoveImage2
                0x00000000800159cc                DrawOTag2
                0x0000000080015ac8                _GPU_ResetCallback
 .text          0x0000000080015b18       0xf0 ../third_party/psyq/lib/libgpu.a(e00.o)
                0x0000000080015b18                LoadTPage
 .text          0x0000000080015c08       0x70 ../third_party/psyq/lib/libgpu.a(e02.o)
                0x0000000080015c08                LoadClut2
 .text          0x0000000080015c78       0x20 ../third_party/psyq/lib/libgpu.a(p01.o)
                0x0000000080015c78                GetClut
 .text          0x0000000080015c98      0x500 ../third_party/psyq/lib/libgs.a(2d_sp0.o)
                0x0000000080015c98                GsSortSprite
 .text          0x0000000080016198      0x550 ../third_party/psyq/lib/libgs.a(gs_001.o)
                0x0000000080016198                GsInitGraph
                0x0000000080016328                GsInitGraph2
                0x00000000800165b0                GsSortClear
 .text          0x00000000800166e8       0x10 ../third_party/psyq/lib/libgs.a(gs_0021.o)
                0x00000000800166e8                GsGetActiveBuff
 .text          0x00000000800166f8      0x110 ../third_party/psyq/lib/libgs.a(gs_0022.o)
                0x00000000800166f8                GsSetDrawBuffOffset
 .text          0x0000000080016808       0x80 ../third_party/psyq/lib/libgs.a(gs_003.o)
                0x0000000080016808                GsSetDrawBuffClip
 .text          0x0000000080016888       0xb0 ../third_party/psyq/lib/libgs.a(gs_010.o)
                0x0000000080016888                GsSwapDispBuff
 .text          0x0000000080016938       0xa0 ../third_party/psyq/lib/libgs.a(gs_103.o)
                0x0000000080016938                GsDefDispBuff
 .text          0x00000000800169d8       0x30 ../third_party/psyq/lib/libgs.a(gs_111.o)
                0x00000000800169d8                GsDrawOt
 .text          0x0000000080016a08       0x60 ../third_party/psyq/lib/libgs.a(gs_113.o)
                0x0000000080016a08                GsClearOt
 .text          0x0000000080016a68       0x50 ../third_party/psyq/lib/libgs.a(gs_121.o)
                0x0000000080016a68                gte_init
 .text          0x0000000080016ab8       0xf0 ../third_party/psyq/lib/libgs.a(gs_122.o)
                0x0000000080016ab8                GsGetTimInfo
 .text          0x0000000080016ba8       0x10 ../third_party/psyq/lib/libgs.a(gs_124.o)
                0x0000000080016ba8                GsSetWorkBase
 .text          0x0000000080016bb8       0xa0 ../third_party/psyq/lib/libgs.a(2d_com1.o)
                0x0000000080016bb8                _make_packet
 .text          0x0000000080016c58       0x80 ../third_party/psyq/lib/libgte.a(cmb_00.o)
                0x0000000080016c58                RotTransPers4
 .text          0x0000000080016cd8      0x290 ../third_party/psyq/lib/libgte.a(fgo_01.o)
                0x0000000080016cd8                RotMatrix
 .text          0x0000000080016f68       0x90 ../third_party/psyq/lib/libgte.a(msc00.o)
                0x0000000080016f70                InitGeom
 .text          0x0000000080016ff8       0x30 ../third_party/psyq/lib/libgte.a(mtx_07.o)
                0x0000000080016ff8                TransMatrix
 .text          0x0000000080017028      0x140 ../third_party/psyq/lib/libgte.a(mtx_08.o)
                0x0000000080017028                ScaleMatrix
 .text          0x0000000080017168       0x30 ../third_party/psyq/lib/libgte.a(mtx_09.o)
                0x0000000080017168                SetRotMatrix
 .text          0x0000000080017198       0x20 ../third_party/psyq/lib/libgte.a(mtx_12.o)
                0x0000000080017198                SetTransMatrix
 .text          0x00000000800171b8       0xe0 ../third_party/psyq/lib/libgte.a(patchgte.o)
                0x00000000800171b8                _patch_gte
 .text          0x0000000080017298       0x10 ../third_party/psyq/lib/libgte.a(reg09.o)
                0x0000000080017298                ReadGeomScreen
 .text          0x00000000800172a8       0x20 ../third_party/psyq/lib/libgte.a(reg11.o)
                0x00000000800172a8                SetFarColor
 .text          0x00000000800172c8       0x20 ../third_party/psyq/lib/libgte.a(reg12.o)
                0x00000000800172c8                SetGeomOffset
 .text          0x00000000800172e8       0x20 ../third_party/psyq/lib/libspu.a(s_i.o)
                0x00000000800172e8                SpuInit
 .text          0x0000000080017308      0x160 ../third_party/psyq/lib/libspu.a(s_ini.o)
                0x0000000080017308                _SpuInit
                0x00000000800173f0                SpuStart
 .text          0x0000000080017468       0xb0 ../third_party/psyq/lib/libspu.a(s_itc.o)
                0x0000000080017468                SpuIsTransferCompleted
 .text          0x0000000080017518       0x60 ../third_party/psyq/lib/libspu.a(s_m_init.o)
                0x0000000080017518                SpuInitMalloc
 .text          0x0000000080017578      0x300 ../third_party/psyq/lib/libspu.a(s_m_int.o)
                0x0000000080017578                _spu_gcSPU
 .text          0x0000000080017878      0x2d0 ../third_party/psyq/lib/libspu.a(s_m_m.o)
                0x0000000080017878                SpuMalloc
 .text          0x0000000080017b48      0x380 ../third_party/psyq/lib/libspu.a(s_sca.o)
                0x0000000080017b48                SpuSetCommonAttr
 .text          0x0000000080017ec8      0x140 ../third_party/psyq/lib/libspu.a(s_si.o)
                0x0000000080017ec8                SpuSetIRQ
 .text          0x0000000080018008      0x1c0 ../third_party/psyq/lib/libspu.a(s_sk.o)
                0x0000000080018008                SpuSetKey
 .text          0x00000000800181c8       0x30 ../third_party/psyq/lib/libspu.a(s_stm.o)
                0x00000000800181c8                SpuSetTransferMode
 .text          0x00000000800181f8       0x60 ../third_party/psyq/lib/libspu.a(s_stsa.o)
                0x00000000800181f8                SpuSetTransferStartAddr
 .text          0x0000000080018258      0x600 ../third_party/psyq/lib/libspu.a(s_sva.o)
                0x0000000080018258                SpuSetVoiceAttr
 .text          0x0000000080018858       0x60 ../third_party/psyq/lib/libspu.a(s_w.o)
                0x0000000080018858                SpuWrite
 .text          0x00000000800188b8      0xb40 ../third_party/psyq/lib/libspu.a(spu.o)
                0x00000000800188b8                _spu_init
                0x0000000080018cf8                _spu_FiDMA
                0x0000000080018db4                _spu_Fr_
                0x0000000080018e5c                _spu_t
                0x00000000800190dc                _spu_Fw
                0x0000000080019160                _spu_Fr
                0x00000000800191c4                _spu_FsetRXX
                0x0000000080019208                _spu_FsetRXXa
                0x00000000800192ac                _spu_FgetRXXa
                0x00000000800192e8                _spu_FsetPCR
                0x0000000080019390                _spu_Fw1ts
 .text          0x00000000800193f8       0x30 ../third_party/psyq/lib/libspu.a(s_dcb.o)
                0x00000000800193f8                _SpuDataCallback
 .text          0x0000000080019428      0x200 ../third_party/psyq/lib/libspu.a(s_n2p.o)
                0x0000000080019428                _spu_note2pitch
                0x00000000800194f8                _spu_pitch2note
 .text          0x0000000080019628       0x10 ../third_party/psyq/lib/libapi.a(a07.o)
                0x0000000080019628                DeliverEvent
 .text          0x0000000080019638       0x10 ../third_party/psyq/lib/libapi.a(a08.o)
                0x0000000080019638                OpenEvent
 .text          0x0000000080019648       0x10 ../third_party/psyq/lib/libapi.a(a11.o)
                0x0000000080019648                TestEvent
 .text          0x0000000080019658       0x10 ../third_party/psyq/lib/libapi.a(a12.o)
                0x0000000080019658                EnableEvent
 .text          0x0000000080019668       0x10 ../third_party/psyq/lib/libapi.a(a23.o)
                0x0000000080019668                ReturnFromException
 .text          0x0000000080019678       0x10 ../third_party/psyq/lib/libapi.a(a24.o)
                0x0000000080019678                ResetEntryInt
 .text          0x0000000080019688       0x10 ../third_party/psyq/lib/libapi.a(a25.o)
                0x0000000080019688                HookEntryInt
 .text          0x0000000080019698       0x20 ../third_party/psyq/lib/libapi.a(c114.o)
                0x00000000800196a0                _96_remove
 .text          0x00000000800196b8       0x10 ../third_party/psyq/lib/libapi.a(c73.o)
                0x00000000800196b8                GPU_cw
 .text          0x00000000800196c8       0x10 ../third_party/psyq/lib/libapi.a(l10.o)
                0x00000000800196c8                ChangeClearRCnt
 .text          0x00000000800196d8       0x20 ../third_party/psyq/lib/libc.a(a63.o)
                0x00000000800196e0                puts
 .text          0x00000000800196f8       0x10 ../third_party/psyq/lib/libc.a(c19.o)
                0x00000000800196f8                setjmp
 .text          0x0000000080019708       0x10 ../third_party/psyq/lib/libc.a(c27.o)
                0x0000000080019708                strlen
 .text          0x0000000080019718       0x10 ../third_party/psyq/lib/libc.a(c43.o)
                0x0000000080019718                memset
                0x0000000080019730                . = ALIGN (0x10)
 *fill*         0x0000000080019728        0x8 
 *(.init)
                0x0000000080019730                . = ALIGN (0x10)
 *(.fini)
                0x0000000080019730                . = ALIGN (0x10)
                0x0000000080019730                __text_end = .
                0x0000000080019730                __ftext_end = ABSOLUTE (.)
                0x0000000080019730                __fdata_start = ABSOLUTE (.)

.rodata         0x0000000080019730      0x584
 *(.rodata .rodata.* .rdata .rdata.* .gnu.linkonce.r.*)
 .rodata.str1.4
                0x0000000080019730       0x10 main.o
 .rodata.str1.4
                0x0000000080019740       0x80 engine/graphics.o
 .rodata        0x00000000800197c0       0x20 engine/input.o
                0x00000000800197c0                input_binds_default
 .rodata        0x00000000800197e0       0x10 ../third_party/common/crt0/crt0.o
 .rdata         0x00000000800197f0       0x10 ../third_party/psyq/lib/libetc.a(vsync.o)
 .rdata         0x0000000080019800       0x70 ../third_party/psyq/lib/libetc.a(intr.o)
 .rdata         0x0000000080019870       0x30 ../third_party/psyq/lib/libetc.a(intr_dma.o)
 .rdata         0x00000000800198a0       0xa0 ../third_party/psyq/lib/libgpu.a(font.o)
 .rdata         0x0000000080019940      0x220 ../third_party/psyq/lib/libgpu.a(sys.o)
 .rdata         0x0000000080019b60       0x30 ../third_party/psyq/lib/libgs.a(2d_com1.o)
 .rdata         0x0000000080019b90       0x40 ../third_party/psyq/lib/libspu.a(s_sca.o)
 .rdata         0x0000000080019bd0       0x30 ../third_party/psyq/lib/libspu.a(s_si.o)
 .rdata         0x0000000080019c00       0x40 ../third_party/psyq/lib/libspu.a(s_sva.o)
 .rdata         0x0000000080019c40       0x50 ../third_party/psyq/lib/libspu.a(spu.o)
                0x0000000080019c90                . = ALIGN (0x10)
                0x0000000080019c90                __preinit_array_start = .
 *(.preinit_array)
                0x0000000080019c90                __preinit_array_end = .
                0x0000000080019c90                . = ALIGN (0x10)
                0x0000000080019c90                __init_array_start = .
 *(SORT_BY_NAME(.init_array.*))
 *(.init_array)
                0x0000000080019c90                . = ALIGN (0x10)
 *crtbegin.o(.ctors)
 *(EXCLUDE_FILE(*crtend.o) .ctors)
 *(SORT_BY_NAME(.ctors.*))
 *crtend.o(.ctors)
                0x0000000080019c90                __init_array_end = .
                0x0000000080019c90                . = ALIGN (0x10)
                0x0000000080019c90                __fini_array_start = .
 *(.fini_array)
 *(SORT_BY_NAME(.fini_array.*))
 *crtbegin.o(.dtors)
 *(EXCLUDE_FILE(*crtend.o) .dtors)
 *(SORT_BY_NAME(.dtors.*))
 *crtend.o(.dtors)
                0x0000000080019c90                __fini_array_end = .
                0x0000000080019c90                __build_id = .
 *(.note.gnu.build-id)
 .note.gnu.build-id
                0x0000000080019c90       0x24 main.o
                0x0000000080019cb4                __build_id_end = .

.rel.dyn        0x0000000080019cb4        0x0
 .rel.dyn       0x0000000080019cb4        0x0 main.o

.rodata1
 *(.rodata1)
                0x0000000080019cb4                __data_start = .

.data           0x0000000080019cc0     0x8b40
 *(.a0table)
 *(.data .data.* .gnu.linkonce.d.*)
 .data          0x0000000080019cc0     0x2240 main.o
                0x0000000080019cc0                img_beepsrites
                0x0000000080019cd0                buzz1
                0x000000008001b3e0                buzz1_size
                0x000000008001b3e4                img_bee_2
                0x000000008001b790                img_bee_1
                0x000000008001bb3c                img_bee_0
                0x000000008001bee8                img_bee_2_height
                0x000000008001beea                img_bee_2_width
                0x000000008001beec                img_bee_1_height
                0x000000008001beee                img_bee_1_width
                0x000000008001bef0                img_bee_0_height
                0x000000008001bef2                img_bee_0_width
                0x000000008001bef4                img_bee_2_gpu_x
                0x000000008001bef6                img_bee_1_gpu_x
                0x000000008001bef8                img_bee_0_gpu_x
 .data          0x000000008001bf00       0x10 ../third_party/psyq/lib/libapi.a(pad.o)
 .data          0x000000008001bf10       0x10 ../third_party/psyq/lib/libetc.a(vmode.o)
 .data          0x000000008001bf20       0x20 ../third_party/psyq/lib/libetc.a(vsync.o)
                0x000000008001bf30                Hcount
 .data          0x000000008001bf40       0x30 ../third_party/psyq/lib/libetc.a(intr_vb.o)
                0x000000008001bf60                Vcount
 .data          0x000000008001bf70     0x1100 ../third_party/psyq/lib/libetc.a(intr.o)
 .data          0x000000008001d070       0x30 ../third_party/psyq/lib/libetc.a(intr_dma.o)
 .data          0x000000008001d0a0      0xb90 ../third_party/psyq/lib/libgpu.a(font.o)
                0x000000008001d0a0                Font
 .data          0x000000008001dc30      0x1a0 ../third_party/psyq/lib/libgpu.a(sys.o)
                0x000000008001dc7c                GPU_printf
                0x000000008001dc80                GEnv
                0x000000008001dda8                _qin
                0x000000008001ddac                _qout
 .data          0x000000008001ddd0       0x10 ../third_party/psyq/lib/libgte.a(msc00.o)
 .data          0x000000008001dde0     0x4000 ../third_party/psyq/lib/libgte.a(cstbl.o)
                0x000000008001dde0                rcossin_tbl
 .data          0x0000000080021de0       0x80 ../third_party/psyq/lib/libspu.a(s_ini.o)
                0x0000000080021de8                _spu_EVdma
                0x0000000080021dec                _spu_keystat
                0x0000000080021df0                _spu_trans_mode
                0x0000000080021df4                _spu_rev_flag
                0x0000000080021df8                _spu_rev_reserve_wa
                0x0000000080021dfc                _spu_rev_offsetaddr
                0x0000000080021e00                _spu_rev_attr
                0x0000000080021e14                _spu_RQvoice
                0x0000000080021e18                _spu_RQmask
                0x0000000080021e1c                _spu_voice_centerNote
                0x0000000080021e4c                _spu_env
                0x0000000080021e50                _spu_isCalled
 .data          0x0000000080021e60       0x10 ../third_party/psyq/lib/libspu.a(s_m.o)
                0x0000000080021e60                _spu_AllocBlockNum
                0x0000000080021e64                _spu_AllocLastNum
                0x0000000080021e68                _spu_memList
 .data          0x0000000080021e70       0x30 ../third_party/psyq/lib/libspu.a(s_rmp0.o)
                0x0000000080021e70                _spu_rev_startaddr
 .data          0x0000000080021ea0       0x60 ../third_party/psyq/lib/libspu.a(spu.o)
                0x0000000080021ea0                _spu_RXX
                0x0000000080021eb8                _spu_tsa
                0x0000000080021ebc                _spu_transMode
                0x0000000080021ec0                _spu_addrMode
                0x0000000080021ec4                _spu_mem_mode
                0x0000000080021ec8                _spu_mem_mode_plus
                0x0000000080021ecc                _spu_mem_mode_unit
                0x0000000080021ed0                _spu_mem_mode_unitM
                0x0000000080021ed4                _spu_inTransfer
                0x0000000080021ed8                _spu_transferCallback
                0x0000000080021edc                _spu_IRQCallback
 .data          0x0000000080021f00      0x120 ../third_party/psyq/lib/libspu.a(s_n2p.o)
 *(.data1)
 *(.sdata .sdata.* .gnu.linkonce.s.*)
 *(.sdata2 .sdata2.* .gnu.linkonce.s2.*)
 *(.got.plt)
 *(.got)
                0x0000000080022800                . = ALIGN (0x800)
 *fill*         0x0000000080022020      0x7e0 
                0x0000000080022800                __data_end = .
                0x0000000080022800                __fdata_end = .
                0x0000000080022800                __bss_start = .

.sbss           0x0000000080022800     0x6360
 *(.dynsbss)
 *(.sbss .sbss.* .gnu.linkonce.sb.*)
 *(.scommon)
 .scommon       0x0000000080022800        0xa engine/graphics.o
                0x0000000080022800                SCREEN_WIDTH
                0x0000000080022804                SCREEN_HEIGHT
                0x0000000080022808                currentBuffer
 *fill*         0x000000008002280a        0x2 
 .scommon       0x000000008002280c        0xd engine/input.o
                0x000000008002280c                input_pad
                0x0000000080022810                input_trig
                0x0000000080022814                input_held
                0x0000000080022818                input_suppress_trig
 *fill*         0x0000000080022819        0x3 
 .scommon       0x000000008002281c        0x4 engine/audio.o
                0x000000008002281c                l_vag1_spu_addr
 *(.dynbss)
 *(.bss .bss.* .gnu.linkonce.b.*)
 .bss           0x0000000080022820       0x50 engine/input.o
 .bss           0x0000000080022870       0x60 engine/audio.o
 .bss           0x00000000800228d0       0x10 ../third_party/psyq/lib/libapi.a(pad.o)
                0x00000000800228d0                _apiPadPatch
 .bss           0x00000000800228e0       0x10 ../third_party/psyq/lib/libapi.a(patch.o)
 .bss           0x00000000800228f0       0x10 ../third_party/psyq/lib/libapi.a(chclrpad.o)
 .bss           0x0000000080022900     0x4410 ../third_party/psyq/lib/libgpu.a(font.o)
 .bss           0x0000000080026d10     0x1850 ../third_party/psyq/lib/libgpu.a(sys.o)
                0x0000000080026d60                _que
 .bss           0x0000000080028560       0x54 ../third_party/psyq/lib/libgs.a(global.o)
                0x0000000080028560                GsOUT_PACKET_P
                0x0000000080028568                GsMATE_C
                0x0000000080028570                GsLMODE
                0x0000000080028578                GsLIGNR
                0x0000000080028580                GsLIOFF
                0x0000000080028588                GsZOVER
                0x0000000080028590                GsBACKC
                0x0000000080028598                GsNDIV
                0x00000000800285a0                GsTRATE
                0x00000000800285a8                GsTON
                0x00000000800285b0                GsDISPON
 *fill*         0x00000000800285b4        0x4 
 .bss           0x00000000800285b8       0xea ../third_party/psyq/lib/libgs.a(gs_001.o)
                0x00000000800285d8                PSDIDX
                0x00000000800285e0                GsDRAWENV
                0x0000000080028640                GsDISPENV
                0x0000000080028658                PSDGPU
                0x0000000080028660                PSDBASEX
                0x0000000080028668                PSDBASEY
                0x0000000080028670                POSITION
                0x0000000080028678                CLIP2
                0x0000000080028680                PSDCNT
                0x0000000080028688                PSDOFSX
                0x0000000080028690                PSDOFSY
                0x0000000080028698                GsORGOFSX
                0x00000000800286a0                GsORGOFSY
 *fill*         0x00000000800286a2        0x6 
 .bss           0x00000000800286a8       0x24 ../third_party/psyq/lib/libgs.a(gs_104.o)
                0x00000000800286a8                HWD0
                0x00000000800286b0                VWD0
                0x00000000800286b8                GsCLIP3near
                0x00000000800286c0                GsLIGHT_MODE
                0x00000000800286c8                GsCLIP3far
 *fill*         0x00000000800286cc        0x4 
 .bss           0x00000000800286d0       0x40 ../third_party/psyq/lib/libgs.a(gs_107.o)
                0x00000000800286d0                GsLIGHTWSMATRIX
                0x00000000800286f0                _LC
 .bss           0x0000000080028710       0x40 ../third_party/psyq/lib/libgs.a(gs_128.o)
                0x0000000080028710                GsIDMATRIX
                0x0000000080028730                GsIDMATRIX2
 .bss           0x0000000080028750       0x10 ../third_party/psyq/lib/libgte.a(patchgte.o)
 .bss           0x0000000080028760       0x14 ../third_party/psyq/lib/libspu.a(spu.o)
                0x0000000080028760                _spu_RQ
 *(COMMON)
 COMMON         0x0000000080028774       0xcc main.o
                0x0000000080028774                playerSprite
                0x00000000800287c4                mainPlayer
                0x0000000080028830                mainTimer
 COMMON         0x0000000080028840      0x29c engine/graphics.o
                0x0000000080028840                GPUOutputPacket
                0x0000000080028a98                systemBackgroundColor
                0x0000000080028aa4                orderingTable
                0x0000000080028acc                minorOrderingTable
 COMMON         0x0000000080028adc       0x1c engine/input.o
                0x0000000080028adc                input_binds
 COMMON         0x0000000080028af8       0x68 engine/audio.o
                0x0000000080028af8                g_s_attr
                0x0000000080028b38                l_c_attr
                0x0000000080028b60                . = ALIGN (0x4)
                0x0000000080028b60                __bss_end = .
                0x0000000080028b60                __heap_start = __heap_base
                0x000000008000f800                . = (ADDR (.text) - 0x800)
                0x000000008000f800                __end = .

/DISCARD/
 *(.MIPS.abiflags)
 *(.rel.iplt)
 *(.rela.iplt)
 *(.rel.plt)
 *(.rela.plt)
 *(.plt)
 *(.iplt)
 *(.note.GNU-stack)
 *(.gnu_debuglink)
 *(.gnu.lto_*)
OUTPUT(BuzzyBee.elf elf32-tradlittlemips)

.mdebug.abi32   0x0000000000000000        0x0
 .mdebug.abi32  0x0000000000000000        0x0 main.o
 .mdebug.abi32  0x0000000000000000        0x0 engine/graphics.o
 .mdebug.abi32  0x0000000000000000        0x0 engine/input.o
 .mdebug.abi32  0x0000000000000000        0x0 engine/timerz.o
 .mdebug.abi32  0x0000000000000000        0x0 engine/audio.o

.comment        0x0000000000000000       0x2a
 .comment       0x0000000000000000       0x2a main.o
                                         0x2b (size before relaxing)
 .comment       0x000000000000002a       0x2b engine/graphics.o
 .comment       0x000000000000002a       0x2b engine/input.o
 .comment       0x000000000000002a       0x2b engine/timerz.o
 .comment       0x000000000000002a       0x2b engine/audio.o

.gnu.attributes
                0x0000000000000000       0x10
 .gnu.attributes
                0x0000000000000000       0x10 main.o
 .gnu.attributes
                0x0000000000000010       0x10 engine/graphics.o
 .gnu.attributes
                0x0000000000000020       0x10 engine/input.o
 .gnu.attributes
                0x0000000000000030       0x10 engine/timerz.o
 .gnu.attributes
                0x0000000000000040       0x10 engine/audio.o
 .gnu.attributes
                0x0000000000000050       0x10 ../third_party/common/crt0/crt0.o

.pdr            0x0000000000000000        0x0
 .pdr           0x0000000000000000        0x0 ../third_party/common/crt0/crt0.o

.note           0x0000000000000000     0x2bf4
 .note          0x0000000000000000       0x74 ../third_party/psyq/lib/libapi.a(a91.o)
 .note          0x0000000000000074       0x74 ../third_party/psyq/lib/libapi.a(pad.o)
 .note          0x00000000000000e8       0x74 ../third_party/psyq/lib/libapi.a(patch.o)
 .note          0x000000000000015c       0x74 ../third_party/psyq/lib/libapi.a(a18.o)
 .note          0x00000000000001d0       0x74 ../third_party/psyq/lib/libapi.a(a19.o)
 .note          0x0000000000000244       0x74 ../third_party/psyq/lib/libapi.a(a21.o)
 .note          0x00000000000002b8       0x74 ../third_party/psyq/lib/libapi.a(a36.o)
 .note          0x000000000000032c       0x74 ../third_party/psyq/lib/libapi.a(a37.o)
 .note          0x00000000000003a0       0x74 ../third_party/psyq/lib/libapi.a(c68.o)
 .note          0x0000000000000414       0x74 ../third_party/psyq/lib/libapi.a(chclrpad.o)
 .note          0x0000000000000488       0x74 ../third_party/psyq/lib/libapi.a(l02.o)
 .note          0x00000000000004fc       0x74 ../third_party/psyq/lib/libapi.a(l03.o)
 .note          0x0000000000000570       0x74 ../third_party/psyq/lib/libc.a(c42.o)
 .note          0x00000000000005e4       0x74 ../third_party/psyq/lib/libc.a(c63.o)
 .note          0x0000000000000658       0x74 ../third_party/psyq/lib/libetc.a(vmode.o)
 .note          0x00000000000006cc       0x74 ../third_party/psyq/lib/libetc.a(vsync.o)
 .note          0x0000000000000740       0x74 ../third_party/psyq/lib/libetc.a(intr_vb.o)
 .note          0x00000000000007b4       0x74 ../third_party/psyq/lib/libetc.a(intr.o)
 .note          0x0000000000000828       0x74 ../third_party/psyq/lib/libetc.a(intr_dma.o)
 .note          0x000000000000089c       0x74 ../third_party/psyq/lib/libgpu.a(font.o)
 .note          0x0000000000000910       0x74 ../third_party/psyq/lib/libgpu.a(p00.o)
 .note          0x0000000000000984       0x74 ../third_party/psyq/lib/libgpu.a(p06.o)
 .note          0x00000000000009f8       0x74 ../third_party/psyq/lib/libgpu.a(p09.o)
 .note          0x0000000000000a6c       0x74 ../third_party/psyq/lib/libgpu.a(p10.o)
 .note          0x0000000000000ae0       0x74 ../third_party/psyq/lib/libgpu.a(p20.o)
 .note          0x0000000000000b54       0x74 ../third_party/psyq/lib/libgpu.a(p26.o)
 .note          0x0000000000000bc8       0x74 ../third_party/psyq/lib/libgpu.a(p27.o)
 .note          0x0000000000000c3c       0x74 ../third_party/psyq/lib/libgpu.a(p41.o)
 .note          0x0000000000000cb0       0x74 ../third_party/psyq/lib/libgpu.a(sys.o)
 .note          0x0000000000000d24       0x74 ../third_party/psyq/lib/libgpu.a(e00.o)
 .note          0x0000000000000d98       0x74 ../third_party/psyq/lib/libgpu.a(e02.o)
 .note          0x0000000000000e0c       0x74 ../third_party/psyq/lib/libgpu.a(p01.o)
 .note          0x0000000000000e80       0x74 ../third_party/psyq/lib/libgs.a(2d_sp0.o)
 .note          0x0000000000000ef4       0x74 ../third_party/psyq/lib/libgs.a(global.o)
 .note          0x0000000000000f68       0x74 ../third_party/psyq/lib/libgs.a(gs_001.o)
 .note          0x0000000000000fdc       0x74 ../third_party/psyq/lib/libgs.a(gs_0021.o)
 .note          0x0000000000001050       0x74 ../third_party/psyq/lib/libgs.a(gs_0022.o)
 .note          0x00000000000010c4       0x74 ../third_party/psyq/lib/libgs.a(gs_003.o)
 .note          0x0000000000001138       0x74 ../third_party/psyq/lib/libgs.a(gs_010.o)
 .note          0x00000000000011ac       0x74 ../third_party/psyq/lib/libgs.a(gs_103.o)
 .note          0x0000000000001220       0x74 ../third_party/psyq/lib/libgs.a(gs_104.o)
 .note          0x0000000000001294       0x74 ../third_party/psyq/lib/libgs.a(gs_107.o)
 .note          0x0000000000001308       0x74 ../third_party/psyq/lib/libgs.a(gs_111.o)
 .note          0x000000000000137c       0x74 ../third_party/psyq/lib/libgs.a(gs_113.o)
 .note          0x00000000000013f0       0x74 ../third_party/psyq/lib/libgs.a(gs_121.o)
 .note          0x0000000000001464       0x74 ../third_party/psyq/lib/libgs.a(gs_122.o)
 .note          0x00000000000014d8       0x74 ../third_party/psyq/lib/libgs.a(gs_124.o)
 .note          0x000000000000154c       0x74 ../third_party/psyq/lib/libgs.a(gs_128.o)
 .note          0x00000000000015c0       0x74 ../third_party/psyq/lib/libgs.a(2d_com1.o)
 .note          0x0000000000001634       0x74 ../third_party/psyq/lib/libgte.a(cmb_00.o)
 .note          0x00000000000016a8       0x74 ../third_party/psyq/lib/libgte.a(fgo_01.o)
 .note          0x000000000000171c       0x74 ../third_party/psyq/lib/libgte.a(msc00.o)
 .note          0x0000000000001790       0x74 ../third_party/psyq/lib/libgte.a(msc01.o)
 .note          0x0000000000001804       0x74 ../third_party/psyq/lib/libgte.a(mtx_07.o)
 .note          0x0000000000001878       0x74 ../third_party/psyq/lib/libgte.a(mtx_08.o)
 .note          0x00000000000018ec       0x74 ../third_party/psyq/lib/libgte.a(mtx_09.o)
 .note          0x0000000000001960       0x74 ../third_party/psyq/lib/libgte.a(mtx_11.o)
 .note          0x00000000000019d4       0x74 ../third_party/psyq/lib/libgte.a(mtx_12.o)
 .note          0x0000000000001a48       0x74 ../third_party/psyq/lib/libgte.a(patchgte.o)
 .note          0x0000000000001abc       0x74 ../third_party/psyq/lib/libgte.a(reg09.o)
 .note          0x0000000000001b30       0x74 ../third_party/psyq/lib/libgte.a(reg11.o)
 .note          0x0000000000001ba4       0x74 ../third_party/psyq/lib/libgte.a(reg12.o)
 .note          0x0000000000001c18       0x74 ../third_party/psyq/lib/libgte.a(sqrtbl.o)
 .note          0x0000000000001c8c       0x74 ../third_party/psyq/lib/libgte.a(cstbl.o)
 .note          0x0000000000001d00       0x74 ../third_party/psyq/lib/libspu.a(s_i.o)
 .note          0x0000000000001d74       0x74 ../third_party/psyq/lib/libspu.a(s_ini.o)
 .note          0x0000000000001de8       0x74 ../third_party/psyq/lib/libspu.a(s_itc.o)
 .note          0x0000000000001e5c       0x74 ../third_party/psyq/lib/libspu.a(s_m.o)
 .note          0x0000000000001ed0       0x74 ../third_party/psyq/lib/libspu.a(s_m_f.o)
 .note          0x0000000000001f44       0x74 ../third_party/psyq/lib/libspu.a(s_m_init.o)
 .note          0x0000000000001fb8       0x74 ../third_party/psyq/lib/libspu.a(s_m_int.o)
 .note          0x000000000000202c       0x74 ../third_party/psyq/lib/libspu.a(s_m_m.o)
 .note          0x00000000000020a0       0x74 ../third_party/psyq/lib/libspu.a(s_rmp0.o)
 .note          0x0000000000002114       0x74 ../third_party/psyq/lib/libspu.a(s_sca.o)
 .note          0x0000000000002188       0x74 ../third_party/psyq/lib/libspu.a(s_si.o)
 .note          0x00000000000021fc       0x74 ../third_party/psyq/lib/libspu.a(s_sk.o)
 .note          0x0000000000002270       0x74 ../third_party/psyq/lib/libspu.a(s_stm.o)
 .note          0x00000000000022e4       0x74 ../third_party/psyq/lib/libspu.a(s_stsa.o)
 .note          0x0000000000002358       0x74 ../third_party/psyq/lib/libspu.a(s_sva.o)
 .note          0x00000000000023cc       0x74 ../third_party/psyq/lib/libspu.a(s_w.o)
 .note          0x0000000000002440       0x74 ../third_party/psyq/lib/libspu.a(spu.o)
 .note          0x00000000000024b4       0x74 ../third_party/psyq/lib/libspu.a(s_dcb.o)
 .note          0x0000000000002528       0x74 ../third_party/psyq/lib/libspu.a(s_n2p.o)
 .note          0x000000000000259c       0x74 ../third_party/psyq/lib/libapi.a(a07.o)
 .note          0x0000000000002610       0x74 ../third_party/psyq/lib/libapi.a(a08.o)
 .note          0x0000000000002684       0x74 ../third_party/psyq/lib/libapi.a(a11.o)
 .note          0x00000000000026f8       0x74 ../third_party/psyq/lib/libapi.a(a12.o)
 .note          0x000000000000276c       0x74 ../third_party/psyq/lib/libapi.a(a23.o)
 .note          0x00000000000027e0       0x74 ../third_party/psyq/lib/libapi.a(a24.o)
 .note          0x0000000000002854       0x74 ../third_party/psyq/lib/libapi.a(a25.o)
 .note          0x00000000000028c8       0x74 ../third_party/psyq/lib/libapi.a(c114.o)
 .note          0x000000000000293c       0x74 ../third_party/psyq/lib/libapi.a(c73.o)
 .note          0x00000000000029b0       0x74 ../third_party/psyq/lib/libapi.a(l10.o)
 .note          0x0000000000002a24       0x74 ../third_party/psyq/lib/libc.a(a63.o)
 .note          0x0000000000002a98       0x74 ../third_party/psyq/lib/libc.a(c19.o)
 .note          0x0000000000002b0c       0x74 ../third_party/psyq/lib/libc.a(c27.o)
 .note          0x0000000000002b80       0x74 ../third_party/psyq/lib/libc.a(c43.o)

.debug_info     0x0000000000000000     0x32a2
 .debug_info    0x0000000000000000      0xea0 main.o
 .debug_info    0x0000000000000ea0     0x1861 engine/graphics.o
 .debug_info    0x0000000000002701      0x43c engine/input.o
 .debug_info    0x0000000000002b3d      0x14b engine/timerz.o
 .debug_info    0x0000000000002c88      0x5f4 engine/audio.o
 .debug_info    0x000000000000327c       0x26 ../third_party/common/crt0/crt0.o

.debug_abbrev   0x0000000000000000      0xae1
 .debug_abbrev  0x0000000000000000      0x23d main.o
 .debug_abbrev  0x000000000000023d      0x3bc engine/graphics.o
 .debug_abbrev  0x00000000000005f9      0x1ba engine/input.o
 .debug_abbrev  0x00000000000007b3      0x127 engine/timerz.o
 .debug_abbrev  0x00000000000008da      0x1f3 engine/audio.o
 .debug_abbrev  0x0000000000000acd       0x14 ../third_party/common/crt0/crt0.o

.debug_aranges  0x0000000000000000      0x1c0
 .debug_aranges
                0x0000000000000000       0x40 main.o
 .debug_aranges
                0x0000000000000040       0xc8 engine/graphics.o
 .debug_aranges
                0x0000000000000108       0x28 engine/input.o
 .debug_aranges
                0x0000000000000130       0x28 engine/timerz.o
 .debug_aranges
                0x0000000000000158       0x48 engine/audio.o
 .debug_aranges
                0x00000000000001a0       0x20 ../third_party/common/crt0/crt0.o

.debug_ranges   0x0000000000000000      0x190
 .debug_ranges  0x0000000000000000       0x30 main.o
 .debug_ranges  0x0000000000000030       0xd0 engine/graphics.o
 .debug_ranges  0x0000000000000100       0x18 engine/input.o
 .debug_ranges  0x0000000000000118       0x18 engine/timerz.o
 .debug_ranges  0x0000000000000130       0x60 engine/audio.o

.debug_line     0x0000000000000000      0xefa
 .debug_line    0x0000000000000000      0x326 main.o
 .debug_line    0x0000000000000326      0x7a0 engine/graphics.o
 .debug_line    0x0000000000000ac6      0x115 engine/input.o
 .debug_line    0x0000000000000bdb       0xfd engine/timerz.o
 .debug_line    0x0000000000000cd8      0x1bf engine/audio.o
 .debug_line    0x0000000000000e97       0x63 ../third_party/common/crt0/crt0.o

.debug_str      0x0000000000000000      0xcef
 .debug_str     0x0000000000000000      0x712 main.o
                                        0x775 (size before relaxing)
 .debug_str     0x0000000000000712      0x28a engine/graphics.o
                                        0x6ee (size before relaxing)
 .debug_str     0x000000000000099c      0x115 engine/input.o
                                        0x39a (size before relaxing)
 .debug_str     0x0000000000000ab1       0x16 engine/timerz.o
                                        0x1dc (size before relaxing)
 .debug_str     0x0000000000000ac7      0x1fa engine/audio.o
                                        0x39b (size before relaxing)
 .debug_str     0x0000000000000cc1       0x2e ../third_party/common/crt0/crt0.o
                                         0x42 (size before relaxing)

.debug_frame    0x0000000000000000      0x498
 .debug_frame   0x0000000000000000       0xa4 main.o
 .debug_frame   0x00000000000000a4      0x2c0 engine/graphics.o
 .debug_frame   0x0000000000000364       0x40 engine/input.o
 .debug_frame   0x00000000000003a4       0x4c engine/timerz.o
 .debug_frame   0x00000000000003f0       0xa8 engine/audio.o

.debug_loc      0x0000000000000000      0xba6
 .debug_loc     0x0000000000000000      0x868 engine/graphics.o
 .debug_loc     0x0000000000000868      0x170 engine/timerz.o
 .debug_loc     0x00000000000009d8      0x1ce engine/audio.o
