Archive member included to satisfy reference by file (symbol)

../third_party/psyq/lib/libapi.a(a91.o)
                              engine/input.o (ChangeClearPAD)
../third_party/psyq/lib/libapi.a(pad.o)
                              engine/input.o (InitPAD)
../third_party/psyq/lib/libapi.a(patch.o)
                              ../third_party/psyq/lib/libapi.a(pad.o) (_patch_pad)
../third_party/psyq/lib/libapi.a(a18.o)
                              ../third_party/psyq/lib/libapi.a(pad.o) (InitPAD2)
../third_party/psyq/lib/libapi.a(a19.o)
                              ../third_party/psyq/lib/libapi.a(pad.o) (StartPAD2)
../third_party/psyq/lib/libapi.a(a21.o)
                              ../third_party/psyq/lib/libapi.a(pad.o) (PAD_init2)
../third_party/psyq/lib/libapi.a(a36.o)
                              ../third_party/psyq/lib/libapi.a(pad.o) (EnterCriticalSection)
../third_party/psyq/lib/libapi.a(a37.o)
                              ../third_party/psyq/lib/libapi.a(pad.o) (ExitCriticalSection)
../third_party/psyq/lib/libapi.a(c68.o)
                              ../third_party/psyq/lib/libapi.a(patch.o) (FlushCache)
../third_party/psyq/lib/libapi.a(chclrpad.o)
                              ../third_party/psyq/lib/libapi.a(pad.o) (_remove_ChgclrPAD)
../third_party/psyq/lib/libapi.a(l02.o)
                              ../third_party/psyq/lib/libapi.a(pad.o) (SysEnqIntRP)
../third_party/psyq/lib/libapi.a(l03.o)
                              ../third_party/psyq/lib/libapi.a(pad.o) (SysDeqIntRP)
../third_party/psyq/lib/libc.a(c42.o)
                              main.o (memcpy)
../third_party/psyq/lib/libc.a(c47.o)
                              main.o (rand)
../third_party/psyq/lib/libc.a(c48.o)
                              main.o (srand)
../third_party/psyq/lib/libc.a(c63.o)
                              main.o (printf)
../third_party/psyq/lib/libetc.a(vmode.o)
                              engine/graphics.o (GetVideoMode)
../third_party/psyq/lib/libetc.a(vsync.o)
                              engine/graphics.o (VSync)
../third_party/psyq/lib/libetc.a(intr_vb.o)
                              ../third_party/psyq/lib/libetc.a(vsync.o) (Vcount)
../third_party/psyq/lib/libetc.a(intr.o)
                              ../third_party/psyq/lib/libetc.a(intr_vb.o) (InterruptCallback)
../third_party/psyq/lib/libetc.a(intr_dma.o)
                              ../third_party/psyq/lib/libetc.a(intr.o) (startIntrDMA)
../third_party/psyq/lib/libgpu.a(font.o)
                              engine/graphics.o (FntFlush)
../third_party/psyq/lib/libgpu.a(p00.o)
                              engine/graphics.o (GetTPage)
../third_party/psyq/lib/libgpu.a(p06.o)
                              ../third_party/psyq/lib/libgpu.a(font.o) (AddPrim)
../third_party/psyq/lib/libgpu.a(p09.o)
                              ../third_party/psyq/lib/libgpu.a(font.o) (TermPrim)
../third_party/psyq/lib/libgpu.a(p10.o)
                              ../third_party/psyq/lib/libgpu.a(font.o) (SetSemiTrans)
../third_party/psyq/lib/libgpu.a(p20.o)
                              ../third_party/psyq/lib/libgpu.a(font.o) (SetSprt8)
../third_party/psyq/lib/libgpu.a(p26.o)
                              ../third_party/psyq/lib/libgpu.a(font.o) (SetTile)
../third_party/psyq/lib/libgpu.a(p27.o)
                              engine/graphics.o (SetLineF2)
../third_party/psyq/lib/libgpu.a(p41.o)
                              ../third_party/psyq/lib/libgpu.a(font.o) (SetDrawMode)
../third_party/psyq/lib/libgpu.a(sys.o)
                              engine/graphics.o (ClearImage2)
../third_party/psyq/lib/libgpu.a(e00.o)
                              ../third_party/psyq/lib/libgpu.a(font.o) (LoadTPage)
../third_party/psyq/lib/libgpu.a(e02.o)
                              ../third_party/psyq/lib/libgpu.a(font.o) (LoadClut2)
../third_party/psyq/lib/libgpu.a(p01.o)
                              ../third_party/psyq/lib/libgpu.a(e02.o) (GetClut)
../third_party/psyq/lib/libgs.a(2d_sp0.o)
                              engine/graphics.o (GsSortSprite)
../third_party/psyq/lib/libgs.a(global.o)
                              ../third_party/psyq/lib/libgs.a(2d_sp0.o) (GsOUT_PACKET_P)
../third_party/psyq/lib/libgs.a(gs_001.o)
                              ../third_party/psyq/lib/libgs.a(2d_sp0.o) (GsORGOFSY)
../third_party/psyq/lib/libgs.a(gs_0021.o)
                              engine/graphics.o (GsGetActiveBuff)
../third_party/psyq/lib/libgs.a(gs_0022.o)
                              ../third_party/psyq/lib/libgs.a(gs_001.o) (GsSetDrawBuffOffset)
../third_party/psyq/lib/libgs.a(gs_003.o)
                              ../third_party/psyq/lib/libgs.a(gs_001.o) (GsSetDrawBuffClip)
../third_party/psyq/lib/libgs.a(gs_010.o)
                              engine/graphics.o (GsSwapDispBuff)
../third_party/psyq/lib/libgs.a(gs_103.o)
                              engine/graphics.o (GsDefDispBuff)
../third_party/psyq/lib/libgs.a(gs_104.o)
                              ../third_party/psyq/lib/libgs.a(gs_001.o) (HWD0)
../third_party/psyq/lib/libgs.a(gs_107.o)
                              ../third_party/psyq/lib/libgs.a(gs_001.o) (GsLIGHTWSMATRIX)
../third_party/psyq/lib/libgs.a(gs_111.o)
                              engine/graphics.o (GsDrawOt)
../third_party/psyq/lib/libgs.a(gs_113.o)
                              engine/graphics.o (GsClearOt)
../third_party/psyq/lib/libgs.a(gs_121.o)
                              ../third_party/psyq/lib/libgs.a(gs_001.o) (gte_init)
../third_party/psyq/lib/libgs.a(gs_122.o)
                              engine/graphics.o (GsGetTimInfo)
../third_party/psyq/lib/libgs.a(gs_124.o)
                              engine/graphics.o (GsSetWorkBase)
../third_party/psyq/lib/libgs.a(gs_128.o)
                              ../third_party/psyq/lib/libgs.a(2d_sp0.o) (GsIDMATRIX)
../third_party/psyq/lib/libgs.a(2d_com1.o)
                              ../third_party/psyq/lib/libgs.a(2d_sp0.o) (_make_packet)
../third_party/psyq/lib/libgte.a(cmb_00.o)
                              ../third_party/psyq/lib/libgs.a(2d_sp0.o) (RotTransPers4)
../third_party/psyq/lib/libgte.a(fgo_01.o)
                              ../third_party/psyq/lib/libgs.a(2d_sp0.o) (RotMatrix)
../third_party/psyq/lib/libgte.a(msc00.o)
                              ../third_party/psyq/lib/libgs.a(gs_121.o) (InitGeom)
../third_party/psyq/lib/libgte.a(msc01.o)
                              ../third_party/psyq/lib/libgs.a(gs_107.o) (SquareRoot0)
../third_party/psyq/lib/libgte.a(mtx_07.o)
                              ../third_party/psyq/lib/libgs.a(2d_sp0.o) (TransMatrix)
../third_party/psyq/lib/libgte.a(mtx_08.o)
                              ../third_party/psyq/lib/libgs.a(2d_sp0.o) (ScaleMatrix)
../third_party/psyq/lib/libgte.a(mtx_09.o)
                              ../third_party/psyq/lib/libgs.a(2d_sp0.o) (SetRotMatrix)
../third_party/psyq/lib/libgte.a(mtx_11.o)
                              ../third_party/psyq/lib/libgs.a(gs_107.o) (SetColorMatrix)
../third_party/psyq/lib/libgte.a(mtx_12.o)
                              ../third_party/psyq/lib/libgs.a(2d_sp0.o) (SetTransMatrix)
../third_party/psyq/lib/libgte.a(patchgte.o)
                              ../third_party/psyq/lib/libgte.a(msc00.o) (_patch_gte)
../third_party/psyq/lib/libgte.a(reg09.o)
                              ../third_party/psyq/lib/libgs.a(2d_sp0.o) (ReadGeomScreen)
../third_party/psyq/lib/libgte.a(reg11.o)
                              ../third_party/psyq/lib/libgs.a(gs_121.o) (SetFarColor)
../third_party/psyq/lib/libgte.a(reg12.o)
                              ../third_party/psyq/lib/libgs.a(gs_0022.o) (SetGeomOffset)
../third_party/psyq/lib/libgte.a(sqrtbl.o)
                              ../third_party/psyq/lib/libgte.a(msc01.o) (SQRT)
../third_party/psyq/lib/libgte.a(cstbl.o)
                              ../third_party/psyq/lib/libgte.a(fgo_01.o) (rcossin_tbl)
../third_party/psyq/lib/libspu.a(s_i.o)
                              engine/audio.o (SpuInit)
../third_party/psyq/lib/libspu.a(s_ini.o)
                              ../third_party/psyq/lib/libspu.a(s_i.o) (_SpuInit)
../third_party/psyq/lib/libspu.a(s_itc.o)
                              engine/audio.o (SpuIsTransferCompleted)
../third_party/psyq/lib/libspu.a(s_m.o)
                              ../third_party/psyq/lib/libspu.a(s_ini.o) (_spu_memList)
../third_party/psyq/lib/libspu.a(s_m_f.o)
                              engine/audio.o (SpuFree)
../third_party/psyq/lib/libspu.a(s_m_init.o)
                              engine/audio.o (SpuInitMalloc)
../third_party/psyq/lib/libspu.a(s_m_int.o)
                              ../third_party/psyq/lib/libspu.a(s_m_f.o) (_spu_gcSPU)
../third_party/psyq/lib/libspu.a(s_m_m.o)
                              engine/audio.o (SpuMalloc)
../third_party/psyq/lib/libspu.a(s_rmp0.o)
                              ../third_party/psyq/lib/libspu.a(s_ini.o) (_spu_rev_startaddr)
../third_party/psyq/lib/libspu.a(s_sca.o)
                              engine/audio.o (SpuSetCommonAttr)
../third_party/psyq/lib/libspu.a(s_si.o)
                              engine/audio.o (SpuSetIRQ)
../third_party/psyq/lib/libspu.a(s_sk.o)
                              engine/audio.o (SpuSetKey)
../third_party/psyq/lib/libspu.a(s_stm.o)
                              engine/audio.o (SpuSetTransferMode)
../third_party/psyq/lib/libspu.a(s_stsa.o)
                              engine/audio.o (SpuSetTransferStartAddr)
../third_party/psyq/lib/libspu.a(s_sva.o)
                              engine/audio.o (SpuSetVoiceAttr)
../third_party/psyq/lib/libspu.a(s_w.o)
                              engine/audio.o (SpuWrite)
../third_party/psyq/lib/libspu.a(spu.o)
                              ../third_party/psyq/lib/libspu.a(s_stsa.o) (_spu_FsetRXXa)
../third_party/psyq/lib/libspu.a(s_dcb.o)
                              ../third_party/psyq/lib/libspu.a(s_ini.o) (_SpuDataCallback)
../third_party/psyq/lib/libspu.a(s_n2p.o)
                              ../third_party/psyq/lib/libspu.a(s_sva.o) (_spu_note2pitch)
../third_party/psyq/lib/libapi.a(a07.o)
                              ../third_party/psyq/lib/libspu.a(spu.o) (DeliverEvent)
../third_party/psyq/lib/libapi.a(a08.o)
                              ../third_party/psyq/lib/libspu.a(s_ini.o) (OpenEvent)
../third_party/psyq/lib/libapi.a(a11.o)
                              ../third_party/psyq/lib/libspu.a(s_itc.o) (TestEvent)
../third_party/psyq/lib/libapi.a(a12.o)
                              ../third_party/psyq/lib/libspu.a(s_ini.o) (EnableEvent)
../third_party/psyq/lib/libapi.a(a23.o)
                              ../third_party/psyq/lib/libetc.a(intr.o) (ReturnFromException)
../third_party/psyq/lib/libapi.a(a24.o)
                              ../third_party/psyq/lib/libetc.a(intr.o) (ResetEntryInt)
../third_party/psyq/lib/libapi.a(a25.o)
                              ../third_party/psyq/lib/libetc.a(intr.o) (HookEntryInt)
../third_party/psyq/lib/libapi.a(c114.o)
                              ../third_party/psyq/lib/libetc.a(intr.o) (_96_remove)
../third_party/psyq/lib/libapi.a(c73.o)
                              ../third_party/psyq/lib/libgpu.a(sys.o) (GPU_cw)
../third_party/psyq/lib/libapi.a(l10.o)
                              ../third_party/psyq/lib/libetc.a(vsync.o) (ChangeClearRCnt)
../third_party/psyq/lib/libc.a(a63.o)
                              ../third_party/psyq/lib/libetc.a(vsync.o) (puts)
../third_party/psyq/lib/libc.a(c19.o)
                              ../third_party/psyq/lib/libetc.a(intr.o) (setjmp)
../third_party/psyq/lib/libc.a(c27.o)
                              ../third_party/psyq/lib/libgpu.a(font.o) (strlen)
../third_party/psyq/lib/libc.a(c43.o)
                              ../third_party/psyq/lib/libgpu.a(font.o) (memset)

Allocating common symbols
Common symbol       size              file

mainPlayerL         0x140             main.o
g_s_attr            0x40              engine/audio.o
BeeL                0x50              main.o
b                   0x4               main.o
input_pad           0x2               engine/input.o
l_vag1_spu_addr     0x4               engine/audio.o
input_trig          0x4               engine/input.o
Buzzy               0x24              main.o
clouds1L            0xf0              main.o
pressStartL         0xf0              main.o
mainPlayer          0x24              main.o
BuzzyL              0x50              main.o
Bee                 0x24              main.o
SCREEN_WIDTH        0x4               engine/graphics.o
input_binds         0x1c              engine/input.o
jamL                0xf0              main.o
GPUOutputPacket     0x1770            engine/graphics.o
l_c_attr            0x28              engine/audio.o
jam                 0x24              main.o
clouds2             0x6c              main.o
SCREEN_HEIGHT       0x4               engine/graphics.o
clouds2L            0xf0              main.o
currentBuffer       0x2               engine/graphics.o
input_held          0x4               engine/input.o
systemBackgroundColor
                    0xc               engine/graphics.o
input_suppress_trig
                    0x1               engine/input.o
mainTimer           0x14              main.o
a                   0x4               main.o
groundL             0x1e0             main.o
clouds1             0x6c              main.o
orderingTable       0x28              engine/graphics.o
pressStart          0x24              main.o
ground              0xd8              main.o
minorOrderingTable  0x10              engine/graphics.o

Discarded input sections

 .text          0x0000000000000000        0x0 main.o
 .reginfo       0x0000000000000000       0x18 main.o
 .MIPS.abiflags
                0x0000000000000000       0x18 main.o
 .pdr           0x0000000000000000      0x140 main.o
 .text          0x0000000000000000        0x0 engine/graphics.o
 .data          0x0000000000000000        0x0 engine/graphics.o
 .bss           0x0000000000000000        0x0 engine/graphics.o
 .reginfo       0x0000000000000000       0x18 engine/graphics.o
 .MIPS.abiflags
                0x0000000000000000       0x18 engine/graphics.o
 .pdr           0x0000000000000000      0x2c0 engine/graphics.o
 .text.scaleImage
                0x0000000000000000       0x74 engine/graphics.o
 .text.rotImage
                0x0000000000000000       0x40 engine/graphics.o
 .text.createLine
                0x0000000000000000       0x8c engine/graphics.o
 .text.createBox
                0x0000000000000000      0x12c engine/graphics.o
 .text.moveLine
                0x0000000000000000       0x50 engine/graphics.o
 .text.moveBox  0x0000000000000000      0x1a8 engine/graphics.o
 .text.transposeBox
                0x0000000000000000       0x34 engine/graphics.o
 .text.drawLine
                0x0000000000000000       0x30 engine/graphics.o
 .text.drawBox  0x0000000000000000       0x48 engine/graphics.o
 .text          0x0000000000000000        0x0 engine/input.o
 .data          0x0000000000000000        0x0 engine/input.o
 .reginfo       0x0000000000000000       0x18 engine/input.o
 .MIPS.abiflags
                0x0000000000000000       0x18 engine/input.o
 .pdr           0x0000000000000000       0x40 engine/input.o
 .text          0x0000000000000000        0x0 engine/timerz.o
 .data          0x0000000000000000        0x0 engine/timerz.o
 .bss           0x0000000000000000        0x0 engine/timerz.o
 .reginfo       0x0000000000000000       0x18 engine/timerz.o
 .MIPS.abiflags
                0x0000000000000000       0x18 engine/timerz.o
 .pdr           0x0000000000000000       0x40 engine/timerz.o
 .text          0x0000000000000000        0x0 engine/audio.o
 .data          0x0000000000000000        0x0 engine/audio.o
 .reginfo       0x0000000000000000       0x18 engine/audio.o
 .MIPS.abiflags
                0x0000000000000000       0x18 engine/audio.o
 .pdr           0x0000000000000000       0xc0 engine/audio.o
 .text.audioChannelConfigure
                0x0000000000000000        0x8 engine/audio.o
 .text.audioFree
                0x0000000000000000        0x8 engine/audio.o
 .text          0x0000000000000000        0x0 ../third_party/common/syscalls/printf.o
 .data          0x0000000000000000        0x0 ../third_party/common/syscalls/printf.o
 .bss           0x0000000000000000        0x0 ../third_party/common/syscalls/printf.o
 .reginfo       0x0000000000000000       0x18 ../third_party/common/syscalls/printf.o
 .MIPS.abiflags
                0x0000000000000000       0x18 ../third_party/common/syscalls/printf.o
 .pdr           0x0000000000000000        0x0 ../third_party/common/syscalls/printf.o
 .ramtext       0x0000000000000000        0xc ../third_party/common/syscalls/printf.o
 .debug_line    0x0000000000000000       0x59 ../third_party/common/syscalls/printf.o
 .debug_info    0x0000000000000000       0x26 ../third_party/common/syscalls/printf.o
 .debug_abbrev  0x0000000000000000       0x14 ../third_party/common/syscalls/printf.o
 .debug_aranges
                0x0000000000000000       0x20 ../third_party/common/syscalls/printf.o
 .debug_str     0x0000000000000000       0x48 ../third_party/common/syscalls/printf.o
 .gnu.attributes
                0x0000000000000000       0x10 ../third_party/common/syscalls/printf.o
 .text          0x0000000000000000        0x0 ../third_party/common/crt0/crt0.o
 .data          0x0000000000000000        0x0 ../third_party/common/crt0/crt0.o
 .bss           0x0000000000000000        0x0 ../third_party/common/crt0/crt0.o
 .reginfo       0x0000000000000000       0x18 ../third_party/common/crt0/crt0.o
 .MIPS.abiflags
                0x0000000000000000       0x18 ../third_party/common/crt0/crt0.o
 .text          0x0000000000000000       0x20 ../third_party/psyq/lib/libgpu.a(p27.o)
 .data          0x0000000000000000       0x10 ../third_party/psyq/lib/libgs.a(global.o)
 .data          0x0000000000000000       0x10 ../third_party/psyq/lib/libgs.a(gs_001.o)
 .text          0x0000000000000000       0x80 ../third_party/psyq/lib/libgs.a(gs_104.o)
 .text          0x0000000000000000      0x570 ../third_party/psyq/lib/libgs.a(gs_107.o)
 .text          0x0000000000000000       0x90 ../third_party/psyq/lib/libgte.a(msc01.o)
 .text          0x0000000000000000       0x30 ../third_party/psyq/lib/libgte.a(mtx_11.o)
 .data          0x0000000000000000      0x180 ../third_party/psyq/lib/libgte.a(sqrtbl.o)
 .text          0x0000000000000000       0x80 ../third_party/psyq/lib/libspu.a(s_m_f.o)

Memory Configuration

Name             Origin             Length             Attributes
loader           0x000000008000f800 0x0000000000000800
ram              0x0000000080010000 0x00000000001f0000 xrw
dcache           0x000000001f800000 0x0000000000000400
*default*        0x0000000000000000 0xffffffffffffffff

Linker script and memory map

LOAD main.o
LOAD engine/graphics.o
LOAD engine/input.o
LOAD engine/timerz.o
LOAD engine/audio.o
LOAD ../third_party/common/syscalls/printf.o
LOAD ../third_party/common/crt0/crt0.o
START GROUP
LOAD ../third_party/psyq/lib/libapi.a
LOAD ../third_party/psyq/lib/libc.a
LOAD ../third_party/psyq/lib/libc2.a
LOAD ../third_party/psyq/lib/libcard.a
LOAD ../third_party/psyq/lib/libcomb.a
LOAD ../third_party/psyq/lib/libds.a
LOAD ../third_party/psyq/lib/libetc.a
LOAD ../third_party/psyq/lib/libgpu.a
LOAD ../third_party/psyq/lib/libgs.a
LOAD ../third_party/psyq/lib/libgte.a
LOAD ../third_party/psyq/lib/libgpu.a
LOAD ../third_party/psyq/lib/libgun.a
LOAD ../third_party/psyq/lib/libhmd.a
LOAD ../third_party/psyq/lib/libmath.a
LOAD ../third_party/psyq/lib/libmcrd.a
LOAD ../third_party/psyq/lib/libmcx.a
LOAD ../third_party/psyq/lib/libpad.a
LOAD ../third_party/psyq/lib/libpress.a
LOAD ../third_party/psyq/lib/libsio.a
LOAD ../third_party/psyq/lib/libsnd.a
LOAD ../third_party/psyq/lib/libspu.a
LOAD ../third_party/psyq/lib/libtap.a
END GROUP
                0x000000008004c9c4                __heap_base = __bss_end
                0x0000000080010000                TLOAD_ADDR = DEFINED (TLOAD_ADDR)?TLOAD_ADDR:0x80010000
                0x0000000080200000                __ram_top = (ORIGIN (ram) + LENGTH (ram))
                0x00000000801fff00                __sp = (__ram_top - 0x100)
                0x000000001f800000                __dcache = ORIGIN (dcache)
                0x000000001f800400                __dcache_top = (ORIGIN (dcache) + LENGTH (dcache))
                0x00000000000081c4                __bss_len = (__bss_end - __bss_start)
                0x000000000000a1c0                __ftext_len = (__ftext_end - __ftext_start)
                0x000000000002a640                __fdata_len = (__fdata_end - __fdata_start)
                0x0000000080200000                __stack_start = (ORIGIN (ram) + LENGTH (ram))

.PSX_EXE_Header
                0x000000008000f800      0x800
                0x000000008000f800        0x1 BYTE 0x50
                0x000000008000f801        0x1 BYTE 0x53
                0x000000008000f802        0x1 BYTE 0x2d
                0x000000008000f803        0x1 BYTE 0x58
                0x000000008000f804        0x1 BYTE 0x20
                0x000000008000f805        0x1 BYTE 0x45
                0x000000008000f806        0x1 BYTE 0x58
                0x000000008000f807        0x1 BYTE 0x45
                0x000000008000f808        0x4 LONG 0x0
                0x000000008000f80c        0x4 LONG 0x0
                0x000000008000f810        0x4 LONG 0x80010000 ABSOLUTE (_start)
                0x000000008000f814        0x4 LONG 0x0
                0x000000008000f818        0x4 LONG 0x80010000 TLOAD_ADDR
                0x000000008000f81c        0x4 LONG 0x34800 (__ftext_len + __fdata_len)
                0x000000008000f820        0x4 LONG 0x0
                0x000000008000f824        0x4 LONG 0x0
                0x000000008000f828        0x4 LONG 0x0
                0x000000008000f82c        0x4 LONG 0x0
                0x000000008000f830        0x4 LONG 0x801fff00 DEFINED (_sp)?ABSOLUTE (_sp):0x801fff00
                0x000000008000f834        0x4 LONG 0x0
                0x0000000080010000                . = (. + 0x7c8)
 *fill*         0x000000008000f838      0x7c8 
                0x0000000080010000                __ftext_start = ABSOLUTE (.)

.text           0x0000000080010000     0xa1c0
 *(.start)
 .start         0x0000000080010000       0x64 ../third_party/common/crt0/crt0.o
                0x0000000080010000                _start
 *(.init)
 *(SORT_NONE(.fini))
 *(.text.unlikely .text.*_unlikely .text.unlikely.*)
 *(.text.exit .text.exit.*)
 *(.text.startup .text.startup.*)
 .text.startup.main
                0x0000000080010064      0x160 main.o
                0x0000000080010064                main
 *(.text.hot .text.hot.*)
 *(.text .stub .text.* .gnu.linkonce.t.*)
 .text.animate  0x00000000800101c4      0x130 main.o
                0x00000000800101c4                animate
 .text.gameMode
                0x00000000800102f4      0x24c main.o
                0x00000000800102f4                gameMode
 .text.gameStart
                0x0000000080010540      0x178 main.o
                0x0000000080010540                gameStart
 .text.debugMode
                0x00000000800106b8      0x1f4 main.o
                0x00000000800106b8                debugMode
 .text.initPlayer
                0x00000000800108ac      0x114 main.o
                0x00000000800108ac                initPlayer
 .text.initBackground
                0x00000000800109c0      0x114 main.o
                0x00000000800109c0                initBackground
 .text.initSky  0x0000000080010ad4      0x24c main.o
                0x0000000080010ad4                initSky
 .text.initIntro
                0x0000000080010d20      0x2cc main.o
                0x0000000080010d20                initIntro
 .text.initialize
                0x0000000080010fec       0xac main.o
                0x0000000080010fec                initialize
 .text.setScreenMode.part.0
                0x0000000080011098       0x64 engine/graphics.o
 .text.createImage
                0x00000000800110fc      0x110 engine/graphics.o
                0x00000000800110fc                createImage
 .text.moveImage
                0x000000008001120c       0x44 engine/graphics.o
                0x000000008001120c                moveImage
 .text.drawImage
                0x0000000080011250       0x60 engine/graphics.o
                0x0000000080011250                drawImage
 .text.createColor
                0x00000000800112b0       0x14 engine/graphics.o
                0x00000000800112b0                createColor
 .text.setScreenMode
                0x00000000800112c4       0x70 engine/graphics.o
                0x00000000800112c4                setScreenMode
 .text.setBackgroundColor
                0x0000000080011334       0x24 engine/graphics.o
                0x0000000080011334                setBackgroundColor
 .text.initializeDebugFont
                0x0000000080011358       0x44 engine/graphics.o
                0x0000000080011358                initializeDebugFont
 .text.initializeOrderingTable
                0x000000008001139c       0x90 engine/graphics.o
                0x000000008001139c                initializeOrderingTable
 .text.flushDisplay
                0x000000008001142c       0x90 engine/graphics.o
                0x000000008001142c                flushDisplay
 .text.clearDisplay
                0x00000000800114bc       0x74 engine/graphics.o
                0x00000000800114bc                clearDisplay
 .text.clearVRAM
                0x0000000080011530       0x44 engine/graphics.o
                0x0000000080011530                clearVRAM
 .text.initializeScreen
                0x0000000080011574       0xa8 engine/graphics.o
                0x0000000080011574                initializeScreen
 .text.in_init  0x000000008001161c       0x68 engine/input.o
                0x000000008001161c                in_init
 .text.in_update
                0x0000000080011684       0x50 engine/input.o
                0x0000000080011684                in_update
 .text.createTimer
                0x00000000800116d4       0x48 engine/timerz.o
                0x00000000800116d4                createTimer
 .text.incTimer
                0x000000008001171c       0x6c engine/timerz.o
                0x000000008001171c                incTimer
 .text.audioInit
                0x0000000080011788       0x60 engine/audio.o
                0x0000000080011788                audioInit
 .text.audioTransferVagToSPU
                0x00000000800117e8       0xc0 engine/audio.o
                0x00000000800117e8                audioTransferVagToSPU
 .text.setVoiceVolumePitch
                0x00000000800118a8       0x68 engine/audio.o
                0x00000000800118a8                setVoiceVolumePitch
 .text.audioPlay
                0x0000000080011910       0x40 engine/audio.o
                0x0000000080011910                audioPlay
 .text          0x0000000080011950       0x10 ../third_party/psyq/lib/libapi.a(a91.o)
                0x0000000080011950                ChangeClearPAD
 .text          0x0000000080011960      0x290 ../third_party/psyq/lib/libapi.a(pad.o)
                0x0000000080011960                SetInitPadFlag
                0x000000008001196c                ReadInitPadFlag
                0x000000008001197c                PAD_init
                0x0000000080011a0c                InitPAD
                0x0000000080011a9c                StartPAD
 .text          0x0000000080011bf0       0xa0 ../third_party/psyq/lib/libapi.a(patch.o)
                0x0000000080011bf0                EnablePAD
                0x0000000080011c04                DisablePAD
                0x0000000080011c18                _patch_pad
 .text          0x0000000080011c90       0x10 ../third_party/psyq/lib/libapi.a(a18.o)
                0x0000000080011c90                InitPAD2
 .text          0x0000000080011ca0       0x10 ../third_party/psyq/lib/libapi.a(a19.o)
                0x0000000080011ca0                StartPAD2
 .text          0x0000000080011cb0       0x10 ../third_party/psyq/lib/libapi.a(a21.o)
                0x0000000080011cb0                PAD_init2
 .text          0x0000000080011cc0       0x10 ../third_party/psyq/lib/libapi.a(a36.o)
                0x0000000080011cc0                EnterCriticalSection
 .text          0x0000000080011cd0       0x10 ../third_party/psyq/lib/libapi.a(a37.o)
                0x0000000080011cd0                ExitCriticalSection
 .text          0x0000000080011ce0       0x10 ../third_party/psyq/lib/libapi.a(c68.o)
                0x0000000080011ce0                FlushCache
 .text          0x0000000080011cf0       0x70 ../third_party/psyq/lib/libapi.a(chclrpad.o)
                0x0000000080011cf0                _remove_ChgclrPAD
 .text          0x0000000080011d60       0x10 ../third_party/psyq/lib/libapi.a(l02.o)
                0x0000000080011d60                SysEnqIntRP
 .text          0x0000000080011d70       0x10 ../third_party/psyq/lib/libapi.a(l03.o)
                0x0000000080011d70                SysDeqIntRP
 .text          0x0000000080011d80       0x10 ../third_party/psyq/lib/libc.a(c42.o)
                0x0000000080011d80                memcpy
 .text          0x0000000080011d90       0x10 ../third_party/psyq/lib/libc.a(c47.o)
                0x0000000080011d90                rand
 .text          0x0000000080011da0       0x10 ../third_party/psyq/lib/libc.a(c48.o)
                0x0000000080011da0                srand
 .text          0x0000000080011db0       0x10 ../third_party/psyq/lib/libc.a(c63.o)
                0x0000000080011db0                printf
 .text          0x0000000080011dc0       0x30 ../third_party/psyq/lib/libetc.a(vmode.o)
                0x0000000080011dc0                SetVideoMode
                0x0000000080011dd4                GetVideoMode
 .text          0x0000000080011df0      0x210 ../third_party/psyq/lib/libetc.a(vsync.o)
                0x0000000080011df0                VSync
 .text          0x0000000080012000      0x120 ../third_party/psyq/lib/libetc.a(intr_vb.o)
                0x0000000080012000                startIntrVSync
 .text          0x0000000080012120      0x6c0 ../third_party/psyq/lib/libetc.a(intr.o)
                0x0000000080012120                ResetCallback
                0x0000000080012150                InterruptCallback
                0x0000000080012180                DMACallback
                0x00000000800121b0                VSyncCallback
                0x00000000800121e4                VSyncCallbacks
                0x0000000080012214                StopCallback
                0x0000000080012244                RestartCallback
                0x0000000080012274                CheckCallback
                0x0000000080012284                GetIntrMask
                0x000000008001229c                SetIntrMask
 .text          0x00000000800127e0      0x2a0 ../third_party/psyq/lib/libetc.a(intr_dma.o)
                0x00000000800127e0                startIntrDMA
 .text          0x0000000080012a80      0xa80 ../third_party/psyq/lib/libgpu.a(font.o)
                0x0000000080012a80                SetDumpFnt
                0x0000000080012ac0                FntLoad
                0x0000000080012b60                FntOpen
                0x0000000080012e1c                FntFlush
                0x0000000080013138                FntPrint
 .text          0x0000000080013500       0x40 ../third_party/psyq/lib/libgpu.a(p00.o)
                0x0000000080013500                GetTPage
 .text          0x0000000080013540       0x40 ../third_party/psyq/lib/libgpu.a(p06.o)
                0x0000000080013540                AddPrim
 .text          0x0000000080013580       0x20 ../third_party/psyq/lib/libgpu.a(p09.o)
                0x0000000080013580                TermPrim
 .text          0x00000000800135a0       0x30 ../third_party/psyq/lib/libgpu.a(p10.o)
                0x00000000800135a0                SetSemiTrans
 .text          0x00000000800135d0       0x20 ../third_party/psyq/lib/libgpu.a(p20.o)
                0x00000000800135d0                SetSprt8
 .text          0x00000000800135f0       0x20 ../third_party/psyq/lib/libgpu.a(p26.o)
                0x00000000800135f0                SetTile
 .text          0x0000000080013610       0xa0 ../third_party/psyq/lib/libgpu.a(p41.o)
                0x0000000080013610                SetDrawMode
 .text          0x00000000800136b0     0x2f00 ../third_party/psyq/lib/libgpu.a(sys.o)
                0x00000000800136b0                ResetGraph
                0x0000000080013824                SetGraphDebug
                0x0000000080013880                SetGraphQueue
                0x0000000080013924                GetGraphDebug
                0x0000000080013934                DrawSyncCallback
                0x0000000080013994                SetDispMask
                0x0000000080013a2c                DrawSync
                0x0000000080013bb0                ClearImage
                0x0000000080013c40                ClearImage2
                0x0000000080013cd8                LoadImage
                0x0000000080013d38                StoreImage
                0x0000000080013d98                MoveImage
                0x0000000080013e50                ClearOTag
                0x0000000080013f18                ClearOTagR
                0x0000000080013fc4                DrawPrim
                0x0000000080014020                DrawOTag
                0x0000000080014090                PutDrawEnv
                0x0000000080014150                DrawOTagEnv
                0x0000000080014228                GetDrawEnv
                0x000000008001425c                PutDispEnv
                0x0000000080014754                GetDispEnv
                0x0000000080014788                GetODE
                0x00000000800147b8                SetDrawArea
                0x0000000080014838                SetDrawOffset
                0x0000000080014878                SetDrawEnv
                0x0000000080016148                LoadImage2
                0x0000000080016234                StoreImage2
                0x0000000080016320                MoveImage2
                0x0000000080016464                DrawOTag2
                0x0000000080016560                _GPU_ResetCallback
 .text          0x00000000800165b0       0xf0 ../third_party/psyq/lib/libgpu.a(e00.o)
                0x00000000800165b0                LoadTPage
 .text          0x00000000800166a0       0x70 ../third_party/psyq/lib/libgpu.a(e02.o)
                0x00000000800166a0                LoadClut2
 .text          0x0000000080016710       0x20 ../third_party/psyq/lib/libgpu.a(p01.o)
                0x0000000080016710                GetClut
 .text          0x0000000080016730      0x500 ../third_party/psyq/lib/libgs.a(2d_sp0.o)
                0x0000000080016730                GsSortSprite
 .text          0x0000000080016c30      0x550 ../third_party/psyq/lib/libgs.a(gs_001.o)
                0x0000000080016c30                GsInitGraph
                0x0000000080016dc0                GsInitGraph2
                0x0000000080017048                GsSortClear
 .text          0x0000000080017180       0x10 ../third_party/psyq/lib/libgs.a(gs_0021.o)
                0x0000000080017180                GsGetActiveBuff
 .text          0x0000000080017190      0x110 ../third_party/psyq/lib/libgs.a(gs_0022.o)
                0x0000000080017190                GsSetDrawBuffOffset
 .text          0x00000000800172a0       0x80 ../third_party/psyq/lib/libgs.a(gs_003.o)
                0x00000000800172a0                GsSetDrawBuffClip
 .text          0x0000000080017320       0xb0 ../third_party/psyq/lib/libgs.a(gs_010.o)
                0x0000000080017320                GsSwapDispBuff
 .text          0x00000000800173d0       0xa0 ../third_party/psyq/lib/libgs.a(gs_103.o)
                0x00000000800173d0                GsDefDispBuff
 .text          0x0000000080017470       0x30 ../third_party/psyq/lib/libgs.a(gs_111.o)
                0x0000000080017470                GsDrawOt
 .text          0x00000000800174a0       0x60 ../third_party/psyq/lib/libgs.a(gs_113.o)
                0x00000000800174a0                GsClearOt
 .text          0x0000000080017500       0x50 ../third_party/psyq/lib/libgs.a(gs_121.o)
                0x0000000080017500                gte_init
 .text          0x0000000080017550       0xf0 ../third_party/psyq/lib/libgs.a(gs_122.o)
                0x0000000080017550                GsGetTimInfo
 .text          0x0000000080017640       0x10 ../third_party/psyq/lib/libgs.a(gs_124.o)
                0x0000000080017640                GsSetWorkBase
 .text          0x0000000080017650       0xa0 ../third_party/psyq/lib/libgs.a(2d_com1.o)
                0x0000000080017650                _make_packet
 .text          0x00000000800176f0       0x80 ../third_party/psyq/lib/libgte.a(cmb_00.o)
                0x00000000800176f0                RotTransPers4
 .text          0x0000000080017770      0x290 ../third_party/psyq/lib/libgte.a(fgo_01.o)
                0x0000000080017770                RotMatrix
 .text          0x0000000080017a00       0x90 ../third_party/psyq/lib/libgte.a(msc00.o)
                0x0000000080017a08                InitGeom
 .text          0x0000000080017a90       0x30 ../third_party/psyq/lib/libgte.a(mtx_07.o)
                0x0000000080017a90                TransMatrix
 .text          0x0000000080017ac0      0x140 ../third_party/psyq/lib/libgte.a(mtx_08.o)
                0x0000000080017ac0                ScaleMatrix
 .text          0x0000000080017c00       0x30 ../third_party/psyq/lib/libgte.a(mtx_09.o)
                0x0000000080017c00                SetRotMatrix
 .text          0x0000000080017c30       0x20 ../third_party/psyq/lib/libgte.a(mtx_12.o)
                0x0000000080017c30                SetTransMatrix
 .text          0x0000000080017c50       0xe0 ../third_party/psyq/lib/libgte.a(patchgte.o)
                0x0000000080017c50                _patch_gte
 .text          0x0000000080017d30       0x10 ../third_party/psyq/lib/libgte.a(reg09.o)
                0x0000000080017d30                ReadGeomScreen
 .text          0x0000000080017d40       0x20 ../third_party/psyq/lib/libgte.a(reg11.o)
                0x0000000080017d40                SetFarColor
 .text          0x0000000080017d60       0x20 ../third_party/psyq/lib/libgte.a(reg12.o)
                0x0000000080017d60                SetGeomOffset
 .text          0x0000000080017d80       0x20 ../third_party/psyq/lib/libspu.a(s_i.o)
                0x0000000080017d80                SpuInit
 .text          0x0000000080017da0      0x160 ../third_party/psyq/lib/libspu.a(s_ini.o)
                0x0000000080017da0                _SpuInit
                0x0000000080017e88                SpuStart
 .text          0x0000000080017f00       0xb0 ../third_party/psyq/lib/libspu.a(s_itc.o)
                0x0000000080017f00                SpuIsTransferCompleted
 .text          0x0000000080017fb0       0x60 ../third_party/psyq/lib/libspu.a(s_m_init.o)
                0x0000000080017fb0                SpuInitMalloc
 .text          0x0000000080018010      0x300 ../third_party/psyq/lib/libspu.a(s_m_int.o)
                0x0000000080018010                _spu_gcSPU
 .text          0x0000000080018310      0x2d0 ../third_party/psyq/lib/libspu.a(s_m_m.o)
                0x0000000080018310                SpuMalloc
 .text          0x00000000800185e0      0x380 ../third_party/psyq/lib/libspu.a(s_sca.o)
                0x00000000800185e0                SpuSetCommonAttr
 .text          0x0000000080018960      0x140 ../third_party/psyq/lib/libspu.a(s_si.o)
                0x0000000080018960                SpuSetIRQ
 .text          0x0000000080018aa0      0x1c0 ../third_party/psyq/lib/libspu.a(s_sk.o)
                0x0000000080018aa0                SpuSetKey
 .text          0x0000000080018c60       0x30 ../third_party/psyq/lib/libspu.a(s_stm.o)
                0x0000000080018c60                SpuSetTransferMode
 .text          0x0000000080018c90       0x60 ../third_party/psyq/lib/libspu.a(s_stsa.o)
                0x0000000080018c90                SpuSetTransferStartAddr
 .text          0x0000000080018cf0      0x600 ../third_party/psyq/lib/libspu.a(s_sva.o)
                0x0000000080018cf0                SpuSetVoiceAttr
 .text          0x00000000800192f0       0x60 ../third_party/psyq/lib/libspu.a(s_w.o)
                0x00000000800192f0                SpuWrite
 .text          0x0000000080019350      0xb40 ../third_party/psyq/lib/libspu.a(spu.o)
                0x0000000080019350                _spu_init
                0x0000000080019790                _spu_FiDMA
                0x000000008001984c                _spu_Fr_
                0x00000000800198f4                _spu_t
                0x0000000080019b74                _spu_Fw
                0x0000000080019bf8                _spu_Fr
                0x0000000080019c5c                _spu_FsetRXX
                0x0000000080019ca0                _spu_FsetRXXa
                0x0000000080019d44                _spu_FgetRXXa
                0x0000000080019d80                _spu_FsetPCR
                0x0000000080019e28                _spu_Fw1ts
 .text          0x0000000080019e90       0x30 ../third_party/psyq/lib/libspu.a(s_dcb.o)
                0x0000000080019e90                _SpuDataCallback
 .text          0x0000000080019ec0      0x200 ../third_party/psyq/lib/libspu.a(s_n2p.o)
                0x0000000080019ec0                _spu_note2pitch
                0x0000000080019f90                _spu_pitch2note
 .text          0x000000008001a0c0       0x10 ../third_party/psyq/lib/libapi.a(a07.o)
                0x000000008001a0c0                DeliverEvent
 .text          0x000000008001a0d0       0x10 ../third_party/psyq/lib/libapi.a(a08.o)
                0x000000008001a0d0                OpenEvent
 .text          0x000000008001a0e0       0x10 ../third_party/psyq/lib/libapi.a(a11.o)
                0x000000008001a0e0                TestEvent
 .text          0x000000008001a0f0       0x10 ../third_party/psyq/lib/libapi.a(a12.o)
                0x000000008001a0f0                EnableEvent
 .text          0x000000008001a100       0x10 ../third_party/psyq/lib/libapi.a(a23.o)
                0x000000008001a100                ReturnFromException
 .text          0x000000008001a110       0x10 ../third_party/psyq/lib/libapi.a(a24.o)
                0x000000008001a110                ResetEntryInt
 .text          0x000000008001a120       0x10 ../third_party/psyq/lib/libapi.a(a25.o)
                0x000000008001a120                HookEntryInt
 .text          0x000000008001a130       0x20 ../third_party/psyq/lib/libapi.a(c114.o)
                0x000000008001a138                _96_remove
 .text          0x000000008001a150       0x10 ../third_party/psyq/lib/libapi.a(c73.o)
                0x000000008001a150                GPU_cw
 .text          0x000000008001a160       0x10 ../third_party/psyq/lib/libapi.a(l10.o)
                0x000000008001a160                ChangeClearRCnt
 .text          0x000000008001a170       0x20 ../third_party/psyq/lib/libc.a(a63.o)
                0x000000008001a178                puts
 .text          0x000000008001a190       0x10 ../third_party/psyq/lib/libc.a(c19.o)
                0x000000008001a190                setjmp
 .text          0x000000008001a1a0       0x10 ../third_party/psyq/lib/libc.a(c27.o)
                0x000000008001a1a0                strlen
 .text          0x000000008001a1b0       0x10 ../third_party/psyq/lib/libc.a(c43.o)
                0x000000008001a1b0                memset
                0x000000008001a1c0                . = ALIGN (0x10)
 *(.init)
                0x000000008001a1c0                . = ALIGN (0x10)
 *(.fini)
                0x000000008001a1c0                . = ALIGN (0x10)
                0x000000008001a1c0                __text_end = .
                0x000000008001a1c0                __ftext_end = ABSOLUTE (.)
                0x000000008001a1c0                __fdata_start = ABSOLUTE (.)

.rodata         0x000000008001a1c0      0x5a4
 *(.rodata .rodata.* .rdata .rdata.* .gnu.linkonce.r.*)
 .rodata.str1.4
                0x000000008001a1c0       0x26 main.o
                                         0x28 (size before relaxing)
 *fill*         0x000000008001a1e6        0x2 
 .rodata.str1.4
                0x000000008001a1e8       0x80 engine/graphics.o
 *fill*         0x000000008001a268        0x8 
 .rodata        0x000000008001a270       0x20 engine/input.o
                0x000000008001a270                input_binds_default
 .rodata        0x000000008001a290       0x10 ../third_party/common/crt0/crt0.o
 .rdata         0x000000008001a2a0       0x10 ../third_party/psyq/lib/libetc.a(vsync.o)
 .rdata         0x000000008001a2b0       0x70 ../third_party/psyq/lib/libetc.a(intr.o)
 .rdata         0x000000008001a320       0x30 ../third_party/psyq/lib/libetc.a(intr_dma.o)
 .rdata         0x000000008001a350       0xa0 ../third_party/psyq/lib/libgpu.a(font.o)
 .rdata         0x000000008001a3f0      0x220 ../third_party/psyq/lib/libgpu.a(sys.o)
 .rdata         0x000000008001a610       0x30 ../third_party/psyq/lib/libgs.a(2d_com1.o)
 .rdata         0x000000008001a640       0x40 ../third_party/psyq/lib/libspu.a(s_sca.o)
 .rdata         0x000000008001a680       0x30 ../third_party/psyq/lib/libspu.a(s_si.o)
 .rdata         0x000000008001a6b0       0x40 ../third_party/psyq/lib/libspu.a(s_sva.o)
 .rdata         0x000000008001a6f0       0x50 ../third_party/psyq/lib/libspu.a(spu.o)
                0x000000008001a740                . = ALIGN (0x10)
                0x000000008001a740                __preinit_array_start = .
 *(.preinit_array)
                0x000000008001a740                __preinit_array_end = .
                0x000000008001a740                . = ALIGN (0x10)
                0x000000008001a740                __init_array_start = .
 *(SORT_BY_NAME(.init_array.*))
 *(.init_array)
                0x000000008001a740                . = ALIGN (0x10)
 *crtbegin.o(.ctors)
 *(EXCLUDE_FILE(*crtend.o) .ctors)
 *(SORT_BY_NAME(.ctors.*))
 *crtend.o(.ctors)
                0x000000008001a740                __init_array_end = .
                0x000000008001a740                . = ALIGN (0x10)
                0x000000008001a740                __fini_array_start = .
 *(.fini_array)
 *(SORT_BY_NAME(.fini_array.*))
 *crtbegin.o(.dtors)
 *(EXCLUDE_FILE(*crtend.o) .dtors)
 *(SORT_BY_NAME(.dtors.*))
 *crtend.o(.dtors)
                0x000000008001a740                __fini_array_end = .
                0x000000008001a740                __build_id = .
 *(.note.gnu.build-id)
 .note.gnu.build-id
                0x000000008001a740       0x24 main.o
                0x000000008001a764                __build_id_end = .

.rel.dyn        0x000000008001a764        0x0
 .rel.dyn       0x000000008001a764        0x0 ../third_party/psyq/lib/libgpu.a(sys.o)

.rodata1
 *(.rodata1)
                0x000000008001a764                __data_start = .

.data           0x000000008001a770    0x2a090
 *(.a0table)
 *(.data .data.* .gnu.linkonce.d.*)
 .data          0x000000008001a770    0x239a0 main.o
                0x000000008001a770                menustart
                0x000000008001d8b0                menustart_size
                0x000000008001d8b4                buzz1
                0x000000008001efc4                buzz1_size
                0x000000008001efc8                img_Press_start3
                0x00000000800217a4                img_Press_start2
                0x0000000080023f80                img_Press_start1
                0x000000008002675c                img_jam_3
                0x0000000080028f94                img_jam_2
                0x000000008002b7cc                img_jam_1
                0x000000008002e004                img_gnd_2
                0x000000008002fb24                img_gnd_1
                0x0000000080031644                img_gnd_0
                0x0000000080033164                img_cloud_E
                0x0000000080033a04                img_cloud_B
                0x0000000080033c90                img_Buzzy
                0x0000000080039630                img_bee_2
                0x00000000800399dc                img_bee_1
                0x0000000080039d88                img_bee_0
                0x000000008003a134                img_Bee
 .data          0x000000008003e110       0x10 ../third_party/psyq/lib/libapi.a(pad.o)
 .data          0x000000008003e120       0x10 ../third_party/psyq/lib/libetc.a(vmode.o)
 .data          0x000000008003e130       0x20 ../third_party/psyq/lib/libetc.a(vsync.o)
                0x000000008003e140                Hcount
 .data          0x000000008003e150       0x30 ../third_party/psyq/lib/libetc.a(intr_vb.o)
                0x000000008003e170                Vcount
 .data          0x000000008003e180     0x1100 ../third_party/psyq/lib/libetc.a(intr.o)
 .data          0x000000008003f280       0x30 ../third_party/psyq/lib/libetc.a(intr_dma.o)
 .data          0x000000008003f2b0      0xb90 ../third_party/psyq/lib/libgpu.a(font.o)
                0x000000008003f2b0                Font
 .data          0x000000008003fe40      0x1a0 ../third_party/psyq/lib/libgpu.a(sys.o)
                0x000000008003fe8c                GPU_printf
                0x000000008003fe90                GEnv
                0x000000008003ffb8                _qin
                0x000000008003ffbc                _qout
 .data          0x000000008003ffe0       0x10 ../third_party/psyq/lib/libgte.a(msc00.o)
 .data          0x000000008003fff0     0x4000 ../third_party/psyq/lib/libgte.a(cstbl.o)
                0x000000008003fff0                rcossin_tbl
 .data          0x0000000080043ff0       0x80 ../third_party/psyq/lib/libspu.a(s_ini.o)
                0x0000000080043ff8                _spu_EVdma
                0x0000000080043ffc                _spu_keystat
                0x0000000080044000                _spu_trans_mode
                0x0000000080044004                _spu_rev_flag
                0x0000000080044008                _spu_rev_reserve_wa
                0x000000008004400c                _spu_rev_offsetaddr
                0x0000000080044010                _spu_rev_attr
                0x0000000080044024                _spu_RQvoice
                0x0000000080044028                _spu_RQmask
                0x000000008004402c                _spu_voice_centerNote
                0x000000008004405c                _spu_env
                0x0000000080044060                _spu_isCalled
 .data          0x0000000080044070       0x10 ../third_party/psyq/lib/libspu.a(s_m.o)
                0x0000000080044070                _spu_AllocBlockNum
                0x0000000080044074                _spu_AllocLastNum
                0x0000000080044078                _spu_memList
 .data          0x0000000080044080       0x30 ../third_party/psyq/lib/libspu.a(s_rmp0.o)
                0x0000000080044080                _spu_rev_startaddr
 .data          0x00000000800440b0       0x60 ../third_party/psyq/lib/libspu.a(spu.o)
                0x00000000800440b0                _spu_RXX
                0x00000000800440c8                _spu_tsa
                0x00000000800440cc                _spu_transMode
                0x00000000800440d0                _spu_addrMode
                0x00000000800440d4                _spu_mem_mode
                0x00000000800440d8                _spu_mem_mode_plus
                0x00000000800440dc                _spu_mem_mode_unit
                0x00000000800440e0                _spu_mem_mode_unitM
                0x00000000800440e4                _spu_inTransfer
                0x00000000800440e8                _spu_transferCallback
                0x00000000800440ec                _spu_IRQCallback
 .data          0x0000000080044110      0x120 ../third_party/psyq/lib/libspu.a(s_n2p.o)
 *(.data1)
 *(.sdata .sdata.* .gnu.linkonce.s.*)
 *(.sdata2 .sdata2.* .gnu.linkonce.s2.*)
 *(.got.plt)
 *(.got)
                0x0000000080044800                . = ALIGN (0x800)
 *fill*         0x0000000080044230      0x5d0 
                0x0000000080044800                __data_end = .
                0x0000000080044800                __fdata_end = .
                0x0000000080044800                __bss_start = .

.sbss           0x0000000080044800     0x81c4
 *(.dynsbss)
 *(.sbss .sbss.* .gnu.linkonce.sb.*)
 *(.scommon)
 .scommon       0x0000000080044800        0x8 main.o
                0x0000000080044800                b
                0x0000000080044804                a
 .scommon       0x0000000080044808        0xa engine/graphics.o
                0x0000000080044808                SCREEN_WIDTH
                0x000000008004480c                SCREEN_HEIGHT
                0x0000000080044810                currentBuffer
 *fill*         0x0000000080044812        0x2 
 .scommon       0x0000000080044814        0xd engine/input.o
                0x0000000080044814                input_pad
                0x0000000080044818                input_trig
                0x000000008004481c                input_held
                0x0000000080044820                input_suppress_trig
 *fill*         0x0000000080044821        0x3 
 .scommon       0x0000000080044824        0x4 engine/audio.o
                0x0000000080044824                l_vag1_spu_addr
 *(.dynbss)
 *(.bss .bss.* .gnu.linkonce.b.*)
 *fill*         0x0000000080044828        0x8 
 .bss           0x0000000080044830       0x10 main.o
                0x0000000080044830                gameState
                0x0000000080044834                c
 .bss           0x0000000080044840       0x50 engine/input.o
 .bss           0x0000000080044890       0x60 engine/audio.o
 .bss           0x00000000800448f0       0x10 ../third_party/psyq/lib/libapi.a(pad.o)
                0x00000000800448f0                _apiPadPatch
 .bss           0x0000000080044900       0x10 ../third_party/psyq/lib/libapi.a(patch.o)
 .bss           0x0000000080044910       0x10 ../third_party/psyq/lib/libapi.a(chclrpad.o)
 .bss           0x0000000080044920     0x4410 ../third_party/psyq/lib/libgpu.a(font.o)
 .bss           0x0000000080048d30     0x1850 ../third_party/psyq/lib/libgpu.a(sys.o)
                0x0000000080048d80                _que
 .bss           0x000000008004a580       0x54 ../third_party/psyq/lib/libgs.a(global.o)
                0x000000008004a580                GsOUT_PACKET_P
                0x000000008004a588                GsMATE_C
                0x000000008004a590                GsLMODE
                0x000000008004a598                GsLIGNR
                0x000000008004a5a0                GsLIOFF
                0x000000008004a5a8                GsZOVER
                0x000000008004a5b0                GsBACKC
                0x000000008004a5b8                GsNDIV
                0x000000008004a5c0                GsTRATE
                0x000000008004a5c8                GsTON
                0x000000008004a5d0                GsDISPON
 *fill*         0x000000008004a5d4        0x4 
 .bss           0x000000008004a5d8       0xea ../third_party/psyq/lib/libgs.a(gs_001.o)
                0x000000008004a5f8                PSDIDX
                0x000000008004a600                GsDRAWENV
                0x000000008004a660                GsDISPENV
                0x000000008004a678                PSDGPU
                0x000000008004a680                PSDBASEX
                0x000000008004a688                PSDBASEY
                0x000000008004a690                POSITION
                0x000000008004a698                CLIP2
                0x000000008004a6a0                PSDCNT
                0x000000008004a6a8                PSDOFSX
                0x000000008004a6b0                PSDOFSY
                0x000000008004a6b8                GsORGOFSX
                0x000000008004a6c0                GsORGOFSY
 *fill*         0x000000008004a6c2        0x6 
 .bss           0x000000008004a6c8       0x24 ../third_party/psyq/lib/libgs.a(gs_104.o)
                0x000000008004a6c8                HWD0
                0x000000008004a6d0                VWD0
                0x000000008004a6d8                GsCLIP3near
                0x000000008004a6e0                GsLIGHT_MODE
                0x000000008004a6e8                GsCLIP3far
 *fill*         0x000000008004a6ec        0x4 
 .bss           0x000000008004a6f0       0x40 ../third_party/psyq/lib/libgs.a(gs_107.o)
                0x000000008004a6f0                GsLIGHTWSMATRIX
                0x000000008004a710                _LC
 .bss           0x000000008004a730       0x40 ../third_party/psyq/lib/libgs.a(gs_128.o)
                0x000000008004a730                GsIDMATRIX
                0x000000008004a750                GsIDMATRIX2
 .bss           0x000000008004a770       0x10 ../third_party/psyq/lib/libgte.a(patchgte.o)
 .bss           0x000000008004a780       0x14 ../third_party/psyq/lib/libspu.a(spu.o)
                0x000000008004a780                _spu_RQ
 *(COMMON)
 COMMON         0x000000008004a794      0x9f8 main.o
                0x000000008004a794                mainPlayerL
                0x000000008004a8d4                BeeL
                0x000000008004a924                Buzzy
                0x000000008004a948                clouds1L
                0x000000008004aa38                pressStartL
                0x000000008004ab28                mainPlayer
                0x000000008004ab4c                BuzzyL
                0x000000008004ab9c                Bee
                0x000000008004abc0                jamL
                0x000000008004acb0                jam
                0x000000008004acd4                clouds2
                0x000000008004ad40                clouds2L
                0x000000008004ae30                mainTimer
                0x000000008004ae44                groundL
                0x000000008004b024                clouds1
                0x000000008004b090                pressStart
                0x000000008004b0b4                ground
 COMMON         0x000000008004b18c     0x17b4 engine/graphics.o
                0x000000008004b18c                GPUOutputPacket
                0x000000008004c8fc                systemBackgroundColor
                0x000000008004c908                orderingTable
                0x000000008004c930                minorOrderingTable
 COMMON         0x000000008004c940       0x1c engine/input.o
                0x000000008004c940                input_binds
 COMMON         0x000000008004c95c       0x68 engine/audio.o
                0x000000008004c95c                g_s_attr
                0x000000008004c99c                l_c_attr
                0x000000008004c9c4                . = ALIGN (0x4)
                0x000000008004c9c4                __bss_end = .
                0x000000008004c9c4                __heap_start = __heap_base
                0x000000008000f800                . = (ADDR (.text) - 0x800)
                0x000000008000f800                __end = .

/DISCARD/
 *(.MIPS.abiflags)
 *(.rel.iplt)
 *(.rela.iplt)
 *(.rel.plt)
 *(.rela.plt)
 *(.plt)
 *(.iplt)
 *(.note.GNU-stack)
 *(.gnu_debuglink)
 *(.gnu.lto_*)
OUTPUT(BuzzyBee.elf elf32-tradlittlemips)

.mdebug.abi32   0x0000000000000000        0x0
 .mdebug.abi32  0x0000000000000000        0x0 main.o
 .mdebug.abi32  0x0000000000000000        0x0 engine/graphics.o
 .mdebug.abi32  0x0000000000000000        0x0 engine/input.o
 .mdebug.abi32  0x0000000000000000        0x0 engine/timerz.o
 .mdebug.abi32  0x0000000000000000        0x0 engine/audio.o

.comment        0x0000000000000000       0x2a
 .comment       0x0000000000000000       0x2a main.o
                                         0x2b (size before relaxing)
 .comment       0x000000000000002a       0x2b engine/graphics.o
 .comment       0x000000000000002a       0x2b engine/input.o
 .comment       0x000000000000002a       0x2b engine/timerz.o
 .comment       0x000000000000002a       0x2b engine/audio.o

.gnu.attributes
                0x0000000000000000       0x10
 .gnu.attributes
                0x0000000000000000       0x10 main.o
 .gnu.attributes
                0x0000000000000010       0x10 engine/graphics.o
 .gnu.attributes
                0x0000000000000020       0x10 engine/input.o
 .gnu.attributes
                0x0000000000000030       0x10 engine/timerz.o
 .gnu.attributes
                0x0000000000000040       0x10 engine/audio.o
 .gnu.attributes
                0x0000000000000050       0x10 ../third_party/common/crt0/crt0.o

.pdr            0x0000000000000000        0x0
 .pdr           0x0000000000000000        0x0 ../third_party/common/crt0/crt0.o

.note           0x0000000000000000     0x2cdc
 .note          0x0000000000000000       0x74 ../third_party/psyq/lib/libapi.a(a91.o)
 .note          0x0000000000000074       0x74 ../third_party/psyq/lib/libapi.a(pad.o)
 .note          0x00000000000000e8       0x74 ../third_party/psyq/lib/libapi.a(patch.o)
 .note          0x000000000000015c       0x74 ../third_party/psyq/lib/libapi.a(a18.o)
 .note          0x00000000000001d0       0x74 ../third_party/psyq/lib/libapi.a(a19.o)
 .note          0x0000000000000244       0x74 ../third_party/psyq/lib/libapi.a(a21.o)
 .note          0x00000000000002b8       0x74 ../third_party/psyq/lib/libapi.a(a36.o)
 .note          0x000000000000032c       0x74 ../third_party/psyq/lib/libapi.a(a37.o)
 .note          0x00000000000003a0       0x74 ../third_party/psyq/lib/libapi.a(c68.o)
 .note          0x0000000000000414       0x74 ../third_party/psyq/lib/libapi.a(chclrpad.o)
 .note          0x0000000000000488       0x74 ../third_party/psyq/lib/libapi.a(l02.o)
 .note          0x00000000000004fc       0x74 ../third_party/psyq/lib/libapi.a(l03.o)
 .note          0x0000000000000570       0x74 ../third_party/psyq/lib/libc.a(c42.o)
 .note          0x00000000000005e4       0x74 ../third_party/psyq/lib/libc.a(c47.o)
 .note          0x0000000000000658       0x74 ../third_party/psyq/lib/libc.a(c48.o)
 .note          0x00000000000006cc       0x74 ../third_party/psyq/lib/libc.a(c63.o)
 .note          0x0000000000000740       0x74 ../third_party/psyq/lib/libetc.a(vmode.o)
 .note          0x00000000000007b4       0x74 ../third_party/psyq/lib/libetc.a(vsync.o)
 .note          0x0000000000000828       0x74 ../third_party/psyq/lib/libetc.a(intr_vb.o)
 .note          0x000000000000089c       0x74 ../third_party/psyq/lib/libetc.a(intr.o)
 .note          0x0000000000000910       0x74 ../third_party/psyq/lib/libetc.a(intr_dma.o)
 .note          0x0000000000000984       0x74 ../third_party/psyq/lib/libgpu.a(font.o)
 .note          0x00000000000009f8       0x74 ../third_party/psyq/lib/libgpu.a(p00.o)
 .note          0x0000000000000a6c       0x74 ../third_party/psyq/lib/libgpu.a(p06.o)
 .note          0x0000000000000ae0       0x74 ../third_party/psyq/lib/libgpu.a(p09.o)
 .note          0x0000000000000b54       0x74 ../third_party/psyq/lib/libgpu.a(p10.o)
 .note          0x0000000000000bc8       0x74 ../third_party/psyq/lib/libgpu.a(p20.o)
 .note          0x0000000000000c3c       0x74 ../third_party/psyq/lib/libgpu.a(p26.o)
 .note          0x0000000000000cb0       0x74 ../third_party/psyq/lib/libgpu.a(p27.o)
 .note          0x0000000000000d24       0x74 ../third_party/psyq/lib/libgpu.a(p41.o)
 .note          0x0000000000000d98       0x74 ../third_party/psyq/lib/libgpu.a(sys.o)
 .note          0x0000000000000e0c       0x74 ../third_party/psyq/lib/libgpu.a(e00.o)
 .note          0x0000000000000e80       0x74 ../third_party/psyq/lib/libgpu.a(e02.o)
 .note          0x0000000000000ef4       0x74 ../third_party/psyq/lib/libgpu.a(p01.o)
 .note          0x0000000000000f68       0x74 ../third_party/psyq/lib/libgs.a(2d_sp0.o)
 .note          0x0000000000000fdc       0x74 ../third_party/psyq/lib/libgs.a(global.o)
 .note          0x0000000000001050       0x74 ../third_party/psyq/lib/libgs.a(gs_001.o)
 .note          0x00000000000010c4       0x74 ../third_party/psyq/lib/libgs.a(gs_0021.o)
 .note          0x0000000000001138       0x74 ../third_party/psyq/lib/libgs.a(gs_0022.o)
 .note          0x00000000000011ac       0x74 ../third_party/psyq/lib/libgs.a(gs_003.o)
 .note          0x0000000000001220       0x74 ../third_party/psyq/lib/libgs.a(gs_010.o)
 .note          0x0000000000001294       0x74 ../third_party/psyq/lib/libgs.a(gs_103.o)
 .note          0x0000000000001308       0x74 ../third_party/psyq/lib/libgs.a(gs_104.o)
 .note          0x000000000000137c       0x74 ../third_party/psyq/lib/libgs.a(gs_107.o)
 .note          0x00000000000013f0       0x74 ../third_party/psyq/lib/libgs.a(gs_111.o)
 .note          0x0000000000001464       0x74 ../third_party/psyq/lib/libgs.a(gs_113.o)
 .note          0x00000000000014d8       0x74 ../third_party/psyq/lib/libgs.a(gs_121.o)
 .note          0x000000000000154c       0x74 ../third_party/psyq/lib/libgs.a(gs_122.o)
 .note          0x00000000000015c0       0x74 ../third_party/psyq/lib/libgs.a(gs_124.o)
 .note          0x0000000000001634       0x74 ../third_party/psyq/lib/libgs.a(gs_128.o)
 .note          0x00000000000016a8       0x74 ../third_party/psyq/lib/libgs.a(2d_com1.o)
 .note          0x000000000000171c       0x74 ../third_party/psyq/lib/libgte.a(cmb_00.o)
 .note          0x0000000000001790       0x74 ../third_party/psyq/lib/libgte.a(fgo_01.o)
 .note          0x0000000000001804       0x74 ../third_party/psyq/lib/libgte.a(msc00.o)
 .note          0x0000000000001878       0x74 ../third_party/psyq/lib/libgte.a(msc01.o)
 .note          0x00000000000018ec       0x74 ../third_party/psyq/lib/libgte.a(mtx_07.o)
 .note          0x0000000000001960       0x74 ../third_party/psyq/lib/libgte.a(mtx_08.o)
 .note          0x00000000000019d4       0x74 ../third_party/psyq/lib/libgte.a(mtx_09.o)
 .note          0x0000000000001a48       0x74 ../third_party/psyq/lib/libgte.a(mtx_11.o)
 .note          0x0000000000001abc       0x74 ../third_party/psyq/lib/libgte.a(mtx_12.o)
 .note          0x0000000000001b30       0x74 ../third_party/psyq/lib/libgte.a(patchgte.o)
 .note          0x0000000000001ba4       0x74 ../third_party/psyq/lib/libgte.a(reg09.o)
 .note          0x0000000000001c18       0x74 ../third_party/psyq/lib/libgte.a(reg11.o)
 .note          0x0000000000001c8c       0x74 ../third_party/psyq/lib/libgte.a(reg12.o)
 .note          0x0000000000001d00       0x74 ../third_party/psyq/lib/libgte.a(sqrtbl.o)
 .note          0x0000000000001d74       0x74 ../third_party/psyq/lib/libgte.a(cstbl.o)
 .note          0x0000000000001de8       0x74 ../third_party/psyq/lib/libspu.a(s_i.o)
 .note          0x0000000000001e5c       0x74 ../third_party/psyq/lib/libspu.a(s_ini.o)
 .note          0x0000000000001ed0       0x74 ../third_party/psyq/lib/libspu.a(s_itc.o)
 .note          0x0000000000001f44       0x74 ../third_party/psyq/lib/libspu.a(s_m.o)
 .note          0x0000000000001fb8       0x74 ../third_party/psyq/lib/libspu.a(s_m_f.o)
 .note          0x000000000000202c       0x74 ../third_party/psyq/lib/libspu.a(s_m_init.o)
 .note          0x00000000000020a0       0x74 ../third_party/psyq/lib/libspu.a(s_m_int.o)
 .note          0x0000000000002114       0x74 ../third_party/psyq/lib/libspu.a(s_m_m.o)
 .note          0x0000000000002188       0x74 ../third_party/psyq/lib/libspu.a(s_rmp0.o)
 .note          0x00000000000021fc       0x74 ../third_party/psyq/lib/libspu.a(s_sca.o)
 .note          0x0000000000002270       0x74 ../third_party/psyq/lib/libspu.a(s_si.o)
 .note          0x00000000000022e4       0x74 ../third_party/psyq/lib/libspu.a(s_sk.o)
 .note          0x0000000000002358       0x74 ../third_party/psyq/lib/libspu.a(s_stm.o)
 .note          0x00000000000023cc       0x74 ../third_party/psyq/lib/libspu.a(s_stsa.o)
 .note          0x0000000000002440       0x74 ../third_party/psyq/lib/libspu.a(s_sva.o)
 .note          0x00000000000024b4       0x74 ../third_party/psyq/lib/libspu.a(s_w.o)
 .note          0x0000000000002528       0x74 ../third_party/psyq/lib/libspu.a(spu.o)
 .note          0x000000000000259c       0x74 ../third_party/psyq/lib/libspu.a(s_dcb.o)
 .note          0x0000000000002610       0x74 ../third_party/psyq/lib/libspu.a(s_n2p.o)
 .note          0x0000000000002684       0x74 ../third_party/psyq/lib/libapi.a(a07.o)
 .note          0x00000000000026f8       0x74 ../third_party/psyq/lib/libapi.a(a08.o)
 .note          0x000000000000276c       0x74 ../third_party/psyq/lib/libapi.a(a11.o)
 .note          0x00000000000027e0       0x74 ../third_party/psyq/lib/libapi.a(a12.o)
 .note          0x0000000000002854       0x74 ../third_party/psyq/lib/libapi.a(a23.o)
 .note          0x00000000000028c8       0x74 ../third_party/psyq/lib/libapi.a(a24.o)
 .note          0x000000000000293c       0x74 ../third_party/psyq/lib/libapi.a(a25.o)
 .note          0x00000000000029b0       0x74 ../third_party/psyq/lib/libapi.a(c114.o)
 .note          0x0000000000002a24       0x74 ../third_party/psyq/lib/libapi.a(c73.o)
 .note          0x0000000000002a98       0x74 ../third_party/psyq/lib/libapi.a(l10.o)
 .note          0x0000000000002b0c       0x74 ../third_party/psyq/lib/libc.a(a63.o)
 .note          0x0000000000002b80       0x74 ../third_party/psyq/lib/libc.a(c19.o)
 .note          0x0000000000002bf4       0x74 ../third_party/psyq/lib/libc.a(c27.o)
 .note          0x0000000000002c68       0x74 ../third_party/psyq/lib/libc.a(c43.o)

.debug_info     0x0000000000000000     0x3c0a
 .debug_info    0x0000000000000000     0x1807 main.o
 .debug_info    0x0000000000001807     0x185c engine/graphics.o
 .debug_info    0x0000000000003063      0x43c engine/input.o
 .debug_info    0x000000000000349f      0x158 engine/timerz.o
 .debug_info    0x00000000000035f7      0x5ed engine/audio.o
 .debug_info    0x0000000000003be4       0x26 ../third_party/common/crt0/crt0.o

.debug_abbrev   0x0000000000000000      0xb57
 .debug_abbrev  0x0000000000000000      0x316 main.o
 .debug_abbrev  0x0000000000000316      0x3bc engine/graphics.o
 .debug_abbrev  0x00000000000006d2      0x1ba engine/input.o
 .debug_abbrev  0x000000000000088c      0x127 engine/timerz.o
 .debug_abbrev  0x00000000000009b3      0x190 engine/audio.o
 .debug_abbrev  0x0000000000000b43       0x14 ../third_party/common/crt0/crt0.o

.debug_loc      0x0000000000000000      0xf5b
 .debug_loc     0x0000000000000000      0x2d4 main.o
 .debug_loc     0x00000000000002d4      0x868 engine/graphics.o
 .debug_loc     0x0000000000000b3c      0x1fe engine/timerz.o
 .debug_loc     0x0000000000000d3a      0x221 engine/audio.o

.debug_aranges  0x0000000000000000      0x1e8
 .debug_aranges
                0x0000000000000000       0x68 main.o
 .debug_aranges
                0x0000000000000068       0xc8 engine/graphics.o
 .debug_aranges
                0x0000000000000130       0x28 engine/input.o
 .debug_aranges
                0x0000000000000158       0x28 engine/timerz.o
 .debug_aranges
                0x0000000000000180       0x48 engine/audio.o
 .debug_aranges
                0x00000000000001c8       0x20 ../third_party/common/crt0/crt0.o

.debug_ranges   0x0000000000000000      0x250
 .debug_ranges  0x0000000000000000      0x118 main.o
 .debug_ranges  0x0000000000000118       0xd0 engine/graphics.o
 .debug_ranges  0x00000000000001e8       0x18 engine/input.o
 .debug_ranges  0x0000000000000200       0x18 engine/timerz.o
 .debug_ranges  0x0000000000000218       0x38 engine/audio.o

.debug_line     0x0000000000000000     0x17df
 .debug_line    0x0000000000000000      0xbf6 main.o
 .debug_line    0x0000000000000bf6      0x7a0 engine/graphics.o
 .debug_line    0x0000000000001396      0x115 engine/input.o
 .debug_line    0x00000000000014ab      0x10d engine/timerz.o
 .debug_line    0x00000000000015b8      0x1c4 engine/audio.o
 .debug_line    0x000000000000177c       0x63 ../third_party/common/crt0/crt0.o

.debug_str      0x0000000000000000      0xdbb
 .debug_str     0x0000000000000000      0x864 main.o
                                        0x8cd (size before relaxing)
 .debug_str     0x0000000000000864      0x29a engine/graphics.o
                                        0x6ee (size before relaxing)
 .debug_str     0x0000000000000afe       0x7a engine/input.o
                                        0x39a (size before relaxing)
 .debug_str     0x0000000000000b78       0x16 engine/timerz.o
                                        0x1e5 (size before relaxing)
 .debug_str     0x0000000000000b8e      0x1ff engine/audio.o
                                        0x3a0 (size before relaxing)
 .debug_str     0x0000000000000d8d       0x2e ../third_party/common/crt0/crt0.o
                                         0x42 (size before relaxing)

.debug_frame    0x0000000000000000      0x5d0
 .debug_frame   0x0000000000000000      0x1c4 main.o
 .debug_frame   0x00000000000001c4      0x2c0 engine/graphics.o
 .debug_frame   0x0000000000000484       0x40 engine/input.o
 .debug_frame   0x00000000000004c4       0x4c engine/timerz.o
 .debug_frame   0x0000000000000510       0xc0 engine/audio.o
